******************************************************************************
                  TI ARM Linker PC v20.2.7                     
******************************************************************************
>> Linked Mon Oct 27 16:41:24 2025

OUTPUT FILE NAME:   <Lab4_F2025.out>
ENTRY POINT SYMBOL: "_c_int00_noargs"  address: 00002cf5


MEMORY CONFIGURATION

         name            origin    length      used     unused   attr    fill
----------------------  --------  ---------  --------  --------  ----  --------
  FLASH                 00000000   00040000  00003238  0003cdc8  R  X
  SRAM                  20000000   00008000  00006846  000017ba  RW X


SEGMENT ALLOCATION MAP

run origin  load origin   length   init length attrs members
----------  ----------- ---------- ----------- ----- -------
00000000    00000000    00003238   00003238    r-x
  00000000    00000000    0000026c   0000026c    r-- .intvecs
  0000026c    0000026c    00002dc4   00002dc4    r-x .text
  00003030    00003030    000001c8   000001c8    r-- .const
  000031f8    000031f8    00000040   00000040    r-- .cinit
20000000    20000000    00006846   00000000    rw-
  20000000    20000000    0000026c   00000000    rw- .vtable
  2000026c    2000026c    000063cc   00000000    rw- .bss
  20006638    20006638    00000200   00000000    rw- .stack
  20006838    20006838    0000000e   00000000    rw- .data


SECTION ALLOCATION MAP

 output                                  attributes/
section   page    origin      length       input sections
--------  ----  ----------  ----------   ----------------
.intvecs   0    00000000    0000026c     
                  00000000    0000026c     tm4c123gh6pm_startup_ccs.obj (.intvecs)

.text      0    0000026c    00002dc4     
                  0000026c    00000734     multimod_ST7789.obj (.text)
                  000009a0    000004f4     G8RTOS_Scheduler.obj (.text)
                  00000e94    000004a8     uartstdio.obj (.text)
                  0000133c    000002c8     multimod_BMI160.obj (.text)
                  00001604    000002c8     threads.obj (.text)
                  000018cc    00000270     multimod_i2c.obj (.text)
                  00001b3c    00000238     G8RTOS_IPC.obj (.text)
                  00001d74    000001a0     multimod_spi.obj (.text)
                  00001f14    00000178     multimod_LaunchpadLED.obj (.text)
                  0000208c    0000016c     driverlib.lib : gpio.obj (.text:GPIOPadConfigSet)
                  000021f8    00000138     multimod_OPT3001.obj (.text)
                  00002330    00000118     driverlib.lib : sysctl.obj (.text:SysCtlClockGet)
                  00002448    000000fc     rtsv7M4_T_le_v4SPD16_eabi.lib : fd_mul_t2.asm.obj (.text)
                  00002544    000000f4     driverlib.lib : sysctl.obj (.text:SysCtlClockSet)
                  00002638    000000b8     lab4_1.obj (.text)
                  000026f0    000000a4     G8RTOS_Semaphores.obj (.text)
                  00002794    0000009c     rtsv7M4_T_le_v4SPD16_eabi.lib : memcpy_t2.asm.obj (.text)
                  00002830    0000007a                                   : memset_t2.asm.obj (.text)
                  000028aa    00000002                                   : div0.asm.obj (.text)
                  000028ac    00000074     multimod_LaunchpadButtons.obj (.text)
                  00002920    00000068     rtsv7M4_T_le_v4SPD16_eabi.lib : copy_decompress_lzss.c.obj (.text:decompress:lzss:__TI_decompress_lzss)
                  00002988    0000005c     multimod_uart.obj (.text)
                  000029e4    00000050     G8RTOS_SchedulerASM.obj (.text)
                  00002a34    0000004c     driverlib.lib : gpio.obj (.text:GPIOPinConfigure)
                  00002a80    0000004c                   : i2c.obj (.text:I2CMasterInitExpClk)
                  00002acc    00000048     rtsv7M4_T_le_v4SPD16_eabi.lib : fd_toi_t2.asm.obj (.text)
                  00002b14    00000046     driverlib.lib : uart.obj (.text:UARTConfigSetExpClk)
                  00002b5a    00000002     --HOLE-- [fill = 0]
                  00002b5c    00000044     rtsv7M4_T_le_v4SPD16_eabi.lib : autoinit.c.obj (.text:__TI_auto_init_nobinit_nopinit:__TI_auto_init_nobinit_nopinit)
                  00002ba0    00000040                                   : u_divt2.asm.obj (.text)
                  00002be0    0000003c     driverlib.lib : ssi.obj (.text:SSIConfigSetExpClk)
                  00002c1c    00000038                   : sysctl.obj (.text:SysCtlPeripheralPresent)
                  00002c54    00000038                   : sysctl.obj (.text:SysCtlPeripheralReady)
                  00002c8c    00000034                   : interrupt.obj (.text:IntRegister)
                  00002cc0    00000034                   : sysctl.obj (.text:SysCtlPeripheralEnable)
                  00002cf4    00000034     rtsv7M4_T_le_v4SPD16_eabi.lib : boot_cortex_m.c.obj (.text:_c_int00_noargs:_c_int00_noargs)
                  00002d28    0000002e                                   : i_tofd_t2.asm.obj (.text)
                  00002d56    0000002c     driverlib.lib : gpio.obj (.text:GPIODirModeSet)
                  00002d82    00000002     --HOLE-- [fill = 0]
                  00002d84    00000024                   : interrupt.obj (.text:IntPrioritySet)
                  00002da8    00000022                   : pwm.obj (.text:PWMGenConfigure)
                  00002dca    00000002     --HOLE-- [fill = 0]
                  00002dcc    00000020                   : uart.obj (.text:UARTDisable)
                  00002dec    0000001e                   : pwm.obj (.text:PWMPulseWidthSet)
                  00002e0a    00000002     --HOLE-- [fill = 0]
                  00002e0c    0000001c                   : systick.obj (.text:SysTickIntRegister)
                  00002e28    0000001a                   : gpio.obj (.text:GPIOPinTypeGPIOOutput)
                  00002e42    00000002     --HOLE-- [fill = 0]
                  00002e44    00000018                   : gpio.obj (.text:GPIOUnlockPin)
                  00002e5c    00000016                   : gpio.obj (.text:GPIOPinTypeGPIOInput)
                  00002e72    00000016                   : gpio.obj (.text:GPIOPinTypeI2C)
                  00002e88    00000016                   : gpio.obj (.text:GPIOPinTypeI2CSCL)
                  00002e9e    00000016                   : gpio.obj (.text:GPIOPinTypePWM)
                  00002eb4    00000016                   : gpio.obj (.text:GPIOPinTypeSSI)
                  00002eca    00000016                   : gpio.obj (.text:GPIOPinTypeUART)
                  00002ee0    00000014                   : systick.obj (.text:SysTickEnable)
                  00002ef4    00000014                   : systick.obj (.text:SysTickIntEnable)
                  00002f08    00000014                   : uart.obj (.text:UARTEnable)
                  00002f1c    00000014     rtsv7M4_T_le_v4SPD16_eabi.lib : strcpy.c.obj (.text:strcpy)
                  00002f30    00000012     driverlib.lib : pwm.obj (.text:PWMOutputState)
                  00002f42    00000010                   : pwm.obj (.text:PWMGenPeriodSet)
                  00002f52    00000002     --HOLE-- [fill = 0]
                  00002f54    00000010                   : systick.obj (.text:SysTickPeriodSet)
                  00002f64    0000000e     G8RTOS_CriticalSection.obj (.text)
                  00002f72    0000000e     rtsv7M4_T_le_v4SPD16_eabi.lib : copy_decompress_none.c.obj (.text:decompress:none:__TI_decompress_none)
                  00002f80    0000000c     driverlib.lib : pwm.obj (.text:PWMGenEnable)
                  00002f8c    0000000c                   : ssi.obj (.text:SSIDataGet)
                  00002f98    0000000c     rtsv7M4_T_le_v4SPD16_eabi.lib : copy_zero_init.c.obj (.text:decompress:ZI:__TI_zero_init)
                  00002fa4    0000000c     tm4c123gh6pm_startup_ccs.obj (.text)
                  00002fb0    0000000a     driverlib.lib : i2c.obj (.text:I2CMasterEnable)
                  00002fba    0000000a                   : ssi.obj (.text:SSIDataPut)
                  00002fc4    0000000a                   : ssi.obj (.text:SSIDisable)
                  00002fce    0000000a                   : ssi.obj (.text:SSIEnable)
                  00002fd8    0000000a                   : uart.obj (.text:UARTCharGet)
                  00002fe2    0000000a                   : uart.obj (.text:UARTCharPut)
                  00002fec    00000008                   : i2c.obj (.text:I2CMasterBusy)
                  00002ff4    00000008                   : i2c.obj (.text:I2CMasterSlaveAddrSet)
                  00002ffc    00000008                   : ssi.obj (.text:SSIBusy)
                  00003004    00000006                   : gpio.obj (.text:GPIOPinRead)
                  0000300a    00000006                   : gpio.obj (.text:GPIOPinWrite)
                  00003010    00000006                   : ssi.obj (.text:SSIClockSourceSet)
                  00003016    00000006                   : sysctl.obj (.text:SysCtlDelay)
                  0000301c    00000004                   : i2c.obj (.text:I2CMasterControl)
                  00003020    00000004                   : i2c.obj (.text:I2CMasterDataGet)
                  00003024    00000004                   : i2c.obj (.text:I2CMasterDataPut)
                  00003028    00000004     rtsv7M4_T_le_v4SPD16_eabi.lib : pre_init.c.obj (.text:_system_pre_init)
                  0000302c    00000004                                   : exit.c.obj (.text:abort:abort)

.const     0    00003030    000001c8     
                  00003030    0000009c     driverlib.lib : interrupt.obj (.const:g_pui32Regs)
                  000030cc    00000090                   : gpio.obj (.const:g_pui32GPIOBaseAddrs)
                  0000315c    0000006c                   : sysctl.obj (.const:g_pui32Xtals)
                  000031c8    00000012     uartstdio.obj (.const:.string)
                  000031da    00000002     --HOLE-- [fill = 0]
                  000031dc    0000000c     uartstdio.obj (.const:g_ui32UARTBase)
                  000031e8    0000000c     uartstdio.obj (.const:g_ui32UARTPeriph)
                  000031f4    00000004     uartstdio.obj (.const)

.cinit     0    000031f8    00000040     
                  000031f8    0000000c     (__TI_handler_table)
                  00003204    00000009     (.cinit..data.load) [load image, compression = lzss]
                  0000320d    00000003     --HOLE-- [fill = 0]
                  00003210    00000008     (.cinit..bss.load) [load image, compression = zero_init]
                  00003218    00000008     (.cinit..vtable.load) [load image, compression = zero_init]
                  00003220    00000018     (__TI_cinit_table)

.init_array 
*          0    00000000    00000000     UNINITIALIZED

.vtable    0    20000000    0000026c     UNINITIALIZED
                  20000000    0000026c     driverlib.lib : interrupt.obj (.vtable)

.bss       0    2000026c    000063cc     UNINITIALIZED
                  2000026c    00006000     G8RTOS_Scheduler.obj (.bss:threadStacks)
                  2000626c    00000210     G8RTOS_Scheduler.obj (.bss:threadControlBlocks)
                  2000647c    00000150     G8RTOS_IPC.obj (.bss:FIFOs)
                  200065cc    00000048     G8RTOS_Scheduler.obj (.bss:pthreadControlBlocks)
                  20006614    00000008     G8RTOS_Scheduler.obj (.bss)
                  2000661c    00000004     (.common:CurrentlyRunningThread)
                  20006620    00000004     (.common:IBit_State)
                  20006624    00000004     (.common:SystemTime)
                  20006628    00000004     (.common:pulse_width)
                  2000662c    00000004     (.common:sem_I2CA)
                  20006630    00000004     (.common:sem_SPI)
                  20006634    00000004     (.common:sem_UART)

.data      0    20006838    0000000e     UNINITIALIZED
                  20006838    00000008     threads.obj (.data)
                  20006840    00000005     uartstdio.obj (.data)
                  20006845    00000001     G8RTOS_Scheduler.obj (.data)

.stack     0    20006638    00000200     UNINITIALIZED
                  20006638    00000004     rtsv7M4_T_le_v4SPD16_eabi.lib : boot_cortex_m.c.obj (.stack)
                  2000663c    000001fc     --HOLE--

__llvm_prf_cnts 
*          0    20000000    00000000     UNINITIALIZED

MODULE SUMMARY

       Module                          code    ro data   rw data
       ------                          ----    -------   -------
    .\
       uartstdio.obj                   1192    46        5      
       threads.obj                     712     0         8      
       tm4c123gh6pm_startup_ccs.obj    12      620       0      
       lab4_1.obj                      184     0         16     
    +--+-------------------------------+-------+---------+---------+
       Total:                          2100    666       29     
                                                                
    .\G8RTOS\src\
       G8RTOS_Scheduler.obj            1268    0         25193  
       G8RTOS_IPC.obj                  568     0         336    
       G8RTOS_Semaphores.obj           164     0         0      
       G8RTOS_SchedulerASM.obj         80      0         0      
       G8RTOS_CriticalSection.obj      14      0         0      
    +--+-------------------------------+-------+---------+---------+
       Total:                          2094    0         25529  
                                                                
    .\MultimodDrivers\src\
       multimod_ST7789.obj             1844    0         0      
       multimod_BMI160.obj             712     0         0      
       multimod_i2c.obj                624     0         0      
       multimod_spi.obj                416     0         0      
       multimod_LaunchpadLED.obj       376     0         4      
       multimod_OPT3001.obj            312     0         0      
       multimod_LaunchpadButtons.obj   116     0         0      
       multimod_uart.obj               92      0         0      
    +--+-------------------------------+-------+---------+---------+
       Total:                          4492    0         4      
                                                                
    C:/ti/TivaWare_C_Series-2.2.0.295/driverlib/ccs/Debug/driverlib.lib
       interrupt.obj                   88      156       620    
       gpio.obj                        678     144       0      
       sysctl.obj                      694     108       0      
       uart.obj                        142     0         0      
       ssi.obj                         116     0         0      
       i2c.obj                         114     0         0      
       pwm.obj                         110     0         0      
       systick.obj                     84      0         0      
    +--+-------------------------------+-------+---------+---------+
       Total:                          2026    408       620    
                                                                
    C:\ti\ccs1281\ccs\tools\compiler\ti-cgt-arm_20.2.7.LTS\lib\rtsv7M4_T_le_v4SPD16_eabi.lib
       fd_mul_t2.asm.obj               252     0         0      
       memcpy_t2.asm.obj               156     0         0      
       memset_t2.asm.obj               122     0         0      
       copy_decompress_lzss.c.obj      104     0         0      
       fd_toi_t2.asm.obj               72      0         0      
       autoinit.c.obj                  68      0         0      
       u_divt2.asm.obj                 64      0         0      
       boot_cortex_m.c.obj             52      0         0      
       i_tofd_t2.asm.obj               46      0         0      
       strcpy.c.obj                    20      0         0      
       copy_decompress_none.c.obj      14      0         0      
       copy_zero_init.c.obj            12      0         0      
       exit.c.obj                      4       0         0      
       pre_init.c.obj                  4       0         0      
       div0.asm.obj                    2       0         0      
    +--+-------------------------------+-------+---------+---------+
       Total:                          992     0         0      
                                                                
       Stack:                          0       0         512    
       Linker Generated:               0       61        0      
    +--+-------------------------------+-------+---------+---------+
       Grand Total:                    11704   1135      26694  


LINKER GENERATED COPY TABLES

__TI_cinit_table @ 00003220 records: 3, size/record: 8, table size: 24
	.data: load addr=00003204, load size=00000009 bytes, run addr=20006838, run size=0000000e bytes, compression=lzss
	.bss: load addr=00003210, load size=00000008 bytes, run addr=2000026c, run size=000063cc bytes, compression=zero_init
	.vtable: load addr=00003218, load size=00000008 bytes, run addr=20000000, run size=0000026c bytes, compression=zero_init


LINKER GENERATED HANDLER TABLE

__TI_handler_table @ 000031f8 records: 3, size/record: 4, table size: 12
	index: 0, handler: __TI_zero_init
	index: 1, handler: __TI_decompress_lzss
	index: 2, handler: __TI_decompress_none


GLOBAL SYMBOLS: SORTED ALPHABETICALLY BY Name 

address   name                          
-------   ----                          
00001605  Accel                         
000013d3  BMI160_AccelXGetResult        
0000151d  BMI160_AccelXYZGetResult      
000013f7  BMI160_AccelYGetResult        
0000141b  BMI160_AccelZGetResult        
000015f5  BMI160_GetDataStatus          
0000143f  BMI160_GyroXGetResult         
00001565  BMI160_GyroXYZGetResult       
00001463  BMI160_GyroYGetResult         
00001487  BMI160_GyroZGetResult         
0000133d  BMI160_Init                   
000014ab  BMI160_MagXGetResult          
000015ad  BMI160_MagXYZGetResult        
000014d1  BMI160_MagYGetResult          
000014f7  BMI160_MagZGetResult          
000013ab  BMI160_MultiReadRegister      
00001387  BMI160_ReadRegister           
00001357  BMI160_WriteRegister          
0000302d  C$$EXIT                       
2000661c  CurrentlyRunningThread        
00002f6d  EndCriticalSection            
00001743  FIFOConsumer                  
0000176b  FIFOConsumer2                 
00001717  FIFOProducer                  
00000af9  G8RTOS_AddThread              
00000c07  G8RTOS_Add_APeriodicEvent     
00000c19  G8RTOS_Add_PeriodicEvent      
00000d41  G8RTOS_GetNumberOfThreads     
00000d39  G8RTOS_GetThreadID            
00000a1d  G8RTOS_Init                   
00001b3d  G8RTOS_InitFIFO               
000026f1  G8RTOS_InitSemaphore          
00000ce5  G8RTOS_KillSelf               
00000c3d  G8RTOS_KillThread             
00000a71  G8RTOS_Launch                 
00001ba3  G8RTOS_ReadFIFO               
00000a95  G8RTOS_Scheduler              
00002743  G8RTOS_SignalSemaphore        
000029e9  G8RTOS_Start                  
00002703  G8RTOS_WaitSemaphore          
00001c2d  G8RTOS_WriteFIFO              
00002d57  GPIODirModeSet                
0000208d  GPIOPadConfigSet              
00002a35  GPIOPinConfigure              
00003005  GPIOPinRead                   
00002e5d  GPIOPinTypeGPIOInput          
00002e29  GPIOPinTypeGPIOOutput         
00002e73  GPIOPinTypeI2C                
00002e89  GPIOPinTypeI2CSCL             
00002e9f  GPIOPinTypePWM                
00002eb5  GPIOPinTypeSSI                
00002ecb  GPIOPinTypeUART               
0000300b  GPIOPinWrite                  
00002e45  GPIOUnlockPin                 
0000163b  Gyro                          
00002fed  I2CMasterBusy                 
0000301d  I2CMasterControl              
00003021  I2CMasterDataGet              
00003025  I2CMasterDataPut              
00002fb1  I2CMasterEnable               
00002a81  I2CMasterInitExpClk           
00002ff5  I2CMasterSlaveAddrSet         
000018cd  I2C_Init                      
00001a5d  I2C_ReadMultiple              
0000197f  I2C_ReadSingle                
000019af  I2C_WriteMultiple             
00001949  I2C_WriteSingle               
20006620  IBit_State                    
00001793  Idle_Thread                   
00002d85  IntPrioritySet                
00002c8d  IntRegister                   
000028ad  LaunchpadButtons_Init         
000028d9  LaunchpadButtons_ReadSW1      
000028f9  LaunchpadButtons_ReadSW2      
00001f15  LaunchpadLED_Init             
00001fd1  LaunchpadLED_PWMSetDuty       
00002319  OPT3001_GetChipID             
0000227d  OPT3001_GetResult             
000021f9  OPT3001_Init                  
0000224f  OPT3001_ReadRegister          
000022f9  OPT3001_SetHighLimit          
000022d9  OPT3001_SetLowLimit           
0000220d  OPT3001_WriteRegister         
000016b5  Opto                          
00002da9  PWMGenConfigure               
00002f81  PWMGenEnable                  
00002f43  PWMGenPeriodSet               
00002f31  PWMOutputState                
00002ded  PWMPulseWidthSet              
00002a0b  PendSV_Handler                
00002fa5  ResetISR                      
00001d75  SPI_Init                      
00001e97  SPI_ReadMultiple              
00001e0f  SPI_ReadSingle                
00001e37  SPI_WriteMultiple             
00001df1  SPI_WriteSingle               
00002ffd  SSIBusy                       
00003011  SSIClockSourceSet             
00002be1  SSIConfigSetExpClk            
00002f8d  SSIDataGet                    
00002fbb  SSIDataPut                    
00002fc5  SSIDisable                    
00002fcf  SSIEnable                     
0000027b  ST7789_Deselect               
00000449  ST7789_DrawHLine              
000007d9  ST7789_DrawLine               
0000076b  ST7789_DrawPixel              
000008a9  ST7789_DrawRectangle          
000003b3  ST7789_DrawVLine              
000007bd  ST7789_Fill                   
0000069b  ST7789_Init                   
000004fd  ST7789_Line                   
000002d1  ST7789_ReadRegister           
0000026d  ST7789_Select                 
00000297  ST7789_SetCommand             
00000289  ST7789_SetData                
000002e7  ST7789_SetWindow              
000002a5  ST7789_WriteCommand           
000002bb  ST7789_WriteData              
00000d55  SetInitialStack               
00002f65  StartCriticalSection          
00002331  SysCtlClockGet                
00002545  SysCtlClockSet                
00003017  SysCtlDelay                   
00002cc1  SysCtlPeripheralEnable        
00002c1d  SysCtlPeripheralPresent       
00002c55  SysCtlPeripheralReady         
00002ee1  SysTickEnable                 
00002ef5  SysTickIntEnable              
00002e0d  SysTickIntRegister            
00002f55  SysTickPeriodSet              
000009cb  SysTick_Handler               
20006624  SystemTime                    
00002fd9  UARTCharGet                   
00002fe3  UARTCharPut                   
00002b15  UARTConfigSetExpClk           
00002dcd  UARTDisable                   
00002f09  UARTEnable                    
00000e95  UARTStdioConfig               
00002989  UART_Init                     
00000fe5  UARTgetc                      
00000f2b  UARTgets                      
00001307  UARTprintf                    
0000100d  UARTvprintf                   
00000edb  UARTwrite                     
20006838  __STACK_END                   
00000200  __STACK_SIZE                  
20006838  __STACK_TOP                   
00003220  __TI_CINIT_Base               
00003238  __TI_CINIT_Limit              
000031f8  __TI_Handler_Table_Base       
00003204  __TI_Handler_Table_Limit      
00002b5d  __TI_auto_init_nobinit_nopinit
00002921  __TI_decompress_lzss          
00002f73  __TI_decompress_none          
ffffffff  __TI_pprof_out_hndl           
ffffffff  __TI_prof_data_size           
ffffffff  __TI_prof_data_start          
00000000  __TI_static_base__            
00002f99  __TI_zero_init                
00002acd  __aeabi_d2iz                  
00002449  __aeabi_dmul                  
00002d29  __aeabi_i2d                   
000028ab  __aeabi_idiv0                 
000028ab  __aeabi_ldiv0                 
00002831  __aeabi_memclr                
00002831  __aeabi_memclr4               
00002831  __aeabi_memclr8               
00002795  __aeabi_memcpy                
00002795  __aeabi_memcpy4               
00002795  __aeabi_memcpy8               
00002833  __aeabi_memset                
00002833  __aeabi_memset4               
00002833  __aeabi_memset8               
00002ba1  __aeabi_uidiv                 
00002ba1  __aeabi_uidivmod              
ffffffff  __binit__                     
ffffffff  __c_args__                    
UNDEFED   __mpu_init                    
20006638  __stack                       
20000000  __start___llvm_prf_cnts       
20000000  __stop___llvm_prf_cnts        
00002cf5  _c_int00_noargs               
UNDEFED   _system_post_cinit            
00003029  _system_pre_init              
0000302d  abort                         
20006845  aliveCount                    
ffffffff  binit                         
2000683c  data                          
0000067d  delay_ms                      
20000000  g_pfnRAMVectors               
00000000  g_pfnVectors                  
2000683b  idle_count                    
20006839  joystick_y                    
2000683a  kill_cube                     
00002655  main                          
00002795  memcpy                        
00002839  memset                        
20006838  num_cubes                     
20006628  pulse_width                   
2000662c  sem_I2CA                      
20006630  sem_SPI                       
20006634  sem_UART                      
00000d05  sleep                         
00002f1d  strcpy                        


GLOBAL SYMBOLS: SORTED BY Symbol Address 

address   name                          
-------   ----                          
00000000  __TI_static_base__            
00000000  g_pfnVectors                  
00000200  __STACK_SIZE                  
0000026d  ST7789_Select                 
0000027b  ST7789_Deselect               
00000289  ST7789_SetData                
00000297  ST7789_SetCommand             
000002a5  ST7789_WriteCommand           
000002bb  ST7789_WriteData              
000002d1  ST7789_ReadRegister           
000002e7  ST7789_SetWindow              
000003b3  ST7789_DrawVLine              
00000449  ST7789_DrawHLine              
000004fd  ST7789_Line                   
0000067d  delay_ms                      
0000069b  ST7789_Init                   
0000076b  ST7789_DrawPixel              
000007bd  ST7789_Fill                   
000007d9  ST7789_DrawLine               
000008a9  ST7789_DrawRectangle          
000009cb  SysTick_Handler               
00000a1d  G8RTOS_Init                   
00000a71  G8RTOS_Launch                 
00000a95  G8RTOS_Scheduler              
00000af9  G8RTOS_AddThread              
00000c07  G8RTOS_Add_APeriodicEvent     
00000c19  G8RTOS_Add_PeriodicEvent      
00000c3d  G8RTOS_KillThread             
00000ce5  G8RTOS_KillSelf               
00000d05  sleep                         
00000d39  G8RTOS_GetThreadID            
00000d41  G8RTOS_GetNumberOfThreads     
00000d55  SetInitialStack               
00000e95  UARTStdioConfig               
00000edb  UARTwrite                     
00000f2b  UARTgets                      
00000fe5  UARTgetc                      
0000100d  UARTvprintf                   
00001307  UARTprintf                    
0000133d  BMI160_Init                   
00001357  BMI160_WriteRegister          
00001387  BMI160_ReadRegister           
000013ab  BMI160_MultiReadRegister      
000013d3  BMI160_AccelXGetResult        
000013f7  BMI160_AccelYGetResult        
0000141b  BMI160_AccelZGetResult        
0000143f  BMI160_GyroXGetResult         
00001463  BMI160_GyroYGetResult         
00001487  BMI160_GyroZGetResult         
000014ab  BMI160_MagXGetResult          
000014d1  BMI160_MagYGetResult          
000014f7  BMI160_MagZGetResult          
0000151d  BMI160_AccelXYZGetResult      
00001565  BMI160_GyroXYZGetResult       
000015ad  BMI160_MagXYZGetResult        
000015f5  BMI160_GetDataStatus          
00001605  Accel                         
0000163b  Gyro                          
000016b5  Opto                          
00001717  FIFOProducer                  
00001743  FIFOConsumer                  
0000176b  FIFOConsumer2                 
00001793  Idle_Thread                   
000018cd  I2C_Init                      
00001949  I2C_WriteSingle               
0000197f  I2C_ReadSingle                
000019af  I2C_WriteMultiple             
00001a5d  I2C_ReadMultiple              
00001b3d  G8RTOS_InitFIFO               
00001ba3  G8RTOS_ReadFIFO               
00001c2d  G8RTOS_WriteFIFO              
00001d75  SPI_Init                      
00001df1  SPI_WriteSingle               
00001e0f  SPI_ReadSingle                
00001e37  SPI_WriteMultiple             
00001e97  SPI_ReadMultiple              
00001f15  LaunchpadLED_Init             
00001fd1  LaunchpadLED_PWMSetDuty       
0000208d  GPIOPadConfigSet              
000021f9  OPT3001_Init                  
0000220d  OPT3001_WriteRegister         
0000224f  OPT3001_ReadRegister          
0000227d  OPT3001_GetResult             
000022d9  OPT3001_SetLowLimit           
000022f9  OPT3001_SetHighLimit          
00002319  OPT3001_GetChipID             
00002331  SysCtlClockGet                
00002449  __aeabi_dmul                  
00002545  SysCtlClockSet                
00002655  main                          
000026f1  G8RTOS_InitSemaphore          
00002703  G8RTOS_WaitSemaphore          
00002743  G8RTOS_SignalSemaphore        
00002795  __aeabi_memcpy                
00002795  __aeabi_memcpy4               
00002795  __aeabi_memcpy8               
00002795  memcpy                        
00002831  __aeabi_memclr                
00002831  __aeabi_memclr4               
00002831  __aeabi_memclr8               
00002833  __aeabi_memset                
00002833  __aeabi_memset4               
00002833  __aeabi_memset8               
00002839  memset                        
000028ab  __aeabi_idiv0                 
000028ab  __aeabi_ldiv0                 
000028ad  LaunchpadButtons_Init         
000028d9  LaunchpadButtons_ReadSW1      
000028f9  LaunchpadButtons_ReadSW2      
00002921  __TI_decompress_lzss          
00002989  UART_Init                     
000029e9  G8RTOS_Start                  
00002a0b  PendSV_Handler                
00002a35  GPIOPinConfigure              
00002a81  I2CMasterInitExpClk           
00002acd  __aeabi_d2iz                  
00002b15  UARTConfigSetExpClk           
00002b5d  __TI_auto_init_nobinit_nopinit
00002ba1  __aeabi_uidiv                 
00002ba1  __aeabi_uidivmod              
00002be1  SSIConfigSetExpClk            
00002c1d  SysCtlPeripheralPresent       
00002c55  SysCtlPeripheralReady         
00002c8d  IntRegister                   
00002cc1  SysCtlPeripheralEnable        
00002cf5  _c_int00_noargs               
00002d29  __aeabi_i2d                   
00002d57  GPIODirModeSet                
00002d85  IntPrioritySet                
00002da9  PWMGenConfigure               
00002dcd  UARTDisable                   
00002ded  PWMPulseWidthSet              
00002e0d  SysTickIntRegister            
00002e29  GPIOPinTypeGPIOOutput         
00002e45  GPIOUnlockPin                 
00002e5d  GPIOPinTypeGPIOInput          
00002e73  GPIOPinTypeI2C                
00002e89  GPIOPinTypeI2CSCL             
00002e9f  GPIOPinTypePWM                
00002eb5  GPIOPinTypeSSI                
00002ecb  GPIOPinTypeUART               
00002ee1  SysTickEnable                 
00002ef5  SysTickIntEnable              
00002f09  UARTEnable                    
00002f1d  strcpy                        
00002f31  PWMOutputState                
00002f43  PWMGenPeriodSet               
00002f55  SysTickPeriodSet              
00002f65  StartCriticalSection          
00002f6d  EndCriticalSection            
00002f73  __TI_decompress_none          
00002f81  PWMGenEnable                  
00002f8d  SSIDataGet                    
00002f99  __TI_zero_init                
00002fa5  ResetISR                      
00002fb1  I2CMasterEnable               
00002fbb  SSIDataPut                    
00002fc5  SSIDisable                    
00002fcf  SSIEnable                     
00002fd9  UARTCharGet                   
00002fe3  UARTCharPut                   
00002fed  I2CMasterBusy                 
00002ff5  I2CMasterSlaveAddrSet         
00002ffd  SSIBusy                       
00003005  GPIOPinRead                   
0000300b  GPIOPinWrite                  
00003011  SSIClockSourceSet             
00003017  SysCtlDelay                   
0000301d  I2CMasterControl              
00003021  I2CMasterDataGet              
00003025  I2CMasterDataPut              
00003029  _system_pre_init              
0000302d  C$$EXIT                       
0000302d  abort                         
000031f8  __TI_Handler_Table_Base       
00003204  __TI_Handler_Table_Limit      
00003220  __TI_CINIT_Base               
00003238  __TI_CINIT_Limit              
20000000  __start___llvm_prf_cnts       
20000000  __stop___llvm_prf_cnts        
20000000  g_pfnRAMVectors               
2000661c  CurrentlyRunningThread        
20006620  IBit_State                    
20006624  SystemTime                    
20006628  pulse_width                   
2000662c  sem_I2CA                      
20006630  sem_SPI                       
20006634  sem_UART                      
20006638  __stack                       
20006838  __STACK_END                   
20006838  __STACK_TOP                   
20006838  num_cubes                     
20006839  joystick_y                    
2000683a  kill_cube                     
2000683b  idle_count                    
2000683c  data                          
20006845  aliveCount                    
ffffffff  __TI_pprof_out_hndl           
ffffffff  __TI_prof_data_size           
ffffffff  __TI_prof_data_start          
ffffffff  __binit__                     
ffffffff  __c_args__                    
ffffffff  binit                         
UNDEFED   __mpu_init                    
UNDEFED   _system_post_cinit            

[205 symbols]
