******************************************************************************
                  TI ARM Linker PC v20.2.7                     
******************************************************************************
>> Linked Tue Oct 28 12:40:09 2025

OUTPUT FILE NAME:   <Lab4_F2025.out>
ENTRY POINT SYMBOL: "_c_int00_noargs"  address: 0000254d


MEMORY CONFIGURATION

         name            origin    length      used     unused   attr    fill
----------------------  --------  ---------  --------  --------  ----  --------
  FLASH                 00000000   00040000  00002a56  0003d5aa  R  X
  SRAM                  20000000   00008000  0000684d  000017b3  RW X


SEGMENT ALLOCATION MAP

run origin  load origin   length   init length attrs members
----------  ----------- ---------- ----------- ----- -------
00000000    00000000    00002a58   00002a58    r-x
  00000000    00000000    0000026c   0000026c    r-- .intvecs
  0000026c    0000026c    000025ce   000025ce    r-x .text
  0000283c    0000283c    000001dc   000001dc    r-- .const
  00002a18    00002a18    00000040   00000040    r-- .cinit
20000000    20000000    00006851   00000000    rw-
  20000000    20000000    0000026c   00000000    rw- .vtable
  2000026c    2000026c    000063d0   00000000    rw- .bss
  20006640    20006640    00000200   00000000    rw- .stack
  20006840    20006840    00000011   00000000    rw- .data


SECTION ALLOCATION MAP

 output                                  attributes/
section   page    origin      length       input sections
--------  ----  ----------  ----------   ----------------
.intvecs   0    00000000    0000026c     
                  00000000    0000026c     tm4c123gh6pm_startup_ccs.obj (.intvecs)

.text      0    0000026c    000025ce     
                  0000026c    00000514     G8RTOS_Scheduler.obj (.text)
                  00000780    000004a8     uartstdio.obj (.text)
                  00000c28    00000310     threads.obj (.text)
                  00000f38    000002c8     multimod_BMI160.obj (.text)
                  00001200    00000270     multimod_i2c.obj (.text)
                  00001470    00000238     G8RTOS_IPC.obj (.text)
                  000016a8    00000178     multimod_LaunchpadLED.obj (.text)
                  00001820    0000016c     driverlib.lib : gpio.obj (.text:GPIOPadConfigSet)
                  0000198c    00000138     multimod_OPT3001.obj (.text)
                  00001ac4    00000118     driverlib.lib : sysctl.obj (.text:SysCtlClockGet)
                  00001bdc    000000fc     rtsv7M4_T_le_v4SPD16_eabi.lib : fd_mul_t2.asm.obj (.text)
                  00001cd8    000000f4     driverlib.lib : sysctl.obj (.text:SysCtlClockSet)
                  00001dcc    000000d8     lab4.obj (.text)
                  00001ea4    000000a8     G8RTOS_Semaphores.obj (.text)
                  00001f4c    0000009c     rtsv7M4_T_le_v4SPD16_eabi.lib : memcpy_t2.asm.obj (.text)
                  00001fe8    00000090     multimod_LaunchpadButtons.obj (.text)
                  00002078    0000007a     rtsv7M4_T_le_v4SPD16_eabi.lib : memset_t2.asm.obj (.text)
                  000020f2    00000002                                   : div0.asm.obj (.text)
                  000020f4    00000068     driverlib.lib : interrupt.obj (.text:IntEnable)
                  0000215c    00000068     rtsv7M4_T_le_v4SPD16_eabi.lib : copy_decompress_lzss.c.obj (.text:decompress:lzss:__TI_decompress_lzss)
                  000021c4    0000005c     multimod_uart.obj (.text)
                  00002220    00000058     driverlib.lib : gpio.obj (.text:GPIOIntTypeSet)
                  00002278    00000050     G8RTOS_SchedulerASM.obj (.text)
                  000022c8    0000004c     driverlib.lib : gpio.obj (.text:GPIOPinConfigure)
                  00002314    0000004c                   : i2c.obj (.text:I2CMasterInitExpClk)
                  00002360    00000048     rtsv7M4_T_le_v4SPD16_eabi.lib : fd_toi_t2.asm.obj (.text)
                  000023a8    00000046     driverlib.lib : uart.obj (.text:UARTConfigSetExpClk)
                  000023ee    00000002     --HOLE-- [fill = 0]
                  000023f0    00000044     rtsv7M4_T_le_v4SPD16_eabi.lib : autoinit.c.obj (.text:__TI_auto_init_nobinit_nopinit:__TI_auto_init_nobinit_nopinit)
                  00002434    00000040                                   : u_divt2.asm.obj (.text)
                  00002474    00000038     driverlib.lib : sysctl.obj (.text:SysCtlPeripheralPresent)
                  000024ac    00000038                   : sysctl.obj (.text:SysCtlPeripheralReady)
                  000024e4    00000034                   : interrupt.obj (.text:IntRegister)
                  00002518    00000034                   : sysctl.obj (.text:SysCtlPeripheralEnable)
                  0000254c    00000034     rtsv7M4_T_le_v4SPD16_eabi.lib : boot_cortex_m.c.obj (.text:_c_int00_noargs:_c_int00_noargs)
                  00002580    0000002e                                   : i_tofd_t2.asm.obj (.text)
                  000025ae    0000002c     driverlib.lib : gpio.obj (.text:GPIODirModeSet)
                  000025da    00000002     --HOLE-- [fill = 0]
                  000025dc    00000024                   : interrupt.obj (.text:IntPrioritySet)
                  00002600    00000022                   : pwm.obj (.text:PWMGenConfigure)
                  00002622    00000002     --HOLE-- [fill = 0]
                  00002624    00000020                   : uart.obj (.text:UARTDisable)
                  00002644    0000001e                   : pwm.obj (.text:PWMPulseWidthSet)
                  00002662    00000002     --HOLE-- [fill = 0]
                  00002664    0000001c                   : systick.obj (.text:SysTickIntRegister)
                  00002680    00000018                   : gpio.obj (.text:GPIOUnlockPin)
                  00002698    00000016                   : gpio.obj (.text:GPIOPinTypeGPIOInput)
                  000026ae    00000016                   : gpio.obj (.text:GPIOPinTypeI2C)
                  000026c4    00000016                   : gpio.obj (.text:GPIOPinTypeI2CSCL)
                  000026da    00000016                   : gpio.obj (.text:GPIOPinTypePWM)
                  000026f0    00000016                   : gpio.obj (.text:GPIOPinTypeUART)
                  00002706    00000002     --HOLE-- [fill = 0]
                  00002708    00000014                   : systick.obj (.text:SysTickEnable)
                  0000271c    00000014                   : systick.obj (.text:SysTickIntEnable)
                  00002730    00000014                   : uart.obj (.text:UARTEnable)
                  00002744    00000014     rtsv7M4_T_le_v4SPD16_eabi.lib : strcpy.c.obj (.text:strcpy)
                  00002758    00000012     driverlib.lib : pwm.obj (.text:PWMOutputState)
                  0000276a    00000010                   : pwm.obj (.text:PWMGenPeriodSet)
                  0000277a    00000002     --HOLE-- [fill = 0]
                  0000277c    00000010                   : systick.obj (.text:SysTickPeriodSet)
                  0000278c    0000000e     G8RTOS_CriticalSection.obj (.text)
                  0000279a    0000000e     driverlib.lib : gpio.obj (.text:GPIOIntDisable)
                  000027a8    0000000e     rtsv7M4_T_le_v4SPD16_eabi.lib : copy_decompress_none.c.obj (.text:decompress:none:__TI_decompress_none)
                  000027b6    0000000c     driverlib.lib : gpio.obj (.text:GPIOIntEnable)
                  000027c2    0000000c                   : pwm.obj (.text:PWMGenEnable)
                  000027ce    0000000c     rtsv7M4_T_le_v4SPD16_eabi.lib : copy_zero_init.c.obj (.text:decompress:ZI:__TI_zero_init)
                  000027da    0000000c     tm4c123gh6pm_startup_ccs.obj (.text)
                  000027e6    0000000a     driverlib.lib : i2c.obj (.text:I2CMasterEnable)
                  000027f0    0000000a                   : uart.obj (.text:UARTCharGet)
                  000027fa    0000000a                   : uart.obj (.text:UARTCharPut)
                  00002804    00000008                   : i2c.obj (.text:I2CMasterBusy)
                  0000280c    00000008                   : i2c.obj (.text:I2CMasterSlaveAddrSet)
                  00002814    00000006                   : gpio.obj (.text:GPIOIntClear)
                  0000281a    00000006                   : gpio.obj (.text:GPIOPinRead)
                  00002820    00000006                   : sysctl.obj (.text:SysCtlDelay)
                  00002826    00000004                   : i2c.obj (.text:I2CMasterControl)
                  0000282a    00000004                   : i2c.obj (.text:I2CMasterDataGet)
                  0000282e    00000004                   : i2c.obj (.text:I2CMasterDataPut)
                  00002832    00000004     rtsv7M4_T_le_v4SPD16_eabi.lib : pre_init.c.obj (.text:_system_pre_init)
                  00002836    00000004                                   : exit.c.obj (.text:abort:abort)

.const     0    0000283c    000001dc     
                  0000283c    0000009c     driverlib.lib : interrupt.obj (.const:g_pui32Regs)
                  000028d8    00000090                   : gpio.obj (.const:g_pui32GPIOBaseAddrs)
                  00002968    0000006c                   : sysctl.obj (.const:g_pui32Xtals)
                  000029d4    00000014                   : interrupt.obj (.const:g_pui32EnRegs)
                  000029e8    00000012     uartstdio.obj (.const:.string)
                  000029fa    00000002     --HOLE-- [fill = 0]
                  000029fc    0000000c     uartstdio.obj (.const:g_ui32UARTBase)
                  00002a08    0000000c     uartstdio.obj (.const:g_ui32UARTPeriph)
                  00002a14    00000004     uartstdio.obj (.const)

.cinit     0    00002a18    00000040     
                  00002a18    0000000c     (__TI_handler_table)
                  00002a24    00000009     (.cinit..data.load) [load image, compression = lzss]
                  00002a2d    00000003     --HOLE-- [fill = 0]
                  00002a30    00000008     (.cinit..bss.load) [load image, compression = zero_init]
                  00002a38    00000008     (.cinit..vtable.load) [load image, compression = zero_init]
                  00002a40    00000018     (__TI_cinit_table)

.init_array 
*          0    00000000    00000000     UNINITIALIZED

.vtable    0    20000000    0000026c     UNINITIALIZED
                  20000000    0000026c     driverlib.lib : interrupt.obj (.vtable)

.bss       0    2000026c    000063d0     UNINITIALIZED
                  2000026c    00006000     G8RTOS_Scheduler.obj (.bss:threadStacks)
                  2000626c    00000210     G8RTOS_Scheduler.obj (.bss:threadControlBlocks)
                  2000647c    00000150     G8RTOS_IPC.obj (.bss:FIFOs)
                  200065cc    00000048     G8RTOS_Scheduler.obj (.bss:pthreadControlBlocks)
                  20006614    00000008     G8RTOS_Scheduler.obj (.bss)
                  2000661c    00000004     (.common:CurrentlyRunningThread)
                  20006620    00000004     (.common:IBit_State)
                  20006624    00000004     (.common:SystemTime)
                  20006628    00000004     (.common:pulse_width)
                  2000662c    00000004     (.common:sem_I2CA)
                  20006630    00000004     (.common:sem_SPI)
                  20006634    00000004     (.common:sem_SW1)
                  20006638    00000004     (.common:sem_UART)

.data      0    20006840    00000011     UNINITIALIZED
                  20006840    0000000a     threads.obj (.data)
                  2000684a    00000001     G8RTOS_Scheduler.obj (.data)
                  2000684b    00000001     --HOLE--
                  2000684c    00000005     uartstdio.obj (.data)

.stack     0    20006640    00000200     UNINITIALIZED
                  20006640    00000004     rtsv7M4_T_le_v4SPD16_eabi.lib : boot_cortex_m.c.obj (.stack)
                  20006644    000001fc     --HOLE--

__llvm_prf_cnts 
*          0    20000000    00000000     UNINITIALIZED

MODULE SUMMARY

       Module                          code   ro data   rw data
       ------                          ----   -------   -------
    .\
       uartstdio.obj                   1192   46        5      
       threads.obj                     784    0         10     
       tm4c123gh6pm_startup_ccs.obj    12     620       0      
       lab4.obj                        216    0         20     
    +--+-------------------------------+------+---------+---------+
       Total:                          2204   666       35     
                                                               
    .\G8RTOS\src\
       G8RTOS_Scheduler.obj            1300   0         25193  
       G8RTOS_IPC.obj                  568    0         336    
       G8RTOS_Semaphores.obj           168    0         0      
       G8RTOS_SchedulerASM.obj         80     0         0      
       G8RTOS_CriticalSection.obj      14     0         0      
    +--+-------------------------------+------+---------+---------+
       Total:                          2130   0         25529  
                                                               
    .\MultimodDrivers\src\
       multimod_BMI160.obj             712    0         0      
       multimod_i2c.obj                624    0         0      
       multimod_LaunchpadLED.obj       376    0         4      
       multimod_OPT3001.obj            312    0         0      
       multimod_LaunchpadButtons.obj   144    0         0      
       multimod_uart.obj               92     0         0      
    +--+-------------------------------+------+---------+---------+
       Total:                          2260   0         4      
                                                               
    C:/ti/TivaWare_C_Series-2.2.0.295/driverlib/ccs/Debug/driverlib.lib
       interrupt.obj                   192    176       620    
       gpio.obj                        744    144       0      
       sysctl.obj                      694    108       0      
       uart.obj                        142    0         0      
       i2c.obj                         114    0         0      
       pwm.obj                         110    0         0      
       systick.obj                     84     0         0      
    +--+-------------------------------+------+---------+---------+
       Total:                          2080   428       620    
                                                               
    C:\ti\ccs1281\ccs\tools\compiler\ti-cgt-arm_20.2.7.LTS\lib\rtsv7M4_T_le_v4SPD16_eabi.lib
       fd_mul_t2.asm.obj               252    0         0      
       memcpy_t2.asm.obj               156    0         0      
       memset_t2.asm.obj               122    0         0      
       copy_decompress_lzss.c.obj      104    0         0      
       fd_toi_t2.asm.obj               72     0         0      
       autoinit.c.obj                  68     0         0      
       u_divt2.asm.obj                 64     0         0      
       boot_cortex_m.c.obj             52     0         0      
       i_tofd_t2.asm.obj               46     0         0      
       strcpy.c.obj                    20     0         0      
       copy_decompress_none.c.obj      14     0         0      
       copy_zero_init.c.obj            12     0         0      
       exit.c.obj                      4      0         0      
       pre_init.c.obj                  4      0         0      
       div0.asm.obj                    2      0         0      
    +--+-------------------------------+------+---------+---------+
       Total:                          992    0         0      
                                                               
       Stack:                          0      0         512    
       Linker Generated:               0      61        0      
    +--+-------------------------------+------+---------+---------+
       Grand Total:                    9666   1155      26700  


LINKER GENERATED COPY TABLES

__TI_cinit_table @ 00002a40 records: 3, size/record: 8, table size: 24
	.data: load addr=00002a24, load size=00000009 bytes, run addr=20006840, run size=00000011 bytes, compression=lzss
	.bss: load addr=00002a30, load size=00000008 bytes, run addr=2000026c, run size=000063d0 bytes, compression=zero_init
	.vtable: load addr=00002a38, load size=00000008 bytes, run addr=20000000, run size=0000026c bytes, compression=zero_init


LINKER GENERATED HANDLER TABLE

__TI_handler_table @ 00002a18 records: 3, size/record: 4, table size: 12
	index: 0, handler: __TI_zero_init
	index: 1, handler: __TI_decompress_lzss
	index: 2, handler: __TI_decompress_none


GLOBAL SYMBOLS: SORTED ALPHABETICALLY BY Name 

address   name                          
-------   ----                          
00000c29  Accel                         
00000fcf  BMI160_AccelXGetResult        
00001119  BMI160_AccelXYZGetResult      
00000ff3  BMI160_AccelYGetResult        
00001017  BMI160_AccelZGetResult        
000011f1  BMI160_GetDataStatus          
0000103b  BMI160_GyroXGetResult         
00001161  BMI160_GyroXYZGetResult       
0000105f  BMI160_GyroYGetResult         
00001083  BMI160_GyroZGetResult         
00000f39  BMI160_Init                   
000010a7  BMI160_MagXGetResult          
000011a9  BMI160_MagXYZGetResult        
000010cd  BMI160_MagYGetResult          
000010f3  BMI160_MagZGetResult          
00000fa7  BMI160_MultiReadRegister      
00000f83  BMI160_ReadRegister           
00000f53  BMI160_WriteRegister          
00002837  C$$EXIT                       
2000661c  CurrentlyRunningThread        
00002795  EndCriticalSection            
00000d67  FIFOConsumer                  
00000d8f  FIFOConsumer2                 
00000d3b  FIFOProducer                  
00000393  G8RTOS_AddThread              
000004af  G8RTOS_Add_APeriodicEvent     
0000051d  G8RTOS_Add_PeriodicEvent      
0000062f  G8RTOS_GetNumberOfThreads     
00000627  G8RTOS_GetThreadID            
000002fb  G8RTOS_Init                   
00001471  G8RTOS_InitFIFO               
00001ea5  G8RTOS_InitSemaphore          
000005e5  G8RTOS_KillSelf               
0000054d  G8RTOS_KillThread             
0000030f  G8RTOS_Launch                 
000014d7  G8RTOS_ReadFIFO               
00000333  G8RTOS_Scheduler              
00001ef9  G8RTOS_SignalSemaphore        
0000227d  G8RTOS_Start                  
00001eb7  G8RTOS_WaitSemaphore          
00001561  G8RTOS_WriteFIFO              
000025af  GPIODirModeSet                
00002815  GPIOIntClear                  
0000279b  GPIOIntDisable                
000027b7  GPIOIntEnable                 
00002221  GPIOIntTypeSet                
00001821  GPIOPadConfigSet              
000022c9  GPIOPinConfigure              
0000281b  GPIOPinRead                   
00002699  GPIOPinTypeGPIOInput          
000026af  GPIOPinTypeI2C                
000026c5  GPIOPinTypeI2CSCL             
000026db  GPIOPinTypePWM                
000026f1  GPIOPinTypeUART               
00002681  GPIOUnlockPin                 
00000c5f  Gyro                          
00002805  I2CMasterBusy                 
00002827  I2CMasterControl              
0000282b  I2CMasterDataGet              
0000282f  I2CMasterDataPut              
000027e7  I2CMasterEnable               
00002315  I2CMasterInitExpClk           
0000280d  I2CMasterSlaveAddrSet         
00001201  I2C_Init                      
00001391  I2C_ReadMultiple              
000012b3  I2C_ReadSingle                
000012e3  I2C_WriteMultiple             
0000127d  I2C_WriteSingle               
20006620  IBit_State                    
00000db7  Idle_Thread                   
000020f5  IntEnable                     
000025dd  IntPrioritySet                
000024e5  IntRegister                   
00001fe9  LaunchpadButtons_Init         
0000202f  LaunchpadButtons_ReadSW1      
0000204f  LaunchpadButtons_ReadSW2      
000016a9  LaunchpadLED_Init             
00001765  LaunchpadLED_PWMSetDuty       
00001aad  OPT3001_GetChipID             
00001a11  OPT3001_GetResult             
0000198d  OPT3001_Init                  
000019e3  OPT3001_ReadRegister          
00001a8d  OPT3001_SetHighLimit          
00001a6d  OPT3001_SetLowLimit           
000019a1  OPT3001_WriteRegister         
00000cd9  Opto                          
00002601  PWMGenConfigure               
000027c3  PWMGenEnable                  
0000276b  PWMGenPeriodSet               
00002759  PWMOutputState                
00002645  PWMPulseWidthSet              
0000229f  PendSV_Handler                
000027db  ResetISR                      
20006848  SW1Pressed                    
00000dcb  SW1_Event_Handler             
00000db9  SW1_ISR                       
20006849  SW2Pressed                    
00000dff  SW2_Event_Handler             
00000ded  SW2_ISR                       
00000641  SetInitialStack               
0000278d  StartCriticalSection          
00001ac5  SysCtlClockGet                
00001cd9  SysCtlClockSet                
00002821  SysCtlDelay                   
00002519  SysCtlPeripheralEnable        
00002475  SysCtlPeripheralPresent       
000024ad  SysCtlPeripheralReady         
00002709  SysTickEnable                 
0000271d  SysTickIntEnable              
00002665  SysTickIntRegister            
0000277d  SysTickPeriodSet              
00000297  SysTick_Handler               
20006624  SystemTime                    
000027f1  UARTCharGet                   
000027fb  UARTCharPut                   
000023a9  UARTConfigSetExpClk           
00002625  UARTDisable                   
00002731  UARTEnable                    
00000781  UARTStdioConfig               
000021c5  UART_Init                     
000008d1  UARTgetc                      
00000817  UARTgets                      
00000bf3  UARTprintf                    
000008f9  UARTvprintf                   
000007c7  UARTwrite                     
20006840  __STACK_END                   
00000200  __STACK_SIZE                  
20006840  __STACK_TOP                   
00002a40  __TI_CINIT_Base               
00002a58  __TI_CINIT_Limit              
00002a18  __TI_Handler_Table_Base       
00002a24  __TI_Handler_Table_Limit      
000023f1  __TI_auto_init_nobinit_nopinit
0000215d  __TI_decompress_lzss          
000027a9  __TI_decompress_none          
ffffffff  __TI_pprof_out_hndl           
ffffffff  __TI_prof_data_size           
ffffffff  __TI_prof_data_start          
00000000  __TI_static_base__            
000027cf  __TI_zero_init                
00002361  __aeabi_d2iz                  
00001bdd  __aeabi_dmul                  
00002581  __aeabi_i2d                   
000020f3  __aeabi_idiv0                 
000020f3  __aeabi_ldiv0                 
00002079  __aeabi_memclr                
00002079  __aeabi_memclr4               
00002079  __aeabi_memclr8               
00001f4d  __aeabi_memcpy                
00001f4d  __aeabi_memcpy4               
00001f4d  __aeabi_memcpy8               
0000207b  __aeabi_memset                
0000207b  __aeabi_memset4               
0000207b  __aeabi_memset8               
00002435  __aeabi_uidiv                 
00002435  __aeabi_uidivmod              
ffffffff  __binit__                     
ffffffff  __c_args__                    
UNDEFED   __mpu_init                    
20006640  __stack                       
20000000  __start___llvm_prf_cnts       
20000000  __stop___llvm_prf_cnts        
0000254d  _c_int00_noargs               
UNDEFED   _system_post_cinit            
00002833  _system_pre_init              
00002837  abort                         
2000684a  aliveCount                    
ffffffff  binit                         
20006844  data                          
20000000  g_pfnRAMVectors               
00000000  g_pfnVectors                  
20006843  idle_count                    
20006841  joystick_y                    
20006842  kill_cube                     
00001de5  main                          
00001f4d  memcpy                        
00002081  memset                        
20006840  num_cubes                     
20006628  pulse_width                   
2000662c  sem_I2CA                      
20006630  sem_SPI                       
20006634  sem_SW1                       
20006638  sem_UART                      
000005fd  sleep                         
00002745  strcpy                        


GLOBAL SYMBOLS: SORTED BY Symbol Address 

address   name                          
-------   ----                          
00000000  __TI_static_base__            
00000000  g_pfnVectors                  
00000200  __STACK_SIZE                  
00000297  SysTick_Handler               
000002fb  G8RTOS_Init                   
0000030f  G8RTOS_Launch                 
00000333  G8RTOS_Scheduler              
00000393  G8RTOS_AddThread              
000004af  G8RTOS_Add_APeriodicEvent     
0000051d  G8RTOS_Add_PeriodicEvent      
0000054d  G8RTOS_KillThread             
000005e5  G8RTOS_KillSelf               
000005fd  sleep                         
00000627  G8RTOS_GetThreadID            
0000062f  G8RTOS_GetNumberOfThreads     
00000641  SetInitialStack               
00000781  UARTStdioConfig               
000007c7  UARTwrite                     
00000817  UARTgets                      
000008d1  UARTgetc                      
000008f9  UARTvprintf                   
00000bf3  UARTprintf                    
00000c29  Accel                         
00000c5f  Gyro                          
00000cd9  Opto                          
00000d3b  FIFOProducer                  
00000d67  FIFOConsumer                  
00000d8f  FIFOConsumer2                 
00000db7  Idle_Thread                   
00000db9  SW1_ISR                       
00000dcb  SW1_Event_Handler             
00000ded  SW2_ISR                       
00000dff  SW2_Event_Handler             
00000f39  BMI160_Init                   
00000f53  BMI160_WriteRegister          
00000f83  BMI160_ReadRegister           
00000fa7  BMI160_MultiReadRegister      
00000fcf  BMI160_AccelXGetResult        
00000ff3  BMI160_AccelYGetResult        
00001017  BMI160_AccelZGetResult        
0000103b  BMI160_GyroXGetResult         
0000105f  BMI160_GyroYGetResult         
00001083  BMI160_GyroZGetResult         
000010a7  BMI160_MagXGetResult          
000010cd  BMI160_MagYGetResult          
000010f3  BMI160_MagZGetResult          
00001119  BMI160_AccelXYZGetResult      
00001161  BMI160_GyroXYZGetResult       
000011a9  BMI160_MagXYZGetResult        
000011f1  BMI160_GetDataStatus          
00001201  I2C_Init                      
0000127d  I2C_WriteSingle               
000012b3  I2C_ReadSingle                
000012e3  I2C_WriteMultiple             
00001391  I2C_ReadMultiple              
00001471  G8RTOS_InitFIFO               
000014d7  G8RTOS_ReadFIFO               
00001561  G8RTOS_WriteFIFO              
000016a9  LaunchpadLED_Init             
00001765  LaunchpadLED_PWMSetDuty       
00001821  GPIOPadConfigSet              
0000198d  OPT3001_Init                  
000019a1  OPT3001_WriteRegister         
000019e3  OPT3001_ReadRegister          
00001a11  OPT3001_GetResult             
00001a6d  OPT3001_SetLowLimit           
00001a8d  OPT3001_SetHighLimit          
00001aad  OPT3001_GetChipID             
00001ac5  SysCtlClockGet                
00001bdd  __aeabi_dmul                  
00001cd9  SysCtlClockSet                
00001de5  main                          
00001ea5  G8RTOS_InitSemaphore          
00001eb7  G8RTOS_WaitSemaphore          
00001ef9  G8RTOS_SignalSemaphore        
00001f4d  __aeabi_memcpy                
00001f4d  __aeabi_memcpy4               
00001f4d  __aeabi_memcpy8               
00001f4d  memcpy                        
00001fe9  LaunchpadButtons_Init         
0000202f  LaunchpadButtons_ReadSW1      
0000204f  LaunchpadButtons_ReadSW2      
00002079  __aeabi_memclr                
00002079  __aeabi_memclr4               
00002079  __aeabi_memclr8               
0000207b  __aeabi_memset                
0000207b  __aeabi_memset4               
0000207b  __aeabi_memset8               
00002081  memset                        
000020f3  __aeabi_idiv0                 
000020f3  __aeabi_ldiv0                 
000020f5  IntEnable                     
0000215d  __TI_decompress_lzss          
000021c5  UART_Init                     
00002221  GPIOIntTypeSet                
0000227d  G8RTOS_Start                  
0000229f  PendSV_Handler                
000022c9  GPIOPinConfigure              
00002315  I2CMasterInitExpClk           
00002361  __aeabi_d2iz                  
000023a9  UARTConfigSetExpClk           
000023f1  __TI_auto_init_nobinit_nopinit
00002435  __aeabi_uidiv                 
00002435  __aeabi_uidivmod              
00002475  SysCtlPeripheralPresent       
000024ad  SysCtlPeripheralReady         
000024e5  IntRegister                   
00002519  SysCtlPeripheralEnable        
0000254d  _c_int00_noargs               
00002581  __aeabi_i2d                   
000025af  GPIODirModeSet                
000025dd  IntPrioritySet                
00002601  PWMGenConfigure               
00002625  UARTDisable                   
00002645  PWMPulseWidthSet              
00002665  SysTickIntRegister            
00002681  GPIOUnlockPin                 
00002699  GPIOPinTypeGPIOInput          
000026af  GPIOPinTypeI2C                
000026c5  GPIOPinTypeI2CSCL             
000026db  GPIOPinTypePWM                
000026f1  GPIOPinTypeUART               
00002709  SysTickEnable                 
0000271d  SysTickIntEnable              
00002731  UARTEnable                    
00002745  strcpy                        
00002759  PWMOutputState                
0000276b  PWMGenPeriodSet               
0000277d  SysTickPeriodSet              
0000278d  StartCriticalSection          
00002795  EndCriticalSection            
0000279b  GPIOIntDisable                
000027a9  __TI_decompress_none          
000027b7  GPIOIntEnable                 
000027c3  PWMGenEnable                  
000027cf  __TI_zero_init                
000027db  ResetISR                      
000027e7  I2CMasterEnable               
000027f1  UARTCharGet                   
000027fb  UARTCharPut                   
00002805  I2CMasterBusy                 
0000280d  I2CMasterSlaveAddrSet         
00002815  GPIOIntClear                  
0000281b  GPIOPinRead                   
00002821  SysCtlDelay                   
00002827  I2CMasterControl              
0000282b  I2CMasterDataGet              
0000282f  I2CMasterDataPut              
00002833  _system_pre_init              
00002837  C$$EXIT                       
00002837  abort                         
00002a18  __TI_Handler_Table_Base       
00002a24  __TI_Handler_Table_Limit      
00002a40  __TI_CINIT_Base               
00002a58  __TI_CINIT_Limit              
20000000  __start___llvm_prf_cnts       
20000000  __stop___llvm_prf_cnts        
20000000  g_pfnRAMVectors               
2000661c  CurrentlyRunningThread        
20006620  IBit_State                    
20006624  SystemTime                    
20006628  pulse_width                   
2000662c  sem_I2CA                      
20006630  sem_SPI                       
20006634  sem_SW1                       
20006638  sem_UART                      
20006640  __stack                       
20006840  __STACK_END                   
20006840  __STACK_TOP                   
20006840  num_cubes                     
20006841  joystick_y                    
20006842  kill_cube                     
20006843  idle_count                    
20006844  data                          
20006848  SW1Pressed                    
20006849  SW2Pressed                    
2000684a  aliveCount                    
ffffffff  __TI_pprof_out_hndl           
ffffffff  __TI_prof_data_size           
ffffffff  __TI_prof_data_start          
ffffffff  __binit__                     
ffffffff  __c_args__                    
ffffffff  binit                         
UNDEFED   __mpu_init                    
UNDEFED   _system_post_cinit            

[185 symbols]
