******************************************************************************
                  TI ARM Linker PC v20.2.7                     
******************************************************************************
>> Linked Wed Oct 29 03:08:18 2025

OUTPUT FILE NAME:   <Lab4_F2025.out>
ENTRY POINT SYMBOL: "_c_int00_noargs"  address: 0000291d


MEMORY CONFIGURATION

         name            origin    length      used     unused   attr    fill
----------------------  --------  ---------  --------  --------  ----  --------
  FLASH                 00000000   00040000  00002e26  0003d1da  R  X
  SRAM                  20000000   00008000  00006855  000017ab  RW X


SEGMENT ALLOCATION MAP

run origin  load origin   length   init length attrs members
----------  ----------- ---------- ----------- ----- -------
00000000    00000000    00002e28   00002e28    r-x
  00000000    00000000    0000026c   0000026c    r-- .intvecs
  0000026c    0000026c    0000299e   0000299e    r-x .text
  00002c0c    00002c0c    000001dc   000001dc    r-- .const
  00002de8    00002de8    00000040   00000040    r-- .cinit
20000000    20000000    00006859   00000000    rw-
  20000000    20000000    0000026c   00000000    rw- .vtable
  2000026c    2000026c    000063d8   00000000    rw- .bss
  20006648    20006648    00000200   00000000    rw- .stack
  20006848    20006848    00000011   00000000    rw- .data


SECTION ALLOCATION MAP

 output                                  attributes/
section   page    origin      length       input sections
--------  ----  ----------  ----------   ----------------
.intvecs   0    00000000    0000026c     
                  00000000    0000026c     tm4c123gh6pm_startup_ccs.obj (.intvecs)

.text      0    0000026c    0000299e     
                  0000026c    000006b8     G8RTOS_Scheduler.obj (.text)
                  00000924    000004c0     threads.obj (.text)
                  00000de4    000004a8     uartstdio.obj (.text)
                  0000128c    000002c8     multimod_BMI160.obj (.text)
                  00001554    00000278     multimod_i2c.obj (.text)
                  000017cc    00000238     G8RTOS_IPC.obj (.text)
                  00001a04    00000178     multimod_LaunchpadLED.obj (.text)
                  00001b7c    0000016c     driverlib.lib : gpio.obj (.text:GPIOPadConfigSet)
                  00001ce8    00000138     multimod_OPT3001.obj (.text)
                  00001e20    00000118     driverlib.lib : sysctl.obj (.text:SysCtlClockGet)
                  00001f38    000000fc     rtsv7M4_T_le_v4SPD16_eabi.lib : fd_mul_t2.asm.obj (.text)
                  00002034    000000f4     driverlib.lib : sysctl.obj (.text:SysCtlClockSet)
                  00002128    000000f4     lab4.obj (.text)
                  0000221c    000000a8     G8RTOS_Semaphores.obj (.text)
                  000022c4    0000009c     rtsv7M4_T_le_v4SPD16_eabi.lib : memcpy_t2.asm.obj (.text)
                  00002360    00000090     multimod_LaunchpadButtons.obj (.text)
                  000023f0    0000007a     rtsv7M4_T_le_v4SPD16_eabi.lib : memset_t2.asm.obj (.text)
                  0000246a    00000002                                   : div0.asm.obj (.text)
                  0000246c    00000068     driverlib.lib : interrupt.obj (.text:IntEnable)
                  000024d4    00000068     rtsv7M4_T_le_v4SPD16_eabi.lib : copy_decompress_lzss.c.obj (.text:decompress:lzss:__TI_decompress_lzss)
                  0000253c    0000005c     multimod_uart.obj (.text)
                  00002598    00000058     driverlib.lib : gpio.obj (.text:GPIOIntTypeSet)
                  000025f0    00000058     multimod_buttons.obj (.text)
                  00002648    00000050     G8RTOS_SchedulerASM.obj (.text)
                  00002698    0000004c     driverlib.lib : gpio.obj (.text:GPIOPinConfigure)
                  000026e4    0000004c                   : i2c.obj (.text:I2CMasterInitExpClk)
                  00002730    00000048     rtsv7M4_T_le_v4SPD16_eabi.lib : fd_toi_t2.asm.obj (.text)
                  00002778    00000046     driverlib.lib : uart.obj (.text:UARTConfigSetExpClk)
                  000027be    00000002     --HOLE-- [fill = 0]
                  000027c0    00000044     rtsv7M4_T_le_v4SPD16_eabi.lib : autoinit.c.obj (.text:__TI_auto_init_nobinit_nopinit:__TI_auto_init_nobinit_nopinit)
                  00002804    00000040                                   : u_divt2.asm.obj (.text)
                  00002844    00000038     driverlib.lib : sysctl.obj (.text:SysCtlPeripheralPresent)
                  0000287c    00000038                   : sysctl.obj (.text:SysCtlPeripheralReady)
                  000028b4    00000034                   : interrupt.obj (.text:IntRegister)
                  000028e8    00000034                   : sysctl.obj (.text:SysCtlPeripheralEnable)
                  0000291c    00000034     rtsv7M4_T_le_v4SPD16_eabi.lib : boot_cortex_m.c.obj (.text:_c_int00_noargs:_c_int00_noargs)
                  00002950    0000002e                                   : i_tofd_t2.asm.obj (.text)
                  0000297e    0000002c     driverlib.lib : gpio.obj (.text:GPIODirModeSet)
                  000029aa    00000002     --HOLE-- [fill = 0]
                  000029ac    00000024                   : interrupt.obj (.text:IntPrioritySet)
                  000029d0    00000022                   : pwm.obj (.text:PWMGenConfigure)
                  000029f2    00000002     --HOLE-- [fill = 0]
                  000029f4    00000020                   : uart.obj (.text:UARTDisable)
                  00002a14    0000001e                   : pwm.obj (.text:PWMPulseWidthSet)
                  00002a32    00000002     --HOLE-- [fill = 0]
                  00002a34    0000001c                   : systick.obj (.text:SysTickIntRegister)
                  00002a50    00000018                   : gpio.obj (.text:GPIOUnlockPin)
                  00002a68    00000016                   : gpio.obj (.text:GPIOPinTypeGPIOInput)
                  00002a7e    00000016                   : gpio.obj (.text:GPIOPinTypeI2C)
                  00002a94    00000016                   : gpio.obj (.text:GPIOPinTypeI2CSCL)
                  00002aaa    00000016                   : gpio.obj (.text:GPIOPinTypePWM)
                  00002ac0    00000016                   : gpio.obj (.text:GPIOPinTypeUART)
                  00002ad6    00000002     --HOLE-- [fill = 0]
                  00002ad8    00000014                   : systick.obj (.text:SysTickEnable)
                  00002aec    00000014                   : systick.obj (.text:SysTickIntEnable)
                  00002b00    00000014                   : uart.obj (.text:UARTEnable)
                  00002b14    00000014     rtsv7M4_T_le_v4SPD16_eabi.lib : strcpy.c.obj (.text:strcpy)
                  00002b28    00000012     driverlib.lib : pwm.obj (.text:PWMOutputState)
                  00002b3a    00000010                   : pwm.obj (.text:PWMGenPeriodSet)
                  00002b4a    00000002     --HOLE-- [fill = 0]
                  00002b4c    00000010                   : systick.obj (.text:SysTickPeriodSet)
                  00002b5c    0000000e     G8RTOS_CriticalSection.obj (.text)
                  00002b6a    0000000e     driverlib.lib : gpio.obj (.text:GPIOIntDisable)
                  00002b78    0000000e     rtsv7M4_T_le_v4SPD16_eabi.lib : copy_decompress_none.c.obj (.text:decompress:none:__TI_decompress_none)
                  00002b86    0000000c     driverlib.lib : gpio.obj (.text:GPIOIntEnable)
                  00002b92    0000000c                   : pwm.obj (.text:PWMGenEnable)
                  00002b9e    0000000c     rtsv7M4_T_le_v4SPD16_eabi.lib : copy_zero_init.c.obj (.text:decompress:ZI:__TI_zero_init)
                  00002baa    0000000c     tm4c123gh6pm_startup_ccs.obj (.text)
                  00002bb6    0000000a     driverlib.lib : i2c.obj (.text:I2CMasterEnable)
                  00002bc0    0000000a                   : uart.obj (.text:UARTCharGet)
                  00002bca    0000000a                   : uart.obj (.text:UARTCharPut)
                  00002bd4    00000008                   : i2c.obj (.text:I2CMasterBusy)
                  00002bdc    00000008                   : i2c.obj (.text:I2CMasterSlaveAddrSet)
                  00002be4    00000006                   : gpio.obj (.text:GPIOIntClear)
                  00002bea    00000006                   : gpio.obj (.text:GPIOPinRead)
                  00002bf0    00000006                   : sysctl.obj (.text:SysCtlDelay)
                  00002bf6    00000004                   : i2c.obj (.text:I2CMasterControl)
                  00002bfa    00000004                   : i2c.obj (.text:I2CMasterDataGet)
                  00002bfe    00000004                   : i2c.obj (.text:I2CMasterDataPut)
                  00002c02    00000004     rtsv7M4_T_le_v4SPD16_eabi.lib : pre_init.c.obj (.text:_system_pre_init)
                  00002c06    00000004                                   : exit.c.obj (.text:abort:abort)

.const     0    00002c0c    000001dc     
                  00002c0c    0000009c     driverlib.lib : interrupt.obj (.const:g_pui32Regs)
                  00002ca8    00000090                   : gpio.obj (.const:g_pui32GPIOBaseAddrs)
                  00002d38    0000006c                   : sysctl.obj (.const:g_pui32Xtals)
                  00002da4    00000014                   : interrupt.obj (.const:g_pui32EnRegs)
                  00002db8    00000012     uartstdio.obj (.const:.string)
                  00002dca    00000002     --HOLE-- [fill = 0]
                  00002dcc    0000000c     uartstdio.obj (.const:g_ui32UARTBase)
                  00002dd8    0000000c     uartstdio.obj (.const:g_ui32UARTPeriph)
                  00002de4    00000004     uartstdio.obj (.const)

.cinit     0    00002de8    00000040     
                  00002de8    0000000c     (__TI_handler_table)
                  00002df4    00000009     (.cinit..data.load) [load image, compression = lzss]
                  00002dfd    00000003     --HOLE-- [fill = 0]
                  00002e00    00000008     (.cinit..bss.load) [load image, compression = zero_init]
                  00002e08    00000008     (.cinit..vtable.load) [load image, compression = zero_init]
                  00002e10    00000018     (__TI_cinit_table)

.init_array 
*          0    00000000    00000000     UNINITIALIZED

.vtable    0    20000000    0000026c     UNINITIALIZED
                  20000000    0000026c     driverlib.lib : interrupt.obj (.vtable)

.bss       0    2000026c    000063d8     UNINITIALIZED
                  2000026c    00006000     G8RTOS_Scheduler.obj (.bss:threadStacks)
                  2000626c    00000210     G8RTOS_Scheduler.obj (.bss:threadControlBlocks)
                  2000647c    00000150     G8RTOS_IPC.obj (.bss:FIFOs)
                  200065cc    00000048     G8RTOS_Scheduler.obj (.bss:ptcbs)
                  20006614    0000000c     G8RTOS_Scheduler.obj (.bss)
                  20006620    00000004     (.common:CurrentlyRunningThread)
                  20006624    00000004     (.common:IBit_State)
                  20006628    00000004     (.common:SystemTime)
                  2000662c    00000004     (.common:pulse_width)
                  20006630    00000004     (.common:sem_I2CA)
                  20006634    00000004     (.common:sem_MMB)
                  20006638    00000004     (.common:sem_SPI)
                  2000663c    00000004     (.common:sem_SW1)
                  20006640    00000004     (.common:sem_UART)

.data      0    20006848    00000011     UNINITIALIZED
                  20006848    0000000a     threads.obj (.data)
                  20006852    00000001     G8RTOS_Scheduler.obj (.data)
                  20006853    00000001     --HOLE--
                  20006854    00000005     uartstdio.obj (.data)

.stack     0    20006648    00000200     UNINITIALIZED
                  20006648    00000004     rtsv7M4_T_le_v4SPD16_eabi.lib : boot_cortex_m.c.obj (.stack)
                  2000664c    000001fc     --HOLE--

__llvm_prf_cnts 
*          0    20000000    00000000     UNINITIALIZED

MODULE SUMMARY

       Module                          code    ro data   rw data
       ------                          ----    -------   -------
    .\
       uartstdio.obj                   1192    46        5      
       threads.obj                     1216    0         10     
       tm4c123gh6pm_startup_ccs.obj    12      620       0      
       lab4.obj                        244     0         24     
    +--+-------------------------------+-------+---------+---------+
       Total:                          2664    666       39     
                                                                
    .\G8RTOS\src\
       G8RTOS_Scheduler.obj            1720    0         25197  
       G8RTOS_IPC.obj                  568     0         336    
       G8RTOS_Semaphores.obj           168     0         0      
       G8RTOS_SchedulerASM.obj         80      0         0      
       G8RTOS_CriticalSection.obj      14      0         0      
    +--+-------------------------------+-------+---------+---------+
       Total:                          2550    0         25533  
                                                                
    .\MultimodDrivers\src\
       multimod_BMI160.obj             712     0         0      
       multimod_i2c.obj                632     0         0      
       multimod_LaunchpadLED.obj       376     0         4      
       multimod_OPT3001.obj            312     0         0      
       multimod_LaunchpadButtons.obj   144     0         0      
       multimod_uart.obj               92      0         0      
       multimod_buttons.obj            88      0         0      
    +--+-------------------------------+-------+---------+---------+
       Total:                          2356    0         4      
                                                                
    C:/ti/TivaWare_C_Series-2.2.0.295/driverlib/ccs/Debug/driverlib.lib
       interrupt.obj                   192     176       620    
       gpio.obj                        744     144       0      
       sysctl.obj                      694     108       0      
       uart.obj                        142     0         0      
       i2c.obj                         114     0         0      
       pwm.obj                         110     0         0      
       systick.obj                     84      0         0      
    +--+-------------------------------+-------+---------+---------+
       Total:                          2080    428       620    
                                                                
    C:\ti\ccs1281\ccs\tools\compiler\ti-cgt-arm_20.2.7.LTS\lib\rtsv7M4_T_le_v4SPD16_eabi.lib
       fd_mul_t2.asm.obj               252     0         0      
       memcpy_t2.asm.obj               156     0         0      
       memset_t2.asm.obj               122     0         0      
       copy_decompress_lzss.c.obj      104     0         0      
       fd_toi_t2.asm.obj               72      0         0      
       autoinit.c.obj                  68      0         0      
       u_divt2.asm.obj                 64      0         0      
       boot_cortex_m.c.obj             52      0         0      
       i_tofd_t2.asm.obj               46      0         0      
       strcpy.c.obj                    20      0         0      
       copy_decompress_none.c.obj      14      0         0      
       copy_zero_init.c.obj            12      0         0      
       exit.c.obj                      4       0         0      
       pre_init.c.obj                  4       0         0      
       div0.asm.obj                    2       0         0      
    +--+-------------------------------+-------+---------+---------+
       Total:                          992     0         0      
                                                                
       Stack:                          0       0         512    
       Linker Generated:               0       61        0      
    +--+-------------------------------+-------+---------+---------+
       Grand Total:                    10642   1155      26708  


LINKER GENERATED COPY TABLES

__TI_cinit_table @ 00002e10 records: 3, size/record: 8, table size: 24
	.data: load addr=00002df4, load size=00000009 bytes, run addr=20006848, run size=00000011 bytes, compression=lzss
	.bss: load addr=00002e00, load size=00000008 bytes, run addr=2000026c, run size=000063d8 bytes, compression=zero_init
	.vtable: load addr=00002e08, load size=00000008 bytes, run addr=20000000, run size=0000026c bytes, compression=zero_init


LINKER GENERATED HANDLER TABLE

__TI_handler_table @ 00002de8 records: 3, size/record: 4, table size: 12
	index: 0, handler: __TI_zero_init
	index: 1, handler: __TI_decompress_lzss
	index: 2, handler: __TI_decompress_none


GLOBAL SYMBOLS: SORTED ALPHABETICALLY BY Name 

address   name                          
-------   ----                          
00000925  Accel                         
00001323  BMI160_AccelXGetResult        
0000146d  BMI160_AccelXYZGetResult      
00001347  BMI160_AccelYGetResult        
0000136b  BMI160_AccelZGetResult        
00001545  BMI160_GetDataStatus          
0000138f  BMI160_GyroXGetResult         
000014b5  BMI160_GyroXYZGetResult       
000013b3  BMI160_GyroYGetResult         
000013d7  BMI160_GyroZGetResult         
0000128d  BMI160_Init                   
000013fb  BMI160_MagXGetResult          
000014fd  BMI160_MagXYZGetResult        
00001421  BMI160_MagYGetResult          
00001447  BMI160_MagZGetResult          
000012fb  BMI160_MultiReadRegister      
000012d7  BMI160_ReadRegister           
000012a7  BMI160_WriteRegister          
00000bb5  ButtonsTest                   
00002c07  C$$EXIT                       
00000b41  ChildA_Thread                 
00000b61  ChildB_Thread                 
20006620  CurrentlyRunningThread        
00002b65  EndCriticalSection            
00000a63  FIFOConsumer                  
00000a8b  FIFOConsumer2                 
00000a37  FIFOProducer                  
000003e5  G8RTOS_AddThread              
000005b1  G8RTOS_Add_APeriodicEvent     
00000625  G8RTOS_Add_PeriodicEvent      
000007cd  G8RTOS_GetNumberOfThreads     
000007c5  G8RTOS_GetThreadID            
0000032d  G8RTOS_Init                   
000017cd  G8RTOS_InitFIFO               
0000221d  G8RTOS_InitSemaphore          
00000771  G8RTOS_KillSelf               
000006db  G8RTOS_KillThread             
00000347  G8RTOS_Launch                 
00001833  G8RTOS_ReadFIFO               
0000036b  G8RTOS_Scheduler              
00002271  G8RTOS_SignalSemaphore        
0000264d  G8RTOS_Start                  
0000222f  G8RTOS_WaitSemaphore          
000018bd  G8RTOS_WriteFIFO              
0000297f  GPIODirModeSet                
00000c07  GPIOE_Handler                 
00002be5  GPIOIntClear                  
00002b6b  GPIOIntDisable                
00002b87  GPIOIntEnable                 
00002599  GPIOIntTypeSet                
00001b7d  GPIOPadConfigSet              
00002699  GPIOPinConfigure              
00002beb  GPIOPinRead                   
00002a69  GPIOPinTypeGPIOInput          
00002a7f  GPIOPinTypeI2C                
00002a95  GPIOPinTypeI2CSCL             
00002aab  GPIOPinTypePWM                
00002ac1  GPIOPinTypeUART               
00002a51  GPIOUnlockPin                 
0000095b  Gyro                          
00002bd5  I2CMasterBusy                 
00002bf7  I2CMasterControl              
00002bfb  I2CMasterDataGet              
00002bff  I2CMasterDataPut              
00002bb7  I2CMasterEnable               
000026e5  I2CMasterInitExpClk           
00002bdd  I2CMasterSlaveAddrSet         
00001555  I2C_Init                      
000016e5  I2C_ReadMultiple              
00001607  I2C_ReadSingle                
00001637  I2C_WriteMultiple             
000015d1  I2C_WriteSingle               
20006624  IBit_State                    
00000ab3  Idle_Thread                   
0000246d  IntEnable                     
000029ad  IntPrioritySet                
000028b5  IntRegister                   
00002361  LaunchpadButtons_Init         
000023a7  LaunchpadButtons_ReadSW1      
000023c7  LaunchpadButtons_ReadSW2      
00001a05  LaunchpadLED_Init             
00001ac1  LaunchpadLED_PWMSetDuty       
00002625  MultimodButtons_Get           
000025f1  MultimodButtons_Init          
00001e09  OPT3001_GetChipID             
00001d6d  OPT3001_GetResult             
00001ce9  OPT3001_Init                  
00001d3f  OPT3001_ReadRegister          
00001de9  OPT3001_SetHighLimit          
00001dc9  OPT3001_SetLowLimit           
00001cfd  OPT3001_WriteRegister         
000009d5  Opto                          
00000b81  PThread1                      
00000b97  PThread2                      
000029d1  PWMGenConfigure               
00002b93  PWMGenEnable                  
00002b3b  PWMGenPeriodSet               
00002b29  PWMOutputState                
00002a15  PWMPulseWidthSet              
0000266f  PendSV_Handler                
00002bab  ResetISR                      
20006850  SW1Pressed                    
00000ac7  SW1_Event_Handler             
00000ab5  SW1_ISR                       
20006851  SW2Pressed                    
00000b13  SW2_Event_Handler             
00000b01  SW2_ISR                       
000007f1  SetInitialStack               
00002b5d  StartCriticalSection          
00001e21  SysCtlClockGet                
00002035  SysCtlClockSet                
00002bf1  SysCtlDelay                   
000028e9  SysCtlPeripheralEnable        
00002845  SysCtlPeripheralPresent       
0000287d  SysCtlPeripheralReady         
00002ad9  SysTickEnable                 
00002aed  SysTickIntEnable              
00002a35  SysTickIntRegister            
00002b4d  SysTickPeriodSet              
00000297  SysTick_Handler               
20006628  SystemTime                    
00002bc1  UARTCharGet                   
00002bcb  UARTCharPut                   
00002779  UARTConfigSetExpClk           
000029f5  UARTDisable                   
00002b01  UARTEnable                    
00000de5  UARTStdioConfig               
0000253d  UART_Init                     
00000f35  UARTgetc                      
00000e7b  UARTgets                      
00001257  UARTprintf                    
00000f5d  UARTvprintf                   
00000e2b  UARTwrite                     
20006848  __STACK_END                   
00000200  __STACK_SIZE                  
20006848  __STACK_TOP                   
00002e10  __TI_CINIT_Base               
00002e28  __TI_CINIT_Limit              
00002de8  __TI_Handler_Table_Base       
00002df4  __TI_Handler_Table_Limit      
000027c1  __TI_auto_init_nobinit_nopinit
000024d5  __TI_decompress_lzss          
00002b79  __TI_decompress_none          
ffffffff  __TI_pprof_out_hndl           
ffffffff  __TI_prof_data_size           
ffffffff  __TI_prof_data_start          
00000000  __TI_static_base__            
00002b9f  __TI_zero_init                
00002731  __aeabi_d2iz                  
00001f39  __aeabi_dmul                  
00002951  __aeabi_i2d                   
0000246b  __aeabi_idiv0                 
0000246b  __aeabi_ldiv0                 
000023f1  __aeabi_memclr                
000023f1  __aeabi_memclr4               
000023f1  __aeabi_memclr8               
000022c5  __aeabi_memcpy                
000022c5  __aeabi_memcpy4               
000022c5  __aeabi_memcpy8               
000023f3  __aeabi_memset                
000023f3  __aeabi_memset4               
000023f3  __aeabi_memset8               
00002805  __aeabi_uidiv                 
00002805  __aeabi_uidivmod              
ffffffff  __binit__                     
ffffffff  __c_args__                    
UNDEFED   __mpu_init                    
20006648  __stack                       
20000000  __start___llvm_prf_cnts       
20000000  __stop___llvm_prf_cnts        
0000291d  _c_int00_noargs               
UNDEFED   _system_post_cinit            
00002c03  _system_pre_init              
00002c07  abort                         
20006852  aliveCount                    
ffffffff  binit                         
2000684c  data                          
20000000  g_pfnRAMVectors               
00000000  g_pfnVectors                  
2000684b  idle_count                    
20006849  joystick_y                    
2000684a  kill_cube                     
00002141  main                          
000022c5  memcpy                        
000023f9  memset                        
20006848  num_cubes                     
2000662c  pulse_width                   
20006630  sem_I2CA                      
20006634  sem_MMB                       
20006638  sem_SPI                       
2000663c  sem_SW1                       
20006640  sem_UART                      
00000795  sleep                         
00002b15  strcpy                        


GLOBAL SYMBOLS: SORTED BY Symbol Address 

address   name                          
-------   ----                          
00000000  __TI_static_base__            
00000000  g_pfnVectors                  
00000200  __STACK_SIZE                  
00000297  SysTick_Handler               
0000032d  G8RTOS_Init                   
00000347  G8RTOS_Launch                 
0000036b  G8RTOS_Scheduler              
000003e5  G8RTOS_AddThread              
000005b1  G8RTOS_Add_APeriodicEvent     
00000625  G8RTOS_Add_PeriodicEvent      
000006db  G8RTOS_KillThread             
00000771  G8RTOS_KillSelf               
00000795  sleep                         
000007c5  G8RTOS_GetThreadID            
000007cd  G8RTOS_GetNumberOfThreads     
000007f1  SetInitialStack               
00000925  Accel                         
0000095b  Gyro                          
000009d5  Opto                          
00000a37  FIFOProducer                  
00000a63  FIFOConsumer                  
00000a8b  FIFOConsumer2                 
00000ab3  Idle_Thread                   
00000ab5  SW1_ISR                       
00000ac7  SW1_Event_Handler             
00000b01  SW2_ISR                       
00000b13  SW2_Event_Handler             
00000b41  ChildA_Thread                 
00000b61  ChildB_Thread                 
00000b81  PThread1                      
00000b97  PThread2                      
00000bb5  ButtonsTest                   
00000c07  GPIOE_Handler                 
00000de5  UARTStdioConfig               
00000e2b  UARTwrite                     
00000e7b  UARTgets                      
00000f35  UARTgetc                      
00000f5d  UARTvprintf                   
00001257  UARTprintf                    
0000128d  BMI160_Init                   
000012a7  BMI160_WriteRegister          
000012d7  BMI160_ReadRegister           
000012fb  BMI160_MultiReadRegister      
00001323  BMI160_AccelXGetResult        
00001347  BMI160_AccelYGetResult        
0000136b  BMI160_AccelZGetResult        
0000138f  BMI160_GyroXGetResult         
000013b3  BMI160_GyroYGetResult         
000013d7  BMI160_GyroZGetResult         
000013fb  BMI160_MagXGetResult          
00001421  BMI160_MagYGetResult          
00001447  BMI160_MagZGetResult          
0000146d  BMI160_AccelXYZGetResult      
000014b5  BMI160_GyroXYZGetResult       
000014fd  BMI160_MagXYZGetResult        
00001545  BMI160_GetDataStatus          
00001555  I2C_Init                      
000015d1  I2C_WriteSingle               
00001607  I2C_ReadSingle                
00001637  I2C_WriteMultiple             
000016e5  I2C_ReadMultiple              
000017cd  G8RTOS_InitFIFO               
00001833  G8RTOS_ReadFIFO               
000018bd  G8RTOS_WriteFIFO              
00001a05  LaunchpadLED_Init             
00001ac1  LaunchpadLED_PWMSetDuty       
00001b7d  GPIOPadConfigSet              
00001ce9  OPT3001_Init                  
00001cfd  OPT3001_WriteRegister         
00001d3f  OPT3001_ReadRegister          
00001d6d  OPT3001_GetResult             
00001dc9  OPT3001_SetLowLimit           
00001de9  OPT3001_SetHighLimit          
00001e09  OPT3001_GetChipID             
00001e21  SysCtlClockGet                
00001f39  __aeabi_dmul                  
00002035  SysCtlClockSet                
00002141  main                          
0000221d  G8RTOS_InitSemaphore          
0000222f  G8RTOS_WaitSemaphore          
00002271  G8RTOS_SignalSemaphore        
000022c5  __aeabi_memcpy                
000022c5  __aeabi_memcpy4               
000022c5  __aeabi_memcpy8               
000022c5  memcpy                        
00002361  LaunchpadButtons_Init         
000023a7  LaunchpadButtons_ReadSW1      
000023c7  LaunchpadButtons_ReadSW2      
000023f1  __aeabi_memclr                
000023f1  __aeabi_memclr4               
000023f1  __aeabi_memclr8               
000023f3  __aeabi_memset                
000023f3  __aeabi_memset4               
000023f3  __aeabi_memset8               
000023f9  memset                        
0000246b  __aeabi_idiv0                 
0000246b  __aeabi_ldiv0                 
0000246d  IntEnable                     
000024d5  __TI_decompress_lzss          
0000253d  UART_Init                     
00002599  GPIOIntTypeSet                
000025f1  MultimodButtons_Init          
00002625  MultimodButtons_Get           
0000264d  G8RTOS_Start                  
0000266f  PendSV_Handler                
00002699  GPIOPinConfigure              
000026e5  I2CMasterInitExpClk           
00002731  __aeabi_d2iz                  
00002779  UARTConfigSetExpClk           
000027c1  __TI_auto_init_nobinit_nopinit
00002805  __aeabi_uidiv                 
00002805  __aeabi_uidivmod              
00002845  SysCtlPeripheralPresent       
0000287d  SysCtlPeripheralReady         
000028b5  IntRegister                   
000028e9  SysCtlPeripheralEnable        
0000291d  _c_int00_noargs               
00002951  __aeabi_i2d                   
0000297f  GPIODirModeSet                
000029ad  IntPrioritySet                
000029d1  PWMGenConfigure               
000029f5  UARTDisable                   
00002a15  PWMPulseWidthSet              
00002a35  SysTickIntRegister            
00002a51  GPIOUnlockPin                 
00002a69  GPIOPinTypeGPIOInput          
00002a7f  GPIOPinTypeI2C                
00002a95  GPIOPinTypeI2CSCL             
00002aab  GPIOPinTypePWM                
00002ac1  GPIOPinTypeUART               
00002ad9  SysTickEnable                 
00002aed  SysTickIntEnable              
00002b01  UARTEnable                    
00002b15  strcpy                        
00002b29  PWMOutputState                
00002b3b  PWMGenPeriodSet               
00002b4d  SysTickPeriodSet              
00002b5d  StartCriticalSection          
00002b65  EndCriticalSection            
00002b6b  GPIOIntDisable                
00002b79  __TI_decompress_none          
00002b87  GPIOIntEnable                 
00002b93  PWMGenEnable                  
00002b9f  __TI_zero_init                
00002bab  ResetISR                      
00002bb7  I2CMasterEnable               
00002bc1  UARTCharGet                   
00002bcb  UARTCharPut                   
00002bd5  I2CMasterBusy                 
00002bdd  I2CMasterSlaveAddrSet         
00002be5  GPIOIntClear                  
00002beb  GPIOPinRead                   
00002bf1  SysCtlDelay                   
00002bf7  I2CMasterControl              
00002bfb  I2CMasterDataGet              
00002bff  I2CMasterDataPut              
00002c03  _system_pre_init              
00002c07  C$$EXIT                       
00002c07  abort                         
00002de8  __TI_Handler_Table_Base       
00002df4  __TI_Handler_Table_Limit      
00002e10  __TI_CINIT_Base               
00002e28  __TI_CINIT_Limit              
20000000  __start___llvm_prf_cnts       
20000000  __stop___llvm_prf_cnts        
20000000  g_pfnRAMVectors               
20006620  CurrentlyRunningThread        
20006624  IBit_State                    
20006628  SystemTime                    
2000662c  pulse_width                   
20006630  sem_I2CA                      
20006634  sem_MMB                       
20006638  sem_SPI                       
2000663c  sem_SW1                       
20006640  sem_UART                      
20006648  __stack                       
20006848  __STACK_END                   
20006848  __STACK_TOP                   
20006848  num_cubes                     
20006849  joystick_y                    
2000684a  kill_cube                     
2000684b  idle_count                    
2000684c  data                          
20006850  SW1Pressed                    
20006851  SW2Pressed                    
20006852  aliveCount                    
ffffffff  __TI_pprof_out_hndl           
ffffffff  __TI_prof_data_size           
ffffffff  __TI_prof_data_start          
ffffffff  __binit__                     
ffffffff  __c_args__                    
ffffffff  binit                         
UNDEFED   __mpu_init                    
UNDEFED   _system_post_cinit            

[194 symbols]
