******************************************************************************
                  TI ARM Linker PC v20.2.7                     
******************************************************************************
>> Linked Thu Nov  6 07:02:59 2025

OUTPUT FILE NAME:   <Lab4_F2025.out>
ENTRY POINT SYMBOL: "_c_int00_noargs"  address: 00002acd


MEMORY CONFIGURATION

         name            origin    length      used     unused   attr    fill
----------------------  --------  ---------  --------  --------  ----  --------
  FLASH                 00000000   00040000  00003034  0003cfcc  R  X
  SRAM                  20000000   00008000  00006870  00001790  RW X


SEGMENT ALLOCATION MAP

run origin  load origin   length   init length attrs members
----------  ----------- ---------- ----------- ----- -------
00000000    00000000    00003038   00003038    r-x
  00000000    00000000    0000026c   0000026c    r-- .intvecs
  0000026c    0000026c    00002b9c   00002b9c    r-x .text
  00002e08    00002e08    000001dc   000001dc    r-- .const
  00002fe8    00002fe8    00000050   00000050    r-- .cinit
20000000    20000000    00006874   00000000    rw-
  20000000    20000000    0000026c   00000000    rw- .vtable
  2000026c    2000026c    000063f0   00000000    rw- .bss
  20006660    20006660    00000200   00000000    rw- .stack
  20006860    20006860    00000014   00000000    rw- .data


SECTION ALLOCATION MAP

 output                                  attributes/
section   page    origin      length       input sections
--------  ----  ----------  ----------   ----------------
.intvecs   0    00000000    0000026c     
                  00000000    0000026c     tm4c123gh6pm_startup_ccs.obj (.intvecs)

.text      0    0000026c    00002b9c     
                  0000026c    00000734     multimod_ST7789.obj (.text)
                  000009a0    000006c0     G8RTOS_Scheduler.obj (.text)
                  00001060    000004d8     breakout_threads.obj (.text)
                  00001538    000004a8     uartstdio.obj (.text)
                  000019e0    00000278     multimod_i2c.obj (.text)
                  00001c58    000001a0     multimod_spi.obj (.text)
                  00001df8    0000016c     driverlib.lib : gpio.obj (.text:GPIOPadConfigSet)
                  00001f64    00000118                   : sysctl.obj (.text:SysCtlClockGet)
                  0000207c    00000118     lab4_breakout.obj (.text)
                  00002194    00000108     multimod_joystick.obj (.text)
                  0000229c    000000f4     driverlib.lib : sysctl.obj (.text:SysCtlClockSet)
                  00002390    000000a8     G8RTOS_Semaphores.obj (.text)
                  00002438    0000009c     rtsv7M4_T_le_v4SPD16_eabi.lib : memcpy_t2.asm.obj (.text)
                  000024d4    0000007a     driverlib.lib : adc.obj (.text:ADCSequenceStepConfigure)
                  0000254e    0000007a     rtsv7M4_T_le_v4SPD16_eabi.lib : memset_t2.asm.obj (.text)
                  000025c8    00000068     driverlib.lib : interrupt.obj (.text:IntEnable)
                  00002630    00000068     rtsv7M4_T_le_v4SPD16_eabi.lib : copy_decompress_lzss.c.obj (.text:decompress:lzss:__TI_decompress_lzss)
                  00002698    00000068     multimod_buttons.obj (.text)
                  00002700    0000005c     multimod_uart.obj (.text)
                  0000275c    00000058     driverlib.lib : gpio.obj (.text:GPIOIntTypeSet)
                  000027b4    00000050     G8RTOS_SchedulerASM.obj (.text)
                  00002804    0000004e     driverlib.lib : adc.obj (.text:ADCSequenceConfigure)
                  00002852    00000002     rtsv7M4_T_le_v4SPD16_eabi.lib : div0.asm.obj (.text)
                  00002854    0000004c     driverlib.lib : gpio.obj (.text:GPIOPinConfigure)
                  000028a0    0000004c                   : i2c.obj (.text:I2CMasterInitExpClk)
                  000028ec    00000046                   : uart.obj (.text:UARTConfigSetExpClk)
                  00002932    00000002     --HOLE-- [fill = 0]
                  00002934    00000044     rtsv7M4_T_le_v4SPD16_eabi.lib : autoinit.c.obj (.text:__TI_auto_init_nobinit_nopinit:__TI_auto_init_nobinit_nopinit)
                  00002978    00000040                                   : u_divt2.asm.obj (.text)
                  000029b8    0000003c     driverlib.lib : ssi.obj (.text:SSIConfigSetExpClk)
                  000029f4    00000038                   : sysctl.obj (.text:SysCtlPeripheralPresent)
                  00002a2c    00000038                   : sysctl.obj (.text:SysCtlPeripheralReady)
                  00002a64    00000034                   : interrupt.obj (.text:IntRegister)
                  00002a98    00000034                   : sysctl.obj (.text:SysCtlPeripheralEnable)
                  00002acc    00000034     rtsv7M4_T_le_v4SPD16_eabi.lib : boot_cortex_m.c.obj (.text:_c_int00_noargs:_c_int00_noargs)
                  00002b00    0000002e     driverlib.lib : adc.obj (.text:ADCIntStatus)
                  00002b2e    0000002c                   : gpio.obj (.text:GPIODirModeSet)
                  00002b5a    00000002     --HOLE-- [fill = 0]
                  00002b5c    00000024                   : interrupt.obj (.text:IntPrioritySet)
                  00002b80    00000020                   : uart.obj (.text:UARTDisable)
                  00002ba0    0000001e                   : adc.obj (.text:ADCSequenceDataGet)
                  00002bbe    00000002     --HOLE-- [fill = 0]
                  00002bc0    0000001c                   : systick.obj (.text:SysTickIntRegister)
                  00002bdc    0000001a                   : gpio.obj (.text:GPIOPinTypeGPIOOutput)
                  00002bf6    00000018                   : adc.obj (.text:ADCProcessorTrigger)
                  00002c0e    00000016                   : gpio.obj (.text:GPIOPinTypeADC)
                  00002c24    00000016                   : gpio.obj (.text:GPIOPinTypeGPIOInput)
                  00002c3a    00000016                   : gpio.obj (.text:GPIOPinTypeI2C)
                  00002c50    00000016                   : gpio.obj (.text:GPIOPinTypeI2CSCL)
                  00002c66    00000016                   : gpio.obj (.text:GPIOPinTypeSSI)
                  00002c7c    00000016                   : gpio.obj (.text:GPIOPinTypeUART)
                  00002c92    00000002     --HOLE-- [fill = 0]
                  00002c94    00000014                   : systick.obj (.text:SysTickEnable)
                  00002ca8    00000014                   : systick.obj (.text:SysTickIntEnable)
                  00002cbc    00000014                   : uart.obj (.text:UARTEnable)
                  00002cd0    00000014     rtsv7M4_T_le_v4SPD16_eabi.lib : strcpy.c.obj (.text:strcpy)
                  00002ce4    00000010     driverlib.lib : systick.obj (.text:SysTickPeriodSet)
                  00002cf4    0000000e                   : adc.obj (.text:ADCIntDisable)
                  00002d02    0000000e                   : adc.obj (.text:ADCSequenceDisable)
                  00002d10    0000000e                   : adc.obj (.text:ADCSequenceEnable)
                  00002d1e    0000000e     G8RTOS_CriticalSection.obj (.text)
                  00002d2c    0000000e     driverlib.lib : gpio.obj (.text:GPIOIntDisable)
                  00002d3a    0000000e     rtsv7M4_T_le_v4SPD16_eabi.lib : copy_decompress_none.c.obj (.text:decompress:none:__TI_decompress_none)
                  00002d48    0000000c     driverlib.lib : gpio.obj (.text:GPIOIntEnable)
                  00002d54    0000000c                   : ssi.obj (.text:SSIDataGet)
                  00002d60    0000000c     rtsv7M4_T_le_v4SPD16_eabi.lib : copy_zero_init.c.obj (.text:decompress:ZI:__TI_zero_init)
                  00002d6c    0000000c     tm4c123gh6pm_startup_ccs.obj (.text)
                  00002d78    0000000a     driverlib.lib : adc.obj (.text:ADCIntClear)
                  00002d82    0000000a                   : i2c.obj (.text:I2CMasterEnable)
                  00002d8c    0000000a                   : ssi.obj (.text:SSIDataPut)
                  00002d96    0000000a                   : ssi.obj (.text:SSIDisable)
                  00002da0    0000000a                   : ssi.obj (.text:SSIEnable)
                  00002daa    0000000a                   : uart.obj (.text:UARTCharGet)
                  00002db4    0000000a                   : uart.obj (.text:UARTCharPut)
                  00002dbe    00000008                   : i2c.obj (.text:I2CMasterBusy)
                  00002dc6    00000008                   : i2c.obj (.text:I2CMasterSlaveAddrSet)
                  00002dce    00000008                   : ssi.obj (.text:SSIBusy)
                  00002dd6    00000006                   : gpio.obj (.text:GPIOIntClear)
                  00002ddc    00000006                   : gpio.obj (.text:GPIOPinRead)
                  00002de2    00000006                   : gpio.obj (.text:GPIOPinWrite)
                  00002de8    00000006                   : ssi.obj (.text:SSIClockSourceSet)
                  00002dee    00000006                   : sysctl.obj (.text:SysCtlDelay)
                  00002df4    00000004                   : i2c.obj (.text:I2CMasterControl)
                  00002df8    00000004                   : i2c.obj (.text:I2CMasterDataGet)
                  00002dfc    00000004                   : i2c.obj (.text:I2CMasterDataPut)
                  00002e00    00000004     rtsv7M4_T_le_v4SPD16_eabi.lib : pre_init.c.obj (.text:_system_pre_init)
                  00002e04    00000004                                   : exit.c.obj (.text:abort:abort)

.const     0    00002e08    000001dc     
                  00002e08    0000009c     driverlib.lib : interrupt.obj (.const:g_pui32Regs)
                  00002ea4    00000090                   : gpio.obj (.const:g_pui32GPIOBaseAddrs)
                  00002f34    0000006c                   : sysctl.obj (.const:g_pui32Xtals)
                  00002fa0    00000014                   : interrupt.obj (.const:g_pui32EnRegs)
                  00002fb4    00000012     uartstdio.obj (.const:.string)
                  00002fc6    00000002     --HOLE-- [fill = 0]
                  00002fc8    0000000c     uartstdio.obj (.const:g_ui32UARTBase)
                  00002fd4    0000000c     uartstdio.obj (.const:g_ui32UARTPeriph)
                  00002fe0    00000004     uartstdio.obj (.const)

.cinit     0    00002fe8    00000050     
                  00002fe8    00000018     (.cinit..data.load) [load image, compression = lzss]
                  00003000    0000000c     (__TI_handler_table)
                  0000300c    00000004     --HOLE-- [fill = 0]
                  00003010    00000008     (.cinit..bss.load) [load image, compression = zero_init]
                  00003018    00000008     (.cinit..vtable.load) [load image, compression = zero_init]
                  00003020    00000018     (__TI_cinit_table)

.init_array 
*          0    00000000    00000000     UNINITIALIZED

.vtable    0    20000000    0000026c     UNINITIALIZED
                  20000000    0000026c     driverlib.lib : interrupt.obj (.vtable)

.bss       0    2000026c    000063f0     UNINITIALIZED
                  2000026c    00006000     G8RTOS_Scheduler.obj (.bss:threadStacks)
                  2000626c    00000210     G8RTOS_Scheduler.obj (.bss:threadControlBlocks)
                  2000647c    00000150     breakout_threads.obj (.bss:rect_array)
                  200065cc    00000048     G8RTOS_Scheduler.obj (.bss:ptcbs)
                  20006614    00000010     G8RTOS_Scheduler.obj (.bss)
                  20006624    00000008     breakout_threads.obj (.bss:box)
                  2000662c    00000008     breakout_threads.obj (.bss:rect)
                  20006634    00000004     breakout_threads.obj (.bss)
                  20006638    00000004     (.common:CurrentlyRunningThread)
                  2000663c    00000004     (.common:IBit_State)
                  20006640    00000004     (.common:SystemTime)
                  20006644    00000004     (.common:sem_I2CA)
                  20006648    00000004     (.common:sem_JOY)
                  2000664c    00000004     (.common:sem_KillCube)
                  20006650    00000004     (.common:sem_PCA9555)
                  20006654    00000004     (.common:sem_SPI)
                  20006658    00000004     (.common:sem_UART)

.data      0    20006860    00000014     UNINITIALIZED
                  20006860    0000000c     breakout_threads.obj (.data:color_array)
                  2000686c    00000005     uartstdio.obj (.data)
                  20006871    00000002     breakout_threads.obj (.data)
                  20006873    00000001     G8RTOS_Scheduler.obj (.data)

.stack     0    20006660    00000200     UNINITIALIZED
                  20006660    00000004     rtsv7M4_T_le_v4SPD16_eabi.lib : boot_cortex_m.c.obj (.stack)
                  20006664    000001fc     --HOLE--

__llvm_prf_cnts 
*          0    20000000    00000000     UNINITIALIZED

MODULE SUMMARY

       Module                         code    ro data   rw data
       ------                         ----    -------   -------
    .\
       uartstdio.obj                  1192    46        5      
       tm4c123gh6pm_startup_ccs.obj   12      620       0      
       lab4_breakout.obj              280     0         28     
    +--+------------------------------+-------+---------+---------+
       Total:                         1484    666       33     
                                                               
    .\G8RTOS\src\
       G8RTOS_Scheduler.obj           1728    0         25201  
       G8RTOS_Semaphores.obj          168     0         0      
       G8RTOS_SchedulerASM.obj        80      0         0      
       G8RTOS_CriticalSection.obj     14      0         0      
    +--+------------------------------+-------+---------+---------+
       Total:                         1990    0         25201  
                                                               
    .\MultimodDrivers\src\
       multimod_ST7789.obj            1844    0         0      
       multimod_i2c.obj               632     0         0      
       multimod_spi.obj               416     0         0      
       multimod_joystick.obj          264     0         0      
       multimod_buttons.obj           104     0         0      
       multimod_uart.obj              92      0         0      
    +--+------------------------------+-------+---------+---------+
       Total:                         3352    0         0      
                                                               
    .\Quiz_Practice\
       breakout_threads.obj           1240    0         370    
    +--+------------------------------+-------+---------+---------+
       Total:                         1240    0         370    
                                                               
    C:/ti/TivaWare_C_Series-2.2.0.295/driverlib/ccs/Debug/driverlib.lib
       interrupt.obj                  192     176       620    
       gpio.obj                       774     144       0      
       sysctl.obj                     694     108       0      
       adc.obj                        352     0         0      
       uart.obj                       142     0         0      
       ssi.obj                        116     0         0      
       i2c.obj                        114     0         0      
       systick.obj                    84      0         0      
    +--+------------------------------+-------+---------+---------+
       Total:                         2468    428       620    
                                                               
    C:\ti\ccs1281\ccs\tools\compiler\ti-cgt-arm_20.2.7.LTS\lib\rtsv7M4_T_le_v4SPD16_eabi.lib
       memcpy_t2.asm.obj              156     0         0      
       memset_t2.asm.obj              122     0         0      
       copy_decompress_lzss.c.obj     104     0         0      
       autoinit.c.obj                 68      0         0      
       u_divt2.asm.obj                64      0         0      
       boot_cortex_m.c.obj            52      0         0      
       strcpy.c.obj                   20      0         0      
       copy_decompress_none.c.obj     14      0         0      
       copy_zero_init.c.obj           12      0         0      
       exit.c.obj                     4       0         0      
       pre_init.c.obj                 4       0         0      
       div0.asm.obj                   2       0         0      
    +--+------------------------------+-------+---------+---------+
       Total:                         622     0         0      
                                                               
       Stack:                         0       0         512    
       Linker Generated:              0       76        0      
    +--+------------------------------+-------+---------+---------+
       Grand Total:                   11156   1170      26736  


LINKER GENERATED COPY TABLES

__TI_cinit_table @ 00003020 records: 3, size/record: 8, table size: 24
	.data: load addr=00002fe8, load size=00000018 bytes, run addr=20006860, run size=00000014 bytes, compression=lzss
	.bss: load addr=00003010, load size=00000008 bytes, run addr=2000026c, run size=000063f0 bytes, compression=zero_init
	.vtable: load addr=00003018, load size=00000008 bytes, run addr=20000000, run size=0000026c bytes, compression=zero_init


LINKER GENERATED HANDLER TABLE

__TI_handler_table @ 00003000 records: 3, size/record: 4, table size: 12
	index: 0, handler: __TI_zero_init
	index: 1, handler: __TI_decompress_lzss
	index: 2, handler: __TI_decompress_none


GLOBAL SYMBOLS: SORTED ALPHABETICALLY BY Name 

address   name                          
-------   ----                          
00002d79  ADCIntClear                   
00002cf5  ADCIntDisable                 
00002b01  ADCIntStatus                  
00002bf7  ADCProcessorTrigger           
00002805  ADCSequenceConfigure          
00002ba1  ADCSequenceDataGet            
00002d03  ADCSequenceDisable            
00002d11  ADCSequenceEnable             
000024d5  ADCSequenceStepConfigure      
00001407  BK_GPIOD_Handler              
000014e9  BK_GPIOE_Handler              
000012e1  BK_Init                       
00001355  BK_Update                     
00001431  Box_Mov                       
00002e05  C$$EXIT                       
20006638  CurrentlyRunningThread        
00002d27  EndCriticalSection            
00000b19  G8RTOS_AddThread              
00000ced  G8RTOS_Add_APeriodicEvent     
00000d61  G8RTOS_Add_PeriodicEvent      
00000f07  G8RTOS_GetNumberOfThreads     
00000eff  G8RTOS_GetThreadID            
00000a61  G8RTOS_Init                   
00002391  G8RTOS_InitSemaphore          
00000eb1  G8RTOS_KillSelf               
00000e17  G8RTOS_KillThread             
00000a7b  G8RTOS_Launch                 
00000a9f  G8RTOS_Scheduler              
000023e5  G8RTOS_SignalSemaphore        
000027b9  G8RTOS_Start                  
000023a3  G8RTOS_WaitSemaphore          
00002b2f  GPIODirModeSet                
00002dd7  GPIOIntClear                  
00002d2d  GPIOIntDisable                
00002d49  GPIOIntEnable                 
0000275d  GPIOIntTypeSet                
00001df9  GPIOPadConfigSet              
00002855  GPIOPinConfigure              
00002ddd  GPIOPinRead                   
00002c0f  GPIOPinTypeADC                
00002c25  GPIOPinTypeGPIOInput          
00002bdd  GPIOPinTypeGPIOOutput         
00002c3b  GPIOPinTypeI2C                
00002c51  GPIOPinTypeI2CSCL             
00002c67  GPIOPinTypeSSI                
00002c7d  GPIOPinTypeUART               
00002de3  GPIOPinWrite                  
00001389  Get_Joystick_BK               
00002dbf  I2CMasterBusy                 
00002df5  I2CMasterControl              
00002df9  I2CMasterDataGet              
00002dfd  I2CMasterDataPut              
00002d83  I2CMasterEnable               
000028a1  I2CMasterInitExpClk           
00002dc7  I2CMasterSlaveAddrSet         
000019e1  I2C_Init                      
00001b71  I2C_ReadMultiple              
00001a93  I2C_ReadSingle                
00001ac3  I2C_WriteMultiple             
00001a5d  I2C_WriteSingle               
2000663c  IBit_State                    
000012df  Idle_Thread_Breakout          
000025c9  IntEnable                     
00002b5d  IntPrioritySet                
00002a65  IntRegister                   
00002227  JOYSTICK_GetPress             
00002235  JOYSTICK_GetX                 
00002251  JOYSTICK_GetXY                
00002243  JOYSTICK_GetY                 
00002195  JOYSTICK_Init                 
000021f1  JOYSTICK_IntEnable            
000026dd  MultimodButtons_Get           
00002699  MultimodButtons_Init          
000027db  PendSV_Handler                
00002d6d  ResetISR                      
000013d5  Restart_BK                    
00001c59  SPI_Init                      
00001d7b  SPI_ReadMultiple              
00001cf3  SPI_ReadSingle                
00001d1b  SPI_WriteMultiple             
00001cd5  SPI_WriteSingle               
00002dcf  SSIBusy                       
00002de9  SSIClockSourceSet             
000029b9  SSIConfigSetExpClk            
00002d55  SSIDataGet                    
00002d8d  SSIDataPut                    
00002d97  SSIDisable                    
00002da1  SSIEnable                     
0000027b  ST7789_Deselect               
00000449  ST7789_DrawHLine              
000007d9  ST7789_DrawLine               
0000076b  ST7789_DrawPixel              
000008a9  ST7789_DrawRectangle          
000003b3  ST7789_DrawVLine              
000007bd  ST7789_Fill                   
0000069b  ST7789_Init                   
000004fd  ST7789_Line                   
000002d1  ST7789_ReadRegister           
0000026d  ST7789_Select                 
00000297  ST7789_SetCommand             
00000289  ST7789_SetData                
000002e7  ST7789_SetWindow              
000002a5  ST7789_WriteCommand           
000002bb  ST7789_WriteData              
00000f2d  SetInitialStack               
00002d1f  StartCriticalSection          
00001f65  SysCtlClockGet                
0000229d  SysCtlClockSet                
00002def  SysCtlDelay                   
00002a99  SysCtlPeripheralEnable        
000029f5  SysCtlPeripheralPresent       
00002a2d  SysCtlPeripheralReady         
00002c95  SysTickEnable                 
00002ca9  SysTickIntEnable              
00002bc1  SysTickIntRegister            
00002ce5  SysTickPeriodSet              
000009cb  SysTick_Handler               
20006640  SystemTime                    
00002dab  UARTCharGet                   
00002db5  UARTCharPut                   
000028ed  UARTConfigSetExpClk           
00002b81  UARTDisable                   
00002cbd  UARTEnable                    
00001539  UARTStdioConfig               
00002701  UART_Init                     
00001689  UARTgetc                      
000015cf  UARTgets                      
000019ab  UARTprintf                    
000016b1  UARTvprintf                   
0000157f  UARTwrite                     
20006860  __STACK_END                   
00000200  __STACK_SIZE                  
20006860  __STACK_TOP                   
00003020  __TI_CINIT_Base               
00003038  __TI_CINIT_Limit              
00003000  __TI_Handler_Table_Base       
0000300c  __TI_Handler_Table_Limit      
00002935  __TI_auto_init_nobinit_nopinit
00002631  __TI_decompress_lzss          
00002d3b  __TI_decompress_none          
ffffffff  __TI_pprof_out_hndl           
ffffffff  __TI_prof_data_size           
ffffffff  __TI_prof_data_start          
00000000  __TI_static_base__            
00002d61  __TI_zero_init                
00002853  __aeabi_idiv0                 
00002853  __aeabi_ldiv0                 
0000254f  __aeabi_memclr                
0000254f  __aeabi_memclr4               
0000254f  __aeabi_memclr8               
00002439  __aeabi_memcpy                
00002439  __aeabi_memcpy4               
00002439  __aeabi_memcpy8               
00002551  __aeabi_memset                
00002551  __aeabi_memset4               
00002551  __aeabi_memset8               
00002979  __aeabi_uidiv                 
00002979  __aeabi_uidivmod              
ffffffff  __binit__                     
ffffffff  __c_args__                    
UNDEFED   __mpu_init                    
20006660  __stack                       
20000000  __start___llvm_prf_cnts       
20000000  __stop___llvm_prf_cnts        
00002acd  _c_int00_noargs               
UNDEFED   _system_post_cinit            
00002e01  _system_pre_init              
00002e05  abort                         
20006873  aliveCount                    
ffffffff  binit                         
0000118f  check_if_box                  
0000067d  delay_ms                      
00001061  draw_block_bk                 
00001161  draw_rect_bottom              
00001091  draw_segments                 
20000000  g_pfnRAMVectors               
00000000  g_pfnVectors                  
00002091  main                          
00002439  memcpy                        
00002557  memset                        
20006644  sem_I2CA                      
20006648  sem_JOY                       
2000664c  sem_KillCube                  
20006650  sem_PCA9555                   
20006654  sem_SPI                       
20006658  sem_UART                      
00000ed5  sleep                         
00002cd1  strcpy                        


GLOBAL SYMBOLS: SORTED BY Symbol Address 

address   name                          
-------   ----                          
00000000  __TI_static_base__            
00000000  g_pfnVectors                  
00000200  __STACK_SIZE                  
0000026d  ST7789_Select                 
0000027b  ST7789_Deselect               
00000289  ST7789_SetData                
00000297  ST7789_SetCommand             
000002a5  ST7789_WriteCommand           
000002bb  ST7789_WriteData              
000002d1  ST7789_ReadRegister           
000002e7  ST7789_SetWindow              
000003b3  ST7789_DrawVLine              
00000449  ST7789_DrawHLine              
000004fd  ST7789_Line                   
0000067d  delay_ms                      
0000069b  ST7789_Init                   
0000076b  ST7789_DrawPixel              
000007bd  ST7789_Fill                   
000007d9  ST7789_DrawLine               
000008a9  ST7789_DrawRectangle          
000009cb  SysTick_Handler               
00000a61  G8RTOS_Init                   
00000a7b  G8RTOS_Launch                 
00000a9f  G8RTOS_Scheduler              
00000b19  G8RTOS_AddThread              
00000ced  G8RTOS_Add_APeriodicEvent     
00000d61  G8RTOS_Add_PeriodicEvent      
00000e17  G8RTOS_KillThread             
00000eb1  G8RTOS_KillSelf               
00000ed5  sleep                         
00000eff  G8RTOS_GetThreadID            
00000f07  G8RTOS_GetNumberOfThreads     
00000f2d  SetInitialStack               
00001061  draw_block_bk                 
00001091  draw_segments                 
00001161  draw_rect_bottom              
0000118f  check_if_box                  
000012df  Idle_Thread_Breakout          
000012e1  BK_Init                       
00001355  BK_Update                     
00001389  Get_Joystick_BK               
000013d5  Restart_BK                    
00001407  BK_GPIOD_Handler              
00001431  Box_Mov                       
000014e9  BK_GPIOE_Handler              
00001539  UARTStdioConfig               
0000157f  UARTwrite                     
000015cf  UARTgets                      
00001689  UARTgetc                      
000016b1  UARTvprintf                   
000019ab  UARTprintf                    
000019e1  I2C_Init                      
00001a5d  I2C_WriteSingle               
00001a93  I2C_ReadSingle                
00001ac3  I2C_WriteMultiple             
00001b71  I2C_ReadMultiple              
00001c59  SPI_Init                      
00001cd5  SPI_WriteSingle               
00001cf3  SPI_ReadSingle                
00001d1b  SPI_WriteMultiple             
00001d7b  SPI_ReadMultiple              
00001df9  GPIOPadConfigSet              
00001f65  SysCtlClockGet                
00002091  main                          
00002195  JOYSTICK_Init                 
000021f1  JOYSTICK_IntEnable            
00002227  JOYSTICK_GetPress             
00002235  JOYSTICK_GetX                 
00002243  JOYSTICK_GetY                 
00002251  JOYSTICK_GetXY                
0000229d  SysCtlClockSet                
00002391  G8RTOS_InitSemaphore          
000023a3  G8RTOS_WaitSemaphore          
000023e5  G8RTOS_SignalSemaphore        
00002439  __aeabi_memcpy                
00002439  __aeabi_memcpy4               
00002439  __aeabi_memcpy8               
00002439  memcpy                        
000024d5  ADCSequenceStepConfigure      
0000254f  __aeabi_memclr                
0000254f  __aeabi_memclr4               
0000254f  __aeabi_memclr8               
00002551  __aeabi_memset                
00002551  __aeabi_memset4               
00002551  __aeabi_memset8               
00002557  memset                        
000025c9  IntEnable                     
00002631  __TI_decompress_lzss          
00002699  MultimodButtons_Init          
000026dd  MultimodButtons_Get           
00002701  UART_Init                     
0000275d  GPIOIntTypeSet                
000027b9  G8RTOS_Start                  
000027db  PendSV_Handler                
00002805  ADCSequenceConfigure          
00002853  __aeabi_idiv0                 
00002853  __aeabi_ldiv0                 
00002855  GPIOPinConfigure              
000028a1  I2CMasterInitExpClk           
000028ed  UARTConfigSetExpClk           
00002935  __TI_auto_init_nobinit_nopinit
00002979  __aeabi_uidiv                 
00002979  __aeabi_uidivmod              
000029b9  SSIConfigSetExpClk            
000029f5  SysCtlPeripheralPresent       
00002a2d  SysCtlPeripheralReady         
00002a65  IntRegister                   
00002a99  SysCtlPeripheralEnable        
00002acd  _c_int00_noargs               
00002b01  ADCIntStatus                  
00002b2f  GPIODirModeSet                
00002b5d  IntPrioritySet                
00002b81  UARTDisable                   
00002ba1  ADCSequenceDataGet            
00002bc1  SysTickIntRegister            
00002bdd  GPIOPinTypeGPIOOutput         
00002bf7  ADCProcessorTrigger           
00002c0f  GPIOPinTypeADC                
00002c25  GPIOPinTypeGPIOInput          
00002c3b  GPIOPinTypeI2C                
00002c51  GPIOPinTypeI2CSCL             
00002c67  GPIOPinTypeSSI                
00002c7d  GPIOPinTypeUART               
00002c95  SysTickEnable                 
00002ca9  SysTickIntEnable              
00002cbd  UARTEnable                    
00002cd1  strcpy                        
00002ce5  SysTickPeriodSet              
00002cf5  ADCIntDisable                 
00002d03  ADCSequenceDisable            
00002d11  ADCSequenceEnable             
00002d1f  StartCriticalSection          
00002d27  EndCriticalSection            
00002d2d  GPIOIntDisable                
00002d3b  __TI_decompress_none          
00002d49  GPIOIntEnable                 
00002d55  SSIDataGet                    
00002d61  __TI_zero_init                
00002d6d  ResetISR                      
00002d79  ADCIntClear                   
00002d83  I2CMasterEnable               
00002d8d  SSIDataPut                    
00002d97  SSIDisable                    
00002da1  SSIEnable                     
00002dab  UARTCharGet                   
00002db5  UARTCharPut                   
00002dbf  I2CMasterBusy                 
00002dc7  I2CMasterSlaveAddrSet         
00002dcf  SSIBusy                       
00002dd7  GPIOIntClear                  
00002ddd  GPIOPinRead                   
00002de3  GPIOPinWrite                  
00002de9  SSIClockSourceSet             
00002def  SysCtlDelay                   
00002df5  I2CMasterControl              
00002df9  I2CMasterDataGet              
00002dfd  I2CMasterDataPut              
00002e01  _system_pre_init              
00002e05  C$$EXIT                       
00002e05  abort                         
00003000  __TI_Handler_Table_Base       
0000300c  __TI_Handler_Table_Limit      
00003020  __TI_CINIT_Base               
00003038  __TI_CINIT_Limit              
20000000  __start___llvm_prf_cnts       
20000000  __stop___llvm_prf_cnts        
20000000  g_pfnRAMVectors               
20006638  CurrentlyRunningThread        
2000663c  IBit_State                    
20006640  SystemTime                    
20006644  sem_I2CA                      
20006648  sem_JOY                       
2000664c  sem_KillCube                  
20006650  sem_PCA9555                   
20006654  sem_SPI                       
20006658  sem_UART                      
20006660  __stack                       
20006860  __STACK_END                   
20006860  __STACK_TOP                   
20006873  aliveCount                    
ffffffff  __TI_pprof_out_hndl           
ffffffff  __TI_prof_data_size           
ffffffff  __TI_prof_data_start          
ffffffff  __binit__                     
ffffffff  __c_args__                    
ffffffff  binit                         
UNDEFED   __mpu_init                    
UNDEFED   _system_post_cinit            

[188 symbols]
