******************************************************************************
                  TI ARM Linker PC v20.2.7                     
******************************************************************************
>> Linked Tue Oct 28 04:36:36 2025

OUTPUT FILE NAME:   <Lab4_F2025.out>
ENTRY POINT SYMBOL: "_c_int00_noargs"  address: 00002e09


MEMORY CONFIGURATION

         name            origin    length      used     unused   attr    fill
----------------------  --------  ---------  --------  --------  ----  --------
  FLASH                 00000000   00040000  00003380  0003cc80  R  X
  SRAM                  20000000   00008000  00006849  000017b7  RW X


SEGMENT ALLOCATION MAP

run origin  load origin   length   init length attrs members
----------  ----------- ---------- ----------- ----- -------
00000000    00000000    00003380   00003380    r-x
  00000000    00000000    0000026c   0000026c    r-- .intvecs
  0000026c    0000026c    00002ef8   00002ef8    r-x .text
  00003164    00003164    000001dc   000001dc    r-- .const
  00003340    00003340    00000040   00000040    r-- .cinit
20000000    20000000    00006849   00000000    rw-
  20000000    20000000    0000026c   00000000    rw- .vtable
  2000026c    2000026c    000063cc   00000000    rw- .bss
  20006638    20006638    00000200   00000000    rw- .stack
  20006838    20006838    00000011   00000000    rw- .data


SECTION ALLOCATION MAP

 output                                  attributes/
section   page    origin      length       input sections
--------  ----  ----------  ----------   ----------------
.intvecs   0    00000000    0000026c     
                  00000000    0000026c     tm4c123gh6pm_startup_ccs.obj (.intvecs)

.text      0    0000026c    00002ef8     
                  0000026c    00000734     multimod_ST7789.obj (.text)
                  000009a0    00000514     G8RTOS_Scheduler.obj (.text)
                  00000eb4    000004a8     uartstdio.obj (.text)
                  0000135c    000002c8     multimod_BMI160.obj (.text)
                  00001624    000002c0     threads.obj (.text)
                  000018e4    00000270     multimod_i2c.obj (.text)
                  00001b54    00000238     G8RTOS_IPC.obj (.text)
                  00001d8c    000001a0     multimod_spi.obj (.text)
                  00001f2c    00000178     multimod_LaunchpadLED.obj (.text)
                  000020a4    0000016c     driverlib.lib : gpio.obj (.text:GPIOPadConfigSet)
                  00002210    00000138     multimod_OPT3001.obj (.text)
                  00002348    00000118     driverlib.lib : sysctl.obj (.text:SysCtlClockGet)
                  00002460    000000fc     rtsv7M4_T_le_v4SPD16_eabi.lib : fd_mul_t2.asm.obj (.text)
                  0000255c    000000f4     driverlib.lib : sysctl.obj (.text:SysCtlClockSet)
                  00002650    000000d8     lab4.obj (.text)
                  00002728    000000a4     G8RTOS_Semaphores.obj (.text)
                  000027cc    0000009c     rtsv7M4_T_le_v4SPD16_eabi.lib : memcpy_t2.asm.obj (.text)
                  00002868    00000090     multimod_LaunchpadButtons.obj (.text)
                  000028f8    0000007a     rtsv7M4_T_le_v4SPD16_eabi.lib : memset_t2.asm.obj (.text)
                  00002972    00000002                                   : div0.asm.obj (.text)
                  00002974    00000068     driverlib.lib : interrupt.obj (.text:IntEnable)
                  000029dc    00000068     rtsv7M4_T_le_v4SPD16_eabi.lib : copy_decompress_lzss.c.obj (.text:decompress:lzss:__TI_decompress_lzss)
                  00002a44    0000005c     multimod_uart.obj (.text)
                  00002aa0    00000058     driverlib.lib : gpio.obj (.text:GPIOIntTypeSet)
                  00002af8    00000050     G8RTOS_SchedulerASM.obj (.text)
                  00002b48    0000004c     driverlib.lib : gpio.obj (.text:GPIOPinConfigure)
                  00002b94    0000004c                   : i2c.obj (.text:I2CMasterInitExpClk)
                  00002be0    00000048     rtsv7M4_T_le_v4SPD16_eabi.lib : fd_toi_t2.asm.obj (.text)
                  00002c28    00000046     driverlib.lib : uart.obj (.text:UARTConfigSetExpClk)
                  00002c6e    00000002     --HOLE-- [fill = 0]
                  00002c70    00000044     rtsv7M4_T_le_v4SPD16_eabi.lib : autoinit.c.obj (.text:__TI_auto_init_nobinit_nopinit:__TI_auto_init_nobinit_nopinit)
                  00002cb4    00000040                                   : u_divt2.asm.obj (.text)
                  00002cf4    0000003c     driverlib.lib : ssi.obj (.text:SSIConfigSetExpClk)
                  00002d30    00000038                   : sysctl.obj (.text:SysCtlPeripheralPresent)
                  00002d68    00000038                   : sysctl.obj (.text:SysCtlPeripheralReady)
                  00002da0    00000034                   : interrupt.obj (.text:IntRegister)
                  00002dd4    00000034                   : sysctl.obj (.text:SysCtlPeripheralEnable)
                  00002e08    00000034     rtsv7M4_T_le_v4SPD16_eabi.lib : boot_cortex_m.c.obj (.text:_c_int00_noargs:_c_int00_noargs)
                  00002e3c    0000002e                                   : i_tofd_t2.asm.obj (.text)
                  00002e6a    0000002c     driverlib.lib : gpio.obj (.text:GPIODirModeSet)
                  00002e96    00000002     --HOLE-- [fill = 0]
                  00002e98    00000024                   : interrupt.obj (.text:IntPrioritySet)
                  00002ebc    00000022                   : pwm.obj (.text:PWMGenConfigure)
                  00002ede    00000002     --HOLE-- [fill = 0]
                  00002ee0    00000020                   : uart.obj (.text:UARTDisable)
                  00002f00    0000001e                   : pwm.obj (.text:PWMPulseWidthSet)
                  00002f1e    00000002     --HOLE-- [fill = 0]
                  00002f20    0000001c                   : systick.obj (.text:SysTickIntRegister)
                  00002f3c    0000001a                   : gpio.obj (.text:GPIOPinTypeGPIOOutput)
                  00002f56    00000002     --HOLE-- [fill = 0]
                  00002f58    00000018                   : gpio.obj (.text:GPIOUnlockPin)
                  00002f70    00000016                   : gpio.obj (.text:GPIOPinTypeGPIOInput)
                  00002f86    00000016                   : gpio.obj (.text:GPIOPinTypeI2C)
                  00002f9c    00000016                   : gpio.obj (.text:GPIOPinTypeI2CSCL)
                  00002fb2    00000016                   : gpio.obj (.text:GPIOPinTypePWM)
                  00002fc8    00000016                   : gpio.obj (.text:GPIOPinTypeSSI)
                  00002fde    00000016                   : gpio.obj (.text:GPIOPinTypeUART)
                  00002ff4    00000014                   : systick.obj (.text:SysTickEnable)
                  00003008    00000014                   : systick.obj (.text:SysTickIntEnable)
                  0000301c    00000014                   : uart.obj (.text:UARTEnable)
                  00003030    00000014     rtsv7M4_T_le_v4SPD16_eabi.lib : strcpy.c.obj (.text:strcpy)
                  00003044    00000012     driverlib.lib : pwm.obj (.text:PWMOutputState)
                  00003056    00000010                   : pwm.obj (.text:PWMGenPeriodSet)
                  00003066    00000002     --HOLE-- [fill = 0]
                  00003068    00000010                   : systick.obj (.text:SysTickPeriodSet)
                  00003078    0000000e     G8RTOS_CriticalSection.obj (.text)
                  00003086    0000000e     driverlib.lib : gpio.obj (.text:GPIOIntDisable)
                  00003094    0000000e     rtsv7M4_T_le_v4SPD16_eabi.lib : copy_decompress_none.c.obj (.text:decompress:none:__TI_decompress_none)
                  000030a2    0000000c     driverlib.lib : gpio.obj (.text:GPIOIntEnable)
                  000030ae    0000000c                   : pwm.obj (.text:PWMGenEnable)
                  000030ba    0000000c                   : ssi.obj (.text:SSIDataGet)
                  000030c6    0000000c     rtsv7M4_T_le_v4SPD16_eabi.lib : copy_zero_init.c.obj (.text:decompress:ZI:__TI_zero_init)
                  000030d2    0000000c     tm4c123gh6pm_startup_ccs.obj (.text)
                  000030de    0000000a     driverlib.lib : i2c.obj (.text:I2CMasterEnable)
                  000030e8    0000000a                   : ssi.obj (.text:SSIDataPut)
                  000030f2    0000000a                   : ssi.obj (.text:SSIDisable)
                  000030fc    0000000a                   : ssi.obj (.text:SSIEnable)
                  00003106    0000000a                   : uart.obj (.text:UARTCharGet)
                  00003110    0000000a                   : uart.obj (.text:UARTCharPut)
                  0000311a    00000008                   : i2c.obj (.text:I2CMasterBusy)
                  00003122    00000008                   : i2c.obj (.text:I2CMasterSlaveAddrSet)
                  0000312a    00000008                   : ssi.obj (.text:SSIBusy)
                  00003132    00000006                   : gpio.obj (.text:GPIOIntClear)
                  00003138    00000006                   : gpio.obj (.text:GPIOPinRead)
                  0000313e    00000006                   : gpio.obj (.text:GPIOPinWrite)
                  00003144    00000006                   : ssi.obj (.text:SSIClockSourceSet)
                  0000314a    00000006                   : sysctl.obj (.text:SysCtlDelay)
                  00003150    00000004                   : i2c.obj (.text:I2CMasterControl)
                  00003154    00000004                   : i2c.obj (.text:I2CMasterDataGet)
                  00003158    00000004                   : i2c.obj (.text:I2CMasterDataPut)
                  0000315c    00000004     rtsv7M4_T_le_v4SPD16_eabi.lib : pre_init.c.obj (.text:_system_pre_init)
                  00003160    00000004                                   : exit.c.obj (.text:abort:abort)

.const     0    00003164    000001dc     
                  00003164    0000009c     driverlib.lib : interrupt.obj (.const:g_pui32Regs)
                  00003200    00000090                   : gpio.obj (.const:g_pui32GPIOBaseAddrs)
                  00003290    0000006c                   : sysctl.obj (.const:g_pui32Xtals)
                  000032fc    00000014                   : interrupt.obj (.const:g_pui32EnRegs)
                  00003310    00000012     uartstdio.obj (.const:.string)
                  00003322    00000002     --HOLE-- [fill = 0]
                  00003324    0000000c     uartstdio.obj (.const:g_ui32UARTBase)
                  00003330    0000000c     uartstdio.obj (.const:g_ui32UARTPeriph)
                  0000333c    00000004     uartstdio.obj (.const)

.cinit     0    00003340    00000040     
                  00003340    0000000c     (__TI_handler_table)
                  0000334c    00000009     (.cinit..data.load) [load image, compression = lzss]
                  00003355    00000003     --HOLE-- [fill = 0]
                  00003358    00000008     (.cinit..bss.load) [load image, compression = zero_init]
                  00003360    00000008     (.cinit..vtable.load) [load image, compression = zero_init]
                  00003368    00000018     (__TI_cinit_table)

.init_array 
*          0    00000000    00000000     UNINITIALIZED

.vtable    0    20000000    0000026c     UNINITIALIZED
                  20000000    0000026c     driverlib.lib : interrupt.obj (.vtable)

.bss       0    2000026c    000063cc     UNINITIALIZED
                  2000026c    00006000     G8RTOS_Scheduler.obj (.bss:threadStacks)
                  2000626c    00000210     G8RTOS_Scheduler.obj (.bss:threadControlBlocks)
                  2000647c    00000150     G8RTOS_IPC.obj (.bss:FIFOs)
                  200065cc    00000048     G8RTOS_Scheduler.obj (.bss:pthreadControlBlocks)
                  20006614    00000008     G8RTOS_Scheduler.obj (.bss)
                  2000661c    00000004     (.common:CurrentlyRunningThread)
                  20006620    00000004     (.common:IBit_State)
                  20006624    00000004     (.common:SystemTime)
                  20006628    00000004     (.common:pulse_width)
                  2000662c    00000004     (.common:sem_I2CA)
                  20006630    00000004     (.common:sem_SPI)
                  20006634    00000004     (.common:sem_UART)

.data      0    20006838    00000011     UNINITIALIZED
                  20006838    00000009     threads.obj (.data)
                  20006841    00000001     G8RTOS_Scheduler.obj (.data)
                  20006842    00000002     --HOLE--
                  20006844    00000005     uartstdio.obj (.data)

.stack     0    20006638    00000200     UNINITIALIZED
                  20006638    00000004     rtsv7M4_T_le_v4SPD16_eabi.lib : boot_cortex_m.c.obj (.stack)
                  2000663c    000001fc     --HOLE--

__llvm_prf_cnts 
*          0    20000000    00000000     UNINITIALIZED

MODULE SUMMARY

       Module                          code    ro data   rw data
       ------                          ----    -------   -------
    .\
       uartstdio.obj                   1192    46        5      
       threads.obj                     704     0         9      
       tm4c123gh6pm_startup_ccs.obj    12      620       0      
       lab4.obj                        216     0         16     
    +--+-------------------------------+-------+---------+---------+
       Total:                          2124    666       30     
                                                                
    .\G8RTOS\src\
       G8RTOS_Scheduler.obj            1300    0         25193  
       G8RTOS_IPC.obj                  568     0         336    
       G8RTOS_Semaphores.obj           164     0         0      
       G8RTOS_SchedulerASM.obj         80      0         0      
       G8RTOS_CriticalSection.obj      14      0         0      
    +--+-------------------------------+-------+---------+---------+
       Total:                          2126    0         25529  
                                                                
    .\MultimodDrivers\src\
       multimod_ST7789.obj             1844    0         0      
       multimod_BMI160.obj             712     0         0      
       multimod_i2c.obj                624     0         0      
       multimod_spi.obj                416     0         0      
       multimod_LaunchpadLED.obj       376     0         4      
       multimod_OPT3001.obj            312     0         0      
       multimod_LaunchpadButtons.obj   144     0         0      
       multimod_uart.obj               92      0         0      
    +--+-------------------------------+-------+---------+---------+
       Total:                          4520    0         4      
                                                                
    C:/ti/TivaWare_C_Series-2.2.0.295/driverlib/ccs/Debug/driverlib.lib
       interrupt.obj                   192     176       620    
       gpio.obj                        798     144       0      
       sysctl.obj                      694     108       0      
       uart.obj                        142     0         0      
       ssi.obj                         116     0         0      
       i2c.obj                         114     0         0      
       pwm.obj                         110     0         0      
       systick.obj                     84      0         0      
    +--+-------------------------------+-------+---------+---------+
       Total:                          2250    428       620    
                                                                
    C:\ti\ccs1281\ccs\tools\compiler\ti-cgt-arm_20.2.7.LTS\lib\rtsv7M4_T_le_v4SPD16_eabi.lib
       fd_mul_t2.asm.obj               252     0         0      
       memcpy_t2.asm.obj               156     0         0      
       memset_t2.asm.obj               122     0         0      
       copy_decompress_lzss.c.obj      104     0         0      
       fd_toi_t2.asm.obj               72      0         0      
       autoinit.c.obj                  68      0         0      
       u_divt2.asm.obj                 64      0         0      
       boot_cortex_m.c.obj             52      0         0      
       i_tofd_t2.asm.obj               46      0         0      
       strcpy.c.obj                    20      0         0      
       copy_decompress_none.c.obj      14      0         0      
       copy_zero_init.c.obj            12      0         0      
       exit.c.obj                      4       0         0      
       pre_init.c.obj                  4       0         0      
       div0.asm.obj                    2       0         0      
    +--+-------------------------------+-------+---------+---------+
       Total:                          992     0         0      
                                                                
       Stack:                          0       0         512    
       Linker Generated:               0       61        0      
    +--+-------------------------------+-------+---------+---------+
       Grand Total:                    12012   1155      26695  


LINKER GENERATED COPY TABLES

__TI_cinit_table @ 00003368 records: 3, size/record: 8, table size: 24
	.data: load addr=0000334c, load size=00000009 bytes, run addr=20006838, run size=00000011 bytes, compression=lzss
	.bss: load addr=00003358, load size=00000008 bytes, run addr=2000026c, run size=000063cc bytes, compression=zero_init
	.vtable: load addr=00003360, load size=00000008 bytes, run addr=20000000, run size=0000026c bytes, compression=zero_init


LINKER GENERATED HANDLER TABLE

__TI_handler_table @ 00003340 records: 3, size/record: 4, table size: 12
	index: 0, handler: __TI_zero_init
	index: 1, handler: __TI_decompress_lzss
	index: 2, handler: __TI_decompress_none


GLOBAL SYMBOLS: SORTED ALPHABETICALLY BY Name 

address   name                          
-------   ----                          
00001625  Accel                         
000013f3  BMI160_AccelXGetResult        
0000153d  BMI160_AccelXYZGetResult      
00001417  BMI160_AccelYGetResult        
0000143b  BMI160_AccelZGetResult        
00001615  BMI160_GetDataStatus          
0000145f  BMI160_GyroXGetResult         
00001585  BMI160_GyroXYZGetResult       
00001483  BMI160_GyroYGetResult         
000014a7  BMI160_GyroZGetResult         
0000135d  BMI160_Init                   
000014cb  BMI160_MagXGetResult          
000015cd  BMI160_MagXYZGetResult        
000014f1  BMI160_MagYGetResult          
00001517  BMI160_MagZGetResult          
000013cb  BMI160_MultiReadRegister      
000013a7  BMI160_ReadRegister           
00001377  BMI160_WriteRegister          
00003161  C$$EXIT                       
2000661c  CurrentlyRunningThread        
00003081  EndCriticalSection            
00001763  FIFOConsumer                  
0000178b  FIFOConsumer2                 
00001737  FIFOProducer                  
00000ac7  G8RTOS_AddThread              
00000be3  G8RTOS_Add_APeriodicEvent     
00000c51  G8RTOS_Add_PeriodicEvent      
00000d63  G8RTOS_GetNumberOfThreads     
00000d5b  G8RTOS_GetThreadID            
00000a2f  G8RTOS_Init                   
00001b55  G8RTOS_InitFIFO               
00002729  G8RTOS_InitSemaphore          
00000d19  G8RTOS_KillSelf               
00000c81  G8RTOS_KillThread             
00000a43  G8RTOS_Launch                 
00001bbb  G8RTOS_ReadFIFO               
00000a67  G8RTOS_Scheduler              
0000277b  G8RTOS_SignalSemaphore        
00002afd  G8RTOS_Start                  
0000273b  G8RTOS_WaitSemaphore          
00001c45  G8RTOS_WriteFIFO              
00002e6b  GPIODirModeSet                
00003133  GPIOIntClear                  
00003087  GPIOIntDisable                
000030a3  GPIOIntEnable                 
00002aa1  GPIOIntTypeSet                
000020a5  GPIOPadConfigSet              
00002b49  GPIOPinConfigure              
00003139  GPIOPinRead                   
00002f71  GPIOPinTypeGPIOInput          
00002f3d  GPIOPinTypeGPIOOutput         
00002f87  GPIOPinTypeI2C                
00002f9d  GPIOPinTypeI2CSCL             
00002fb3  GPIOPinTypePWM                
00002fc9  GPIOPinTypeSSI                
00002fdf  GPIOPinTypeUART               
0000313f  GPIOPinWrite                  
00002f59  GPIOUnlockPin                 
0000165b  Gyro                          
0000311b  I2CMasterBusy                 
00003151  I2CMasterControl              
00003155  I2CMasterDataGet              
00003159  I2CMasterDataPut              
000030df  I2CMasterEnable               
00002b95  I2CMasterInitExpClk           
00003123  I2CMasterSlaveAddrSet         
000018e5  I2C_Init                      
00001a75  I2C_ReadMultiple              
00001997  I2C_ReadSingle                
000019c7  I2C_WriteMultiple             
00001961  I2C_WriteSingle               
20006620  IBit_State                    
000017b3  Idle_Thread                   
00002975  IntEnable                     
00002e99  IntPrioritySet                
00002da1  IntRegister                   
00002869  LaunchpadButtons_Init         
000028af  LaunchpadButtons_ReadSW1      
000028cf  LaunchpadButtons_ReadSW2      
00001f2d  LaunchpadLED_Init             
00001fe9  LaunchpadLED_PWMSetDuty       
00002331  OPT3001_GetChipID             
00002295  OPT3001_GetResult             
00002211  OPT3001_Init                  
00002267  OPT3001_ReadRegister          
00002311  OPT3001_SetHighLimit          
000022f1  OPT3001_SetLowLimit           
00002225  OPT3001_WriteRegister         
000016d5  Opto                          
00002ebd  PWMGenConfigure               
000030af  PWMGenEnable                  
00003057  PWMGenPeriodSet               
00003045  PWMOutputState                
00002f01  PWMPulseWidthSet              
00002b1f  PendSV_Handler                
000030d3  ResetISR                      
00001d8d  SPI_Init                      
00001eaf  SPI_ReadMultiple              
00001e27  SPI_ReadSingle                
00001e4f  SPI_WriteMultiple             
00001e09  SPI_WriteSingle               
0000312b  SSIBusy                       
00003145  SSIClockSourceSet             
00002cf5  SSIConfigSetExpClk            
000030bb  SSIDataGet                    
000030e9  SSIDataPut                    
000030f3  SSIDisable                    
000030fd  SSIEnable                     
0000027b  ST7789_Deselect               
00000449  ST7789_DrawHLine              
000007d9  ST7789_DrawLine               
0000076b  ST7789_DrawPixel              
000008a9  ST7789_DrawRectangle          
000003b3  ST7789_DrawVLine              
000007bd  ST7789_Fill                   
0000069b  ST7789_Init                   
000004fd  ST7789_Line                   
000002d1  ST7789_ReadRegister           
0000026d  ST7789_Select                 
00000297  ST7789_SetCommand             
00000289  ST7789_SetData                
000002e7  ST7789_SetWindow              
000002a5  ST7789_WriteCommand           
000002bb  ST7789_WriteData              
20006840  SW1Pressed                    
000017c7  SW1_Event_Handler             
000017b5  SW1_ISR                       
00000d75  SetInitialStack               
00003079  StartCriticalSection          
00002349  SysCtlClockGet                
0000255d  SysCtlClockSet                
0000314b  SysCtlDelay                   
00002dd5  SysCtlPeripheralEnable        
00002d31  SysCtlPeripheralPresent       
00002d69  SysCtlPeripheralReady         
00002ff5  SysTickEnable                 
00003009  SysTickIntEnable              
00002f21  SysTickIntRegister            
00003069  SysTickPeriodSet              
000009cb  SysTick_Handler               
20006624  SystemTime                    
00003107  UARTCharGet                   
00003111  UARTCharPut                   
00002c29  UARTConfigSetExpClk           
00002ee1  UARTDisable                   
0000301d  UARTEnable                    
00000eb5  UARTStdioConfig               
00002a45  UART_Init                     
00001005  UARTgetc                      
00000f4b  UARTgets                      
00001327  UARTprintf                    
0000102d  UARTvprintf                   
00000efb  UARTwrite                     
20006838  __STACK_END                   
00000200  __STACK_SIZE                  
20006838  __STACK_TOP                   
00003368  __TI_CINIT_Base               
00003380  __TI_CINIT_Limit              
00003340  __TI_Handler_Table_Base       
0000334c  __TI_Handler_Table_Limit      
00002c71  __TI_auto_init_nobinit_nopinit
000029dd  __TI_decompress_lzss          
00003095  __TI_decompress_none          
ffffffff  __TI_pprof_out_hndl           
ffffffff  __TI_prof_data_size           
ffffffff  __TI_prof_data_start          
00000000  __TI_static_base__            
000030c7  __TI_zero_init                
00002be1  __aeabi_d2iz                  
00002461  __aeabi_dmul                  
00002e3d  __aeabi_i2d                   
00002973  __aeabi_idiv0                 
00002973  __aeabi_ldiv0                 
000028f9  __aeabi_memclr                
000028f9  __aeabi_memclr4               
000028f9  __aeabi_memclr8               
000027cd  __aeabi_memcpy                
000027cd  __aeabi_memcpy4               
000027cd  __aeabi_memcpy8               
000028fb  __aeabi_memset                
000028fb  __aeabi_memset4               
000028fb  __aeabi_memset8               
00002cb5  __aeabi_uidiv                 
00002cb5  __aeabi_uidivmod              
ffffffff  __binit__                     
ffffffff  __c_args__                    
UNDEFED   __mpu_init                    
20006638  __stack                       
20000000  __start___llvm_prf_cnts       
20000000  __stop___llvm_prf_cnts        
00002e09  _c_int00_noargs               
UNDEFED   _system_post_cinit            
0000315d  _system_pre_init              
00003161  abort                         
20006841  aliveCount                    
ffffffff  binit                         
2000683c  data                          
0000067d  delay_ms                      
20000000  g_pfnRAMVectors               
00000000  g_pfnVectors                  
2000683b  idle_count                    
20006839  joystick_y                    
2000683a  kill_cube                     
0000266d  main                          
000027cd  memcpy                        
00002901  memset                        
20006838  num_cubes                     
20006628  pulse_width                   
2000662c  sem_I2CA                      
20006630  sem_SPI                       
20006634  sem_UART                      
00000d31  sleep                         
00003031  strcpy                        


GLOBAL SYMBOLS: SORTED BY Symbol Address 

address   name                          
-------   ----                          
00000000  __TI_static_base__            
00000000  g_pfnVectors                  
00000200  __STACK_SIZE                  
0000026d  ST7789_Select                 
0000027b  ST7789_Deselect               
00000289  ST7789_SetData                
00000297  ST7789_SetCommand             
000002a5  ST7789_WriteCommand           
000002bb  ST7789_WriteData              
000002d1  ST7789_ReadRegister           
000002e7  ST7789_SetWindow              
000003b3  ST7789_DrawVLine              
00000449  ST7789_DrawHLine              
000004fd  ST7789_Line                   
0000067d  delay_ms                      
0000069b  ST7789_Init                   
0000076b  ST7789_DrawPixel              
000007bd  ST7789_Fill                   
000007d9  ST7789_DrawLine               
000008a9  ST7789_DrawRectangle          
000009cb  SysTick_Handler               
00000a2f  G8RTOS_Init                   
00000a43  G8RTOS_Launch                 
00000a67  G8RTOS_Scheduler              
00000ac7  G8RTOS_AddThread              
00000be3  G8RTOS_Add_APeriodicEvent     
00000c51  G8RTOS_Add_PeriodicEvent      
00000c81  G8RTOS_KillThread             
00000d19  G8RTOS_KillSelf               
00000d31  sleep                         
00000d5b  G8RTOS_GetThreadID            
00000d63  G8RTOS_GetNumberOfThreads     
00000d75  SetInitialStack               
00000eb5  UARTStdioConfig               
00000efb  UARTwrite                     
00000f4b  UARTgets                      
00001005  UARTgetc                      
0000102d  UARTvprintf                   
00001327  UARTprintf                    
0000135d  BMI160_Init                   
00001377  BMI160_WriteRegister          
000013a7  BMI160_ReadRegister           
000013cb  BMI160_MultiReadRegister      
000013f3  BMI160_AccelXGetResult        
00001417  BMI160_AccelYGetResult        
0000143b  BMI160_AccelZGetResult        
0000145f  BMI160_GyroXGetResult         
00001483  BMI160_GyroYGetResult         
000014a7  BMI160_GyroZGetResult         
000014cb  BMI160_MagXGetResult          
000014f1  BMI160_MagYGetResult          
00001517  BMI160_MagZGetResult          
0000153d  BMI160_AccelXYZGetResult      
00001585  BMI160_GyroXYZGetResult       
000015cd  BMI160_MagXYZGetResult        
00001615  BMI160_GetDataStatus          
00001625  Accel                         
0000165b  Gyro                          
000016d5  Opto                          
00001737  FIFOProducer                  
00001763  FIFOConsumer                  
0000178b  FIFOConsumer2                 
000017b3  Idle_Thread                   
000017b5  SW1_ISR                       
000017c7  SW1_Event_Handler             
000018e5  I2C_Init                      
00001961  I2C_WriteSingle               
00001997  I2C_ReadSingle                
000019c7  I2C_WriteMultiple             
00001a75  I2C_ReadMultiple              
00001b55  G8RTOS_InitFIFO               
00001bbb  G8RTOS_ReadFIFO               
00001c45  G8RTOS_WriteFIFO              
00001d8d  SPI_Init                      
00001e09  SPI_WriteSingle               
00001e27  SPI_ReadSingle                
00001e4f  SPI_WriteMultiple             
00001eaf  SPI_ReadMultiple              
00001f2d  LaunchpadLED_Init             
00001fe9  LaunchpadLED_PWMSetDuty       
000020a5  GPIOPadConfigSet              
00002211  OPT3001_Init                  
00002225  OPT3001_WriteRegister         
00002267  OPT3001_ReadRegister          
00002295  OPT3001_GetResult             
000022f1  OPT3001_SetLowLimit           
00002311  OPT3001_SetHighLimit          
00002331  OPT3001_GetChipID             
00002349  SysCtlClockGet                
00002461  __aeabi_dmul                  
0000255d  SysCtlClockSet                
0000266d  main                          
00002729  G8RTOS_InitSemaphore          
0000273b  G8RTOS_WaitSemaphore          
0000277b  G8RTOS_SignalSemaphore        
000027cd  __aeabi_memcpy                
000027cd  __aeabi_memcpy4               
000027cd  __aeabi_memcpy8               
000027cd  memcpy                        
00002869  LaunchpadButtons_Init         
000028af  LaunchpadButtons_ReadSW1      
000028cf  LaunchpadButtons_ReadSW2      
000028f9  __aeabi_memclr                
000028f9  __aeabi_memclr4               
000028f9  __aeabi_memclr8               
000028fb  __aeabi_memset                
000028fb  __aeabi_memset4               
000028fb  __aeabi_memset8               
00002901  memset                        
00002973  __aeabi_idiv0                 
00002973  __aeabi_ldiv0                 
00002975  IntEnable                     
000029dd  __TI_decompress_lzss          
00002a45  UART_Init                     
00002aa1  GPIOIntTypeSet                
00002afd  G8RTOS_Start                  
00002b1f  PendSV_Handler                
00002b49  GPIOPinConfigure              
00002b95  I2CMasterInitExpClk           
00002be1  __aeabi_d2iz                  
00002c29  UARTConfigSetExpClk           
00002c71  __TI_auto_init_nobinit_nopinit
00002cb5  __aeabi_uidiv                 
00002cb5  __aeabi_uidivmod              
00002cf5  SSIConfigSetExpClk            
00002d31  SysCtlPeripheralPresent       
00002d69  SysCtlPeripheralReady         
00002da1  IntRegister                   
00002dd5  SysCtlPeripheralEnable        
00002e09  _c_int00_noargs               
00002e3d  __aeabi_i2d                   
00002e6b  GPIODirModeSet                
00002e99  IntPrioritySet                
00002ebd  PWMGenConfigure               
00002ee1  UARTDisable                   
00002f01  PWMPulseWidthSet              
00002f21  SysTickIntRegister            
00002f3d  GPIOPinTypeGPIOOutput         
00002f59  GPIOUnlockPin                 
00002f71  GPIOPinTypeGPIOInput          
00002f87  GPIOPinTypeI2C                
00002f9d  GPIOPinTypeI2CSCL             
00002fb3  GPIOPinTypePWM                
00002fc9  GPIOPinTypeSSI                
00002fdf  GPIOPinTypeUART               
00002ff5  SysTickEnable                 
00003009  SysTickIntEnable              
0000301d  UARTEnable                    
00003031  strcpy                        
00003045  PWMOutputState                
00003057  PWMGenPeriodSet               
00003069  SysTickPeriodSet              
00003079  StartCriticalSection          
00003081  EndCriticalSection            
00003087  GPIOIntDisable                
00003095  __TI_decompress_none          
000030a3  GPIOIntEnable                 
000030af  PWMGenEnable                  
000030bb  SSIDataGet                    
000030c7  __TI_zero_init                
000030d3  ResetISR                      
000030df  I2CMasterEnable               
000030e9  SSIDataPut                    
000030f3  SSIDisable                    
000030fd  SSIEnable                     
00003107  UARTCharGet                   
00003111  UARTCharPut                   
0000311b  I2CMasterBusy                 
00003123  I2CMasterSlaveAddrSet         
0000312b  SSIBusy                       
00003133  GPIOIntClear                  
00003139  GPIOPinRead                   
0000313f  GPIOPinWrite                  
00003145  SSIClockSourceSet             
0000314b  SysCtlDelay                   
00003151  I2CMasterControl              
00003155  I2CMasterDataGet              
00003159  I2CMasterDataPut              
0000315d  _system_pre_init              
00003161  C$$EXIT                       
00003161  abort                         
00003340  __TI_Handler_Table_Base       
0000334c  __TI_Handler_Table_Limit      
00003368  __TI_CINIT_Base               
00003380  __TI_CINIT_Limit              
20000000  __start___llvm_prf_cnts       
20000000  __stop___llvm_prf_cnts        
20000000  g_pfnRAMVectors               
2000661c  CurrentlyRunningThread        
20006620  IBit_State                    
20006624  SystemTime                    
20006628  pulse_width                   
2000662c  sem_I2CA                      
20006630  sem_SPI                       
20006634  sem_UART                      
20006638  __stack                       
20006838  __STACK_END                   
20006838  __STACK_TOP                   
20006838  num_cubes                     
20006839  joystick_y                    
2000683a  kill_cube                     
2000683b  idle_count                    
2000683c  data                          
20006840  SW1Pressed                    
20006841  aliveCount                    
ffffffff  __TI_pprof_out_hndl           
ffffffff  __TI_prof_data_size           
ffffffff  __TI_prof_data_start          
ffffffff  __binit__                     
ffffffff  __c_args__                    
ffffffff  binit                         
UNDEFED   __mpu_init                    
UNDEFED   _system_post_cinit            

[213 symbols]
