******************************************************************************
                  TI ARM Linker PC v20.2.7                     
******************************************************************************
>> Linked Sat Nov  8 00:56:01 2025

OUTPUT FILE NAME:   <Lab4_F2025.out>
ENTRY POINT SYMBOL: "_c_int00_noargs"  address: 00002c99


MEMORY CONFIGURATION

         name            origin    length      used     unused   attr    fill
----------------------  --------  ---------  --------  --------  ----  --------
  FLASH                 00000000   00040000  0000322c  0003cdd4  R  X
  SRAM                  20000000   00008000  000067b0  00001850  RW X


SEGMENT ALLOCATION MAP

run origin  load origin   length   init length attrs members
----------  ----------- ---------- ----------- ----- -------
00000000    00000000    00003230   00003230    r-x
  00000000    00000000    0000026c   0000026c    r-- .intvecs
  0000026c    0000026c    00002d9c   00002d9c    r-x .text
  00003008    00003008    000001dc   000001dc    r-- .const
  000031e8    000031e8    00000048   00000048    r-- .cinit
20000000    20000000    000067b4   00000000    rw-
  20000000    20000000    0000026c   00000000    rw- .vtable
  2000026c    2000026c    00006330   00000000    rw- .bss
  200065a0    200065a0    00000200   00000000    rw- .stack
  200067a0    200067a0    00000014   00000000    rw- .data


SECTION ALLOCATION MAP

 output                                  attributes/
section   page    origin      length       input sections
--------  ----  ----------  ----------   ----------------
.intvecs   0    00000000    0000026c     
                  00000000    0000026c     tm4c123gh6pm_startup_ccs.obj (.intvecs)

.text      0    0000026c    00002d9c     
                  0000026c    00000734     multimod_ST7789.obj (.text)
                  000009a0    000006f0     frogger_threads.obj (.text)
                  00001090    000006c0     G8RTOS_Scheduler.obj (.text)
                  00001750    000004a8     uartstdio.obj (.text)
                  00001bf8    00000278     multimod_i2c.obj (.text)
                  00001e70    000001a0     multimod_spi.obj (.text)
                  00002010    0000016c     driverlib.lib : gpio.obj (.text:GPIOPadConfigSet)
                  0000217c    00000118                   : sysctl.obj (.text:SysCtlClockGet)
                  00002294    00000108     multimod_joystick.obj (.text)
                  0000239c    000000f4     driverlib.lib : sysctl.obj (.text:SysCtlClockSet)
                  00002490    000000cc     frogger.obj (.text)
                  0000255c    000000a8     G8RTOS_Semaphores.obj (.text)
                  00002604    0000009c     rtsv7M4_T_le_v4SPD16_eabi.lib : memcpy_t2.asm.obj (.text)
                  000026a0    0000007a     driverlib.lib : adc.obj (.text:ADCSequenceStepConfigure)
                  0000271a    0000007a     rtsv7M4_T_le_v4SPD16_eabi.lib : memset_t2.asm.obj (.text)
                  00002794    00000068     driverlib.lib : interrupt.obj (.text:IntEnable)
                  000027fc    00000068     rtsv7M4_T_le_v4SPD16_eabi.lib : copy_decompress_lzss.c.obj (.text:decompress:lzss:__TI_decompress_lzss)
                  00002864    00000068     multimod_buttons.obj (.text)
                  000028cc    0000005c     multimod_uart.obj (.text)
                  00002928    00000058     driverlib.lib : gpio.obj (.text:GPIOIntTypeSet)
                  00002980    00000050     G8RTOS_SchedulerASM.obj (.text)
                  000029d0    0000004e     driverlib.lib : adc.obj (.text:ADCSequenceConfigure)
                  00002a1e    00000002     rtsv7M4_T_le_v4SPD16_eabi.lib : _lock.c.obj (.text:_nop)
                  00002a20    0000004c     driverlib.lib : gpio.obj (.text:GPIOPinConfigure)
                  00002a6c    0000004c                   : i2c.obj (.text:I2CMasterInitExpClk)
                  00002ab8    00000046                   : uart.obj (.text:UARTConfigSetExpClk)
                  00002afe    00000002     rtsv7M4_T_le_v4SPD16_eabi.lib : div0.asm.obj (.text)
                  00002b00    00000044                                   : autoinit.c.obj (.text:__TI_auto_init_nobinit_nopinit:__TI_auto_init_nobinit_nopinit)
                  00002b44    00000040                                   : u_divt2.asm.obj (.text)
                  00002b84    0000003c     driverlib.lib : ssi.obj (.text:SSIConfigSetExpClk)
                  00002bc0    00000038                   : sysctl.obj (.text:SysCtlPeripheralPresent)
                  00002bf8    00000038                   : sysctl.obj (.text:SysCtlPeripheralReady)
                  00002c30    00000034                   : interrupt.obj (.text:IntRegister)
                  00002c64    00000034                   : sysctl.obj (.text:SysCtlPeripheralEnable)
                  00002c98    00000034     rtsv7M4_T_le_v4SPD16_eabi.lib : boot_cortex_m.c.obj (.text:_c_int00_noargs:_c_int00_noargs)
                  00002ccc    00000034                                   : rand.c.obj (.text:rand)
                  00002d00    0000002e     driverlib.lib : adc.obj (.text:ADCIntStatus)
                  00002d2e    0000002c                   : gpio.obj (.text:GPIODirModeSet)
                  00002d5a    00000002     --HOLE-- [fill = 0]
                  00002d5c    00000024                   : interrupt.obj (.text:IntPrioritySet)
                  00002d80    00000020                   : uart.obj (.text:UARTDisable)
                  00002da0    0000001e                   : adc.obj (.text:ADCSequenceDataGet)
                  00002dbe    00000002     --HOLE-- [fill = 0]
                  00002dc0    0000001c                   : systick.obj (.text:SysTickIntRegister)
                  00002ddc    0000001a                   : gpio.obj (.text:GPIOPinTypeGPIOOutput)
                  00002df6    00000018                   : adc.obj (.text:ADCProcessorTrigger)
                  00002e0e    00000016                   : gpio.obj (.text:GPIOPinTypeADC)
                  00002e24    00000016                   : gpio.obj (.text:GPIOPinTypeGPIOInput)
                  00002e3a    00000016                   : gpio.obj (.text:GPIOPinTypeI2C)
                  00002e50    00000016                   : gpio.obj (.text:GPIOPinTypeI2CSCL)
                  00002e66    00000016                   : gpio.obj (.text:GPIOPinTypeSSI)
                  00002e7c    00000016                   : gpio.obj (.text:GPIOPinTypeUART)
                  00002e92    00000002     --HOLE-- [fill = 0]
                  00002e94    00000014                   : systick.obj (.text:SysTickEnable)
                  00002ea8    00000014                   : systick.obj (.text:SysTickIntEnable)
                  00002ebc    00000014                   : uart.obj (.text:UARTEnable)
                  00002ed0    00000014     rtsv7M4_T_le_v4SPD16_eabi.lib : strcpy.c.obj (.text:strcpy)
                  00002ee4    00000010     driverlib.lib : systick.obj (.text:SysTickPeriodSet)
                  00002ef4    0000000e                   : adc.obj (.text:ADCIntDisable)
                  00002f02    0000000e                   : adc.obj (.text:ADCSequenceDisable)
                  00002f10    0000000e                   : adc.obj (.text:ADCSequenceEnable)
                  00002f1e    0000000e     G8RTOS_CriticalSection.obj (.text)
                  00002f2c    0000000e     driverlib.lib : gpio.obj (.text:GPIOIntDisable)
                  00002f3a    0000000e     rtsv7M4_T_le_v4SPD16_eabi.lib : copy_decompress_none.c.obj (.text:decompress:none:__TI_decompress_none)
                  00002f48    0000000c     driverlib.lib : gpio.obj (.text:GPIOIntEnable)
                  00002f54    0000000c                   : ssi.obj (.text:SSIDataGet)
                  00002f60    0000000c     rtsv7M4_T_le_v4SPD16_eabi.lib : copy_zero_init.c.obj (.text:decompress:ZI:__TI_zero_init)
                  00002f6c    0000000c     tm4c123gh6pm_startup_ccs.obj (.text)
                  00002f78    0000000a     driverlib.lib : adc.obj (.text:ADCIntClear)
                  00002f82    0000000a                   : i2c.obj (.text:I2CMasterEnable)
                  00002f8c    0000000a                   : ssi.obj (.text:SSIDataPut)
                  00002f96    0000000a                   : ssi.obj (.text:SSIDisable)
                  00002fa0    0000000a                   : ssi.obj (.text:SSIEnable)
                  00002faa    0000000a                   : uart.obj (.text:UARTCharGet)
                  00002fb4    0000000a                   : uart.obj (.text:UARTCharPut)
                  00002fbe    00000008                   : i2c.obj (.text:I2CMasterBusy)
                  00002fc6    00000008                   : i2c.obj (.text:I2CMasterSlaveAddrSet)
                  00002fce    00000008                   : ssi.obj (.text:SSIBusy)
                  00002fd6    00000006                   : gpio.obj (.text:GPIOIntClear)
                  00002fdc    00000006                   : gpio.obj (.text:GPIOPinRead)
                  00002fe2    00000006                   : gpio.obj (.text:GPIOPinWrite)
                  00002fe8    00000006                   : ssi.obj (.text:SSIClockSourceSet)
                  00002fee    00000006                   : sysctl.obj (.text:SysCtlDelay)
                  00002ff4    00000004                   : i2c.obj (.text:I2CMasterControl)
                  00002ff8    00000004                   : i2c.obj (.text:I2CMasterDataGet)
                  00002ffc    00000004                   : i2c.obj (.text:I2CMasterDataPut)
                  00003000    00000004     rtsv7M4_T_le_v4SPD16_eabi.lib : pre_init.c.obj (.text:_system_pre_init)
                  00003004    00000004                                   : exit.c.obj (.text:abort:abort)

.const     0    00003008    000001dc     
                  00003008    0000009c     driverlib.lib : interrupt.obj (.const:g_pui32Regs)
                  000030a4    00000090                   : gpio.obj (.const:g_pui32GPIOBaseAddrs)
                  00003134    0000006c                   : sysctl.obj (.const:g_pui32Xtals)
                  000031a0    00000014                   : interrupt.obj (.const:g_pui32EnRegs)
                  000031b4    00000012     uartstdio.obj (.const:.string)
                  000031c6    00000002     --HOLE-- [fill = 0]
                  000031c8    0000000c     uartstdio.obj (.const:g_ui32UARTBase)
                  000031d4    0000000c     uartstdio.obj (.const:g_ui32UARTPeriph)
                  000031e0    00000004     uartstdio.obj (.const)

.cinit     0    000031e8    00000048     
                  000031e8    00000011     (.cinit..data.load) [load image, compression = lzss]
                  000031f9    00000003     --HOLE-- [fill = 0]
                  000031fc    0000000c     (__TI_handler_table)
                  00003208    00000008     (.cinit..bss.load) [load image, compression = zero_init]
                  00003210    00000008     (.cinit..vtable.load) [load image, compression = zero_init]
                  00003218    00000018     (__TI_cinit_table)

.init_array 
*          0    00000000    00000000     UNINITIALIZED

.vtable    0    20000000    0000026c     UNINITIALIZED
                  20000000    0000026c     driverlib.lib : interrupt.obj (.vtable)

.bss       0    2000026c    00006330     UNINITIALIZED
                  2000026c    00006000     G8RTOS_Scheduler.obj (.bss:threadStacks)
                  2000626c    00000210     G8RTOS_Scheduler.obj (.bss:threadControlBlocks)
                  2000647c    00000080     frogger_threads.obj (.bss:car_array)
                  200064fc    00000048     G8RTOS_Scheduler.obj (.bss:ptcbs)
                  20006544    00000010     G8RTOS_Scheduler.obj (.bss)
                  20006554    00000010     frogger_threads.obj (.bss:safe)
                  20006564    0000000c     frogger_threads.obj (.bss)
                  20006570    00000008     frogger_threads.obj (.bss:frog)
                  20006578    00000004     (.common:CurrentlyRunningThread)
                  2000657c    00000004     (.common:IBit_State)
                  20006580    00000004     (.common:SystemTime)
                  20006584    00000004     (.common:sem_I2CA)
                  20006588    00000004     (.common:sem_JOY)
                  2000658c    00000004     (.common:sem_KillCube)
                  20006590    00000004     (.common:sem_PCA9555)
                  20006594    00000004     (.common:sem_SPI)
                  20006598    00000004     (.common:sem_UART)

.data      0    200067a0    00000014     UNINITIALIZED
                  200067a0    00000008     rtsv7M4_T_le_v4SPD16_eabi.lib : _lock.c.obj (.data:$O1$$)
                  200067a8    00000005     uartstdio.obj (.data)
                  200067ad    00000002     frogger_threads.obj (.data)
                  200067af    00000001     G8RTOS_Scheduler.obj (.data)
                  200067b0    00000004     rtsv7M4_T_le_v4SPD16_eabi.lib : rand.c.obj (.data)

.stack     0    200065a0    00000200     UNINITIALIZED
                  200065a0    00000004     rtsv7M4_T_le_v4SPD16_eabi.lib : boot_cortex_m.c.obj (.stack)
                  200065a4    000001fc     --HOLE--

__llvm_prf_cnts 
*          0    20000000    00000000     UNINITIALIZED

MODULE SUMMARY

       Module                         code    ro data   rw data
       ------                         ----    -------   -------
    .\
       uartstdio.obj                  1192    46        5      
       tm4c123gh6pm_startup_ccs.obj   12      620       0      
       frogger.obj                    204     0         28     
    +--+------------------------------+-------+---------+---------+
       Total:                         1408    666       33     
                                                               
    .\G8RTOS\src\
       G8RTOS_Scheduler.obj           1728    0         25201  
       G8RTOS_Semaphores.obj          168     0         0      
       G8RTOS_SchedulerASM.obj        80      0         0      
       G8RTOS_CriticalSection.obj     14      0         0      
    +--+------------------------------+-------+---------+---------+
       Total:                         1990    0         25201  
                                                               
    .\MultimodDrivers\src\
       multimod_ST7789.obj            1844    0         0      
       multimod_i2c.obj               632     0         0      
       multimod_spi.obj               416     0         0      
       multimod_joystick.obj          264     0         0      
       multimod_buttons.obj           104     0         0      
       multimod_uart.obj              92      0         0      
    +--+------------------------------+-------+---------+---------+
       Total:                         3352    0         0      
                                                               
    .\Quiz_Practice\
       frogger_threads.obj            1776    0         166    
    +--+------------------------------+-------+---------+---------+
       Total:                         1776    0         166    
                                                               
    C:/ti/TivaWare_C_Series-2.2.0.295/driverlib/ccs/Debug/driverlib.lib
       interrupt.obj                  192     176       620    
       gpio.obj                       774     144       0      
       sysctl.obj                     694     108       0      
       adc.obj                        352     0         0      
       uart.obj                       142     0         0      
       ssi.obj                        116     0         0      
       i2c.obj                        114     0         0      
       systick.obj                    84      0         0      
    +--+------------------------------+-------+---------+---------+
       Total:                         2468    428       620    
                                                               
    C:\ti\ccs1281\ccs\tools\compiler\ti-cgt-arm_20.2.7.LTS\lib\rtsv7M4_T_le_v4SPD16_eabi.lib
       memcpy_t2.asm.obj              156     0         0      
       memset_t2.asm.obj              122     0         0      
       copy_decompress_lzss.c.obj     104     0         0      
       autoinit.c.obj                 68      0         0      
       u_divt2.asm.obj                64      0         0      
       rand.c.obj                     52      0         4      
       boot_cortex_m.c.obj            52      0         0      
       strcpy.c.obj                   20      0         0      
       copy_decompress_none.c.obj     14      0         0      
       copy_zero_init.c.obj           12      0         0      
       _lock.c.obj                    2       0         8      
       exit.c.obj                     4       0         0      
       pre_init.c.obj                 4       0         0      
       div0.asm.obj                   2       0         0      
    +--+------------------------------+-------+---------+---------+
       Total:                         676     0         12     
                                                               
       Stack:                         0       0         512    
       Linker Generated:              0       69        0      
    +--+------------------------------+-------+---------+---------+
       Grand Total:                   11670   1163      26544  


LINKER GENERATED COPY TABLES

__TI_cinit_table @ 00003218 records: 3, size/record: 8, table size: 24
	.data: load addr=000031e8, load size=00000011 bytes, run addr=200067a0, run size=00000014 bytes, compression=lzss
	.bss: load addr=00003208, load size=00000008 bytes, run addr=2000026c, run size=00006330 bytes, compression=zero_init
	.vtable: load addr=00003210, load size=00000008 bytes, run addr=20000000, run size=0000026c bytes, compression=zero_init


LINKER GENERATED HANDLER TABLE

__TI_handler_table @ 000031fc records: 3, size/record: 4, table size: 12
	index: 0, handler: __TI_zero_init
	index: 1, handler: __TI_decompress_lzss
	index: 2, handler: __TI_decompress_none


GLOBAL SYMBOLS: SORTED ALPHABETICALLY BY Name 

address   name                          
-------   ----                          
00002f79  ADCIntClear                   
00002ef5  ADCIntDisable                 
00002d01  ADCIntStatus                  
00002df7  ADCProcessorTrigger           
000029d1  ADCSequenceConfigure          
00002da1  ADCSequenceDataGet            
00002f03  ADCSequenceDisable            
00002f11  ADCSequenceEnable             
000026a1  ADCSequenceStepConfigure      
00003005  C$$EXIT                       
20006578  CurrentlyRunningThread        
00002f27  EndCriticalSection            
00000f61  Frog_Mov                      
00000f33  Frogger_GPIOD_Handler         
00001015  Frogger_GPIOE_Handler         
00000ced  Frogger_Init                  
00001209  G8RTOS_AddThread              
000013dd  G8RTOS_Add_APeriodicEvent     
00001451  G8RTOS_Add_PeriodicEvent      
000015f7  G8RTOS_GetNumberOfThreads     
000015ef  G8RTOS_GetThreadID            
00001151  G8RTOS_Init                   
0000255d  G8RTOS_InitSemaphore          
000015a1  G8RTOS_KillSelf               
00001507  G8RTOS_KillThread             
0000116b  G8RTOS_Launch                 
0000118f  G8RTOS_Scheduler              
000025b1  G8RTOS_SignalSemaphore        
00002985  G8RTOS_Start                  
0000256f  G8RTOS_WaitSemaphore          
00002d2f  GPIODirModeSet                
00002fd7  GPIOIntClear                  
00002f2d  GPIOIntDisable                
00002f49  GPIOIntEnable                 
00002929  GPIOIntTypeSet                
00002011  GPIOPadConfigSet              
00002a21  GPIOPinConfigure              
00002fdd  GPIOPinRead                   
00002e0f  GPIOPinTypeADC                
00002e25  GPIOPinTypeGPIOInput          
00002ddd  GPIOPinTypeGPIOOutput         
00002e3b  GPIOPinTypeI2C                
00002e51  GPIOPinTypeI2CSCL             
00002e67  GPIOPinTypeSSI                
00002e7d  GPIOPinTypeUART               
00002fe3  GPIOPinWrite                  
00000da9  Get_Joystick_Frogger          
00002fbf  I2CMasterBusy                 
00002ff5  I2CMasterControl              
00002ff9  I2CMasterDataGet              
00002ffd  I2CMasterDataPut              
00002f83  I2CMasterEnable               
00002a6d  I2CMasterInitExpClk           
00002fc7  I2CMasterSlaveAddrSet         
00001bf9  I2C_Init                      
00001d89  I2C_ReadMultiple              
00001cab  I2C_ReadSingle                
00001cdb  I2C_WriteMultiple             
00001c75  I2C_WriteSingle               
2000657c  IBit_State                    
00000cdb  Idle_Thread_Frogger           
00002795  IntEnable                     
00002d5d  IntPrioritySet                
00002c31  IntRegister                   
00002327  JOYSTICK_GetPress             
00002335  JOYSTICK_GetX                 
00002351  JOYSTICK_GetXY                
00002343  JOYSTICK_GetY                 
00002295  JOYSTICK_Init                 
000022f1  JOYSTICK_IntEnable            
00000da7  Move_Car                      
00000d59  Move_Frog                     
000028a9  MultimodButtons_Get           
00002865  MultimodButtons_Init          
000029a7  PendSV_Handler                
00002f6d  ResetISR                      
00001e71  SPI_Init                      
00001f93  SPI_ReadMultiple              
00001f0b  SPI_ReadSingle                
00001f33  SPI_WriteMultiple             
00001eed  SPI_WriteSingle               
00002fcf  SSIBusy                       
00002fe9  SSIClockSourceSet             
00002b85  SSIConfigSetExpClk            
00002f55  SSIDataGet                    
00002f8d  SSIDataPut                    
00002f97  SSIDisable                    
00002fa1  SSIEnable                     
0000027b  ST7789_Deselect               
00000449  ST7789_DrawHLine              
000007d9  ST7789_DrawLine               
0000076b  ST7789_DrawPixel              
000008a9  ST7789_DrawRectangle          
000003b3  ST7789_DrawVLine              
000007bd  ST7789_Fill                   
0000069b  ST7789_Init                   
000004fd  ST7789_Line                   
000002d1  ST7789_ReadRegister           
0000026d  ST7789_Select                 
00000297  ST7789_SetCommand             
00000289  ST7789_SetData                
000002e7  ST7789_SetWindow              
000002a5  ST7789_WriteCommand           
000002bb  ST7789_WriteData              
0000161d  SetInitialStack               
00002f1f  StartCriticalSection          
0000217d  SysCtlClockGet                
0000239d  SysCtlClockSet                
00002fef  SysCtlDelay                   
00002c65  SysCtlPeripheralEnable        
00002bc1  SysCtlPeripheralPresent       
00002bf9  SysCtlPeripheralReady         
00002e95  SysTickEnable                 
00002ea9  SysTickIntEnable              
00002dc1  SysTickIntRegister            
00002ee5  SysTickPeriodSet              
000010bb  SysTick_Handler               
20006580  SystemTime                    
00002fab  UARTCharGet                   
00002fb5  UARTCharPut                   
00002ab9  UARTConfigSetExpClk           
00002d81  UARTDisable                   
00002ebd  UARTEnable                    
00001751  UARTStdioConfig               
000028cd  UART_Init                     
000018a1  UARTgetc                      
000017e7  UARTgets                      
00001bc3  UARTprintf                    
000018c9  UARTvprintf                   
00001797  UARTwrite                     
00000ea3  Update_Cars                   
200067a0  __STACK_END                   
00000200  __STACK_SIZE                  
200067a0  __STACK_TOP                   
00003218  __TI_CINIT_Base               
00003230  __TI_CINIT_Limit              
000031fc  __TI_Handler_Table_Base       
00003208  __TI_Handler_Table_Limit      
00002b01  __TI_auto_init_nobinit_nopinit
000027fd  __TI_decompress_lzss          
00002f3b  __TI_decompress_none          
ffffffff  __TI_pprof_out_hndl           
ffffffff  __TI_prof_data_size           
ffffffff  __TI_prof_data_start          
00000000  __TI_static_base__            
00002f61  __TI_zero_init                
00002aff  __aeabi_idiv0                 
00002aff  __aeabi_ldiv0                 
0000271b  __aeabi_memclr                
0000271b  __aeabi_memclr4               
0000271b  __aeabi_memclr8               
00002605  __aeabi_memcpy                
00002605  __aeabi_memcpy4               
00002605  __aeabi_memcpy8               
0000271d  __aeabi_memset                
0000271d  __aeabi_memset4               
0000271d  __aeabi_memset8               
00002b45  __aeabi_uidiv                 
00002b45  __aeabi_uidivmod              
ffffffff  __binit__                     
ffffffff  __c_args__                    
UNDEFED   __mpu_init                    
200065a0  __stack                       
20000000  __start___llvm_prf_cnts       
20000000  __stop___llvm_prf_cnts        
00002c99  _c_int00_noargs               
200067a0  _lock                         
00002a1f  _nop                          
UNDEFED   _system_post_cinit            
00003001  _system_pre_init              
200067a4  _unlock                       
00003005  abort                         
200067af  aliveCount                    
ffffffff  binit                         
0000067d  delay_ms                      
20000000  g_pfnRAMVectors               
00000000  g_pfnVectors                  
000024a5  main                          
00002605  memcpy                        
00002723  memset                        
00002ccd  rand                          
20006584  sem_I2CA                      
20006588  sem_JOY                       
2000658c  sem_KillCube                  
20006590  sem_PCA9555                   
20006594  sem_SPI                       
20006598  sem_UART                      
000015c5  sleep                         
00002ed1  strcpy                        


GLOBAL SYMBOLS: SORTED BY Symbol Address 

address   name                          
-------   ----                          
00000000  __TI_static_base__            
00000000  g_pfnVectors                  
00000200  __STACK_SIZE                  
0000026d  ST7789_Select                 
0000027b  ST7789_Deselect               
00000289  ST7789_SetData                
00000297  ST7789_SetCommand             
000002a5  ST7789_WriteCommand           
000002bb  ST7789_WriteData              
000002d1  ST7789_ReadRegister           
000002e7  ST7789_SetWindow              
000003b3  ST7789_DrawVLine              
00000449  ST7789_DrawHLine              
000004fd  ST7789_Line                   
0000067d  delay_ms                      
0000069b  ST7789_Init                   
0000076b  ST7789_DrawPixel              
000007bd  ST7789_Fill                   
000007d9  ST7789_DrawLine               
000008a9  ST7789_DrawRectangle          
00000cdb  Idle_Thread_Frogger           
00000ced  Frogger_Init                  
00000d59  Move_Frog                     
00000da7  Move_Car                      
00000da9  Get_Joystick_Frogger          
00000ea3  Update_Cars                   
00000f33  Frogger_GPIOD_Handler         
00000f61  Frog_Mov                      
00001015  Frogger_GPIOE_Handler         
000010bb  SysTick_Handler               
00001151  G8RTOS_Init                   
0000116b  G8RTOS_Launch                 
0000118f  G8RTOS_Scheduler              
00001209  G8RTOS_AddThread              
000013dd  G8RTOS_Add_APeriodicEvent     
00001451  G8RTOS_Add_PeriodicEvent      
00001507  G8RTOS_KillThread             
000015a1  G8RTOS_KillSelf               
000015c5  sleep                         
000015ef  G8RTOS_GetThreadID            
000015f7  G8RTOS_GetNumberOfThreads     
0000161d  SetInitialStack               
00001751  UARTStdioConfig               
00001797  UARTwrite                     
000017e7  UARTgets                      
000018a1  UARTgetc                      
000018c9  UARTvprintf                   
00001bc3  UARTprintf                    
00001bf9  I2C_Init                      
00001c75  I2C_WriteSingle               
00001cab  I2C_ReadSingle                
00001cdb  I2C_WriteMultiple             
00001d89  I2C_ReadMultiple              
00001e71  SPI_Init                      
00001eed  SPI_WriteSingle               
00001f0b  SPI_ReadSingle                
00001f33  SPI_WriteMultiple             
00001f93  SPI_ReadMultiple              
00002011  GPIOPadConfigSet              
0000217d  SysCtlClockGet                
00002295  JOYSTICK_Init                 
000022f1  JOYSTICK_IntEnable            
00002327  JOYSTICK_GetPress             
00002335  JOYSTICK_GetX                 
00002343  JOYSTICK_GetY                 
00002351  JOYSTICK_GetXY                
0000239d  SysCtlClockSet                
000024a5  main                          
0000255d  G8RTOS_InitSemaphore          
0000256f  G8RTOS_WaitSemaphore          
000025b1  G8RTOS_SignalSemaphore        
00002605  __aeabi_memcpy                
00002605  __aeabi_memcpy4               
00002605  __aeabi_memcpy8               
00002605  memcpy                        
000026a1  ADCSequenceStepConfigure      
0000271b  __aeabi_memclr                
0000271b  __aeabi_memclr4               
0000271b  __aeabi_memclr8               
0000271d  __aeabi_memset                
0000271d  __aeabi_memset4               
0000271d  __aeabi_memset8               
00002723  memset                        
00002795  IntEnable                     
000027fd  __TI_decompress_lzss          
00002865  MultimodButtons_Init          
000028a9  MultimodButtons_Get           
000028cd  UART_Init                     
00002929  GPIOIntTypeSet                
00002985  G8RTOS_Start                  
000029a7  PendSV_Handler                
000029d1  ADCSequenceConfigure          
00002a1f  _nop                          
00002a21  GPIOPinConfigure              
00002a6d  I2CMasterInitExpClk           
00002ab9  UARTConfigSetExpClk           
00002aff  __aeabi_idiv0                 
00002aff  __aeabi_ldiv0                 
00002b01  __TI_auto_init_nobinit_nopinit
00002b45  __aeabi_uidiv                 
00002b45  __aeabi_uidivmod              
00002b85  SSIConfigSetExpClk            
00002bc1  SysCtlPeripheralPresent       
00002bf9  SysCtlPeripheralReady         
00002c31  IntRegister                   
00002c65  SysCtlPeripheralEnable        
00002c99  _c_int00_noargs               
00002ccd  rand                          
00002d01  ADCIntStatus                  
00002d2f  GPIODirModeSet                
00002d5d  IntPrioritySet                
00002d81  UARTDisable                   
00002da1  ADCSequenceDataGet            
00002dc1  SysTickIntRegister            
00002ddd  GPIOPinTypeGPIOOutput         
00002df7  ADCProcessorTrigger           
00002e0f  GPIOPinTypeADC                
00002e25  GPIOPinTypeGPIOInput          
00002e3b  GPIOPinTypeI2C                
00002e51  GPIOPinTypeI2CSCL             
00002e67  GPIOPinTypeSSI                
00002e7d  GPIOPinTypeUART               
00002e95  SysTickEnable                 
00002ea9  SysTickIntEnable              
00002ebd  UARTEnable                    
00002ed1  strcpy                        
00002ee5  SysTickPeriodSet              
00002ef5  ADCIntDisable                 
00002f03  ADCSequenceDisable            
00002f11  ADCSequenceEnable             
00002f1f  StartCriticalSection          
00002f27  EndCriticalSection            
00002f2d  GPIOIntDisable                
00002f3b  __TI_decompress_none          
00002f49  GPIOIntEnable                 
00002f55  SSIDataGet                    
00002f61  __TI_zero_init                
00002f6d  ResetISR                      
00002f79  ADCIntClear                   
00002f83  I2CMasterEnable               
00002f8d  SSIDataPut                    
00002f97  SSIDisable                    
00002fa1  SSIEnable                     
00002fab  UARTCharGet                   
00002fb5  UARTCharPut                   
00002fbf  I2CMasterBusy                 
00002fc7  I2CMasterSlaveAddrSet         
00002fcf  SSIBusy                       
00002fd7  GPIOIntClear                  
00002fdd  GPIOPinRead                   
00002fe3  GPIOPinWrite                  
00002fe9  SSIClockSourceSet             
00002fef  SysCtlDelay                   
00002ff5  I2CMasterControl              
00002ff9  I2CMasterDataGet              
00002ffd  I2CMasterDataPut              
00003001  _system_pre_init              
00003005  C$$EXIT                       
00003005  abort                         
000031fc  __TI_Handler_Table_Base       
00003208  __TI_Handler_Table_Limit      
00003218  __TI_CINIT_Base               
00003230  __TI_CINIT_Limit              
20000000  __start___llvm_prf_cnts       
20000000  __stop___llvm_prf_cnts        
20000000  g_pfnRAMVectors               
20006578  CurrentlyRunningThread        
2000657c  IBit_State                    
20006580  SystemTime                    
20006584  sem_I2CA                      
20006588  sem_JOY                       
2000658c  sem_KillCube                  
20006590  sem_PCA9555                   
20006594  sem_SPI                       
20006598  sem_UART                      
200065a0  __stack                       
200067a0  __STACK_END                   
200067a0  __STACK_TOP                   
200067a0  _lock                         
200067a4  _unlock                       
200067af  aliveCount                    
ffffffff  __TI_pprof_out_hndl           
ffffffff  __TI_prof_data_size           
ffffffff  __TI_prof_data_start          
ffffffff  __binit__                     
ffffffff  __c_args__                    
ffffffff  binit                         
UNDEFED   __mpu_init                    
UNDEFED   _system_post_cinit            

[189 symbols]
