******************************************************************************
                  TI ARM Linker PC v20.2.7                     
******************************************************************************
>> Linked Tue Oct 21 18:14:52 2025

OUTPUT FILE NAME:   <Lab4_F2025.out>
ENTRY POINT SYMBOL: "_c_int00_noargs"  address: 00002b2d


MEMORY CONFIGURATION

         name            origin    length      used     unused   attr    fill
----------------------  --------  ---------  --------  --------  ----  --------
  FLASH                 00000000   00040000  0000305c  0003cfa4  R  X
  SRAM                  20000000   00008000  00006841  000017bf  RW X


SEGMENT ALLOCATION MAP

run origin  load origin   length   init length attrs members
----------  ----------- ---------- ----------- ----- -------
00000000    00000000    00003060   00003060    r-x
  00000000    00000000    0000026c   0000026c    r-- .intvecs
  0000026c    0000026c    00002be8   00002be8    r-x .text
  00002e54    00002e54    000001c8   000001c8    r-- .const
  00003020    00003020    00000040   00000040    r-- .cinit
20000000    20000000    00006841   00000000    rw-
  20000000    20000000    0000026c   00000000    rw- .vtable
  2000026c    2000026c    000063cc   00000000    rw- .bss
  20006638    20006638    00000200   00000000    rw- .stack
  20006838    20006838    00000009   00000000    rw- .data


SECTION ALLOCATION MAP

 output                                  attributes/
section   page    origin      length       input sections
--------  ----  ----------  ----------   ----------------
.intvecs   0    00000000    0000026c     
                  00000000    0000026c     tm4c123gh6pm_startup_ccs.obj (.intvecs)

.text      0    0000026c    00002be8     
                  0000026c    00000734     multimod_ST7789.obj (.text)
                  000009a0    000004a8     uartstdio.obj (.text)
                  00000e48    00000418     G8RTOS_Scheduler.obj (.text)
                  00001260    000002c8     multimod_BMI160.obj (.text)
                  00001528    00000270     multimod_i2c.obj (.text)
                  00001798    0000023c     threads.obj (.text)
                  000019d4    000001c4     G8RTOS_IPC.obj (.text)
                  00001b98    000001a0     multimod_spi.obj (.text)
                  00001d38    00000178     multimod_LaunchpadLED.obj (.text)
                  00001eb0    0000016c     driverlib.lib : gpio.obj (.text:GPIOPadConfigSet)
                  0000201c    00000138     multimod_OPT3001.obj (.text)
                  00002154    00000118     driverlib.lib : sysctl.obj (.text:SysCtlClockGet)
                  0000226c    000000fc     rtsv7M4_T_le_v4SPD16_eabi.lib : fd_mul_t2.asm.obj (.text)
                  00002368    000000f4     driverlib.lib : sysctl.obj (.text:SysCtlClockSet)
                  0000245c    000000cc     lab4_1.obj (.text)
                  00002528    000000a4     G8RTOS_Semaphores.obj (.text)
                  000025cc    0000009c     rtsv7M4_T_le_v4SPD16_eabi.lib : memcpy_t2.asm.obj (.text)
                  00002668    0000007a                                   : memset_t2.asm.obj (.text)
                  000026e2    00000002                                   : div0.asm.obj (.text)
                  000026e4    00000074     multimod_LaunchpadButtons.obj (.text)
                  00002758    00000068     rtsv7M4_T_le_v4SPD16_eabi.lib : copy_decompress_lzss.c.obj (.text:decompress:lzss:__TI_decompress_lzss)
                  000027c0    0000005c     multimod_uart.obj (.text)
                  0000281c    00000050     G8RTOS_SchedulerASM.obj (.text)
                  0000286c    0000004c     driverlib.lib : gpio.obj (.text:GPIOPinConfigure)
                  000028b8    0000004c                   : i2c.obj (.text:I2CMasterInitExpClk)
                  00002904    00000048     rtsv7M4_T_le_v4SPD16_eabi.lib : fd_toi_t2.asm.obj (.text)
                  0000294c    00000046     driverlib.lib : uart.obj (.text:UARTConfigSetExpClk)
                  00002992    00000002     --HOLE-- [fill = 0]
                  00002994    00000044     rtsv7M4_T_le_v4SPD16_eabi.lib : autoinit.c.obj (.text:__TI_auto_init_nobinit_nopinit:__TI_auto_init_nobinit_nopinit)
                  000029d8    00000040                                   : u_divt2.asm.obj (.text)
                  00002a18    0000003c     driverlib.lib : ssi.obj (.text:SSIConfigSetExpClk)
                  00002a54    00000038                   : sysctl.obj (.text:SysCtlPeripheralPresent)
                  00002a8c    00000038                   : sysctl.obj (.text:SysCtlPeripheralReady)
                  00002ac4    00000034                   : interrupt.obj (.text:IntRegister)
                  00002af8    00000034                   : sysctl.obj (.text:SysCtlPeripheralEnable)
                  00002b2c    00000034     rtsv7M4_T_le_v4SPD16_eabi.lib : boot_cortex_m.c.obj (.text:_c_int00_noargs:_c_int00_noargs)
                  00002b60    0000002e                                   : i_tofd_t2.asm.obj (.text)
                  00002b8e    0000002c     driverlib.lib : gpio.obj (.text:GPIODirModeSet)
                  00002bba    00000002     --HOLE-- [fill = 0]
                  00002bbc    00000024                   : interrupt.obj (.text:IntPrioritySet)
                  00002be0    00000022                   : pwm.obj (.text:PWMGenConfigure)
                  00002c02    00000002     --HOLE-- [fill = 0]
                  00002c04    00000020                   : uart.obj (.text:UARTDisable)
                  00002c24    0000001e                   : pwm.obj (.text:PWMPulseWidthSet)
                  00002c42    00000002     --HOLE-- [fill = 0]
                  00002c44    0000001c                   : systick.obj (.text:SysTickIntRegister)
                  00002c60    0000001a                   : gpio.obj (.text:GPIOPinTypeGPIOOutput)
                  00002c7a    00000002     --HOLE-- [fill = 0]
                  00002c7c    00000018                   : gpio.obj (.text:GPIOUnlockPin)
                  00002c94    00000016                   : gpio.obj (.text:GPIOPinTypeGPIOInput)
                  00002caa    00000016                   : gpio.obj (.text:GPIOPinTypeI2C)
                  00002cc0    00000016                   : gpio.obj (.text:GPIOPinTypeI2CSCL)
                  00002cd6    00000016                   : gpio.obj (.text:GPIOPinTypePWM)
                  00002cec    00000016                   : gpio.obj (.text:GPIOPinTypeSSI)
                  00002d02    00000016                   : gpio.obj (.text:GPIOPinTypeUART)
                  00002d18    00000014                   : systick.obj (.text:SysTickEnable)
                  00002d2c    00000014                   : systick.obj (.text:SysTickIntEnable)
                  00002d40    00000014                   : uart.obj (.text:UARTEnable)
                  00002d54    00000012                   : pwm.obj (.text:PWMOutputState)
                  00002d66    00000010                   : pwm.obj (.text:PWMGenPeriodSet)
                  00002d76    00000002     --HOLE-- [fill = 0]
                  00002d78    00000010                   : systick.obj (.text:SysTickPeriodSet)
                  00002d88    0000000e     G8RTOS_CriticalSection.obj (.text)
                  00002d96    0000000e     rtsv7M4_T_le_v4SPD16_eabi.lib : copy_decompress_none.c.obj (.text:decompress:none:__TI_decompress_none)
                  00002da4    0000000c     driverlib.lib : pwm.obj (.text:PWMGenEnable)
                  00002db0    0000000c                   : ssi.obj (.text:SSIDataGet)
                  00002dbc    0000000c     rtsv7M4_T_le_v4SPD16_eabi.lib : copy_zero_init.c.obj (.text:decompress:ZI:__TI_zero_init)
                  00002dc8    0000000c     tm4c123gh6pm_startup_ccs.obj (.text)
                  00002dd4    0000000a     driverlib.lib : i2c.obj (.text:I2CMasterEnable)
                  00002dde    0000000a                   : ssi.obj (.text:SSIDataPut)
                  00002de8    0000000a                   : ssi.obj (.text:SSIDisable)
                  00002df2    0000000a                   : ssi.obj (.text:SSIEnable)
                  00002dfc    0000000a                   : uart.obj (.text:UARTCharGet)
                  00002e06    0000000a                   : uart.obj (.text:UARTCharPut)
                  00002e10    00000008                   : i2c.obj (.text:I2CMasterBusy)
                  00002e18    00000008                   : i2c.obj (.text:I2CMasterSlaveAddrSet)
                  00002e20    00000008                   : ssi.obj (.text:SSIBusy)
                  00002e28    00000006                   : gpio.obj (.text:GPIOPinRead)
                  00002e2e    00000006                   : gpio.obj (.text:GPIOPinWrite)
                  00002e34    00000006                   : ssi.obj (.text:SSIClockSourceSet)
                  00002e3a    00000006                   : sysctl.obj (.text:SysCtlDelay)
                  00002e40    00000004                   : i2c.obj (.text:I2CMasterControl)
                  00002e44    00000004                   : i2c.obj (.text:I2CMasterDataGet)
                  00002e48    00000004                   : i2c.obj (.text:I2CMasterDataPut)
                  00002e4c    00000004     rtsv7M4_T_le_v4SPD16_eabi.lib : pre_init.c.obj (.text:_system_pre_init)
                  00002e50    00000004                                   : exit.c.obj (.text:abort:abort)

.const     0    00002e54    000001c8     
                  00002e54    0000009c     driverlib.lib : interrupt.obj (.const:g_pui32Regs)
                  00002ef0    00000090                   : gpio.obj (.const:g_pui32GPIOBaseAddrs)
                  00002f80    0000006c                   : sysctl.obj (.const:g_pui32Xtals)
                  00002fec    00000012     uartstdio.obj (.const:.string)
                  00002ffe    00000002     --HOLE-- [fill = 0]
                  00003000    0000000c     uartstdio.obj (.const:g_ui32UARTBase)
                  0000300c    0000000c     uartstdio.obj (.const:g_ui32UARTPeriph)
                  00003018    00000004     uartstdio.obj (.const)

.cinit     0    00003020    00000040     
                  00003020    0000000c     (__TI_handler_table)
                  0000302c    0000000a     (.cinit..data.load) [load image, compression = lzss]
                  00003036    00000002     --HOLE-- [fill = 0]
                  00003038    00000008     (.cinit..bss.load) [load image, compression = zero_init]
                  00003040    00000008     (.cinit..vtable.load) [load image, compression = zero_init]
                  00003048    00000018     (__TI_cinit_table)

.init_array 
*          0    00000000    00000000     UNINITIALIZED

.vtable    0    20000000    0000026c     UNINITIALIZED
                  20000000    0000026c     driverlib.lib : interrupt.obj (.vtable)

.bss       0    2000026c    000063cc     UNINITIALIZED
                  2000026c    00006000     G8RTOS_Scheduler.obj (.bss:threadStacks)
                  2000626c    00000210     G8RTOS_Scheduler.obj (.bss:threadControlBlocks)
                  2000647c    00000150     G8RTOS_IPC.obj (.bss:FIFOs)
                  200065cc    00000048     G8RTOS_Scheduler.obj (.bss:pthreadControlBlocks)
                  20006614    00000008     G8RTOS_Scheduler.obj (.bss)
                  2000661c    00000004     (.common:CurrentlyRunningThread)
                  20006620    00000004     (.common:IBit_State)
                  20006624    00000004     (.common:SystemTime)
                  20006628    00000004     (.common:pulse_width)
                  2000662c    00000004     (.common:sem_I2CA)
                  20006630    00000004     (.common:sem_SPI)
                  20006634    00000004     (.common:sem_UART)

.data      0    20006838    00000009     UNINITIALIZED
                  20006838    00000005     uartstdio.obj (.data)
                  2000683d    00000004     threads.obj (.data)

.stack     0    20006638    00000200     UNINITIALIZED
                  20006638    00000004     rtsv7M4_T_le_v4SPD16_eabi.lib : boot_cortex_m.c.obj (.stack)
                  2000663c    000001fc     --HOLE--

__llvm_prf_cnts 
*          0    20000000    00000000     UNINITIALIZED

MODULE SUMMARY

       Module                          code    ro data   rw data
       ------                          ----    -------   -------
    .\
       uartstdio.obj                   1192    46        5      
       tm4c123gh6pm_startup_ccs.obj    12      620       0      
       threads.obj                     572     0         4      
       lab4_1.obj                      204     0         16     
    +--+-------------------------------+-------+---------+---------+
       Total:                          1980    666       25     
                                                                
    .\G8RTOS\src\
       G8RTOS_Scheduler.obj            1048    0         25192  
       G8RTOS_IPC.obj                  452     0         336    
       G8RTOS_Semaphores.obj           164     0         0      
       G8RTOS_SchedulerASM.obj         80      0         0      
       G8RTOS_CriticalSection.obj      14      0         0      
    +--+-------------------------------+-------+---------+---------+
       Total:                          1758    0         25528  
                                                                
    .\MultimodDrivers\src\
       multimod_ST7789.obj             1844    0         0      
       multimod_BMI160.obj             712     0         0      
       multimod_i2c.obj                624     0         0      
       multimod_spi.obj                416     0         0      
       multimod_LaunchpadLED.obj       376     0         4      
       multimod_OPT3001.obj            312     0         0      
       multimod_LaunchpadButtons.obj   116     0         0      
       multimod_uart.obj               92      0         0      
    +--+-------------------------------+-------+---------+---------+
       Total:                          4492    0         4      
                                                                
    C:/ti/TivaWare_C_Series-2.2.0.295/driverlib/ccs/Debug/driverlib.lib
       interrupt.obj                   88      156       620    
       gpio.obj                        678     144       0      
       sysctl.obj                      694     108       0      
       uart.obj                        142     0         0      
       ssi.obj                         116     0         0      
       i2c.obj                         114     0         0      
       pwm.obj                         110     0         0      
       systick.obj                     84      0         0      
    +--+-------------------------------+-------+---------+---------+
       Total:                          2026    408       620    
                                                                
    C:\ti\ccs1281\ccs\tools\compiler\ti-cgt-arm_20.2.7.LTS\lib\rtsv7M4_T_le_v4SPD16_eabi.lib
       fd_mul_t2.asm.obj               252     0         0      
       memcpy_t2.asm.obj               156     0         0      
       memset_t2.asm.obj               122     0         0      
       copy_decompress_lzss.c.obj      104     0         0      
       fd_toi_t2.asm.obj               72      0         0      
       autoinit.c.obj                  68      0         0      
       u_divt2.asm.obj                 64      0         0      
       boot_cortex_m.c.obj             52      0         0      
       i_tofd_t2.asm.obj               46      0         0      
       copy_decompress_none.c.obj      14      0         0      
       copy_zero_init.c.obj            12      0         0      
       exit.c.obj                      4       0         0      
       pre_init.c.obj                  4       0         0      
       div0.asm.obj                    2       0         0      
    +--+-------------------------------+-------+---------+---------+
       Total:                          972     0         0      
                                                                
       Stack:                          0       0         512    
       Linker Generated:               0       62        0      
    +--+-------------------------------+-------+---------+---------+
       Grand Total:                    11228   1136      26689  


LINKER GENERATED COPY TABLES

__TI_cinit_table @ 00003048 records: 3, size/record: 8, table size: 24
	.data: load addr=0000302c, load size=0000000a bytes, run addr=20006838, run size=00000009 bytes, compression=lzss
	.bss: load addr=00003038, load size=00000008 bytes, run addr=2000026c, run size=000063cc bytes, compression=zero_init
	.vtable: load addr=00003040, load size=00000008 bytes, run addr=20000000, run size=0000026c bytes, compression=zero_init


LINKER GENERATED HANDLER TABLE

__TI_handler_table @ 00003020 records: 3, size/record: 4, table size: 12
	index: 0, handler: __TI_zero_init
	index: 1, handler: __TI_decompress_lzss
	index: 2, handler: __TI_decompress_none


GLOBAL SYMBOLS: SORTED ALPHABETICALLY BY Name 

address   name                          
-------   ----                          
00001799  Accel                         
000012f7  BMI160_AccelXGetResult        
00001441  BMI160_AccelXYZGetResult      
0000131b  BMI160_AccelYGetResult        
0000133f  BMI160_AccelZGetResult        
00001519  BMI160_GetDataStatus          
00001363  BMI160_GyroXGetResult         
00001489  BMI160_GyroXYZGetResult       
00001387  BMI160_GyroYGetResult         
000013ab  BMI160_GyroZGetResult         
00001261  BMI160_Init                   
000013cf  BMI160_MagXGetResult          
000014d1  BMI160_MagXYZGetResult        
000013f5  BMI160_MagYGetResult          
0000141b  BMI160_MagZGetResult          
000012cf  BMI160_MultiReadRegister      
000012ab  BMI160_ReadRegister           
0000127b  BMI160_WriteRegister          
00002e51  C$$EXIT                       
2000661c  CurrentlyRunningThread        
00002d91  EndCriticalSection            
000018cb  FIFOConsumer                  
000018a9  FIFOProducer                  
00000f97  G8RTOS_AddThread              
00001099  G8RTOS_Add_APeriodicEvent     
000010ab  G8RTOS_Add_PeriodicEvent      
0000110b  G8RTOS_GetNumberOfThreads     
00001103  G8RTOS_GetThreadID            
00000ec5  G8RTOS_Init                   
000019d5  G8RTOS_InitFIFO               
00002529  G8RTOS_InitSemaphore          
000010d3  G8RTOS_KillSelf               
000010bb  G8RTOS_KillThread             
00000f19  G8RTOS_Launch                 
00001a3b  G8RTOS_ReadFIFO               
00000f3d  G8RTOS_Scheduler              
0000257b  G8RTOS_SignalSemaphore        
00002821  G8RTOS_Start                  
0000253b  G8RTOS_WaitSemaphore          
00001ac5  G8RTOS_WriteFIFO              
00002b8f  GPIODirModeSet                
00001eb1  GPIOPadConfigSet              
0000286d  GPIOPinConfigure              
00002e29  GPIOPinRead                   
00002c95  GPIOPinTypeGPIOInput          
00002c61  GPIOPinTypeGPIOOutput         
00002cab  GPIOPinTypeI2C                
00002cc1  GPIOPinTypeI2CSCL             
00002cd7  GPIOPinTypePWM                
00002ced  GPIOPinTypeSSI                
00002d03  GPIOPinTypeUART               
00002e2f  GPIOPinWrite                  
00002c7d  GPIOUnlockPin                 
000017cf  Gyro                          
00002e11  I2CMasterBusy                 
00002e41  I2CMasterControl              
00002e45  I2CMasterDataGet              
00002e49  I2CMasterDataPut              
00002dd5  I2CMasterEnable               
000028b9  I2CMasterInitExpClk           
00002e19  I2CMasterSlaveAddrSet         
00001529  I2C_Init                      
000016b9  I2C_ReadMultiple              
000015db  I2C_ReadSingle                
0000160b  I2C_WriteMultiple             
000015a5  I2C_WriteSingle               
20006620  IBit_State                    
000018ed  Idle_Thread                   
00002bbd  IntPrioritySet                
00002ac5  IntRegister                   
000026e5  LaunchpadButtons_Init         
00002711  LaunchpadButtons_ReadSW1      
00002731  LaunchpadButtons_ReadSW2      
00001d39  LaunchpadLED_Init             
00001df5  LaunchpadLED_PWMSetDuty       
0000213d  OPT3001_GetChipID             
000020a1  OPT3001_GetResult             
0000201d  OPT3001_Init                  
00002073  OPT3001_ReadRegister          
0000211d  OPT3001_SetHighLimit          
000020fd  OPT3001_SetLowLimit           
00002031  OPT3001_WriteRegister         
00001847  Opto                          
00002be1  PWMGenConfigure               
00002da5  PWMGenEnable                  
00002d67  PWMGenPeriodSet               
00002d55  PWMOutputState                
00002c25  PWMPulseWidthSet              
00002843  PendSV_Handler                
00002dc9  ResetISR                      
00001b99  SPI_Init                      
00001cbb  SPI_ReadMultiple              
00001c33  SPI_ReadSingle                
00001c5b  SPI_WriteMultiple             
00001c15  SPI_WriteSingle               
00002e21  SSIBusy                       
00002e35  SSIClockSourceSet             
00002a19  SSIConfigSetExpClk            
00002db1  SSIDataGet                    
00002ddf  SSIDataPut                    
00002de9  SSIDisable                    
00002df3  SSIEnable                     
0000027b  ST7789_Deselect               
00000449  ST7789_DrawHLine              
000007d9  ST7789_DrawLine               
0000076b  ST7789_DrawPixel              
000008a9  ST7789_DrawRectangle          
000003b3  ST7789_DrawVLine              
000007bd  ST7789_Fill                   
0000069b  ST7789_Init                   
000004fd  ST7789_Line                   
000002d1  ST7789_ReadRegister           
0000026d  ST7789_Select                 
00000297  ST7789_SetCommand             
00000289  ST7789_SetData                
000002e7  ST7789_SetWindow              
000002a5  ST7789_WriteCommand           
000002bb  ST7789_WriteData              
00001135  SetInitialStack               
00002d89  StartCriticalSection          
00002155  SysCtlClockGet                
00002369  SysCtlClockSet                
00002e3b  SysCtlDelay                   
00002af9  SysCtlPeripheralEnable        
00002a55  SysCtlPeripheralPresent       
00002a8d  SysCtlPeripheralReady         
00002d19  SysTickEnable                 
00002d2d  SysTickIntEnable              
00002c45  SysTickIntRegister            
00002d79  SysTickPeriodSet              
00000e73  SysTick_Handler               
20006624  SystemTime                    
00002dfd  UARTCharGet                   
00002e07  UARTCharPut                   
0000294d  UARTConfigSetExpClk           
00002c05  UARTDisable                   
00002d41  UARTEnable                    
000009a1  UARTStdioConfig               
000027c1  UART_Init                     
00000af1  UARTgetc                      
00000a37  UARTgets                      
00000e13  UARTprintf                    
00000b19  UARTvprintf                   
000009e7  UARTwrite                     
20006838  __STACK_END                   
00000200  __STACK_SIZE                  
20006838  __STACK_TOP                   
00003048  __TI_CINIT_Base               
00003060  __TI_CINIT_Limit              
00003020  __TI_Handler_Table_Base       
0000302c  __TI_Handler_Table_Limit      
00002995  __TI_auto_init_nobinit_nopinit
00002759  __TI_decompress_lzss          
00002d97  __TI_decompress_none          
ffffffff  __TI_pprof_out_hndl           
ffffffff  __TI_prof_data_size           
ffffffff  __TI_prof_data_start          
00000000  __TI_static_base__            
00002dbd  __TI_zero_init                
00002905  __aeabi_d2iz                  
0000226d  __aeabi_dmul                  
00002b61  __aeabi_i2d                   
000026e3  __aeabi_idiv0                 
000026e3  __aeabi_ldiv0                 
00002669  __aeabi_memclr                
00002669  __aeabi_memclr4               
00002669  __aeabi_memclr8               
000025cd  __aeabi_memcpy                
000025cd  __aeabi_memcpy4               
000025cd  __aeabi_memcpy8               
0000266b  __aeabi_memset                
0000266b  __aeabi_memset4               
0000266b  __aeabi_memset8               
000029d9  __aeabi_uidiv                 
000029d9  __aeabi_uidivmod              
ffffffff  __binit__                     
ffffffff  __c_args__                    
UNDEFED   __mpu_init                    
20006638  __stack                       
20000000  __start___llvm_prf_cnts       
20000000  __stop___llvm_prf_cnts        
00002b2d  _c_int00_noargs               
UNDEFED   _system_post_cinit            
00002e4d  _system_pre_init              
00002e51  abort                         
ffffffff  binit                         
0000067d  delay_ms                      
20000000  g_pfnRAMVectors               
00000000  g_pfnVectors                  
20006840  idle_count                    
2000683e  joystick_y                    
2000683f  kill_cube                     
00002479  main                          
000025cd  memcpy                        
00002671  memset                        
2000683d  num_cubes                     
20006628  pulse_width                   
2000662c  sem_I2CA                      
20006630  sem_SPI                       
20006634  sem_UART                      
000010d9  sleep                         


GLOBAL SYMBOLS: SORTED BY Symbol Address 

address   name                          
-------   ----                          
00000000  __TI_static_base__            
00000000  g_pfnVectors                  
00000200  __STACK_SIZE                  
0000026d  ST7789_Select                 
0000027b  ST7789_Deselect               
00000289  ST7789_SetData                
00000297  ST7789_SetCommand             
000002a5  ST7789_WriteCommand           
000002bb  ST7789_WriteData              
000002d1  ST7789_ReadRegister           
000002e7  ST7789_SetWindow              
000003b3  ST7789_DrawVLine              
00000449  ST7789_DrawHLine              
000004fd  ST7789_Line                   
0000067d  delay_ms                      
0000069b  ST7789_Init                   
0000076b  ST7789_DrawPixel              
000007bd  ST7789_Fill                   
000007d9  ST7789_DrawLine               
000008a9  ST7789_DrawRectangle          
000009a1  UARTStdioConfig               
000009e7  UARTwrite                     
00000a37  UARTgets                      
00000af1  UARTgetc                      
00000b19  UARTvprintf                   
00000e13  UARTprintf                    
00000e73  SysTick_Handler               
00000ec5  G8RTOS_Init                   
00000f19  G8RTOS_Launch                 
00000f3d  G8RTOS_Scheduler              
00000f97  G8RTOS_AddThread              
00001099  G8RTOS_Add_APeriodicEvent     
000010ab  G8RTOS_Add_PeriodicEvent      
000010bb  G8RTOS_KillThread             
000010d3  G8RTOS_KillSelf               
000010d9  sleep                         
00001103  G8RTOS_GetThreadID            
0000110b  G8RTOS_GetNumberOfThreads     
00001135  SetInitialStack               
00001261  BMI160_Init                   
0000127b  BMI160_WriteRegister          
000012ab  BMI160_ReadRegister           
000012cf  BMI160_MultiReadRegister      
000012f7  BMI160_AccelXGetResult        
0000131b  BMI160_AccelYGetResult        
0000133f  BMI160_AccelZGetResult        
00001363  BMI160_GyroXGetResult         
00001387  BMI160_GyroYGetResult         
000013ab  BMI160_GyroZGetResult         
000013cf  BMI160_MagXGetResult          
000013f5  BMI160_MagYGetResult          
0000141b  BMI160_MagZGetResult          
00001441  BMI160_AccelXYZGetResult      
00001489  BMI160_GyroXYZGetResult       
000014d1  BMI160_MagXYZGetResult        
00001519  BMI160_GetDataStatus          
00001529  I2C_Init                      
000015a5  I2C_WriteSingle               
000015db  I2C_ReadSingle                
0000160b  I2C_WriteMultiple             
000016b9  I2C_ReadMultiple              
00001799  Accel                         
000017cf  Gyro                          
00001847  Opto                          
000018a9  FIFOProducer                  
000018cb  FIFOConsumer                  
000018ed  Idle_Thread                   
000019d5  G8RTOS_InitFIFO               
00001a3b  G8RTOS_ReadFIFO               
00001ac5  G8RTOS_WriteFIFO              
00001b99  SPI_Init                      
00001c15  SPI_WriteSingle               
00001c33  SPI_ReadSingle                
00001c5b  SPI_WriteMultiple             
00001cbb  SPI_ReadMultiple              
00001d39  LaunchpadLED_Init             
00001df5  LaunchpadLED_PWMSetDuty       
00001eb1  GPIOPadConfigSet              
0000201d  OPT3001_Init                  
00002031  OPT3001_WriteRegister         
00002073  OPT3001_ReadRegister          
000020a1  OPT3001_GetResult             
000020fd  OPT3001_SetLowLimit           
0000211d  OPT3001_SetHighLimit          
0000213d  OPT3001_GetChipID             
00002155  SysCtlClockGet                
0000226d  __aeabi_dmul                  
00002369  SysCtlClockSet                
00002479  main                          
00002529  G8RTOS_InitSemaphore          
0000253b  G8RTOS_WaitSemaphore          
0000257b  G8RTOS_SignalSemaphore        
000025cd  __aeabi_memcpy                
000025cd  __aeabi_memcpy4               
000025cd  __aeabi_memcpy8               
000025cd  memcpy                        
00002669  __aeabi_memclr                
00002669  __aeabi_memclr4               
00002669  __aeabi_memclr8               
0000266b  __aeabi_memset                
0000266b  __aeabi_memset4               
0000266b  __aeabi_memset8               
00002671  memset                        
000026e3  __aeabi_idiv0                 
000026e3  __aeabi_ldiv0                 
000026e5  LaunchpadButtons_Init         
00002711  LaunchpadButtons_ReadSW1      
00002731  LaunchpadButtons_ReadSW2      
00002759  __TI_decompress_lzss          
000027c1  UART_Init                     
00002821  G8RTOS_Start                  
00002843  PendSV_Handler                
0000286d  GPIOPinConfigure              
000028b9  I2CMasterInitExpClk           
00002905  __aeabi_d2iz                  
0000294d  UARTConfigSetExpClk           
00002995  __TI_auto_init_nobinit_nopinit
000029d9  __aeabi_uidiv                 
000029d9  __aeabi_uidivmod              
00002a19  SSIConfigSetExpClk            
00002a55  SysCtlPeripheralPresent       
00002a8d  SysCtlPeripheralReady         
00002ac5  IntRegister                   
00002af9  SysCtlPeripheralEnable        
00002b2d  _c_int00_noargs               
00002b61  __aeabi_i2d                   
00002b8f  GPIODirModeSet                
00002bbd  IntPrioritySet                
00002be1  PWMGenConfigure               
00002c05  UARTDisable                   
00002c25  PWMPulseWidthSet              
00002c45  SysTickIntRegister            
00002c61  GPIOPinTypeGPIOOutput         
00002c7d  GPIOUnlockPin                 
00002c95  GPIOPinTypeGPIOInput          
00002cab  GPIOPinTypeI2C                
00002cc1  GPIOPinTypeI2CSCL             
00002cd7  GPIOPinTypePWM                
00002ced  GPIOPinTypeSSI                
00002d03  GPIOPinTypeUART               
00002d19  SysTickEnable                 
00002d2d  SysTickIntEnable              
00002d41  UARTEnable                    
00002d55  PWMOutputState                
00002d67  PWMGenPeriodSet               
00002d79  SysTickPeriodSet              
00002d89  StartCriticalSection          
00002d91  EndCriticalSection            
00002d97  __TI_decompress_none          
00002da5  PWMGenEnable                  
00002db1  SSIDataGet                    
00002dbd  __TI_zero_init                
00002dc9  ResetISR                      
00002dd5  I2CMasterEnable               
00002ddf  SSIDataPut                    
00002de9  SSIDisable                    
00002df3  SSIEnable                     
00002dfd  UARTCharGet                   
00002e07  UARTCharPut                   
00002e11  I2CMasterBusy                 
00002e19  I2CMasterSlaveAddrSet         
00002e21  SSIBusy                       
00002e29  GPIOPinRead                   
00002e2f  GPIOPinWrite                  
00002e35  SSIClockSourceSet             
00002e3b  SysCtlDelay                   
00002e41  I2CMasterControl              
00002e45  I2CMasterDataGet              
00002e49  I2CMasterDataPut              
00002e4d  _system_pre_init              
00002e51  C$$EXIT                       
00002e51  abort                         
00003020  __TI_Handler_Table_Base       
0000302c  __TI_Handler_Table_Limit      
00003048  __TI_CINIT_Base               
00003060  __TI_CINIT_Limit              
20000000  __start___llvm_prf_cnts       
20000000  __stop___llvm_prf_cnts        
20000000  g_pfnRAMVectors               
2000661c  CurrentlyRunningThread        
20006620  IBit_State                    
20006624  SystemTime                    
20006628  pulse_width                   
2000662c  sem_I2CA                      
20006630  sem_SPI                       
20006634  sem_UART                      
20006638  __stack                       
20006838  __STACK_END                   
20006838  __STACK_TOP                   
2000683d  num_cubes                     
2000683e  joystick_y                    
2000683f  kill_cube                     
20006840  idle_count                    
ffffffff  __TI_pprof_out_hndl           
ffffffff  __TI_prof_data_size           
ffffffff  __TI_prof_data_start          
ffffffff  __binit__                     
ffffffff  __c_args__                    
ffffffff  binit                         
UNDEFED   __mpu_init                    
UNDEFED   _system_post_cinit            

[201 symbols]
