******************************************************************************
                  TI ARM Linker PC v20.2.7                     
******************************************************************************
>> Linked Wed Oct 29 17:16:19 2025

OUTPUT FILE NAME:   <Lab4_F2025.out>
ENTRY POINT SYMBOL: "_c_int00_noargs"  address: 000033fd


MEMORY CONFIGURATION

         name            origin    length      used     unused   attr    fill
----------------------  --------  ---------  --------  --------  ----  --------
  FLASH                 00000000   00040000  00003a04  0003c5fc  R  X
  SRAM                  20000000   00008000  0000685d  000017a3  RW X


SEGMENT ALLOCATION MAP

run origin  load origin   length   init length attrs members
----------  ----------- ---------- ----------- ----- -------
00000000    00000000    00003a08   00003a08    r-x
  00000000    00000000    0000026c   0000026c    r-- .intvecs
  0000026c    0000026c    0000357c   0000357c    r-x .text
  000037e8    000037e8    000001dc   000001dc    r-- .const
  000039c8    000039c8    00000040   00000040    r-- .cinit
20000000    20000000    00006861   00000000    rw-
  20000000    20000000    0000026c   00000000    rw- .vtable
  2000026c    2000026c    000063e0   00000000    rw- .bss
  20006650    20006650    00000200   00000000    rw- .stack
  20006850    20006850    00000011   00000000    rw- .data


SECTION ALLOCATION MAP

 output                                  attributes/
section   page    origin      length       input sections
--------  ----  ----------  ----------   ----------------
.intvecs   0    00000000    0000026c     
                  00000000    0000026c     tm4c123gh6pm_startup_ccs.obj (.intvecs)

.text      0    0000026c    0000357c     
                  0000026c    00000734     multimod_ST7789.obj (.text)
                  000009a0    0000068c     G8RTOS_Scheduler.obj (.text)
                  0000102c    00000590     threads.obj (.text)
                  000015bc    000004a8     uartstdio.obj (.text)
                  00001a64    000002c8     multimod_BMI160.obj (.text)
                  00001d2c    00000278     multimod_i2c.obj (.text)
                  00001fa4    00000238     G8RTOS_IPC.obj (.text)
                  000021dc    000001a0     multimod_spi.obj (.text)
                  0000237c    00000178     multimod_LaunchpadLED.obj (.text)
                  000024f4    0000016c     driverlib.lib : gpio.obj (.text:GPIOPadConfigSet)
                  00002660    00000138     multimod_OPT3001.obj (.text)
                  00002798    00000118     driverlib.lib : sysctl.obj (.text:SysCtlClockGet)
                  000028b0    00000108     multimod_joystick.obj (.text)
                  000029b8    000000fc     rtsv7M4_T_le_v4SPD16_eabi.lib : fd_mul_t2.asm.obj (.text)
                  00002ab4    000000f4     driverlib.lib : sysctl.obj (.text:SysCtlClockSet)
                  00002ba8    000000e0     lab4_4.obj (.text)
                  00002c88    000000a8     G8RTOS_Semaphores.obj (.text)
                  00002d30    0000009c     rtsv7M4_T_le_v4SPD16_eabi.lib : memcpy_t2.asm.obj (.text)
                  00002dcc    0000007a     driverlib.lib : adc.obj (.text:ADCSequenceStepConfigure)
                  00002e46    0000007a     rtsv7M4_T_le_v4SPD16_eabi.lib : memset_t2.asm.obj (.text)
                  00002ec0    00000068     driverlib.lib : interrupt.obj (.text:IntEnable)
                  00002f28    00000068     rtsv7M4_T_le_v4SPD16_eabi.lib : copy_decompress_lzss.c.obj (.text:decompress:lzss:__TI_decompress_lzss)
                  00002f90    0000005c     multimod_uart.obj (.text)
                  00002fec    00000058     driverlib.lib : gpio.obj (.text:GPIOIntTypeSet)
                  00003044    00000058     multimod_buttons.obj (.text)
                  0000309c    00000050     G8RTOS_SchedulerASM.obj (.text)
                  000030ec    0000004e     driverlib.lib : adc.obj (.text:ADCSequenceConfigure)
                  0000313a    00000002     rtsv7M4_T_le_v4SPD16_eabi.lib : div0.asm.obj (.text)
                  0000313c    0000004c     driverlib.lib : gpio.obj (.text:GPIOPinConfigure)
                  00003188    0000004c                   : i2c.obj (.text:I2CMasterInitExpClk)
                  000031d4    00000048     rtsv7M4_T_le_v4SPD16_eabi.lib : fd_toi_t2.asm.obj (.text)
                  0000321c    00000046     driverlib.lib : uart.obj (.text:UARTConfigSetExpClk)
                  00003262    00000002     --HOLE-- [fill = 0]
                  00003264    00000044     rtsv7M4_T_le_v4SPD16_eabi.lib : autoinit.c.obj (.text:__TI_auto_init_nobinit_nopinit:__TI_auto_init_nobinit_nopinit)
                  000032a8    00000040                                   : u_divt2.asm.obj (.text)
                  000032e8    0000003c     driverlib.lib : ssi.obj (.text:SSIConfigSetExpClk)
                  00003324    00000038                   : sysctl.obj (.text:SysCtlPeripheralPresent)
                  0000335c    00000038                   : sysctl.obj (.text:SysCtlPeripheralReady)
                  00003394    00000034                   : interrupt.obj (.text:IntRegister)
                  000033c8    00000034                   : sysctl.obj (.text:SysCtlPeripheralEnable)
                  000033fc    00000034     rtsv7M4_T_le_v4SPD16_eabi.lib : boot_cortex_m.c.obj (.text:_c_int00_noargs:_c_int00_noargs)
                  00003430    0000002e     driverlib.lib : adc.obj (.text:ADCIntStatus)
                  0000345e    0000002e     rtsv7M4_T_le_v4SPD16_eabi.lib : i_tofd_t2.asm.obj (.text)
                  0000348c    0000002c     driverlib.lib : gpio.obj (.text:GPIODirModeSet)
                  000034b8    00000024                   : interrupt.obj (.text:IntPrioritySet)
                  000034dc    00000022                   : pwm.obj (.text:PWMGenConfigure)
                  000034fe    00000002     --HOLE-- [fill = 0]
                  00003500    00000020                   : uart.obj (.text:UARTDisable)
                  00003520    0000001e                   : adc.obj (.text:ADCSequenceDataGet)
                  0000353e    0000001e                   : pwm.obj (.text:PWMPulseWidthSet)
                  0000355c    0000001c                   : systick.obj (.text:SysTickIntRegister)
                  00003578    0000001a                   : gpio.obj (.text:GPIOPinTypeGPIOOutput)
                  00003592    00000018                   : adc.obj (.text:ADCProcessorTrigger)
                  000035aa    00000016                   : gpio.obj (.text:GPIOPinTypeADC)
                  000035c0    00000016                   : gpio.obj (.text:GPIOPinTypeGPIOInput)
                  000035d6    00000016                   : gpio.obj (.text:GPIOPinTypeI2C)
                  000035ec    00000016                   : gpio.obj (.text:GPIOPinTypeI2CSCL)
                  00003602    00000016                   : gpio.obj (.text:GPIOPinTypePWM)
                  00003618    00000016                   : gpio.obj (.text:GPIOPinTypeSSI)
                  0000362e    00000016                   : gpio.obj (.text:GPIOPinTypeUART)
                  00003644    00000014                   : systick.obj (.text:SysTickEnable)
                  00003658    00000014                   : systick.obj (.text:SysTickIntEnable)
                  0000366c    00000014                   : uart.obj (.text:UARTEnable)
                  00003680    00000014     rtsv7M4_T_le_v4SPD16_eabi.lib : strcpy.c.obj (.text:strcpy)
                  00003694    00000012     driverlib.lib : pwm.obj (.text:PWMOutputState)
                  000036a6    00000010                   : pwm.obj (.text:PWMGenPeriodSet)
                  000036b6    00000002     --HOLE-- [fill = 0]
                  000036b8    00000010                   : systick.obj (.text:SysTickPeriodSet)
                  000036c8    0000000e                   : adc.obj (.text:ADCIntDisable)
                  000036d6    0000000e                   : adc.obj (.text:ADCSequenceDisable)
                  000036e4    0000000e                   : adc.obj (.text:ADCSequenceEnable)
                  000036f2    0000000e     G8RTOS_CriticalSection.obj (.text)
                  00003700    0000000e     driverlib.lib : gpio.obj (.text:GPIOIntDisable)
                  0000370e    0000000e     rtsv7M4_T_le_v4SPD16_eabi.lib : copy_decompress_none.c.obj (.text:decompress:none:__TI_decompress_none)
                  0000371c    0000000c     driverlib.lib : gpio.obj (.text:GPIOIntEnable)
                  00003728    0000000c                   : pwm.obj (.text:PWMGenEnable)
                  00003734    0000000c                   : ssi.obj (.text:SSIDataGet)
                  00003740    0000000c     rtsv7M4_T_le_v4SPD16_eabi.lib : copy_zero_init.c.obj (.text:decompress:ZI:__TI_zero_init)
                  0000374c    0000000c     tm4c123gh6pm_startup_ccs.obj (.text)
                  00003758    0000000a     driverlib.lib : adc.obj (.text:ADCIntClear)
                  00003762    0000000a                   : i2c.obj (.text:I2CMasterEnable)
                  0000376c    0000000a                   : ssi.obj (.text:SSIDataPut)
                  00003776    0000000a                   : ssi.obj (.text:SSIDisable)
                  00003780    0000000a                   : ssi.obj (.text:SSIEnable)
                  0000378a    0000000a                   : uart.obj (.text:UARTCharGet)
                  00003794    0000000a                   : uart.obj (.text:UARTCharPut)
                  0000379e    00000008                   : i2c.obj (.text:I2CMasterBusy)
                  000037a6    00000008                   : i2c.obj (.text:I2CMasterSlaveAddrSet)
                  000037ae    00000008                   : ssi.obj (.text:SSIBusy)
                  000037b6    00000006                   : gpio.obj (.text:GPIOIntClear)
                  000037bc    00000006                   : gpio.obj (.text:GPIOPinRead)
                  000037c2    00000006                   : gpio.obj (.text:GPIOPinWrite)
                  000037c8    00000006                   : ssi.obj (.text:SSIClockSourceSet)
                  000037ce    00000006                   : sysctl.obj (.text:SysCtlDelay)
                  000037d4    00000004                   : i2c.obj (.text:I2CMasterControl)
                  000037d8    00000004                   : i2c.obj (.text:I2CMasterDataGet)
                  000037dc    00000004                   : i2c.obj (.text:I2CMasterDataPut)
                  000037e0    00000004     rtsv7M4_T_le_v4SPD16_eabi.lib : pre_init.c.obj (.text:_system_pre_init)
                  000037e4    00000004                                   : exit.c.obj (.text:abort:abort)

.const     0    000037e8    000001dc     
                  000037e8    0000009c     driverlib.lib : interrupt.obj (.const:g_pui32Regs)
                  00003884    00000090                   : gpio.obj (.const:g_pui32GPIOBaseAddrs)
                  00003914    0000006c                   : sysctl.obj (.const:g_pui32Xtals)
                  00003980    00000014                   : interrupt.obj (.const:g_pui32EnRegs)
                  00003994    00000012     uartstdio.obj (.const:.string)
                  000039a6    00000002     --HOLE-- [fill = 0]
                  000039a8    0000000c     uartstdio.obj (.const:g_ui32UARTBase)
                  000039b4    0000000c     uartstdio.obj (.const:g_ui32UARTPeriph)
                  000039c0    00000004     uartstdio.obj (.const)

.cinit     0    000039c8    00000040     
                  000039c8    0000000c     (__TI_handler_table)
                  000039d4    00000009     (.cinit..data.load) [load image, compression = lzss]
                  000039dd    00000003     --HOLE-- [fill = 0]
                  000039e0    00000008     (.cinit..bss.load) [load image, compression = zero_init]
                  000039e8    00000008     (.cinit..vtable.load) [load image, compression = zero_init]
                  000039f0    00000018     (__TI_cinit_table)

.init_array 
*          0    00000000    00000000     UNINITIALIZED

.vtable    0    20000000    0000026c     UNINITIALIZED
                  20000000    0000026c     driverlib.lib : interrupt.obj (.vtable)

.bss       0    2000026c    000063e0     UNINITIALIZED
                  2000026c    00006000     G8RTOS_Scheduler.obj (.bss:threadStacks)
                  2000626c    00000210     G8RTOS_Scheduler.obj (.bss:threadControlBlocks)
                  2000647c    00000150     G8RTOS_IPC.obj (.bss:FIFOs)
                  200065cc    00000048     G8RTOS_Scheduler.obj (.bss:ptcbs)
                  20006614    00000010     G8RTOS_Scheduler.obj (.bss)
                  20006624    00000004     (.common:CurrentlyRunningThread)
                  20006628    00000004     (.common:IBit_State)
                  2000662c    00000004     (.common:SystemTime)
                  20006630    00000004     (.common:pulse_width)
                  20006634    00000004     (.common:sem_I2CA)
                  20006638    00000004     (.common:sem_JOY)
                  2000663c    00000004     (.common:sem_MMB)
                  20006640    00000004     (.common:sem_SPI)
                  20006644    00000004     (.common:sem_SW1)
                  20006648    00000004     (.common:sem_UART)

.data      0    20006850    00000011     UNINITIALIZED
                  20006850    0000000a     threads.obj (.data)
                  2000685a    00000001     G8RTOS_Scheduler.obj (.data)
                  2000685b    00000001     --HOLE--
                  2000685c    00000005     uartstdio.obj (.data)

.stack     0    20006650    00000200     UNINITIALIZED
                  20006650    00000004     rtsv7M4_T_le_v4SPD16_eabi.lib : boot_cortex_m.c.obj (.stack)
                  20006654    000001fc     --HOLE--

__llvm_prf_cnts 
*          0    20000000    00000000     UNINITIALIZED

MODULE SUMMARY

       Module                         code    ro data   rw data
       ------                         ----    -------   -------
    .\
       threads.obj                    1424    0         10     
       uartstdio.obj                  1192    46        5      
       tm4c123gh6pm_startup_ccs.obj   12      620       0      
       lab4_4.obj                     224     0         28     
    +--+------------------------------+-------+---------+---------+
       Total:                         2852    666       43     
                                                               
    .\G8RTOS\src\
       G8RTOS_Scheduler.obj           1676    0         25201  
       G8RTOS_IPC.obj                 568     0         336    
       G8RTOS_Semaphores.obj          168     0         0      
       G8RTOS_SchedulerASM.obj        80      0         0      
       G8RTOS_CriticalSection.obj     14      0         0      
    +--+------------------------------+-------+---------+---------+
       Total:                         2506    0         25537  
                                                               
    .\MultimodDrivers\src\
       multimod_ST7789.obj            1844    0         0      
       multimod_BMI160.obj            712     0         0      
       multimod_i2c.obj               632     0         0      
       multimod_spi.obj               416     0         0      
       multimod_LaunchpadLED.obj      376     0         4      
       multimod_OPT3001.obj           312     0         0      
       multimod_joystick.obj          264     0         0      
       multimod_uart.obj              92      0         0      
       multimod_buttons.obj           88      0         0      
    +--+------------------------------+-------+---------+---------+
       Total:                         4736    0         4      
                                                               
    C:/ti/TivaWare_C_Series-2.2.0.295/driverlib/ccs/Debug/driverlib.lib
       interrupt.obj                  192     176       620    
       gpio.obj                       796     144       0      
       sysctl.obj                     694     108       0      
       adc.obj                        352     0         0      
       uart.obj                       142     0         0      
       ssi.obj                        116     0         0      
       i2c.obj                        114     0         0      
       pwm.obj                        110     0         0      
       systick.obj                    84      0         0      
    +--+------------------------------+-------+---------+---------+
       Total:                         2600    428       620    
                                                               
    C:\ti\ccs1281\ccs\tools\compiler\ti-cgt-arm_20.2.7.LTS\lib\rtsv7M4_T_le_v4SPD16_eabi.lib
       fd_mul_t2.asm.obj              252     0         0      
       memcpy_t2.asm.obj              156     0         0      
       memset_t2.asm.obj              122     0         0      
       copy_decompress_lzss.c.obj     104     0         0      
       fd_toi_t2.asm.obj              72      0         0      
       autoinit.c.obj                 68      0         0      
       u_divt2.asm.obj                64      0         0      
       boot_cortex_m.c.obj            52      0         0      
       i_tofd_t2.asm.obj              46      0         0      
       strcpy.c.obj                   20      0         0      
       copy_decompress_none.c.obj     14      0         0      
       copy_zero_init.c.obj           12      0         0      
       exit.c.obj                     4       0         0      
       pre_init.c.obj                 4       0         0      
       div0.asm.obj                   2       0         0      
    +--+------------------------------+-------+---------+---------+
       Total:                         992     0         0      
                                                               
       Stack:                         0       0         512    
       Linker Generated:              0       61        0      
    +--+------------------------------+-------+---------+---------+
       Grand Total:                   13686   1155      26716  


LINKER GENERATED COPY TABLES

__TI_cinit_table @ 000039f0 records: 3, size/record: 8, table size: 24
	.data: load addr=000039d4, load size=00000009 bytes, run addr=20006850, run size=00000011 bytes, compression=lzss
	.bss: load addr=000039e0, load size=00000008 bytes, run addr=2000026c, run size=000063e0 bytes, compression=zero_init
	.vtable: load addr=000039e8, load size=00000008 bytes, run addr=20000000, run size=0000026c bytes, compression=zero_init


LINKER GENERATED HANDLER TABLE

__TI_handler_table @ 000039c8 records: 3, size/record: 4, table size: 12
	index: 0, handler: __TI_zero_init
	index: 1, handler: __TI_decompress_lzss
	index: 2, handler: __TI_decompress_none


GLOBAL SYMBOLS: SORTED ALPHABETICALLY BY Name 

address   name                          
-------   ----                          
00003759  ADCIntClear                   
000036c9  ADCIntDisable                 
00003431  ADCIntStatus                  
00003593  ADCProcessorTrigger           
000030ed  ADCSequenceConfigure          
00003521  ADCSequenceDataGet            
000036d7  ADCSequenceDisable            
000036e5  ADCSequenceEnable             
00002dcd  ADCSequenceStepConfigure      
0000102d  Accel                         
00001afb  BMI160_AccelXGetResult        
00001c45  BMI160_AccelXYZGetResult      
00001b1f  BMI160_AccelYGetResult        
00001b43  BMI160_AccelZGetResult        
00001d1d  BMI160_GetDataStatus          
00001b67  BMI160_GyroXGetResult         
00001c8d  BMI160_GyroXYZGetResult       
00001b8b  BMI160_GyroYGetResult         
00001baf  BMI160_GyroZGetResult         
00001a65  BMI160_Init                   
00001bd3  BMI160_MagXGetResult          
00001cd5  BMI160_MagXYZGetResult        
00001bf9  BMI160_MagYGetResult          
00001c1f  BMI160_MagZGetResult          
00001ad3  BMI160_MultiReadRegister      
00001aaf  BMI160_ReadRegister           
00001a7f  BMI160_WriteRegister          
000037e5  C$$EXIT                       
00001249  ChildA_Thread                 
00001269  ChildB_Thread                 
20006624  CurrentlyRunningThread        
000036fb  EndCriticalSection            
0000116b  FIFOConsumer                  
00001193  FIFOConsumer2                 
0000113f  FIFOProducer                  
00000ae9  G8RTOS_AddThread              
00000cb9  G8RTOS_Add_APeriodicEvent     
00000d2d  G8RTOS_Add_PeriodicEvent      
00000ed3  G8RTOS_GetNumberOfThreads     
00000ecb  G8RTOS_GetThreadID            
00000a2f  G8RTOS_Init                   
00001fa5  G8RTOS_InitFIFO               
00002c89  G8RTOS_InitSemaphore          
00000e7d  G8RTOS_KillSelf               
00000de3  G8RTOS_KillThread             
00000a49  G8RTOS_Launch                 
0000200b  G8RTOS_ReadFIFO               
00000a6d  G8RTOS_Scheduler              
00002cdd  G8RTOS_SignalSemaphore        
000030a1  G8RTOS_Start                  
00002c9b  G8RTOS_WaitSemaphore          
00002095  G8RTOS_WriteFIFO              
00001443  GPIOD_Handler                 
0000348d  GPIODirModeSet                
00001405  GPIOE_Handler                 
000037b7  GPIOIntClear                  
00003701  GPIOIntDisable                
0000371d  GPIOIntEnable                 
00002fed  GPIOIntTypeSet                
000024f5  GPIOPadConfigSet              
0000313d  GPIOPinConfigure              
000037bd  GPIOPinRead                   
000035ab  GPIOPinTypeADC                
000035c1  GPIOPinTypeGPIOInput          
00003579  GPIOPinTypeGPIOOutput         
000035d7  GPIOPinTypeI2C                
000035ed  GPIOPinTypeI2CSCL             
00003603  GPIOPinTypePWM                
00003619  GPIOPinTypeSSI                
0000362f  GPIOPinTypeUART               
000037c3  GPIOPinWrite                  
00001063  Gyro                          
0000379f  I2CMasterBusy                 
000037d5  I2CMasterControl              
000037d9  I2CMasterDataGet              
000037dd  I2CMasterDataPut              
00003763  I2CMasterEnable               
00003189  I2CMasterInitExpClk           
000037a7  I2CMasterSlaveAddrSet         
00001d2d  I2C_Init                      
00001ebd  I2C_ReadMultiple              
00001ddf  I2C_ReadSingle                
00001e0f  I2C_WriteMultiple             
00001da9  I2C_WriteSingle               
20006628  IBit_State                    
000011bb  Idle_Thread                   
00002ec1  IntEnable                     
000034b9  IntPrioritySet                
00003395  IntRegister                   
00002943  JOYSTICK_GetPress             
00002951  JOYSTICK_GetX                 
0000296d  JOYSTICK_GetXY                
0000295f  JOYSTICK_GetY                 
000028b1  JOYSTICK_Init                 
0000290d  JOYSTICK_IntEnable            
0000237d  LaunchpadLED_Init             
00002439  LaunchpadLED_PWMSetDuty       
00003079  MultimodButtons_Get           
00003045  MultimodButtons_Init          
00002781  OPT3001_GetChipID             
000026e5  OPT3001_GetResult             
00002661  OPT3001_Init                  
000026b7  OPT3001_ReadRegister          
00002761  OPT3001_SetHighLimit          
00002741  OPT3001_SetLowLimit           
00002675  OPT3001_WriteRegister         
000010dd  Opto                          
00001289  PThread1                      
0000129f  PThread2                      
000034dd  PWMGenConfigure               
00003729  PWMGenEnable                  
000036a7  PWMGenPeriodSet               
00003695  PWMOutputState                
0000353f  PWMPulseWidthSet              
000030c3  PendSV_Handler                
000012e5  Read_Buttons                  
000013cd  Read_JoystickPress            
0000374d  ResetISR                      
000021dd  SPI_Init                      
000022ff  SPI_ReadMultiple              
00002277  SPI_ReadSingle                
0000229f  SPI_WriteMultiple             
00002259  SPI_WriteSingle               
000037af  SSIBusy                       
000037c9  SSIClockSourceSet             
000032e9  SSIConfigSetExpClk            
00003735  SSIDataGet                    
0000376d  SSIDataPut                    
00003777  SSIDisable                    
00003781  SSIEnable                     
0000027b  ST7789_Deselect               
00000449  ST7789_DrawHLine              
000007d9  ST7789_DrawLine               
0000076b  ST7789_DrawPixel              
000008a9  ST7789_DrawRectangle          
000003b3  ST7789_DrawVLine              
000007bd  ST7789_Fill                   
0000069b  ST7789_Init                   
000004fd  ST7789_Line                   
000002d1  ST7789_ReadRegister           
0000026d  ST7789_Select                 
00000297  ST7789_SetCommand             
00000289  ST7789_SetData                
000002e7  ST7789_SetWindow              
000002a5  ST7789_WriteCommand           
000002bb  ST7789_WriteData              
20006858  SW1Pressed                    
000011cf  SW1_Event_Handler             
000011bd  SW1_ISR                       
20006859  SW2Pressed                    
0000121b  SW2_Event_Handler             
00001209  SW2_ISR                       
00000ef9  SetInitialStack               
000036f3  StartCriticalSection          
00002799  SysCtlClockGet                
00002ab5  SysCtlClockSet                
000037cf  SysCtlDelay                   
000033c9  SysCtlPeripheralEnable        
00003325  SysCtlPeripheralPresent       
0000335d  SysCtlPeripheralReady         
00003645  SysTickEnable                 
00003659  SysTickIntEnable              
0000355d  SysTickIntRegister            
000036b9  SysTickPeriodSet              
000009cb  SysTick_Handler               
2000662c  SystemTime                    
0000378b  UARTCharGet                   
00003795  UARTCharPut                   
0000321d  UARTConfigSetExpClk           
00003501  UARTDisable                   
0000366d  UARTEnable                    
000015bd  UARTStdioConfig               
00002f91  UART_Init                     
0000170d  UARTgetc                      
00001653  UARTgets                      
00001a2f  UARTprintf                    
00001735  UARTvprintf                   
00001603  UARTwrite                     
20006850  __STACK_END                   
00000200  __STACK_SIZE                  
20006850  __STACK_TOP                   
000039f0  __TI_CINIT_Base               
00003a08  __TI_CINIT_Limit              
000039c8  __TI_Handler_Table_Base       
000039d4  __TI_Handler_Table_Limit      
00003265  __TI_auto_init_nobinit_nopinit
00002f29  __TI_decompress_lzss          
0000370f  __TI_decompress_none          
ffffffff  __TI_pprof_out_hndl           
ffffffff  __TI_prof_data_size           
ffffffff  __TI_prof_data_start          
00000000  __TI_static_base__            
00003741  __TI_zero_init                
000031d5  __aeabi_d2iz                  
000029b9  __aeabi_dmul                  
0000345f  __aeabi_i2d                   
0000313b  __aeabi_idiv0                 
0000313b  __aeabi_ldiv0                 
00002e47  __aeabi_memclr                
00002e47  __aeabi_memclr4               
00002e47  __aeabi_memclr8               
00002d31  __aeabi_memcpy                
00002d31  __aeabi_memcpy4               
00002d31  __aeabi_memcpy8               
00002e49  __aeabi_memset                
00002e49  __aeabi_memset4               
00002e49  __aeabi_memset8               
000032a9  __aeabi_uidiv                 
000032a9  __aeabi_uidivmod              
ffffffff  __binit__                     
ffffffff  __c_args__                    
UNDEFED   __mpu_init                    
20006650  __stack                       
20000000  __start___llvm_prf_cnts       
20000000  __stop___llvm_prf_cnts        
000033fd  _c_int00_noargs               
UNDEFED   _system_post_cinit            
000037e1  _system_pre_init              
000037e5  abort                         
2000685a  aliveCount                    
ffffffff  binit                         
20006854  data                          
0000067d  delay_ms                      
20000000  g_pfnRAMVectors               
00000000  g_pfnVectors                  
20006853  idle_count                    
20006851  joystick_y                    
20006852  kill_cube                     
00002bbd  main                          
00002d31  memcpy                        
00002e4f  memset                        
20006850  num_cubes                     
20006630  pulse_width                   
20006634  sem_I2CA                      
20006638  sem_JOY                       
2000663c  sem_MMB                       
20006640  sem_SPI                       
20006644  sem_SW1                       
20006648  sem_UART                      
00000ea1  sleep                         
00003681  strcpy                        


GLOBAL SYMBOLS: SORTED BY Symbol Address 

address   name                          
-------   ----                          
00000000  __TI_static_base__            
00000000  g_pfnVectors                  
00000200  __STACK_SIZE                  
0000026d  ST7789_Select                 
0000027b  ST7789_Deselect               
00000289  ST7789_SetData                
00000297  ST7789_SetCommand             
000002a5  ST7789_WriteCommand           
000002bb  ST7789_WriteData              
000002d1  ST7789_ReadRegister           
000002e7  ST7789_SetWindow              
000003b3  ST7789_DrawVLine              
00000449  ST7789_DrawHLine              
000004fd  ST7789_Line                   
0000067d  delay_ms                      
0000069b  ST7789_Init                   
0000076b  ST7789_DrawPixel              
000007bd  ST7789_Fill                   
000007d9  ST7789_DrawLine               
000008a9  ST7789_DrawRectangle          
000009cb  SysTick_Handler               
00000a2f  G8RTOS_Init                   
00000a49  G8RTOS_Launch                 
00000a6d  G8RTOS_Scheduler              
00000ae9  G8RTOS_AddThread              
00000cb9  G8RTOS_Add_APeriodicEvent     
00000d2d  G8RTOS_Add_PeriodicEvent      
00000de3  G8RTOS_KillThread             
00000e7d  G8RTOS_KillSelf               
00000ea1  sleep                         
00000ecb  G8RTOS_GetThreadID            
00000ed3  G8RTOS_GetNumberOfThreads     
00000ef9  SetInitialStack               
0000102d  Accel                         
00001063  Gyro                          
000010dd  Opto                          
0000113f  FIFOProducer                  
0000116b  FIFOConsumer                  
00001193  FIFOConsumer2                 
000011bb  Idle_Thread                   
000011bd  SW1_ISR                       
000011cf  SW1_Event_Handler             
00001209  SW2_ISR                       
0000121b  SW2_Event_Handler             
00001249  ChildA_Thread                 
00001269  ChildB_Thread                 
00001289  PThread1                      
0000129f  PThread2                      
000012e5  Read_Buttons                  
000013cd  Read_JoystickPress            
00001405  GPIOE_Handler                 
00001443  GPIOD_Handler                 
000015bd  UARTStdioConfig               
00001603  UARTwrite                     
00001653  UARTgets                      
0000170d  UARTgetc                      
00001735  UARTvprintf                   
00001a2f  UARTprintf                    
00001a65  BMI160_Init                   
00001a7f  BMI160_WriteRegister          
00001aaf  BMI160_ReadRegister           
00001ad3  BMI160_MultiReadRegister      
00001afb  BMI160_AccelXGetResult        
00001b1f  BMI160_AccelYGetResult        
00001b43  BMI160_AccelZGetResult        
00001b67  BMI160_GyroXGetResult         
00001b8b  BMI160_GyroYGetResult         
00001baf  BMI160_GyroZGetResult         
00001bd3  BMI160_MagXGetResult          
00001bf9  BMI160_MagYGetResult          
00001c1f  BMI160_MagZGetResult          
00001c45  BMI160_AccelXYZGetResult      
00001c8d  BMI160_GyroXYZGetResult       
00001cd5  BMI160_MagXYZGetResult        
00001d1d  BMI160_GetDataStatus          
00001d2d  I2C_Init                      
00001da9  I2C_WriteSingle               
00001ddf  I2C_ReadSingle                
00001e0f  I2C_WriteMultiple             
00001ebd  I2C_ReadMultiple              
00001fa5  G8RTOS_InitFIFO               
0000200b  G8RTOS_ReadFIFO               
00002095  G8RTOS_WriteFIFO              
000021dd  SPI_Init                      
00002259  SPI_WriteSingle               
00002277  SPI_ReadSingle                
0000229f  SPI_WriteMultiple             
000022ff  SPI_ReadMultiple              
0000237d  LaunchpadLED_Init             
00002439  LaunchpadLED_PWMSetDuty       
000024f5  GPIOPadConfigSet              
00002661  OPT3001_Init                  
00002675  OPT3001_WriteRegister         
000026b7  OPT3001_ReadRegister          
000026e5  OPT3001_GetResult             
00002741  OPT3001_SetLowLimit           
00002761  OPT3001_SetHighLimit          
00002781  OPT3001_GetChipID             
00002799  SysCtlClockGet                
000028b1  JOYSTICK_Init                 
0000290d  JOYSTICK_IntEnable            
00002943  JOYSTICK_GetPress             
00002951  JOYSTICK_GetX                 
0000295f  JOYSTICK_GetY                 
0000296d  JOYSTICK_GetXY                
000029b9  __aeabi_dmul                  
00002ab5  SysCtlClockSet                
00002bbd  main                          
00002c89  G8RTOS_InitSemaphore          
00002c9b  G8RTOS_WaitSemaphore          
00002cdd  G8RTOS_SignalSemaphore        
00002d31  __aeabi_memcpy                
00002d31  __aeabi_memcpy4               
00002d31  __aeabi_memcpy8               
00002d31  memcpy                        
00002dcd  ADCSequenceStepConfigure      
00002e47  __aeabi_memclr                
00002e47  __aeabi_memclr4               
00002e47  __aeabi_memclr8               
00002e49  __aeabi_memset                
00002e49  __aeabi_memset4               
00002e49  __aeabi_memset8               
00002e4f  memset                        
00002ec1  IntEnable                     
00002f29  __TI_decompress_lzss          
00002f91  UART_Init                     
00002fed  GPIOIntTypeSet                
00003045  MultimodButtons_Init          
00003079  MultimodButtons_Get           
000030a1  G8RTOS_Start                  
000030c3  PendSV_Handler                
000030ed  ADCSequenceConfigure          
0000313b  __aeabi_idiv0                 
0000313b  __aeabi_ldiv0                 
0000313d  GPIOPinConfigure              
00003189  I2CMasterInitExpClk           
000031d5  __aeabi_d2iz                  
0000321d  UARTConfigSetExpClk           
00003265  __TI_auto_init_nobinit_nopinit
000032a9  __aeabi_uidiv                 
000032a9  __aeabi_uidivmod              
000032e9  SSIConfigSetExpClk            
00003325  SysCtlPeripheralPresent       
0000335d  SysCtlPeripheralReady         
00003395  IntRegister                   
000033c9  SysCtlPeripheralEnable        
000033fd  _c_int00_noargs               
00003431  ADCIntStatus                  
0000345f  __aeabi_i2d                   
0000348d  GPIODirModeSet                
000034b9  IntPrioritySet                
000034dd  PWMGenConfigure               
00003501  UARTDisable                   
00003521  ADCSequenceDataGet            
0000353f  PWMPulseWidthSet              
0000355d  SysTickIntRegister            
00003579  GPIOPinTypeGPIOOutput         
00003593  ADCProcessorTrigger           
000035ab  GPIOPinTypeADC                
000035c1  GPIOPinTypeGPIOInput          
000035d7  GPIOPinTypeI2C                
000035ed  GPIOPinTypeI2CSCL             
00003603  GPIOPinTypePWM                
00003619  GPIOPinTypeSSI                
0000362f  GPIOPinTypeUART               
00003645  SysTickEnable                 
00003659  SysTickIntEnable              
0000366d  UARTEnable                    
00003681  strcpy                        
00003695  PWMOutputState                
000036a7  PWMGenPeriodSet               
000036b9  SysTickPeriodSet              
000036c9  ADCIntDisable                 
000036d7  ADCSequenceDisable            
000036e5  ADCSequenceEnable             
000036f3  StartCriticalSection          
000036fb  EndCriticalSection            
00003701  GPIOIntDisable                
0000370f  __TI_decompress_none          
0000371d  GPIOIntEnable                 
00003729  PWMGenEnable                  
00003735  SSIDataGet                    
00003741  __TI_zero_init                
0000374d  ResetISR                      
00003759  ADCIntClear                   
00003763  I2CMasterEnable               
0000376d  SSIDataPut                    
00003777  SSIDisable                    
00003781  SSIEnable                     
0000378b  UARTCharGet                   
00003795  UARTCharPut                   
0000379f  I2CMasterBusy                 
000037a7  I2CMasterSlaveAddrSet         
000037af  SSIBusy                       
000037b7  GPIOIntClear                  
000037bd  GPIOPinRead                   
000037c3  GPIOPinWrite                  
000037c9  SSIClockSourceSet             
000037cf  SysCtlDelay                   
000037d5  I2CMasterControl              
000037d9  I2CMasterDataGet              
000037dd  I2CMasterDataPut              
000037e1  _system_pre_init              
000037e5  C$$EXIT                       
000037e5  abort                         
000039c8  __TI_Handler_Table_Base       
000039d4  __TI_Handler_Table_Limit      
000039f0  __TI_CINIT_Base               
00003a08  __TI_CINIT_Limit              
20000000  __start___llvm_prf_cnts       
20000000  __stop___llvm_prf_cnts        
20000000  g_pfnRAMVectors               
20006624  CurrentlyRunningThread        
20006628  IBit_State                    
2000662c  SystemTime                    
20006630  pulse_width                   
20006634  sem_I2CA                      
20006638  sem_JOY                       
2000663c  sem_MMB                       
20006640  sem_SPI                       
20006644  sem_SW1                       
20006648  sem_UART                      
20006650  __stack                       
20006850  __STACK_END                   
20006850  __STACK_TOP                   
20006850  num_cubes                     
20006851  joystick_y                    
20006852  kill_cube                     
20006853  idle_count                    
20006854  data                          
20006858  SW1Pressed                    
20006859  SW2Pressed                    
2000685a  aliveCount                    
ffffffff  __TI_pprof_out_hndl           
ffffffff  __TI_prof_data_size           
ffffffff  __TI_prof_data_start          
ffffffff  __binit__                     
ffffffff  __c_args__                    
ffffffff  binit                         
UNDEFED   __mpu_init                    
UNDEFED   _system_post_cinit            

[241 symbols]
