******************************************************************************
                  TI ARM Linker PC v20.2.7                     
******************************************************************************
>> Linked Thu Oct 30 03:55:08 2025

OUTPUT FILE NAME:   <Lab4_F2025.out>
ENTRY POINT SYMBOL: "_c_int00_noargs"  address: 000049c9


MEMORY CONFIGURATION

         name            origin    length      used     unused   attr    fill
----------------------  --------  ---------  --------  --------  ----  --------
  FLASH                 00000000   00040000  00005076  0003af8a  R  X
  SRAM                  20000000   00008000  000068c4  0000173c  RW X


SEGMENT ALLOCATION MAP

run origin  load origin   length   init length attrs members
----------  ----------- ---------- ----------- ----- -------
00000000    00000000    00005078   00005078    r-x
  00000000    00000000    0000026c   0000026c    r-- .intvecs
  0000026c    0000026c    00004bc6   00004bc6    r-x .text
  00004e34    00004e34    000001f4   000001f4    r-- .const
  00005028    00005028    00000050   00000050    r-- .cinit
20000000    20000000    000068c4   00000000    rw-
  20000000    20000000    0000026c   00000000    rw- .vtable
  2000026c    2000026c    000063f4   00000000    rw- .bss
  20006660    20006660    00000200   00000000    rw- .stack
  20006860    20006860    00000064   00000000    rw- .data


SECTION ALLOCATION MAP

 output                                  attributes/
section   page    origin      length       input sections
--------  ----  ----------  ----------   ----------------
.intvecs   0    00000000    0000026c     
                  00000000    0000026c     tm4c123gh6pm_startup_ccs.obj (.intvecs)

.text      0    0000026c    00004bc6     
                  0000026c    00000bac     threads.obj (.text)
                  00000e18    00000734     multimod_ST7789.obj (.text)
                  0000154c    000006bc     G8RTOS_Scheduler.obj (.text)
                  00001c08    0000058c     rtsv7M4_T_le_v4SPD16_eabi.lib : e_powf.c.obj (.text:powf)
                  00002194    000004a8     uartstdio.obj (.text)
                  0000263c    00000338     quaternions.obj (.text)
                  00002974    000002c8     multimod_BMI160.obj (.text)
                  00002c3c    00000294     linalg.obj (.text)
                  00002ed0    00000278     multimod_i2c.obj (.text)
                  00003148    00000268     cube.obj (.text)
                  000033b0    00000238     G8RTOS_IPC.obj (.text)
                  000035e8    000001a0     multimod_spi.obj (.text)
                  00003788    00000178     multimod_LaunchpadLED.obj (.text)
                  00003900    0000016c     driverlib.lib : gpio.obj (.text:GPIOPadConfigSet)
                  00003a6c    00000138     multimod_OPT3001.obj (.text)
                  00003ba4    00000118     driverlib.lib : sysctl.obj (.text:SysCtlClockGet)
                  00003cbc    00000110     lab4_4.obj (.text)
                  00003dcc    00000108     multimod_joystick.obj (.text)
                  00003ed4    000000fc     rtsv7M4_T_le_v4SPD16_eabi.lib : fd_mul_t2.asm.obj (.text)
                  00003fd0    000000f4     driverlib.lib : sysctl.obj (.text:SysCtlClockSet)
                  000040c4    000000d0     rtsv7M4_T_le_v4SPD16_eabi.lib : s_scalbnf.c.obj (.text:scalbnf)
                  00004194    000000a8     G8RTOS_Semaphores.obj (.text)
                  0000423c    0000009c     rtsv7M4_T_le_v4SPD16_eabi.lib : memcpy_t2.asm.obj (.text)
                  000042d8    00000086                                   : fd_cmp_t2.asm.obj (.text:__aeabi_cdcmple)
                  0000435e    0000007a     driverlib.lib : adc.obj (.text:ADCSequenceStepConfigure)
                  000043d8    0000007a     rtsv7M4_T_le_v4SPD16_eabi.lib : memset_t2.asm.obj (.text)
                  00004452    00000002                                   : _lock.c.obj (.text:_nop)
                  00004454    00000068     driverlib.lib : interrupt.obj (.text:IntEnable)
                  000044bc    00000068     rtsv7M4_T_le_v4SPD16_eabi.lib : copy_decompress_lzss.c.obj (.text:decompress:lzss:__TI_decompress_lzss)
                  00004524    0000005c     multimod_uart.obj (.text)
                  00004580    00000058     driverlib.lib : gpio.obj (.text:GPIOIntTypeSet)
                  000045d8    00000058     multimod_buttons.obj (.text)
                  00004630    00000050     G8RTOS_SchedulerASM.obj (.text)
                  00004680    0000004e     driverlib.lib : adc.obj (.text:ADCSequenceConfigure)
                  000046ce    00000002     rtsv7M4_T_le_v4SPD16_eabi.lib : div0.asm.obj (.text)
                  000046d0    0000004c     driverlib.lib : gpio.obj (.text:GPIOPinConfigure)
                  0000471c    0000004c                   : i2c.obj (.text:I2CMasterInitExpClk)
                  00004768    00000048     rtsv7M4_T_le_v4SPD16_eabi.lib : fd_toi_t2.asm.obj (.text)
                  000047b0    00000046     driverlib.lib : uart.obj (.text:UARTConfigSetExpClk)
                  000047f6    00000002     --HOLE-- [fill = 0]
                  000047f8    00000044     rtsv7M4_T_le_v4SPD16_eabi.lib : autoinit.c.obj (.text:__TI_auto_init_nobinit_nopinit:__TI_auto_init_nobinit_nopinit)
                  0000483c    00000040                                   : u_divt2.asm.obj (.text)
                  0000487c    0000003c     driverlib.lib : ssi.obj (.text:SSIConfigSetExpClk)
                  000048b8    00000038                   : sysctl.obj (.text:SysCtlPeripheralPresent)
                  000048f0    00000038                   : sysctl.obj (.text:SysCtlPeripheralReady)
                  00004928    00000038     rtsv7M4_T_le_v4SPD16_eabi.lib : fs_tod_t2.asm.obj (.text)
                  00004960    00000034     driverlib.lib : interrupt.obj (.text:IntRegister)
                  00004994    00000034                   : sysctl.obj (.text:SysCtlPeripheralEnable)
                  000049c8    00000034     rtsv7M4_T_le_v4SPD16_eabi.lib : boot_cortex_m.c.obj (.text:_c_int00_noargs:_c_int00_noargs)
                  000049fc    00000034                                   : rand.c.obj (.text:rand)
                  00004a30    0000002e     driverlib.lib : adc.obj (.text:ADCIntStatus)
                  00004a5e    0000002e     rtsv7M4_T_le_v4SPD16_eabi.lib : i_tofd_t2.asm.obj (.text)
                  00004a8c    0000002c     driverlib.lib : gpio.obj (.text:GPIODirModeSet)
                  00004ab8    00000028     rtsv7M4_T_le_v4SPD16_eabi.lib : e_sqrtf.c.obj (.text:sqrtf)
                  00004ae0    00000024     driverlib.lib : interrupt.obj (.text:IntPrioritySet)
                  00004b04    00000022                   : pwm.obj (.text:PWMGenConfigure)
                  00004b26    00000002     --HOLE-- [fill = 0]
                  00004b28    00000020                   : uart.obj (.text:UARTDisable)
                  00004b48    0000001e                   : adc.obj (.text:ADCSequenceDataGet)
                  00004b66    0000001e                   : pwm.obj (.text:PWMPulseWidthSet)
                  00004b84    0000001c                   : systick.obj (.text:SysTickIntRegister)
                  00004ba0    0000001a                   : gpio.obj (.text:GPIOPinTypeGPIOOutput)
                  00004bba    00000018                   : adc.obj (.text:ADCProcessorTrigger)
                  00004bd2    00000018     rtsv7M4_T_le_v4SPD16_eabi.lib : s_copysignf.c.obj (.text:copysignf)
                  00004bea    00000016     driverlib.lib : gpio.obj (.text:GPIOPinTypeADC)
                  00004c00    00000016                   : gpio.obj (.text:GPIOPinTypeGPIOInput)
                  00004c16    00000016                   : gpio.obj (.text:GPIOPinTypeI2C)
                  00004c2c    00000016                   : gpio.obj (.text:GPIOPinTypeI2CSCL)
                  00004c42    00000016                   : gpio.obj (.text:GPIOPinTypePWM)
                  00004c58    00000016                   : gpio.obj (.text:GPIOPinTypeSSI)
                  00004c6e    00000016                   : gpio.obj (.text:GPIOPinTypeUART)
                  00004c84    00000014                   : systick.obj (.text:SysTickEnable)
                  00004c98    00000014                   : systick.obj (.text:SysTickIntEnable)
                  00004cac    00000014                   : uart.obj (.text:UARTEnable)
                  00004cc0    00000014     rtsv7M4_T_le_v4SPD16_eabi.lib : strcpy.c.obj (.text:strcpy)
                  00004cd4    00000012     driverlib.lib : pwm.obj (.text:PWMOutputState)
                  00004ce6    00000010                   : pwm.obj (.text:PWMGenPeriodSet)
                  00004cf6    00000002     --HOLE-- [fill = 0]
                  00004cf8    00000010                   : systick.obj (.text:SysTickPeriodSet)
                  00004d08    0000000e                   : adc.obj (.text:ADCIntDisable)
                  00004d16    0000000e                   : adc.obj (.text:ADCSequenceDisable)
                  00004d24    0000000e                   : adc.obj (.text:ADCSequenceEnable)
                  00004d32    0000000e     G8RTOS_CriticalSection.obj (.text)
                  00004d40    0000000e     driverlib.lib : gpio.obj (.text:GPIOIntDisable)
                  00004d4e    0000000e     rtsv7M4_T_le_v4SPD16_eabi.lib : copy_decompress_none.c.obj (.text:decompress:none:__TI_decompress_none)
                  00004d5c    0000000c     driverlib.lib : gpio.obj (.text:GPIOIntEnable)
                  00004d68    0000000c                   : pwm.obj (.text:PWMGenEnable)
                  00004d74    0000000c                   : ssi.obj (.text:SSIDataGet)
                  00004d80    0000000c     rtsv7M4_T_le_v4SPD16_eabi.lib : copy_zero_init.c.obj (.text:decompress:ZI:__TI_zero_init)
                  00004d8c    0000000c     tm4c123gh6pm_startup_ccs.obj (.text)
                  00004d98    0000000a     driverlib.lib : adc.obj (.text:ADCIntClear)
                  00004da2    0000000a                   : i2c.obj (.text:I2CMasterEnable)
                  00004dac    0000000a                   : ssi.obj (.text:SSIDataPut)
                  00004db6    0000000a                   : ssi.obj (.text:SSIDisable)
                  00004dc0    0000000a                   : ssi.obj (.text:SSIEnable)
                  00004dca    0000000a                   : uart.obj (.text:UARTCharGet)
                  00004dd4    0000000a                   : uart.obj (.text:UARTCharPut)
                  00004dde    00000008                   : i2c.obj (.text:I2CMasterBusy)
                  00004de6    00000008                   : i2c.obj (.text:I2CMasterSlaveAddrSet)
                  00004dee    00000008                   : ssi.obj (.text:SSIBusy)
                  00004df6    00000002     --HOLE-- [fill = 0]
                  00004df8    00000008     rtsv7M4_T_le_v4SPD16_eabi.lib : errno.c.obj (.text:__aeabi_errno_addr)
                  00004e00    00000006     driverlib.lib : gpio.obj (.text:GPIOIntClear)
                  00004e06    00000006                   : gpio.obj (.text:GPIOPinRead)
                  00004e0c    00000006                   : gpio.obj (.text:GPIOPinWrite)
                  00004e12    00000006                   : ssi.obj (.text:SSIClockSourceSet)
                  00004e18    00000006                   : sysctl.obj (.text:SysCtlDelay)
                  00004e1e    00000004                   : i2c.obj (.text:I2CMasterControl)
                  00004e22    00000004                   : i2c.obj (.text:I2CMasterDataGet)
                  00004e26    00000004                   : i2c.obj (.text:I2CMasterDataPut)
                  00004e2a    00000004     rtsv7M4_T_le_v4SPD16_eabi.lib : pre_init.c.obj (.text:_system_pre_init)
                  00004e2e    00000004                                   : exit.c.obj (.text:abort:abort)

.const     0    00004e34    000001f4     
                  00004e34    0000009c     driverlib.lib : interrupt.obj (.const:g_pui32Regs)
                  00004ed0    00000090                   : gpio.obj (.const:g_pui32GPIOBaseAddrs)
                  00004f60    0000006c                   : sysctl.obj (.const:g_pui32Xtals)
                  00004fcc    00000018     rtsv7M4_T_le_v4SPD16_eabi.lib : e_powf.c.obj (.const:$O1$$)
                  00004fe4    00000014     driverlib.lib : interrupt.obj (.const:g_pui32EnRegs)
                  00004ff8    00000012     uartstdio.obj (.const:.string)
                  0000500a    00000002     --HOLE-- [fill = 0]
                  0000500c    0000000c     uartstdio.obj (.const:g_ui32UARTBase)
                  00005018    0000000c     uartstdio.obj (.const:g_ui32UARTPeriph)
                  00005024    00000004     uartstdio.obj (.const)

.cinit     0    00005028    00000050     
                  00005028    0000001c     (.cinit..data.load) [load image, compression = lzss]
                  00005044    0000000c     (__TI_handler_table)
                  00005050    00000008     (.cinit..bss.load) [load image, compression = zero_init]
                  00005058    00000008     (.cinit..vtable.load) [load image, compression = zero_init]
                  00005060    00000018     (__TI_cinit_table)

.init_array 
*          0    00000000    00000000     UNINITIALIZED

.vtable    0    20000000    0000026c     UNINITIALIZED
                  20000000    0000026c     driverlib.lib : interrupt.obj (.vtable)

.bss       0    2000026c    000063f4     UNINITIALIZED
                  2000026c    00006000     G8RTOS_Scheduler.obj (.bss:threadStacks)
                  2000626c    00000210     G8RTOS_Scheduler.obj (.bss:threadControlBlocks)
                  2000647c    00000150     G8RTOS_IPC.obj (.bss:FIFOs)
                  200065cc    00000048     G8RTOS_Scheduler.obj (.bss:ptcbs)
                  20006614    00000010     G8RTOS_Scheduler.obj (.bss)
                  20006624    00000010     (.common:world_camera_frame_rot_offset)
                  20006634    00000004     (.common:CurrentlyRunningThread)
                  20006638    00000004     (.common:IBit_State)
                  2000663c    00000004     (.common:SystemTime)
                  20006640    00000004     (.common:pulse_width)
                  20006644    00000004     (.common:sem_I2CA)
                  20006648    00000004     (.common:sem_JOY)
                  2000664c    00000004     (.common:sem_KillCube)
                  20006650    00000004     (.common:sem_PCA9555)
                  20006654    00000004     (.common:sem_SPI)
                  20006658    00000004     (.common:sem_SW1)
                  2000665c    00000004     (.common:sem_UART)

.data      0    20006860    00000064     UNINITIALIZED
                  20006860    00000010     threads.obj (.data:world_camera_frame_offset)
                  20006870    00000010     threads.obj (.data:world_camera_pos)
                  20006880    00000010     threads.obj (.data:world_view_rot)
                  20006890    00000010     threads.obj (.data:world_view_rot_inverse)
                  200068a0    0000000a     threads.obj (.data)
                  200068aa    00000001     G8RTOS_Scheduler.obj (.data)
                  200068ab    00000001     --HOLE--
                  200068ac    00000008     rtsv7M4_T_le_v4SPD16_eabi.lib : _lock.c.obj (.data:$O1$$)
                  200068b4    00000005     uartstdio.obj (.data)
                  200068b9    00000003     --HOLE--
                  200068bc    00000004     rtsv7M4_T_le_v4SPD16_eabi.lib : errno.c.obj (.data)
                  200068c0    00000004                                   : rand.c.obj (.data)

.stack     0    20006660    00000200     UNINITIALIZED
                  20006660    00000004     rtsv7M4_T_le_v4SPD16_eabi.lib : boot_cortex_m.c.obj (.stack)
                  20006664    000001fc     --HOLE--

__llvm_prf_cnts 
*          0    20000000    00000000     UNINITIALIZED

MODULE SUMMARY

       Module                         code    ro data   rw data
       ------                         ----    -------   -------
    .\
       threads.obj                    2988    0         90     
       uartstdio.obj                  1192    46        5      
       tm4c123gh6pm_startup_ccs.obj   12      620       0      
       lab4_4.obj                     272     0         32     
    +--+------------------------------+-------+---------+---------+
       Total:                         4464    666       127    
                                                               
    .\G8RTOS\src\
       G8RTOS_Scheduler.obj           1724    0         25201  
       G8RTOS_IPC.obj                 568     0         336    
       G8RTOS_Semaphores.obj          168     0         0      
       G8RTOS_SchedulerASM.obj        80      0         0      
       G8RTOS_CriticalSection.obj     14      0         0      
    +--+------------------------------+-------+---------+---------+
       Total:                         2554    0         25537  
                                                               
    .\MiscFunctions\LinAlg\src\
       quaternions.obj                824     0         0      
       linalg.obj                     660     0         0      
    +--+------------------------------+-------+---------+---------+
       Total:                         1484    0         0      
                                                               
    .\MiscFunctions\Shapes\src\
       cube.obj                       616     0         0      
    +--+------------------------------+-------+---------+---------+
       Total:                         616     0         0      
                                                               
    .\MultimodDrivers\src\
       multimod_ST7789.obj            1844    0         0      
       multimod_BMI160.obj            712     0         0      
       multimod_i2c.obj               632     0         0      
       multimod_spi.obj               416     0         0      
       multimod_LaunchpadLED.obj      376     0         4      
       multimod_OPT3001.obj           312     0         0      
       multimod_joystick.obj          264     0         0      
       multimod_uart.obj              92      0         0      
       multimod_buttons.obj           88      0         0      
    +--+------------------------------+-------+---------+---------+
       Total:                         4736    0         4      
                                                               
    C:/ti/TivaWare_C_Series-2.2.0.295/driverlib/ccs/Debug/driverlib.lib
       interrupt.obj                  192     176       620    
       gpio.obj                       796     144       0      
       sysctl.obj                     694     108       0      
       adc.obj                        352     0         0      
       uart.obj                       142     0         0      
       ssi.obj                        116     0         0      
       i2c.obj                        114     0         0      
       pwm.obj                        110     0         0      
       systick.obj                    84      0         0      
    +--+------------------------------+-------+---------+---------+
       Total:                         2600    428       620    
                                                               
    C:\ti\ccs1281\ccs\tools\compiler\ti-cgt-arm_20.2.7.LTS\lib\rtsv7M4_T_le_v4SPD16_eabi.lib
       e_powf.c.obj                   1420    24        0      
       fd_mul_t2.asm.obj              252     0         0      
       s_scalbnf.c.obj                208     0         0      
       memcpy_t2.asm.obj              156     0         0      
       fd_cmp_t2.asm.obj              134     0         0      
       memset_t2.asm.obj              122     0         0      
       copy_decompress_lzss.c.obj     104     0         0      
       fd_toi_t2.asm.obj              72      0         0      
       autoinit.c.obj                 68      0         0      
       u_divt2.asm.obj                64      0         0      
       fs_tod_t2.asm.obj              56      0         0      
       rand.c.obj                     52      0         4      
       boot_cortex_m.c.obj            52      0         0      
       i_tofd_t2.asm.obj              46      0         0      
       e_sqrtf.c.obj                  40      0         0      
       s_copysignf.c.obj              24      0         0      
       strcpy.c.obj                   20      0         0      
       copy_decompress_none.c.obj     14      0         0      
       copy_zero_init.c.obj           12      0         0      
       errno.c.obj                    8       0         4      
       _lock.c.obj                    2       0         8      
       exit.c.obj                     4       0         0      
       pre_init.c.obj                 4       0         0      
       div0.asm.obj                   2       0         0      
    +--+------------------------------+-------+---------+---------+
       Total:                         2936    24        16     
                                                               
       Stack:                         0       0         512    
       Linker Generated:              0       80        0      
    +--+------------------------------+-------+---------+---------+
       Grand Total:                   19390   1198      26816  


LINKER GENERATED COPY TABLES

__TI_cinit_table @ 00005060 records: 3, size/record: 8, table size: 24
	.data: load addr=00005028, load size=0000001c bytes, run addr=20006860, run size=00000064 bytes, compression=lzss
	.bss: load addr=00005050, load size=00000008 bytes, run addr=2000026c, run size=000063f4 bytes, compression=zero_init
	.vtable: load addr=00005058, load size=00000008 bytes, run addr=20000000, run size=0000026c bytes, compression=zero_init


LINKER GENERATED HANDLER TABLE

__TI_handler_table @ 00005044 records: 3, size/record: 4, table size: 12
	index: 0, handler: __TI_zero_init
	index: 1, handler: __TI_decompress_lzss
	index: 2, handler: __TI_decompress_none


GLOBAL SYMBOLS: SORTED ALPHABETICALLY BY Name 

address   name                          
-------   ----                          
00004d99  ADCIntClear                   
00004d09  ADCIntDisable                 
00004a31  ADCIntStatus                  
00004bbb  ADCProcessorTrigger           
00004681  ADCSequenceConfigure          
00004b49  ADCSequenceDataGet            
00004d17  ADCSequenceDisable            
00004d25  ADCSequenceEnable             
0000435f  ADCSequenceStepConfigure      
0000091d  Accel                         
00002a0b  BMI160_AccelXGetResult        
00002b55  BMI160_AccelXYZGetResult      
00002a2f  BMI160_AccelYGetResult        
00002a53  BMI160_AccelZGetResult        
00002c2d  BMI160_GetDataStatus          
00002a77  BMI160_GyroXGetResult         
00002b9d  BMI160_GyroXYZGetResult       
00002a9b  BMI160_GyroYGetResult         
00002abf  BMI160_GyroZGetResult         
00002975  BMI160_Init                   
00002ae3  BMI160_MagXGetResult          
00002be5  BMI160_MagXYZGetResult        
00002b09  BMI160_MagYGetResult          
00002b2f  BMI160_MagZGetResult          
000029e3  BMI160_MultiReadRegister      
000029bf  BMI160_ReadRegister           
0000298f  BMI160_WriteRegister          
00004e2f  C$$EXIT                       
0000026f  CamMove_Thread                
00000bb5  ChildA_Thread                 
00000bf5  ChildB_Thread                 
00003149  Cube_Generate                 
00000315  Cube_Thread                   
20006634  CurrentlyRunningThread        
00004d3b  EndCriticalSection            
00000a79  FIFOConsumer                  
00000aad  FIFOConsumer2                 
00000a4d  FIFOProducer                  
000016c5  G8RTOS_AddThread              
00001895  G8RTOS_Add_APeriodicEvent     
00001909  G8RTOS_Add_PeriodicEvent      
00001aaf  G8RTOS_GetNumberOfThreads     
00001aa7  G8RTOS_GetThreadID            
0000160d  G8RTOS_Init                   
000033b1  G8RTOS_InitFIFO               
00004195  G8RTOS_InitSemaphore          
00001a59  G8RTOS_KillSelf               
000019bf  G8RTOS_KillThread             
00001627  G8RTOS_Launch                 
00003417  G8RTOS_ReadFIFO               
0000164b  G8RTOS_Scheduler              
000041e9  G8RTOS_SignalSemaphore        
00004635  G8RTOS_Start                  
000041a7  G8RTOS_WaitSemaphore          
000034a1  G8RTOS_WriteFIFO              
00000903  GPIOD_Handler                 
00004a8d  GPIODirModeSet                
000008e9  GPIOE_Handler                 
00004e01  GPIOIntClear                  
00004d41  GPIOIntDisable                
00004d5d  GPIOIntEnable                 
00004581  GPIOIntTypeSet                
00003901  GPIOPadConfigSet              
000046d1  GPIOPinConfigure              
00004e07  GPIOPinRead                   
00004beb  GPIOPinTypeADC                
00004c01  GPIOPinTypeGPIOInput          
00004ba1  GPIOPinTypeGPIOOutput         
00004c17  GPIOPinTypeI2C                
00004c2d  GPIOPinTypeI2CSCL             
00004c43  GPIOPinTypePWM                
00004c59  GPIOPinTypeSSI                
00004c6f  GPIOPinTypeUART               
00004e0d  GPIOPinWrite                  
000008d9  Get_Joystick                  
00000961  Gyro                          
00004ddf  I2CMasterBusy                 
00004e1f  I2CMasterControl              
00004e23  I2CMasterDataGet              
00004e27  I2CMasterDataPut              
00004da3  I2CMasterEnable               
0000471d  I2CMasterInitExpClk           
00004de7  I2CMasterSlaveAddrSet         
00002ed1  I2C_Init                      
00003061  I2C_ReadMultiple              
00002f83  I2C_ReadSingle                
00002fb3  I2C_WriteMultiple             
00002f4d  I2C_WriteSingle               
20006638  IBit_State                    
0000026d  Idle_Thread                   
00004455  IntEnable                     
00004ae1  IntPrioritySet                
00004961  IntRegister                   
00003e5f  JOYSTICK_GetPress             
00003e6d  JOYSTICK_GetX                 
00003e89  JOYSTICK_GetXY                
00003e7b  JOYSTICK_GetY                 
00003dcd  JOYSTICK_Init                 
00003e29  JOYSTICK_IntEnable            
00000c71  LCDThread                     
00003789  LaunchpadLED_Init             
00003845  LaunchpadLED_PWMSetDuty       
0000460d  MultimodButtons_Get           
000045d9  MultimodButtons_Init          
00003b8d  OPT3001_GetChipID             
00003af1  OPT3001_GetResult             
00003a6d  OPT3001_Init                  
00003ac3  OPT3001_ReadRegister          
00003b6d  OPT3001_SetHighLimit          
00003b4d  OPT3001_SetLowLimit           
00003a81  OPT3001_WriteRegister         
000009e1  Opto                          
00000c15  PThread1                      
00000c31  PThread2                      
00004b05  PWMGenConfigure               
00004d69  PWMGenEnable                  
00004ce7  PWMGenPeriodSet               
00004cd5  PWMOutputState                
00004b67  PWMPulseWidthSet              
00004657  PendSV_Handler                
000008a5  Print_WorldCoords             
0000263d  Quat_Add                      
00002903  Quat_GetInverse               
0000289b  Quat_GetMag                   
000026a3  Quat_Mul                      
0000282f  Quat_Normalize                
000027c9  Quat_Sub                      
000006e1  Read_Buttons                  
0000086b  Read_JoystickPress            
00004d8d  ResetISR                      
000035e9  SPI_Init                      
0000370b  SPI_ReadMultiple              
00003683  SPI_ReadSingle                
000036ab  SPI_WriteMultiple             
00003665  SPI_WriteSingle               
00004def  SSIBusy                       
00004e13  SSIClockSourceSet             
0000487d  SSIConfigSetExpClk            
00004d75  SSIDataGet                    
00004dad  SSIDataPut                    
00004db7  SSIDisable                    
00004dc1  SSIEnable                     
00000e27  ST7789_Deselect               
00000ff5  ST7789_DrawHLine              
00001385  ST7789_DrawLine               
00001317  ST7789_DrawPixel              
00001455  ST7789_DrawRectangle          
00000f5f  ST7789_DrawVLine              
00001369  ST7789_Fill                   
00001247  ST7789_Init                   
000010a9  ST7789_Line                   
00000e7d  ST7789_ReadRegister           
00000e19  ST7789_Select                 
00000e43  ST7789_SetCommand             
00000e35  ST7789_SetData                
00000e93  ST7789_SetWindow              
00000e51  ST7789_WriteCommand           
00000e67  ST7789_WriteData              
200068a8  SW1Pressed                    
00000afd  SW1_Event_Handler             
00000ae5  SW1_ISR                       
200068a9  SW2Pressed                    
00000b71  SW2_Event_Handler             
00000b5f  SW2_ISR                       
00001ad5  SetInitialStack               
00004d33  StartCriticalSection          
00003ba5  SysCtlClockGet                
00003fd1  SysCtlClockSet                
00004e19  SysCtlDelay                   
00004995  SysCtlPeripheralEnable        
000048b9  SysCtlPeripheralPresent       
000048f1  SysCtlPeripheralReady         
00004c85  SysTickEnable                 
00004c99  SysTickIntEnable              
00004b85  SysTickIntRegister            
00004cf9  SysTickPeriodSet              
00001577  SysTick_Handler               
2000663c  SystemTime                    
00004dcb  UARTCharGet                   
00004dd5  UARTCharPut                   
000047b1  UARTConfigSetExpClk           
00004b29  UARTDisable                   
00004cad  UARTEnable                    
00002195  UARTStdioConfig               
00004525  UART_Init                     
000022e5  UARTgetc                      
0000222b  UARTgets                      
00002607  UARTprintf                    
0000230d  UARTvprintf                   
000021db  UARTwrite                     
20006860  __STACK_END                   
00000200  __STACK_SIZE                  
20006860  __STACK_TOP                   
00005060  __TI_CINIT_Base               
00005078  __TI_CINIT_Limit              
00005044  __TI_Handler_Table_Base       
00005050  __TI_Handler_Table_Limit      
000047f9  __TI_auto_init_nobinit_nopinit
000044bd  __TI_decompress_lzss          
00004d4f  __TI_decompress_none          
ffffffff  __TI_pprof_out_hndl           
ffffffff  __TI_prof_data_size           
ffffffff  __TI_prof_data_start          
00000000  __TI_static_base__            
00004d81  __TI_zero_init                
000042d9  __aeabi_cdcmpeq               
000042d9  __aeabi_cdcmple               
00004769  __aeabi_d2iz                  
00003ed5  __aeabi_dmul                  
00004df9  __aeabi_errno_addr            
00004929  __aeabi_f2d                   
00004a5f  __aeabi_i2d                   
000046cf  __aeabi_idiv0                 
000046cf  __aeabi_ldiv0                 
000043d9  __aeabi_memclr                
000043d9  __aeabi_memclr4               
000043d9  __aeabi_memclr8               
0000423d  __aeabi_memcpy                
0000423d  __aeabi_memcpy4               
0000423d  __aeabi_memcpy8               
000043db  __aeabi_memset                
000043db  __aeabi_memset4               
000043db  __aeabi_memset8               
0000483d  __aeabi_uidiv                 
0000483d  __aeabi_uidivmod              
ffffffff  __binit__                     
ffffffff  __c_args__                    
UNDEFED   __mpu_init                    
20006660  __stack                       
20000000  __start___llvm_prf_cnts       
20000000  __stop___llvm_prf_cnts        
000049c9  _c_int00_noargs               
200068ac  _lock                         
00004453  _nop                          
UNDEFED   _system_post_cinit            
00004e2b  _system_pre_init              
200068b0  _unlock                       
00004e2f  abort                         
200068aa  aliveCount                    
ffffffff  binit                         
00004bd3  copysignf                     
200068a4  data                          
00001229  delay_ms                      
200068bc  errno                         
20000000  g_pfnRAMVectors               
00000000  g_pfnVectors                  
0000293b  getRotatedQuat                
00002c63  getViewOnScreen               
00002c3d  getViewRelative               
200068a3  idle_count                    
00002d4d  interpolatePoints             
200068a1  joystick_y                    
200068a2  kill_cube                     
000040c5  ldexpf                        
00003cd1  main                          
0000423d  memcpy                        
000043e1  memset                        
200068a0  num_cubes                     
00001c09  powf                          
20006640  pulse_width                   
000049fd  rand                          
000040c5  scalbnf                       
20006644  sem_I2CA                      
20006648  sem_JOY                       
2000664c  sem_KillCube                  
20006650  sem_PCA9555                   
20006654  sem_SPI                       
20006658  sem_SW1                       
2000665c  sem_UART                      
00001a7d  sleep                         
00004ab9  sqrtf                         
00004cc1  strcpy                        
20006860  world_camera_frame_offset     
20006624  world_camera_frame_rot_offset 
20006870  world_camera_pos              
20006880  world_view_rot                
20006890  world_view_rot_inverse        


GLOBAL SYMBOLS: SORTED BY Symbol Address 

address   name                          
-------   ----                          
00000000  __TI_static_base__            
00000000  g_pfnVectors                  
00000200  __STACK_SIZE                  
0000026d  Idle_Thread                   
0000026f  CamMove_Thread                
00000315  Cube_Thread                   
000006e1  Read_Buttons                  
0000086b  Read_JoystickPress            
000008a5  Print_WorldCoords             
000008d9  Get_Joystick                  
000008e9  GPIOE_Handler                 
00000903  GPIOD_Handler                 
0000091d  Accel                         
00000961  Gyro                          
000009e1  Opto                          
00000a4d  FIFOProducer                  
00000a79  FIFOConsumer                  
00000aad  FIFOConsumer2                 
00000ae5  SW1_ISR                       
00000afd  SW1_Event_Handler             
00000b5f  SW2_ISR                       
00000b71  SW2_Event_Handler             
00000bb5  ChildA_Thread                 
00000bf5  ChildB_Thread                 
00000c15  PThread1                      
00000c31  PThread2                      
00000c71  LCDThread                     
00000e19  ST7789_Select                 
00000e27  ST7789_Deselect               
00000e35  ST7789_SetData                
00000e43  ST7789_SetCommand             
00000e51  ST7789_WriteCommand           
00000e67  ST7789_WriteData              
00000e7d  ST7789_ReadRegister           
00000e93  ST7789_SetWindow              
00000f5f  ST7789_DrawVLine              
00000ff5  ST7789_DrawHLine              
000010a9  ST7789_Line                   
00001229  delay_ms                      
00001247  ST7789_Init                   
00001317  ST7789_DrawPixel              
00001369  ST7789_Fill                   
00001385  ST7789_DrawLine               
00001455  ST7789_DrawRectangle          
00001577  SysTick_Handler               
0000160d  G8RTOS_Init                   
00001627  G8RTOS_Launch                 
0000164b  G8RTOS_Scheduler              
000016c5  G8RTOS_AddThread              
00001895  G8RTOS_Add_APeriodicEvent     
00001909  G8RTOS_Add_PeriodicEvent      
000019bf  G8RTOS_KillThread             
00001a59  G8RTOS_KillSelf               
00001a7d  sleep                         
00001aa7  G8RTOS_GetThreadID            
00001aaf  G8RTOS_GetNumberOfThreads     
00001ad5  SetInitialStack               
00001c09  powf                          
00002195  UARTStdioConfig               
000021db  UARTwrite                     
0000222b  UARTgets                      
000022e5  UARTgetc                      
0000230d  UARTvprintf                   
00002607  UARTprintf                    
0000263d  Quat_Add                      
000026a3  Quat_Mul                      
000027c9  Quat_Sub                      
0000282f  Quat_Normalize                
0000289b  Quat_GetMag                   
00002903  Quat_GetInverse               
0000293b  getRotatedQuat                
00002975  BMI160_Init                   
0000298f  BMI160_WriteRegister          
000029bf  BMI160_ReadRegister           
000029e3  BMI160_MultiReadRegister      
00002a0b  BMI160_AccelXGetResult        
00002a2f  BMI160_AccelYGetResult        
00002a53  BMI160_AccelZGetResult        
00002a77  BMI160_GyroXGetResult         
00002a9b  BMI160_GyroYGetResult         
00002abf  BMI160_GyroZGetResult         
00002ae3  BMI160_MagXGetResult          
00002b09  BMI160_MagYGetResult          
00002b2f  BMI160_MagZGetResult          
00002b55  BMI160_AccelXYZGetResult      
00002b9d  BMI160_GyroXYZGetResult       
00002be5  BMI160_MagXYZGetResult        
00002c2d  BMI160_GetDataStatus          
00002c3d  getViewRelative               
00002c63  getViewOnScreen               
00002d4d  interpolatePoints             
00002ed1  I2C_Init                      
00002f4d  I2C_WriteSingle               
00002f83  I2C_ReadSingle                
00002fb3  I2C_WriteMultiple             
00003061  I2C_ReadMultiple              
00003149  Cube_Generate                 
000033b1  G8RTOS_InitFIFO               
00003417  G8RTOS_ReadFIFO               
000034a1  G8RTOS_WriteFIFO              
000035e9  SPI_Init                      
00003665  SPI_WriteSingle               
00003683  SPI_ReadSingle                
000036ab  SPI_WriteMultiple             
0000370b  SPI_ReadMultiple              
00003789  LaunchpadLED_Init             
00003845  LaunchpadLED_PWMSetDuty       
00003901  GPIOPadConfigSet              
00003a6d  OPT3001_Init                  
00003a81  OPT3001_WriteRegister         
00003ac3  OPT3001_ReadRegister          
00003af1  OPT3001_GetResult             
00003b4d  OPT3001_SetLowLimit           
00003b6d  OPT3001_SetHighLimit          
00003b8d  OPT3001_GetChipID             
00003ba5  SysCtlClockGet                
00003cd1  main                          
00003dcd  JOYSTICK_Init                 
00003e29  JOYSTICK_IntEnable            
00003e5f  JOYSTICK_GetPress             
00003e6d  JOYSTICK_GetX                 
00003e7b  JOYSTICK_GetY                 
00003e89  JOYSTICK_GetXY                
00003ed5  __aeabi_dmul                  
00003fd1  SysCtlClockSet                
000040c5  ldexpf                        
000040c5  scalbnf                       
00004195  G8RTOS_InitSemaphore          
000041a7  G8RTOS_WaitSemaphore          
000041e9  G8RTOS_SignalSemaphore        
0000423d  __aeabi_memcpy                
0000423d  __aeabi_memcpy4               
0000423d  __aeabi_memcpy8               
0000423d  memcpy                        
000042d9  __aeabi_cdcmpeq               
000042d9  __aeabi_cdcmple               
0000435f  ADCSequenceStepConfigure      
000043d9  __aeabi_memclr                
000043d9  __aeabi_memclr4               
000043d9  __aeabi_memclr8               
000043db  __aeabi_memset                
000043db  __aeabi_memset4               
000043db  __aeabi_memset8               
000043e1  memset                        
00004453  _nop                          
00004455  IntEnable                     
000044bd  __TI_decompress_lzss          
00004525  UART_Init                     
00004581  GPIOIntTypeSet                
000045d9  MultimodButtons_Init          
0000460d  MultimodButtons_Get           
00004635  G8RTOS_Start                  
00004657  PendSV_Handler                
00004681  ADCSequenceConfigure          
000046cf  __aeabi_idiv0                 
000046cf  __aeabi_ldiv0                 
000046d1  GPIOPinConfigure              
0000471d  I2CMasterInitExpClk           
00004769  __aeabi_d2iz                  
000047b1  UARTConfigSetExpClk           
000047f9  __TI_auto_init_nobinit_nopinit
0000483d  __aeabi_uidiv                 
0000483d  __aeabi_uidivmod              
0000487d  SSIConfigSetExpClk            
000048b9  SysCtlPeripheralPresent       
000048f1  SysCtlPeripheralReady         
00004929  __aeabi_f2d                   
00004961  IntRegister                   
00004995  SysCtlPeripheralEnable        
000049c9  _c_int00_noargs               
000049fd  rand                          
00004a31  ADCIntStatus                  
00004a5f  __aeabi_i2d                   
00004a8d  GPIODirModeSet                
00004ab9  sqrtf                         
00004ae1  IntPrioritySet                
00004b05  PWMGenConfigure               
00004b29  UARTDisable                   
00004b49  ADCSequenceDataGet            
00004b67  PWMPulseWidthSet              
00004b85  SysTickIntRegister            
00004ba1  GPIOPinTypeGPIOOutput         
00004bbb  ADCProcessorTrigger           
00004bd3  copysignf                     
00004beb  GPIOPinTypeADC                
00004c01  GPIOPinTypeGPIOInput          
00004c17  GPIOPinTypeI2C                
00004c2d  GPIOPinTypeI2CSCL             
00004c43  GPIOPinTypePWM                
00004c59  GPIOPinTypeSSI                
00004c6f  GPIOPinTypeUART               
00004c85  SysTickEnable                 
00004c99  SysTickIntEnable              
00004cad  UARTEnable                    
00004cc1  strcpy                        
00004cd5  PWMOutputState                
00004ce7  PWMGenPeriodSet               
00004cf9  SysTickPeriodSet              
00004d09  ADCIntDisable                 
00004d17  ADCSequenceDisable            
00004d25  ADCSequenceEnable             
00004d33  StartCriticalSection          
00004d3b  EndCriticalSection            
00004d41  GPIOIntDisable                
00004d4f  __TI_decompress_none          
00004d5d  GPIOIntEnable                 
00004d69  PWMGenEnable                  
00004d75  SSIDataGet                    
00004d81  __TI_zero_init                
00004d8d  ResetISR                      
00004d99  ADCIntClear                   
00004da3  I2CMasterEnable               
00004dad  SSIDataPut                    
00004db7  SSIDisable                    
00004dc1  SSIEnable                     
00004dcb  UARTCharGet                   
00004dd5  UARTCharPut                   
00004ddf  I2CMasterBusy                 
00004de7  I2CMasterSlaveAddrSet         
00004def  SSIBusy                       
00004df9  __aeabi_errno_addr            
00004e01  GPIOIntClear                  
00004e07  GPIOPinRead                   
00004e0d  GPIOPinWrite                  
00004e13  SSIClockSourceSet             
00004e19  SysCtlDelay                   
00004e1f  I2CMasterControl              
00004e23  I2CMasterDataGet              
00004e27  I2CMasterDataPut              
00004e2b  _system_pre_init              
00004e2f  C$$EXIT                       
00004e2f  abort                         
00005044  __TI_Handler_Table_Base       
00005050  __TI_Handler_Table_Limit      
00005060  __TI_CINIT_Base               
00005078  __TI_CINIT_Limit              
20000000  __start___llvm_prf_cnts       
20000000  __stop___llvm_prf_cnts        
20000000  g_pfnRAMVectors               
20006624  world_camera_frame_rot_offset 
20006634  CurrentlyRunningThread        
20006638  IBit_State                    
2000663c  SystemTime                    
20006640  pulse_width                   
20006644  sem_I2CA                      
20006648  sem_JOY                       
2000664c  sem_KillCube                  
20006650  sem_PCA9555                   
20006654  sem_SPI                       
20006658  sem_SW1                       
2000665c  sem_UART                      
20006660  __stack                       
20006860  __STACK_END                   
20006860  __STACK_TOP                   
20006860  world_camera_frame_offset     
20006870  world_camera_pos              
20006880  world_view_rot                
20006890  world_view_rot_inverse        
200068a0  num_cubes                     
200068a1  joystick_y                    
200068a2  kill_cube                     
200068a3  idle_count                    
200068a4  data                          
200068a8  SW1Pressed                    
200068a9  SW2Pressed                    
200068aa  aliveCount                    
200068ac  _lock                         
200068b0  _unlock                       
200068bc  errno                         
ffffffff  __TI_pprof_out_hndl           
ffffffff  __TI_prof_data_size           
ffffffff  __TI_prof_data_start          
ffffffff  __binit__                     
ffffffff  __c_args__                    
ffffffff  binit                         
UNDEFED   __mpu_init                    
UNDEFED   _system_post_cinit            

[277 symbols]
