******************************************************************************
                  TI ARM Linker PC v20.2.7                     
******************************************************************************
>> Linked Mon Oct 27 20:38:15 2025

OUTPUT FILE NAME:   <Lab4_F2025.out>
ENTRY POINT SYMBOL: "_c_int00_noargs"  address: 00002cd1


MEMORY CONFIGURATION

         name            origin    length      used     unused   attr    fill
----------------------  --------  ---------  --------  --------  ----  --------
  FLASH                 00000000   00040000  00003214  0003cdec  R  X
  SRAM                  20000000   00008000  00006846  000017ba  RW X


SEGMENT ALLOCATION MAP

run origin  load origin   length   init length attrs members
----------  ----------- ---------- ----------- ----- -------
00000000    00000000    00003218   00003218    r-x
  00000000    00000000    0000026c   0000026c    r-- .intvecs
  0000026c    0000026c    00002da0   00002da0    r-x .text
  0000300c    0000300c    000001c8   000001c8    r-- .const
  000031d8    000031d8    00000040   00000040    r-- .cinit
20000000    20000000    00006846   00000000    rw-
  20000000    20000000    0000026c   00000000    rw- .vtable
  2000026c    2000026c    000063cc   00000000    rw- .bss
  20006638    20006638    00000200   00000000    rw- .stack
  20006838    20006838    0000000e   00000000    rw- .data


SECTION ALLOCATION MAP

 output                                  attributes/
section   page    origin      length       input sections
--------  ----  ----------  ----------   ----------------
.intvecs   0    00000000    0000026c     
                  00000000    0000026c     tm4c123gh6pm_startup_ccs.obj (.intvecs)

.text      0    0000026c    00002da0     
                  0000026c    00000734     multimod_ST7789.obj (.text)
                  000009a0    000004d0     G8RTOS_Scheduler.obj (.text)
                  00000e70    000004a8     uartstdio.obj (.text)
                  00001318    000002c8     multimod_BMI160.obj (.text)
                  000015e0    000002c8     threads.obj (.text)
                  000018a8    00000270     multimod_i2c.obj (.text)
                  00001b18    00000238     G8RTOS_IPC.obj (.text)
                  00001d50    000001a0     multimod_spi.obj (.text)
                  00001ef0    00000178     multimod_LaunchpadLED.obj (.text)
                  00002068    0000016c     driverlib.lib : gpio.obj (.text:GPIOPadConfigSet)
                  000021d4    00000138     multimod_OPT3001.obj (.text)
                  0000230c    00000118     driverlib.lib : sysctl.obj (.text:SysCtlClockGet)
                  00002424    000000fc     rtsv7M4_T_le_v4SPD16_eabi.lib : fd_mul_t2.asm.obj (.text)
                  00002520    000000f4     driverlib.lib : sysctl.obj (.text:SysCtlClockSet)
                  00002614    000000b8     lab4_1.obj (.text)
                  000026cc    000000a4     G8RTOS_Semaphores.obj (.text)
                  00002770    0000009c     rtsv7M4_T_le_v4SPD16_eabi.lib : memcpy_t2.asm.obj (.text)
                  0000280c    0000007a                                   : memset_t2.asm.obj (.text)
                  00002886    00000002                                   : div0.asm.obj (.text)
                  00002888    00000074     multimod_LaunchpadButtons.obj (.text)
                  000028fc    00000068     rtsv7M4_T_le_v4SPD16_eabi.lib : copy_decompress_lzss.c.obj (.text:decompress:lzss:__TI_decompress_lzss)
                  00002964    0000005c     multimod_uart.obj (.text)
                  000029c0    00000050     G8RTOS_SchedulerASM.obj (.text)
                  00002a10    0000004c     driverlib.lib : gpio.obj (.text:GPIOPinConfigure)
                  00002a5c    0000004c                   : i2c.obj (.text:I2CMasterInitExpClk)
                  00002aa8    00000048     rtsv7M4_T_le_v4SPD16_eabi.lib : fd_toi_t2.asm.obj (.text)
                  00002af0    00000046     driverlib.lib : uart.obj (.text:UARTConfigSetExpClk)
                  00002b36    00000002     --HOLE-- [fill = 0]
                  00002b38    00000044     rtsv7M4_T_le_v4SPD16_eabi.lib : autoinit.c.obj (.text:__TI_auto_init_nobinit_nopinit:__TI_auto_init_nobinit_nopinit)
                  00002b7c    00000040                                   : u_divt2.asm.obj (.text)
                  00002bbc    0000003c     driverlib.lib : ssi.obj (.text:SSIConfigSetExpClk)
                  00002bf8    00000038                   : sysctl.obj (.text:SysCtlPeripheralPresent)
                  00002c30    00000038                   : sysctl.obj (.text:SysCtlPeripheralReady)
                  00002c68    00000034                   : interrupt.obj (.text:IntRegister)
                  00002c9c    00000034                   : sysctl.obj (.text:SysCtlPeripheralEnable)
                  00002cd0    00000034     rtsv7M4_T_le_v4SPD16_eabi.lib : boot_cortex_m.c.obj (.text:_c_int00_noargs:_c_int00_noargs)
                  00002d04    0000002e                                   : i_tofd_t2.asm.obj (.text)
                  00002d32    0000002c     driverlib.lib : gpio.obj (.text:GPIODirModeSet)
                  00002d5e    00000002     --HOLE-- [fill = 0]
                  00002d60    00000024                   : interrupt.obj (.text:IntPrioritySet)
                  00002d84    00000022                   : pwm.obj (.text:PWMGenConfigure)
                  00002da6    00000002     --HOLE-- [fill = 0]
                  00002da8    00000020                   : uart.obj (.text:UARTDisable)
                  00002dc8    0000001e                   : pwm.obj (.text:PWMPulseWidthSet)
                  00002de6    00000002     --HOLE-- [fill = 0]
                  00002de8    0000001c                   : systick.obj (.text:SysTickIntRegister)
                  00002e04    0000001a                   : gpio.obj (.text:GPIOPinTypeGPIOOutput)
                  00002e1e    00000002     --HOLE-- [fill = 0]
                  00002e20    00000018                   : gpio.obj (.text:GPIOUnlockPin)
                  00002e38    00000016                   : gpio.obj (.text:GPIOPinTypeGPIOInput)
                  00002e4e    00000016                   : gpio.obj (.text:GPIOPinTypeI2C)
                  00002e64    00000016                   : gpio.obj (.text:GPIOPinTypeI2CSCL)
                  00002e7a    00000016                   : gpio.obj (.text:GPIOPinTypePWM)
                  00002e90    00000016                   : gpio.obj (.text:GPIOPinTypeSSI)
                  00002ea6    00000016                   : gpio.obj (.text:GPIOPinTypeUART)
                  00002ebc    00000014                   : systick.obj (.text:SysTickEnable)
                  00002ed0    00000014                   : systick.obj (.text:SysTickIntEnable)
                  00002ee4    00000014                   : uart.obj (.text:UARTEnable)
                  00002ef8    00000014     rtsv7M4_T_le_v4SPD16_eabi.lib : strcpy.c.obj (.text:strcpy)
                  00002f0c    00000012     driverlib.lib : pwm.obj (.text:PWMOutputState)
                  00002f1e    00000010                   : pwm.obj (.text:PWMGenPeriodSet)
                  00002f2e    00000002     --HOLE-- [fill = 0]
                  00002f30    00000010                   : systick.obj (.text:SysTickPeriodSet)
                  00002f40    0000000e     G8RTOS_CriticalSection.obj (.text)
                  00002f4e    0000000e     rtsv7M4_T_le_v4SPD16_eabi.lib : copy_decompress_none.c.obj (.text:decompress:none:__TI_decompress_none)
                  00002f5c    0000000c     driverlib.lib : pwm.obj (.text:PWMGenEnable)
                  00002f68    0000000c                   : ssi.obj (.text:SSIDataGet)
                  00002f74    0000000c     rtsv7M4_T_le_v4SPD16_eabi.lib : copy_zero_init.c.obj (.text:decompress:ZI:__TI_zero_init)
                  00002f80    0000000c     tm4c123gh6pm_startup_ccs.obj (.text)
                  00002f8c    0000000a     driverlib.lib : i2c.obj (.text:I2CMasterEnable)
                  00002f96    0000000a                   : ssi.obj (.text:SSIDataPut)
                  00002fa0    0000000a                   : ssi.obj (.text:SSIDisable)
                  00002faa    0000000a                   : ssi.obj (.text:SSIEnable)
                  00002fb4    0000000a                   : uart.obj (.text:UARTCharGet)
                  00002fbe    0000000a                   : uart.obj (.text:UARTCharPut)
                  00002fc8    00000008                   : i2c.obj (.text:I2CMasterBusy)
                  00002fd0    00000008                   : i2c.obj (.text:I2CMasterSlaveAddrSet)
                  00002fd8    00000008                   : ssi.obj (.text:SSIBusy)
                  00002fe0    00000006                   : gpio.obj (.text:GPIOPinRead)
                  00002fe6    00000006                   : gpio.obj (.text:GPIOPinWrite)
                  00002fec    00000006                   : ssi.obj (.text:SSIClockSourceSet)
                  00002ff2    00000006                   : sysctl.obj (.text:SysCtlDelay)
                  00002ff8    00000004                   : i2c.obj (.text:I2CMasterControl)
                  00002ffc    00000004                   : i2c.obj (.text:I2CMasterDataGet)
                  00003000    00000004                   : i2c.obj (.text:I2CMasterDataPut)
                  00003004    00000004     rtsv7M4_T_le_v4SPD16_eabi.lib : pre_init.c.obj (.text:_system_pre_init)
                  00003008    00000004                                   : exit.c.obj (.text:abort:abort)

.const     0    0000300c    000001c8     
                  0000300c    0000009c     driverlib.lib : interrupt.obj (.const:g_pui32Regs)
                  000030a8    00000090                   : gpio.obj (.const:g_pui32GPIOBaseAddrs)
                  00003138    0000006c                   : sysctl.obj (.const:g_pui32Xtals)
                  000031a4    00000012     uartstdio.obj (.const:.string)
                  000031b6    00000002     --HOLE-- [fill = 0]
                  000031b8    0000000c     uartstdio.obj (.const:g_ui32UARTBase)
                  000031c4    0000000c     uartstdio.obj (.const:g_ui32UARTPeriph)
                  000031d0    00000004     uartstdio.obj (.const)

.cinit     0    000031d8    00000040     
                  000031d8    0000000c     (__TI_handler_table)
                  000031e4    00000009     (.cinit..data.load) [load image, compression = lzss]
                  000031ed    00000003     --HOLE-- [fill = 0]
                  000031f0    00000008     (.cinit..bss.load) [load image, compression = zero_init]
                  000031f8    00000008     (.cinit..vtable.load) [load image, compression = zero_init]
                  00003200    00000018     (__TI_cinit_table)

.init_array 
*          0    00000000    00000000     UNINITIALIZED

.vtable    0    20000000    0000026c     UNINITIALIZED
                  20000000    0000026c     driverlib.lib : interrupt.obj (.vtable)

.bss       0    2000026c    000063cc     UNINITIALIZED
                  2000026c    00006000     G8RTOS_Scheduler.obj (.bss:threadStacks)
                  2000626c    00000210     G8RTOS_Scheduler.obj (.bss:threadControlBlocks)
                  2000647c    00000150     G8RTOS_IPC.obj (.bss:FIFOs)
                  200065cc    00000048     G8RTOS_Scheduler.obj (.bss:pthreadControlBlocks)
                  20006614    00000008     G8RTOS_Scheduler.obj (.bss)
                  2000661c    00000004     (.common:CurrentlyRunningThread)
                  20006620    00000004     (.common:IBit_State)
                  20006624    00000004     (.common:SystemTime)
                  20006628    00000004     (.common:pulse_width)
                  2000662c    00000004     (.common:sem_I2CA)
                  20006630    00000004     (.common:sem_SPI)
                  20006634    00000004     (.common:sem_UART)

.data      0    20006838    0000000e     UNINITIALIZED
                  20006838    00000008     threads.obj (.data)
                  20006840    00000005     uartstdio.obj (.data)
                  20006845    00000001     G8RTOS_Scheduler.obj (.data)

.stack     0    20006638    00000200     UNINITIALIZED
                  20006638    00000004     rtsv7M4_T_le_v4SPD16_eabi.lib : boot_cortex_m.c.obj (.stack)
                  2000663c    000001fc     --HOLE--

__llvm_prf_cnts 
*          0    20000000    00000000     UNINITIALIZED

MODULE SUMMARY

       Module                          code    ro data   rw data
       ------                          ----    -------   -------
    .\
       uartstdio.obj                   1192    46        5      
       threads.obj                     712     0         8      
       tm4c123gh6pm_startup_ccs.obj    12      620       0      
       lab4_1.obj                      184     0         16     
    +--+-------------------------------+-------+---------+---------+
       Total:                          2100    666       29     
                                                                
    .\G8RTOS\src\
       G8RTOS_Scheduler.obj            1232    0         25193  
       G8RTOS_IPC.obj                  568     0         336    
       G8RTOS_Semaphores.obj           164     0         0      
       G8RTOS_SchedulerASM.obj         80      0         0      
       G8RTOS_CriticalSection.obj      14      0         0      
    +--+-------------------------------+-------+---------+---------+
       Total:                          2058    0         25529  
                                                                
    .\MultimodDrivers\src\
       multimod_ST7789.obj             1844    0         0      
       multimod_BMI160.obj             712     0         0      
       multimod_i2c.obj                624     0         0      
       multimod_spi.obj                416     0         0      
       multimod_LaunchpadLED.obj       376     0         4      
       multimod_OPT3001.obj            312     0         0      
       multimod_LaunchpadButtons.obj   116     0         0      
       multimod_uart.obj               92      0         0      
    +--+-------------------------------+-------+---------+---------+
       Total:                          4492    0         4      
                                                                
    C:/ti/TivaWare_C_Series-2.2.0.295/driverlib/ccs/Debug/driverlib.lib
       interrupt.obj                   88      156       620    
       gpio.obj                        678     144       0      
       sysctl.obj                      694     108       0      
       uart.obj                        142     0         0      
       ssi.obj                         116     0         0      
       i2c.obj                         114     0         0      
       pwm.obj                         110     0         0      
       systick.obj                     84      0         0      
    +--+-------------------------------+-------+---------+---------+
       Total:                          2026    408       620    
                                                                
    C:\ti\ccs1281\ccs\tools\compiler\ti-cgt-arm_20.2.7.LTS\lib\rtsv7M4_T_le_v4SPD16_eabi.lib
       fd_mul_t2.asm.obj               252     0         0      
       memcpy_t2.asm.obj               156     0         0      
       memset_t2.asm.obj               122     0         0      
       copy_decompress_lzss.c.obj      104     0         0      
       fd_toi_t2.asm.obj               72      0         0      
       autoinit.c.obj                  68      0         0      
       u_divt2.asm.obj                 64      0         0      
       boot_cortex_m.c.obj             52      0         0      
       i_tofd_t2.asm.obj               46      0         0      
       strcpy.c.obj                    20      0         0      
       copy_decompress_none.c.obj      14      0         0      
       copy_zero_init.c.obj            12      0         0      
       exit.c.obj                      4       0         0      
       pre_init.c.obj                  4       0         0      
       div0.asm.obj                    2       0         0      
    +--+-------------------------------+-------+---------+---------+
       Total:                          992     0         0      
                                                                
       Stack:                          0       0         512    
       Linker Generated:               0       61        0      
    +--+-------------------------------+-------+---------+---------+
       Grand Total:                    11668   1135      26694  


LINKER GENERATED COPY TABLES

__TI_cinit_table @ 00003200 records: 3, size/record: 8, table size: 24
	.data: load addr=000031e4, load size=00000009 bytes, run addr=20006838, run size=0000000e bytes, compression=lzss
	.bss: load addr=000031f0, load size=00000008 bytes, run addr=2000026c, run size=000063cc bytes, compression=zero_init
	.vtable: load addr=000031f8, load size=00000008 bytes, run addr=20000000, run size=0000026c bytes, compression=zero_init


LINKER GENERATED HANDLER TABLE

__TI_handler_table @ 000031d8 records: 3, size/record: 4, table size: 12
	index: 0, handler: __TI_zero_init
	index: 1, handler: __TI_decompress_lzss
	index: 2, handler: __TI_decompress_none


GLOBAL SYMBOLS: SORTED ALPHABETICALLY BY Name 

address   name                          
-------   ----                          
000015e1  Accel                         
000013af  BMI160_AccelXGetResult        
000014f9  BMI160_AccelXYZGetResult      
000013d3  BMI160_AccelYGetResult        
000013f7  BMI160_AccelZGetResult        
000015d1  BMI160_GetDataStatus          
0000141b  BMI160_GyroXGetResult         
00001541  BMI160_GyroXYZGetResult       
0000143f  BMI160_GyroYGetResult         
00001463  BMI160_GyroZGetResult         
00001319  BMI160_Init                   
00001487  BMI160_MagXGetResult          
00001589  BMI160_MagXYZGetResult        
000014ad  BMI160_MagYGetResult          
000014d3  BMI160_MagZGetResult          
00001387  BMI160_MultiReadRegister      
00001363  BMI160_ReadRegister           
00001333  BMI160_WriteRegister          
00003009  C$$EXIT                       
2000661c  CurrentlyRunningThread        
00002f49  EndCriticalSection            
0000171f  FIFOConsumer                  
00001747  FIFOConsumer2                 
000016f3  FIFOProducer                  
00000af5  G8RTOS_AddThread              
00000c03  G8RTOS_Add_APeriodicEvent     
00000c15  G8RTOS_Add_PeriodicEvent      
00000d17  G8RTOS_GetNumberOfThreads     
00000d0f  G8RTOS_GetThreadID            
00000a1d  G8RTOS_Init                   
00001b19  G8RTOS_InitFIFO               
000026cd  G8RTOS_InitSemaphore          
00000ccd  G8RTOS_KillSelf               
00000c35  G8RTOS_KillThread             
00000a71  G8RTOS_Launch                 
00001b7f  G8RTOS_ReadFIFO               
00000a95  G8RTOS_Scheduler              
0000271f  G8RTOS_SignalSemaphore        
000029c5  G8RTOS_Start                  
000026df  G8RTOS_WaitSemaphore          
00001c09  G8RTOS_WriteFIFO              
00002d33  GPIODirModeSet                
00002069  GPIOPadConfigSet              
00002a11  GPIOPinConfigure              
00002fe1  GPIOPinRead                   
00002e39  GPIOPinTypeGPIOInput          
00002e05  GPIOPinTypeGPIOOutput         
00002e4f  GPIOPinTypeI2C                
00002e65  GPIOPinTypeI2CSCL             
00002e7b  GPIOPinTypePWM                
00002e91  GPIOPinTypeSSI                
00002ea7  GPIOPinTypeUART               
00002fe7  GPIOPinWrite                  
00002e21  GPIOUnlockPin                 
00001617  Gyro                          
00002fc9  I2CMasterBusy                 
00002ff9  I2CMasterControl              
00002ffd  I2CMasterDataGet              
00003001  I2CMasterDataPut              
00002f8d  I2CMasterEnable               
00002a5d  I2CMasterInitExpClk           
00002fd1  I2CMasterSlaveAddrSet         
000018a9  I2C_Init                      
00001a39  I2C_ReadMultiple              
0000195b  I2C_ReadSingle                
0000198b  I2C_WriteMultiple             
00001925  I2C_WriteSingle               
20006620  IBit_State                    
0000176f  Idle_Thread                   
00002d61  IntPrioritySet                
00002c69  IntRegister                   
00002889  LaunchpadButtons_Init         
000028b5  LaunchpadButtons_ReadSW1      
000028d5  LaunchpadButtons_ReadSW2      
00001ef1  LaunchpadLED_Init             
00001fad  LaunchpadLED_PWMSetDuty       
000022f5  OPT3001_GetChipID             
00002259  OPT3001_GetResult             
000021d5  OPT3001_Init                  
0000222b  OPT3001_ReadRegister          
000022d5  OPT3001_SetHighLimit          
000022b5  OPT3001_SetLowLimit           
000021e9  OPT3001_WriteRegister         
00001691  Opto                          
00002d85  PWMGenConfigure               
00002f5d  PWMGenEnable                  
00002f1f  PWMGenPeriodSet               
00002f0d  PWMOutputState                
00002dc9  PWMPulseWidthSet              
000029e7  PendSV_Handler                
00002f81  ResetISR                      
00001d51  SPI_Init                      
00001e73  SPI_ReadMultiple              
00001deb  SPI_ReadSingle                
00001e13  SPI_WriteMultiple             
00001dcd  SPI_WriteSingle               
00002fd9  SSIBusy                       
00002fed  SSIClockSourceSet             
00002bbd  SSIConfigSetExpClk            
00002f69  SSIDataGet                    
00002f97  SSIDataPut                    
00002fa1  SSIDisable                    
00002fab  SSIEnable                     
0000027b  ST7789_Deselect               
00000449  ST7789_DrawHLine              
000007d9  ST7789_DrawLine               
0000076b  ST7789_DrawPixel              
000008a9  ST7789_DrawRectangle          
000003b3  ST7789_DrawVLine              
000007bd  ST7789_Fill                   
0000069b  ST7789_Init                   
000004fd  ST7789_Line                   
000002d1  ST7789_ReadRegister           
0000026d  ST7789_Select                 
00000297  ST7789_SetCommand             
00000289  ST7789_SetData                
000002e7  ST7789_SetWindow              
000002a5  ST7789_WriteCommand           
000002bb  ST7789_WriteData              
00000d2d  SetInitialStack               
00002f41  StartCriticalSection          
0000230d  SysCtlClockGet                
00002521  SysCtlClockSet                
00002ff3  SysCtlDelay                   
00002c9d  SysCtlPeripheralEnable        
00002bf9  SysCtlPeripheralPresent       
00002c31  SysCtlPeripheralReady         
00002ebd  SysTickEnable                 
00002ed1  SysTickIntEnable              
00002de9  SysTickIntRegister            
00002f31  SysTickPeriodSet              
000009cb  SysTick_Handler               
20006624  SystemTime                    
00002fb5  UARTCharGet                   
00002fbf  UARTCharPut                   
00002af1  UARTConfigSetExpClk           
00002da9  UARTDisable                   
00002ee5  UARTEnable                    
00000e71  UARTStdioConfig               
00002965  UART_Init                     
00000fc1  UARTgetc                      
00000f07  UARTgets                      
000012e3  UARTprintf                    
00000fe9  UARTvprintf                   
00000eb7  UARTwrite                     
20006838  __STACK_END                   
00000200  __STACK_SIZE                  
20006838  __STACK_TOP                   
00003200  __TI_CINIT_Base               
00003218  __TI_CINIT_Limit              
000031d8  __TI_Handler_Table_Base       
000031e4  __TI_Handler_Table_Limit      
00002b39  __TI_auto_init_nobinit_nopinit
000028fd  __TI_decompress_lzss          
00002f4f  __TI_decompress_none          
ffffffff  __TI_pprof_out_hndl           
ffffffff  __TI_prof_data_size           
ffffffff  __TI_prof_data_start          
00000000  __TI_static_base__            
00002f75  __TI_zero_init                
00002aa9  __aeabi_d2iz                  
00002425  __aeabi_dmul                  
00002d05  __aeabi_i2d                   
00002887  __aeabi_idiv0                 
00002887  __aeabi_ldiv0                 
0000280d  __aeabi_memclr                
0000280d  __aeabi_memclr4               
0000280d  __aeabi_memclr8               
00002771  __aeabi_memcpy                
00002771  __aeabi_memcpy4               
00002771  __aeabi_memcpy8               
0000280f  __aeabi_memset                
0000280f  __aeabi_memset4               
0000280f  __aeabi_memset8               
00002b7d  __aeabi_uidiv                 
00002b7d  __aeabi_uidivmod              
ffffffff  __binit__                     
ffffffff  __c_args__                    
UNDEFED   __mpu_init                    
20006638  __stack                       
20000000  __start___llvm_prf_cnts       
20000000  __stop___llvm_prf_cnts        
00002cd1  _c_int00_noargs               
UNDEFED   _system_post_cinit            
00003005  _system_pre_init              
00003009  abort                         
20006845  aliveCount                    
ffffffff  binit                         
2000683c  data                          
0000067d  delay_ms                      
20000000  g_pfnRAMVectors               
00000000  g_pfnVectors                  
2000683b  idle_count                    
20006839  joystick_y                    
2000683a  kill_cube                     
00002631  main                          
00002771  memcpy                        
00002815  memset                        
20006838  num_cubes                     
20006628  pulse_width                   
2000662c  sem_I2CA                      
20006630  sem_SPI                       
20006634  sem_UART                      
00000ce5  sleep                         
00002ef9  strcpy                        


GLOBAL SYMBOLS: SORTED BY Symbol Address 

address   name                          
-------   ----                          
00000000  __TI_static_base__            
00000000  g_pfnVectors                  
00000200  __STACK_SIZE                  
0000026d  ST7789_Select                 
0000027b  ST7789_Deselect               
00000289  ST7789_SetData                
00000297  ST7789_SetCommand             
000002a5  ST7789_WriteCommand           
000002bb  ST7789_WriteData              
000002d1  ST7789_ReadRegister           
000002e7  ST7789_SetWindow              
000003b3  ST7789_DrawVLine              
00000449  ST7789_DrawHLine              
000004fd  ST7789_Line                   
0000067d  delay_ms                      
0000069b  ST7789_Init                   
0000076b  ST7789_DrawPixel              
000007bd  ST7789_Fill                   
000007d9  ST7789_DrawLine               
000008a9  ST7789_DrawRectangle          
000009cb  SysTick_Handler               
00000a1d  G8RTOS_Init                   
00000a71  G8RTOS_Launch                 
00000a95  G8RTOS_Scheduler              
00000af5  G8RTOS_AddThread              
00000c03  G8RTOS_Add_APeriodicEvent     
00000c15  G8RTOS_Add_PeriodicEvent      
00000c35  G8RTOS_KillThread             
00000ccd  G8RTOS_KillSelf               
00000ce5  sleep                         
00000d0f  G8RTOS_GetThreadID            
00000d17  G8RTOS_GetNumberOfThreads     
00000d2d  SetInitialStack               
00000e71  UARTStdioConfig               
00000eb7  UARTwrite                     
00000f07  UARTgets                      
00000fc1  UARTgetc                      
00000fe9  UARTvprintf                   
000012e3  UARTprintf                    
00001319  BMI160_Init                   
00001333  BMI160_WriteRegister          
00001363  BMI160_ReadRegister           
00001387  BMI160_MultiReadRegister      
000013af  BMI160_AccelXGetResult        
000013d3  BMI160_AccelYGetResult        
000013f7  BMI160_AccelZGetResult        
0000141b  BMI160_GyroXGetResult         
0000143f  BMI160_GyroYGetResult         
00001463  BMI160_GyroZGetResult         
00001487  BMI160_MagXGetResult          
000014ad  BMI160_MagYGetResult          
000014d3  BMI160_MagZGetResult          
000014f9  BMI160_AccelXYZGetResult      
00001541  BMI160_GyroXYZGetResult       
00001589  BMI160_MagXYZGetResult        
000015d1  BMI160_GetDataStatus          
000015e1  Accel                         
00001617  Gyro                          
00001691  Opto                          
000016f3  FIFOProducer                  
0000171f  FIFOConsumer                  
00001747  FIFOConsumer2                 
0000176f  Idle_Thread                   
000018a9  I2C_Init                      
00001925  I2C_WriteSingle               
0000195b  I2C_ReadSingle                
0000198b  I2C_WriteMultiple             
00001a39  I2C_ReadMultiple              
00001b19  G8RTOS_InitFIFO               
00001b7f  G8RTOS_ReadFIFO               
00001c09  G8RTOS_WriteFIFO              
00001d51  SPI_Init                      
00001dcd  SPI_WriteSingle               
00001deb  SPI_ReadSingle                
00001e13  SPI_WriteMultiple             
00001e73  SPI_ReadMultiple              
00001ef1  LaunchpadLED_Init             
00001fad  LaunchpadLED_PWMSetDuty       
00002069  GPIOPadConfigSet              
000021d5  OPT3001_Init                  
000021e9  OPT3001_WriteRegister         
0000222b  OPT3001_ReadRegister          
00002259  OPT3001_GetResult             
000022b5  OPT3001_SetLowLimit           
000022d5  OPT3001_SetHighLimit          
000022f5  OPT3001_GetChipID             
0000230d  SysCtlClockGet                
00002425  __aeabi_dmul                  
00002521  SysCtlClockSet                
00002631  main                          
000026cd  G8RTOS_InitSemaphore          
000026df  G8RTOS_WaitSemaphore          
0000271f  G8RTOS_SignalSemaphore        
00002771  __aeabi_memcpy                
00002771  __aeabi_memcpy4               
00002771  __aeabi_memcpy8               
00002771  memcpy                        
0000280d  __aeabi_memclr                
0000280d  __aeabi_memclr4               
0000280d  __aeabi_memclr8               
0000280f  __aeabi_memset                
0000280f  __aeabi_memset4               
0000280f  __aeabi_memset8               
00002815  memset                        
00002887  __aeabi_idiv0                 
00002887  __aeabi_ldiv0                 
00002889  LaunchpadButtons_Init         
000028b5  LaunchpadButtons_ReadSW1      
000028d5  LaunchpadButtons_ReadSW2      
000028fd  __TI_decompress_lzss          
00002965  UART_Init                     
000029c5  G8RTOS_Start                  
000029e7  PendSV_Handler                
00002a11  GPIOPinConfigure              
00002a5d  I2CMasterInitExpClk           
00002aa9  __aeabi_d2iz                  
00002af1  UARTConfigSetExpClk           
00002b39  __TI_auto_init_nobinit_nopinit
00002b7d  __aeabi_uidiv                 
00002b7d  __aeabi_uidivmod              
00002bbd  SSIConfigSetExpClk            
00002bf9  SysCtlPeripheralPresent       
00002c31  SysCtlPeripheralReady         
00002c69  IntRegister                   
00002c9d  SysCtlPeripheralEnable        
00002cd1  _c_int00_noargs               
00002d05  __aeabi_i2d                   
00002d33  GPIODirModeSet                
00002d61  IntPrioritySet                
00002d85  PWMGenConfigure               
00002da9  UARTDisable                   
00002dc9  PWMPulseWidthSet              
00002de9  SysTickIntRegister            
00002e05  GPIOPinTypeGPIOOutput         
00002e21  GPIOUnlockPin                 
00002e39  GPIOPinTypeGPIOInput          
00002e4f  GPIOPinTypeI2C                
00002e65  GPIOPinTypeI2CSCL             
00002e7b  GPIOPinTypePWM                
00002e91  GPIOPinTypeSSI                
00002ea7  GPIOPinTypeUART               
00002ebd  SysTickEnable                 
00002ed1  SysTickIntEnable              
00002ee5  UARTEnable                    
00002ef9  strcpy                        
00002f0d  PWMOutputState                
00002f1f  PWMGenPeriodSet               
00002f31  SysTickPeriodSet              
00002f41  StartCriticalSection          
00002f49  EndCriticalSection            
00002f4f  __TI_decompress_none          
00002f5d  PWMGenEnable                  
00002f69  SSIDataGet                    
00002f75  __TI_zero_init                
00002f81  ResetISR                      
00002f8d  I2CMasterEnable               
00002f97  SSIDataPut                    
00002fa1  SSIDisable                    
00002fab  SSIEnable                     
00002fb5  UARTCharGet                   
00002fbf  UARTCharPut                   
00002fc9  I2CMasterBusy                 
00002fd1  I2CMasterSlaveAddrSet         
00002fd9  SSIBusy                       
00002fe1  GPIOPinRead                   
00002fe7  GPIOPinWrite                  
00002fed  SSIClockSourceSet             
00002ff3  SysCtlDelay                   
00002ff9  I2CMasterControl              
00002ffd  I2CMasterDataGet              
00003001  I2CMasterDataPut              
00003005  _system_pre_init              
00003009  C$$EXIT                       
00003009  abort                         
000031d8  __TI_Handler_Table_Base       
000031e4  __TI_Handler_Table_Limit      
00003200  __TI_CINIT_Base               
00003218  __TI_CINIT_Limit              
20000000  __start___llvm_prf_cnts       
20000000  __stop___llvm_prf_cnts        
20000000  g_pfnRAMVectors               
2000661c  CurrentlyRunningThread        
20006620  IBit_State                    
20006624  SystemTime                    
20006628  pulse_width                   
2000662c  sem_I2CA                      
20006630  sem_SPI                       
20006634  sem_UART                      
20006638  __stack                       
20006838  __STACK_END                   
20006838  __STACK_TOP                   
20006838  num_cubes                     
20006839  joystick_y                    
2000683a  kill_cube                     
2000683b  idle_count                    
2000683c  data                          
20006845  aliveCount                    
ffffffff  __TI_pprof_out_hndl           
ffffffff  __TI_prof_data_size           
ffffffff  __TI_prof_data_start          
ffffffff  __binit__                     
ffffffff  __c_args__                    
ffffffff  binit                         
UNDEFED   __mpu_init                    
UNDEFED   _system_post_cinit            

[205 symbols]
