******************************************************************************
                  TI ARM Linker PC v20.2.7                     
******************************************************************************
>> Linked Tue Oct 21 15:51:05 2025

OUTPUT FILE NAME:   <Lab4_F2025.out>
ENTRY POINT SYMBOL: "_c_int00_noargs"  address: 00002925


MEMORY CONFIGURATION

         name            origin    length      used     unused   attr    fill
----------------------  --------  ---------  --------  --------  ----  --------
  FLASH                 00000000   00040000  00002e54  0003d1ac  R  X
  SRAM                  20000000   00008000  000066f1  0000190f  RW X


SEGMENT ALLOCATION MAP

run origin  load origin   length   init length attrs members
----------  ----------- ---------- ----------- ----- -------
00000000    00000000    00002e58   00002e58    r-x
  00000000    00000000    0000026c   0000026c    r-- .intvecs
  0000026c    0000026c    000029e0   000029e0    r-x .text
  00002c4c    00002c4c    000001c8   000001c8    r-- .const
  00002e18    00002e18    00000040   00000040    r-- .cinit
20000000    20000000    000066f1   00000000    rw-
  20000000    20000000    0000026c   00000000    rw- .vtable
  2000026c    2000026c    0000627c   00000000    rw- .bss
  200064e8    200064e8    00000200   00000000    rw- .stack
  200066e8    200066e8    00000009   00000000    rw- .data


SECTION ALLOCATION MAP

 output                                  attributes/
section   page    origin      length       input sections
--------  ----  ----------  ----------   ----------------
.intvecs   0    00000000    0000026c     
                  00000000    0000026c     tm4c123gh6pm_startup_ccs.obj (.intvecs)

.text      0    0000026c    000029e0     
                  0000026c    00000734     multimod_ST7789.obj (.text)
                  000009a0    000004a8     uartstdio.obj (.text)
                  00000e48    00000418     G8RTOS_Scheduler.obj (.text)
                  00001260    000002c8     multimod_BMI160.obj (.text)
                  00001528    00000270     multimod_i2c.obj (.text)
                  00001798    00000218     threads.obj (.text)
                  000019b0    000001a0     multimod_spi.obj (.text)
                  00001b50    00000178     multimod_LaunchpadLED.obj (.text)
                  00001cc8    0000016c     driverlib.lib : gpio.obj (.text:GPIOPadConfigSet)
                  00001e34    00000138     multimod_OPT3001.obj (.text)
                  00001f6c    00000118     driverlib.lib : sysctl.obj (.text:SysCtlClockGet)
                  00002084    000000fc     rtsv7M4_T_le_v4SPD16_eabi.lib : fd_mul_t2.asm.obj (.text)
                  00002180    000000f4     driverlib.lib : sysctl.obj (.text:SysCtlClockSet)
                  00002274    000000ac     lab4_1.obj (.text)
                  00002320    000000a4     G8RTOS_Semaphores.obj (.text)
                  000023c4    0000009c     rtsv7M4_T_le_v4SPD16_eabi.lib : memcpy_t2.asm.obj (.text)
                  00002460    0000007a                                   : memset_t2.asm.obj (.text)
                  000024da    00000002                                   : div0.asm.obj (.text)
                  000024dc    00000074     multimod_LaunchpadButtons.obj (.text)
                  00002550    00000068     rtsv7M4_T_le_v4SPD16_eabi.lib : copy_decompress_lzss.c.obj (.text:decompress:lzss:__TI_decompress_lzss)
                  000025b8    0000005c     multimod_uart.obj (.text)
                  00002614    00000050     G8RTOS_SchedulerASM.obj (.text)
                  00002664    0000004c     driverlib.lib : gpio.obj (.text:GPIOPinConfigure)
                  000026b0    0000004c                   : i2c.obj (.text:I2CMasterInitExpClk)
                  000026fc    00000048     rtsv7M4_T_le_v4SPD16_eabi.lib : fd_toi_t2.asm.obj (.text)
                  00002744    00000046     driverlib.lib : uart.obj (.text:UARTConfigSetExpClk)
                  0000278a    00000002     --HOLE-- [fill = 0]
                  0000278c    00000044     rtsv7M4_T_le_v4SPD16_eabi.lib : autoinit.c.obj (.text:__TI_auto_init_nobinit_nopinit:__TI_auto_init_nobinit_nopinit)
                  000027d0    00000040                                   : u_divt2.asm.obj (.text)
                  00002810    0000003c     driverlib.lib : ssi.obj (.text:SSIConfigSetExpClk)
                  0000284c    00000038                   : sysctl.obj (.text:SysCtlPeripheralPresent)
                  00002884    00000038                   : sysctl.obj (.text:SysCtlPeripheralReady)
                  000028bc    00000034                   : interrupt.obj (.text:IntRegister)
                  000028f0    00000034                   : sysctl.obj (.text:SysCtlPeripheralEnable)
                  00002924    00000034     rtsv7M4_T_le_v4SPD16_eabi.lib : boot_cortex_m.c.obj (.text:_c_int00_noargs:_c_int00_noargs)
                  00002958    0000002e                                   : i_tofd_t2.asm.obj (.text)
                  00002986    0000002c     driverlib.lib : gpio.obj (.text:GPIODirModeSet)
                  000029b2    00000002     --HOLE-- [fill = 0]
                  000029b4    00000024                   : interrupt.obj (.text:IntPrioritySet)
                  000029d8    00000022                   : pwm.obj (.text:PWMGenConfigure)
                  000029fa    00000002     --HOLE-- [fill = 0]
                  000029fc    00000020                   : uart.obj (.text:UARTDisable)
                  00002a1c    0000001e                   : pwm.obj (.text:PWMPulseWidthSet)
                  00002a3a    00000002     --HOLE-- [fill = 0]
                  00002a3c    0000001c                   : systick.obj (.text:SysTickIntRegister)
                  00002a58    0000001a                   : gpio.obj (.text:GPIOPinTypeGPIOOutput)
                  00002a72    00000002     --HOLE-- [fill = 0]
                  00002a74    00000018                   : gpio.obj (.text:GPIOUnlockPin)
                  00002a8c    00000016                   : gpio.obj (.text:GPIOPinTypeGPIOInput)
                  00002aa2    00000016                   : gpio.obj (.text:GPIOPinTypeI2C)
                  00002ab8    00000016                   : gpio.obj (.text:GPIOPinTypeI2CSCL)
                  00002ace    00000016                   : gpio.obj (.text:GPIOPinTypePWM)
                  00002ae4    00000016                   : gpio.obj (.text:GPIOPinTypeSSI)
                  00002afa    00000016                   : gpio.obj (.text:GPIOPinTypeUART)
                  00002b10    00000014                   : systick.obj (.text:SysTickEnable)
                  00002b24    00000014                   : systick.obj (.text:SysTickIntEnable)
                  00002b38    00000014                   : uart.obj (.text:UARTEnable)
                  00002b4c    00000012                   : pwm.obj (.text:PWMOutputState)
                  00002b5e    00000010                   : pwm.obj (.text:PWMGenPeriodSet)
                  00002b6e    00000002     --HOLE-- [fill = 0]
                  00002b70    00000010                   : systick.obj (.text:SysTickPeriodSet)
                  00002b80    0000000e     G8RTOS_CriticalSection.obj (.text)
                  00002b8e    0000000e     rtsv7M4_T_le_v4SPD16_eabi.lib : copy_decompress_none.c.obj (.text:decompress:none:__TI_decompress_none)
                  00002b9c    0000000c     driverlib.lib : pwm.obj (.text:PWMGenEnable)
                  00002ba8    0000000c                   : ssi.obj (.text:SSIDataGet)
                  00002bb4    0000000c     rtsv7M4_T_le_v4SPD16_eabi.lib : copy_zero_init.c.obj (.text:decompress:ZI:__TI_zero_init)
                  00002bc0    0000000c     tm4c123gh6pm_startup_ccs.obj (.text)
                  00002bcc    0000000a     driverlib.lib : i2c.obj (.text:I2CMasterEnable)
                  00002bd6    0000000a                   : ssi.obj (.text:SSIDataPut)
                  00002be0    0000000a                   : ssi.obj (.text:SSIDisable)
                  00002bea    0000000a                   : ssi.obj (.text:SSIEnable)
                  00002bf4    0000000a                   : uart.obj (.text:UARTCharGet)
                  00002bfe    0000000a                   : uart.obj (.text:UARTCharPut)
                  00002c08    00000008                   : i2c.obj (.text:I2CMasterBusy)
                  00002c10    00000008                   : i2c.obj (.text:I2CMasterSlaveAddrSet)
                  00002c18    00000008                   : ssi.obj (.text:SSIBusy)
                  00002c20    00000006                   : gpio.obj (.text:GPIOPinRead)
                  00002c26    00000006                   : gpio.obj (.text:GPIOPinWrite)
                  00002c2c    00000006                   : ssi.obj (.text:SSIClockSourceSet)
                  00002c32    00000006                   : sysctl.obj (.text:SysCtlDelay)
                  00002c38    00000004                   : i2c.obj (.text:I2CMasterControl)
                  00002c3c    00000004                   : i2c.obj (.text:I2CMasterDataGet)
                  00002c40    00000004                   : i2c.obj (.text:I2CMasterDataPut)
                  00002c44    00000004     rtsv7M4_T_le_v4SPD16_eabi.lib : pre_init.c.obj (.text:_system_pre_init)
                  00002c48    00000004                                   : exit.c.obj (.text:abort:abort)

.const     0    00002c4c    000001c8     
                  00002c4c    0000009c     driverlib.lib : interrupt.obj (.const:g_pui32Regs)
                  00002ce8    00000090                   : gpio.obj (.const:g_pui32GPIOBaseAddrs)
                  00002d78    0000006c                   : sysctl.obj (.const:g_pui32Xtals)
                  00002de4    00000012     uartstdio.obj (.const:.string)
                  00002df6    00000002     --HOLE-- [fill = 0]
                  00002df8    0000000c     uartstdio.obj (.const:g_ui32UARTBase)
                  00002e04    0000000c     uartstdio.obj (.const:g_ui32UARTPeriph)
                  00002e10    00000004     uartstdio.obj (.const)

.cinit     0    00002e18    00000040     
                  00002e18    0000000c     (__TI_handler_table)
                  00002e24    0000000a     (.cinit..data.load) [load image, compression = lzss]
                  00002e2e    00000002     --HOLE-- [fill = 0]
                  00002e30    00000008     (.cinit..bss.load) [load image, compression = zero_init]
                  00002e38    00000008     (.cinit..vtable.load) [load image, compression = zero_init]
                  00002e40    00000018     (__TI_cinit_table)

.init_array 
*          0    00000000    00000000     UNINITIALIZED

.vtable    0    20000000    0000026c     UNINITIALIZED
                  20000000    0000026c     driverlib.lib : interrupt.obj (.vtable)

.bss       0    2000026c    0000627c     UNINITIALIZED
                  2000026c    00006000     G8RTOS_Scheduler.obj (.bss:threadStacks)
                  2000626c    00000210     G8RTOS_Scheduler.obj (.bss:threadControlBlocks)
                  2000647c    00000048     G8RTOS_Scheduler.obj (.bss:pthreadControlBlocks)
                  200064c4    00000008     G8RTOS_Scheduler.obj (.bss)
                  200064cc    00000004     (.common:CurrentlyRunningThread)
                  200064d0    00000004     (.common:IBit_State)
                  200064d4    00000004     (.common:SystemTime)
                  200064d8    00000004     (.common:pulse_width)
                  200064dc    00000004     (.common:sem_I2CA)
                  200064e0    00000004     (.common:sem_SPI)
                  200064e4    00000004     (.common:sem_UART)

.data      0    200066e8    00000009     UNINITIALIZED
                  200066e8    00000005     uartstdio.obj (.data)
                  200066ed    00000004     threads.obj (.data)

.stack     0    200064e8    00000200     UNINITIALIZED
                  200064e8    00000004     rtsv7M4_T_le_v4SPD16_eabi.lib : boot_cortex_m.c.obj (.stack)
                  200064ec    000001fc     --HOLE--

__llvm_prf_cnts 
*          0    20000000    00000000     UNINITIALIZED

MODULE SUMMARY

       Module                          code    ro data   rw data
       ------                          ----    -------   -------
    .\
       uartstdio.obj                   1192    46        5      
       tm4c123gh6pm_startup_ccs.obj    12      620       0      
       threads.obj                     536     0         4      
       lab4_1.obj                      172     0         16     
    +--+-------------------------------+-------+---------+---------+
       Total:                          1912    666       25     
                                                                
    .\G8RTOS\src\
       G8RTOS_Scheduler.obj            1048    0         25192  
       G8RTOS_Semaphores.obj           164     0         0      
       G8RTOS_SchedulerASM.obj         80      0         0      
       G8RTOS_CriticalSection.obj      14      0         0      
    +--+-------------------------------+-------+---------+---------+
       Total:                          1306    0         25192  
                                                                
    .\MultimodDrivers\src\
       multimod_ST7789.obj             1844    0         0      
       multimod_BMI160.obj             712     0         0      
       multimod_i2c.obj                624     0         0      
       multimod_spi.obj                416     0         0      
       multimod_LaunchpadLED.obj       376     0         4      
       multimod_OPT3001.obj            312     0         0      
       multimod_LaunchpadButtons.obj   116     0         0      
       multimod_uart.obj               92      0         0      
    +--+-------------------------------+-------+---------+---------+
       Total:                          4492    0         4      
                                                                
    C:/ti/TivaWare_C_Series-2.2.0.295/driverlib/ccs/Debug/driverlib.lib
       interrupt.obj                   88      156       620    
       gpio.obj                        678     144       0      
       sysctl.obj                      694     108       0      
       uart.obj                        142     0         0      
       ssi.obj                         116     0         0      
       i2c.obj                         114     0         0      
       pwm.obj                         110     0         0      
       systick.obj                     84      0         0      
    +--+-------------------------------+-------+---------+---------+
       Total:                          2026    408       620    
                                                                
    C:\ti\ccs1281\ccs\tools\compiler\ti-cgt-arm_20.2.7.LTS\lib\rtsv7M4_T_le_v4SPD16_eabi.lib
       fd_mul_t2.asm.obj               252     0         0      
       memcpy_t2.asm.obj               156     0         0      
       memset_t2.asm.obj               122     0         0      
       copy_decompress_lzss.c.obj      104     0         0      
       fd_toi_t2.asm.obj               72      0         0      
       autoinit.c.obj                  68      0         0      
       u_divt2.asm.obj                 64      0         0      
       boot_cortex_m.c.obj             52      0         0      
       i_tofd_t2.asm.obj               46      0         0      
       copy_decompress_none.c.obj      14      0         0      
       copy_zero_init.c.obj            12      0         0      
       exit.c.obj                      4       0         0      
       pre_init.c.obj                  4       0         0      
       div0.asm.obj                    2       0         0      
    +--+-------------------------------+-------+---------+---------+
       Total:                          972     0         0      
                                                                
       Stack:                          0       0         512    
       Linker Generated:               0       62        0      
    +--+-------------------------------+-------+---------+---------+
       Grand Total:                    10708   1136      26353  


LINKER GENERATED COPY TABLES

__TI_cinit_table @ 00002e40 records: 3, size/record: 8, table size: 24
	.data: load addr=00002e24, load size=0000000a bytes, run addr=200066e8, run size=00000009 bytes, compression=lzss
	.bss: load addr=00002e30, load size=00000008 bytes, run addr=2000026c, run size=0000627c bytes, compression=zero_init
	.vtable: load addr=00002e38, load size=00000008 bytes, run addr=20000000, run size=0000026c bytes, compression=zero_init


LINKER GENERATED HANDLER TABLE

__TI_handler_table @ 00002e18 records: 3, size/record: 4, table size: 12
	index: 0, handler: __TI_zero_init
	index: 1, handler: __TI_decompress_lzss
	index: 2, handler: __TI_decompress_none


GLOBAL SYMBOLS: SORTED ALPHABETICALLY BY Name 

address   name                          
-------   ----                          
000012f7  BMI160_AccelXGetResult        
00001441  BMI160_AccelXYZGetResult      
0000131b  BMI160_AccelYGetResult        
0000133f  BMI160_AccelZGetResult        
00001519  BMI160_GetDataStatus          
00001363  BMI160_GyroXGetResult         
00001489  BMI160_GyroXYZGetResult       
00001387  BMI160_GyroYGetResult         
000013ab  BMI160_GyroZGetResult         
00001261  BMI160_Init                   
000013cf  BMI160_MagXGetResult          
000014d1  BMI160_MagXYZGetResult        
000013f5  BMI160_MagYGetResult          
0000141b  BMI160_MagZGetResult          
000012cf  BMI160_MultiReadRegister      
000012ab  BMI160_ReadRegister           
0000127b  BMI160_WriteRegister          
00002c49  C$$EXIT                       
200064cc  CurrentlyRunningThread        
00002b89  EndCriticalSection            
00000f97  G8RTOS_AddThread              
00001099  G8RTOS_Add_APeriodicEvent     
000010ab  G8RTOS_Add_PeriodicEvent      
0000110b  G8RTOS_GetNumberOfThreads     
00001103  G8RTOS_GetThreadID            
00000ec5  G8RTOS_Init                   
00002321  G8RTOS_InitSemaphore          
000010d3  G8RTOS_KillSelf               
000010bb  G8RTOS_KillThread             
00000f19  G8RTOS_Launch                 
00000f3d  G8RTOS_Scheduler              
00002373  G8RTOS_SignalSemaphore        
00002619  G8RTOS_Start                  
00002333  G8RTOS_WaitSemaphore          
00002987  GPIODirModeSet                
00001cc9  GPIOPadConfigSet              
00002665  GPIOPinConfigure              
00002c21  GPIOPinRead                   
00002a8d  GPIOPinTypeGPIOInput          
00002a59  GPIOPinTypeGPIOOutput         
00002aa3  GPIOPinTypeI2C                
00002ab9  GPIOPinTypeI2CSCL             
00002acf  GPIOPinTypePWM                
00002ae5  GPIOPinTypeSSI                
00002afb  GPIOPinTypeUART               
00002c27  GPIOPinWrite                  
00002a75  GPIOUnlockPin                 
00002c09  I2CMasterBusy                 
00002c39  I2CMasterControl              
00002c3d  I2CMasterDataGet              
00002c41  I2CMasterDataPut              
00002bcd  I2CMasterEnable               
000026b1  I2CMasterInitExpClk           
00002c11  I2CMasterSlaveAddrSet         
00001529  I2C_Init                      
000016b9  I2C_ReadMultiple              
000015db  I2C_ReadSingle                
0000160b  I2C_WriteMultiple             
000015a5  I2C_WriteSingle               
200064d0  IBit_State                    
000018d3  Idle_Thread                   
000029b5  IntPrioritySet                
000028bd  IntRegister                   
000024dd  LaunchpadButtons_Init         
00002509  LaunchpadButtons_ReadSW1      
00002529  LaunchpadButtons_ReadSW2      
00001b51  LaunchpadLED_Init             
00001c0d  LaunchpadLED_PWMSetDuty       
00001f55  OPT3001_GetChipID             
00001eb9  OPT3001_GetResult             
00001e35  OPT3001_Init                  
00001e8b  OPT3001_ReadRegister          
00001f35  OPT3001_SetHighLimit          
00001f15  OPT3001_SetLowLimit           
00001e49  OPT3001_WriteRegister         
000029d9  PWMGenConfigure               
00002b9d  PWMGenEnable                  
00002b5f  PWMGenPeriodSet               
00002b4d  PWMOutputState                
00002a1d  PWMPulseWidthSet              
0000263b  PendSV_Handler                
00002bc1  ResetISR                      
000019b1  SPI_Init                      
00001ad3  SPI_ReadMultiple              
00001a4b  SPI_ReadSingle                
00001a73  SPI_WriteMultiple             
00001a2d  SPI_WriteSingle               
00002c19  SSIBusy                       
00002c2d  SSIClockSourceSet             
00002811  SSIConfigSetExpClk            
00002ba9  SSIDataGet                    
00002bd7  SSIDataPut                    
00002be1  SSIDisable                    
00002beb  SSIEnable                     
0000027b  ST7789_Deselect               
00000449  ST7789_DrawHLine              
000007d9  ST7789_DrawLine               
0000076b  ST7789_DrawPixel              
000008a9  ST7789_DrawRectangle          
000003b3  ST7789_DrawVLine              
000007bd  ST7789_Fill                   
0000069b  ST7789_Init                   
000004fd  ST7789_Line                   
000002d1  ST7789_ReadRegister           
0000026d  ST7789_Select                 
00000297  ST7789_SetCommand             
00000289  ST7789_SetData                
000002e7  ST7789_SetWindow              
000002a5  ST7789_WriteCommand           
000002bb  ST7789_WriteData              
00001135  SetInitialStack               
00002b81  StartCriticalSection          
00001f6d  SysCtlClockGet                
00002181  SysCtlClockSet                
00002c33  SysCtlDelay                   
000028f1  SysCtlPeripheralEnable        
0000284d  SysCtlPeripheralPresent       
00002885  SysCtlPeripheralReady         
00002b11  SysTickEnable                 
00002b25  SysTickIntEnable              
00002a3d  SysTickIntRegister            
00002b71  SysTickPeriodSet              
00000e73  SysTick_Handler               
200064d4  SystemTime                    
00001799  Thread0                       
000017cf  Thread1                       
00001847  Thread2                       
0000188f  Thread3                       
000018b1  Thread4                       
00002bf5  UARTCharGet                   
00002bff  UARTCharPut                   
00002745  UARTConfigSetExpClk           
000029fd  UARTDisable                   
00002b39  UARTEnable                    
000009a1  UARTStdioConfig               
000025b9  UART_Init                     
00000af1  UARTgetc                      
00000a37  UARTgets                      
00000e13  UARTprintf                    
00000b19  UARTvprintf                   
000009e7  UARTwrite                     
200066e8  __STACK_END                   
00000200  __STACK_SIZE                  
200066e8  __STACK_TOP                   
00002e40  __TI_CINIT_Base               
00002e58  __TI_CINIT_Limit              
00002e18  __TI_Handler_Table_Base       
00002e24  __TI_Handler_Table_Limit      
0000278d  __TI_auto_init_nobinit_nopinit
00002551  __TI_decompress_lzss          
00002b8f  __TI_decompress_none          
ffffffff  __TI_pprof_out_hndl           
ffffffff  __TI_prof_data_size           
ffffffff  __TI_prof_data_start          
00000000  __TI_static_base__            
00002bb5  __TI_zero_init                
000026fd  __aeabi_d2iz                  
00002085  __aeabi_dmul                  
00002959  __aeabi_i2d                   
000024db  __aeabi_idiv0                 
000024db  __aeabi_ldiv0                 
00002461  __aeabi_memclr                
00002461  __aeabi_memclr4               
00002461  __aeabi_memclr8               
000023c5  __aeabi_memcpy                
000023c5  __aeabi_memcpy4               
000023c5  __aeabi_memcpy8               
00002463  __aeabi_memset                
00002463  __aeabi_memset4               
00002463  __aeabi_memset8               
000027d1  __aeabi_uidiv                 
000027d1  __aeabi_uidivmod              
ffffffff  __binit__                     
ffffffff  __c_args__                    
UNDEFED   __mpu_init                    
200064e8  __stack                       
20000000  __start___llvm_prf_cnts       
20000000  __stop___llvm_prf_cnts        
00002925  _c_int00_noargs               
UNDEFED   _system_post_cinit            
00002c45  _system_pre_init              
00002c49  abort                         
ffffffff  binit                         
0000067d  delay_ms                      
20000000  g_pfnRAMVectors               
00000000  g_pfnVectors                  
200066f0  idle_count                    
200066ee  joystick_y                    
200066ef  kill_cube                     
00002291  main                          
000023c5  memcpy                        
00002469  memset                        
200066ed  num_cubes                     
200064d8  pulse_width                   
200064dc  sem_I2CA                      
200064e0  sem_SPI                       
200064e4  sem_UART                      
000010d9  sleep                         


GLOBAL SYMBOLS: SORTED BY Symbol Address 

address   name                          
-------   ----                          
00000000  __TI_static_base__            
00000000  g_pfnVectors                  
00000200  __STACK_SIZE                  
0000026d  ST7789_Select                 
0000027b  ST7789_Deselect               
00000289  ST7789_SetData                
00000297  ST7789_SetCommand             
000002a5  ST7789_WriteCommand           
000002bb  ST7789_WriteData              
000002d1  ST7789_ReadRegister           
000002e7  ST7789_SetWindow              
000003b3  ST7789_DrawVLine              
00000449  ST7789_DrawHLine              
000004fd  ST7789_Line                   
0000067d  delay_ms                      
0000069b  ST7789_Init                   
0000076b  ST7789_DrawPixel              
000007bd  ST7789_Fill                   
000007d9  ST7789_DrawLine               
000008a9  ST7789_DrawRectangle          
000009a1  UARTStdioConfig               
000009e7  UARTwrite                     
00000a37  UARTgets                      
00000af1  UARTgetc                      
00000b19  UARTvprintf                   
00000e13  UARTprintf                    
00000e73  SysTick_Handler               
00000ec5  G8RTOS_Init                   
00000f19  G8RTOS_Launch                 
00000f3d  G8RTOS_Scheduler              
00000f97  G8RTOS_AddThread              
00001099  G8RTOS_Add_APeriodicEvent     
000010ab  G8RTOS_Add_PeriodicEvent      
000010bb  G8RTOS_KillThread             
000010d3  G8RTOS_KillSelf               
000010d9  sleep                         
00001103  G8RTOS_GetThreadID            
0000110b  G8RTOS_GetNumberOfThreads     
00001135  SetInitialStack               
00001261  BMI160_Init                   
0000127b  BMI160_WriteRegister          
000012ab  BMI160_ReadRegister           
000012cf  BMI160_MultiReadRegister      
000012f7  BMI160_AccelXGetResult        
0000131b  BMI160_AccelYGetResult        
0000133f  BMI160_AccelZGetResult        
00001363  BMI160_GyroXGetResult         
00001387  BMI160_GyroYGetResult         
000013ab  BMI160_GyroZGetResult         
000013cf  BMI160_MagXGetResult          
000013f5  BMI160_MagYGetResult          
0000141b  BMI160_MagZGetResult          
00001441  BMI160_AccelXYZGetResult      
00001489  BMI160_GyroXYZGetResult       
000014d1  BMI160_MagXYZGetResult        
00001519  BMI160_GetDataStatus          
00001529  I2C_Init                      
000015a5  I2C_WriteSingle               
000015db  I2C_ReadSingle                
0000160b  I2C_WriteMultiple             
000016b9  I2C_ReadMultiple              
00001799  Thread0                       
000017cf  Thread1                       
00001847  Thread2                       
0000188f  Thread3                       
000018b1  Thread4                       
000018d3  Idle_Thread                   
000019b1  SPI_Init                      
00001a2d  SPI_WriteSingle               
00001a4b  SPI_ReadSingle                
00001a73  SPI_WriteMultiple             
00001ad3  SPI_ReadMultiple              
00001b51  LaunchpadLED_Init             
00001c0d  LaunchpadLED_PWMSetDuty       
00001cc9  GPIOPadConfigSet              
00001e35  OPT3001_Init                  
00001e49  OPT3001_WriteRegister         
00001e8b  OPT3001_ReadRegister          
00001eb9  OPT3001_GetResult             
00001f15  OPT3001_SetLowLimit           
00001f35  OPT3001_SetHighLimit          
00001f55  OPT3001_GetChipID             
00001f6d  SysCtlClockGet                
00002085  __aeabi_dmul                  
00002181  SysCtlClockSet                
00002291  main                          
00002321  G8RTOS_InitSemaphore          
00002333  G8RTOS_WaitSemaphore          
00002373  G8RTOS_SignalSemaphore        
000023c5  __aeabi_memcpy                
000023c5  __aeabi_memcpy4               
000023c5  __aeabi_memcpy8               
000023c5  memcpy                        
00002461  __aeabi_memclr                
00002461  __aeabi_memclr4               
00002461  __aeabi_memclr8               
00002463  __aeabi_memset                
00002463  __aeabi_memset4               
00002463  __aeabi_memset8               
00002469  memset                        
000024db  __aeabi_idiv0                 
000024db  __aeabi_ldiv0                 
000024dd  LaunchpadButtons_Init         
00002509  LaunchpadButtons_ReadSW1      
00002529  LaunchpadButtons_ReadSW2      
00002551  __TI_decompress_lzss          
000025b9  UART_Init                     
00002619  G8RTOS_Start                  
0000263b  PendSV_Handler                
00002665  GPIOPinConfigure              
000026b1  I2CMasterInitExpClk           
000026fd  __aeabi_d2iz                  
00002745  UARTConfigSetExpClk           
0000278d  __TI_auto_init_nobinit_nopinit
000027d1  __aeabi_uidiv                 
000027d1  __aeabi_uidivmod              
00002811  SSIConfigSetExpClk            
0000284d  SysCtlPeripheralPresent       
00002885  SysCtlPeripheralReady         
000028bd  IntRegister                   
000028f1  SysCtlPeripheralEnable        
00002925  _c_int00_noargs               
00002959  __aeabi_i2d                   
00002987  GPIODirModeSet                
000029b5  IntPrioritySet                
000029d9  PWMGenConfigure               
000029fd  UARTDisable                   
00002a1d  PWMPulseWidthSet              
00002a3d  SysTickIntRegister            
00002a59  GPIOPinTypeGPIOOutput         
00002a75  GPIOUnlockPin                 
00002a8d  GPIOPinTypeGPIOInput          
00002aa3  GPIOPinTypeI2C                
00002ab9  GPIOPinTypeI2CSCL             
00002acf  GPIOPinTypePWM                
00002ae5  GPIOPinTypeSSI                
00002afb  GPIOPinTypeUART               
00002b11  SysTickEnable                 
00002b25  SysTickIntEnable              
00002b39  UARTEnable                    
00002b4d  PWMOutputState                
00002b5f  PWMGenPeriodSet               
00002b71  SysTickPeriodSet              
00002b81  StartCriticalSection          
00002b89  EndCriticalSection            
00002b8f  __TI_decompress_none          
00002b9d  PWMGenEnable                  
00002ba9  SSIDataGet                    
00002bb5  __TI_zero_init                
00002bc1  ResetISR                      
00002bcd  I2CMasterEnable               
00002bd7  SSIDataPut                    
00002be1  SSIDisable                    
00002beb  SSIEnable                     
00002bf5  UARTCharGet                   
00002bff  UARTCharPut                   
00002c09  I2CMasterBusy                 
00002c11  I2CMasterSlaveAddrSet         
00002c19  SSIBusy                       
00002c21  GPIOPinRead                   
00002c27  GPIOPinWrite                  
00002c2d  SSIClockSourceSet             
00002c33  SysCtlDelay                   
00002c39  I2CMasterControl              
00002c3d  I2CMasterDataGet              
00002c41  I2CMasterDataPut              
00002c45  _system_pre_init              
00002c49  C$$EXIT                       
00002c49  abort                         
00002e18  __TI_Handler_Table_Base       
00002e24  __TI_Handler_Table_Limit      
00002e40  __TI_CINIT_Base               
00002e58  __TI_CINIT_Limit              
20000000  __start___llvm_prf_cnts       
20000000  __stop___llvm_prf_cnts        
20000000  g_pfnRAMVectors               
200064cc  CurrentlyRunningThread        
200064d0  IBit_State                    
200064d4  SystemTime                    
200064d8  pulse_width                   
200064dc  sem_I2CA                      
200064e0  sem_SPI                       
200064e4  sem_UART                      
200064e8  __stack                       
200066e8  __STACK_END                   
200066e8  __STACK_TOP                   
200066ed  num_cubes                     
200066ee  joystick_y                    
200066ef  kill_cube                     
200066f0  idle_count                    
ffffffff  __TI_pprof_out_hndl           
ffffffff  __TI_prof_data_size           
ffffffff  __TI_prof_data_start          
ffffffff  __binit__                     
ffffffff  __c_args__                    
ffffffff  binit                         
UNDEFED   __mpu_init                    
UNDEFED   _system_post_cinit            

[198 symbols]
