******************************************************************************
                  TI ARM Linker PC v20.2.7                     
******************************************************************************
>> Linked Mon Oct 27 14:27:09 2025

OUTPUT FILE NAME:   <Lab4_F2025.out>
ENTRY POINT SYMBOL: "_c_int00_noargs"  address: 00002d15


MEMORY CONFIGURATION

         name            origin    length      used     unused   attr    fill
----------------------  --------  ---------  --------  --------  ----  --------
  FLASH                 00000000   00040000  00003258  0003cda8  R  X
  SRAM                  20000000   00008000  00006846  000017ba  RW X


SEGMENT ALLOCATION MAP

run origin  load origin   length   init length attrs members
----------  ----------- ---------- ----------- ----- -------
00000000    00000000    00003258   00003258    r-x
  00000000    00000000    0000026c   0000026c    r-- .intvecs
  0000026c    0000026c    00002de4   00002de4    r-x .text
  00003050    00003050    000001c8   000001c8    r-- .const
  00003218    00003218    00000040   00000040    r-- .cinit
20000000    20000000    00006846   00000000    rw-
  20000000    20000000    0000026c   00000000    rw- .vtable
  2000026c    2000026c    000063cc   00000000    rw- .bss
  20006638    20006638    00000200   00000000    rw- .stack
  20006838    20006838    0000000e   00000000    rw- .data


SECTION ALLOCATION MAP

 output                                  attributes/
section   page    origin      length       input sections
--------  ----  ----------  ----------   ----------------
.intvecs   0    00000000    0000026c     
                  00000000    0000026c     tm4c123gh6pm_startup_ccs.obj (.intvecs)

.text      0    0000026c    00002de4     
                  0000026c    00000734     multimod_ST7789.obj (.text)
                  000009a0    00000510     G8RTOS_Scheduler.obj (.text)
                  00000eb0    000004a8     uartstdio.obj (.text)
                  00001358    000002cc     threads.obj (.text)
                  00001624    000002c8     multimod_BMI160.obj (.text)
                  000018ec    00000270     multimod_i2c.obj (.text)
                  00001b5c    00000238     G8RTOS_IPC.obj (.text)
                  00001d94    000001a0     multimod_spi.obj (.text)
                  00001f34    00000178     multimod_LaunchpadLED.obj (.text)
                  000020ac    0000016c     driverlib.lib : gpio.obj (.text:GPIOPadConfigSet)
                  00002218    00000138     multimod_OPT3001.obj (.text)
                  00002350    00000118     driverlib.lib : sysctl.obj (.text:SysCtlClockGet)
                  00002468    000000fc     rtsv7M4_T_le_v4SPD16_eabi.lib : fd_mul_t2.asm.obj (.text)
                  00002564    000000f4     driverlib.lib : sysctl.obj (.text:SysCtlClockSet)
                  00002658    000000b8     lab4_1.obj (.text)
                  00002710    000000a4     G8RTOS_Semaphores.obj (.text)
                  000027b4    0000009c     rtsv7M4_T_le_v4SPD16_eabi.lib : memcpy_t2.asm.obj (.text)
                  00002850    0000007a                                   : memset_t2.asm.obj (.text)
                  000028ca    00000002                                   : div0.asm.obj (.text)
                  000028cc    00000074     multimod_LaunchpadButtons.obj (.text)
                  00002940    00000068     rtsv7M4_T_le_v4SPD16_eabi.lib : copy_decompress_lzss.c.obj (.text:decompress:lzss:__TI_decompress_lzss)
                  000029a8    0000005c     multimod_uart.obj (.text)
                  00002a04    00000050     G8RTOS_SchedulerASM.obj (.text)
                  00002a54    0000004c     driverlib.lib : gpio.obj (.text:GPIOPinConfigure)
                  00002aa0    0000004c                   : i2c.obj (.text:I2CMasterInitExpClk)
                  00002aec    00000048     rtsv7M4_T_le_v4SPD16_eabi.lib : fd_toi_t2.asm.obj (.text)
                  00002b34    00000046     driverlib.lib : uart.obj (.text:UARTConfigSetExpClk)
                  00002b7a    00000002     --HOLE-- [fill = 0]
                  00002b7c    00000044     rtsv7M4_T_le_v4SPD16_eabi.lib : autoinit.c.obj (.text:__TI_auto_init_nobinit_nopinit:__TI_auto_init_nobinit_nopinit)
                  00002bc0    00000040                                   : u_divt2.asm.obj (.text)
                  00002c00    0000003c     driverlib.lib : ssi.obj (.text:SSIConfigSetExpClk)
                  00002c3c    00000038                   : sysctl.obj (.text:SysCtlPeripheralPresent)
                  00002c74    00000038                   : sysctl.obj (.text:SysCtlPeripheralReady)
                  00002cac    00000034                   : interrupt.obj (.text:IntRegister)
                  00002ce0    00000034                   : sysctl.obj (.text:SysCtlPeripheralEnable)
                  00002d14    00000034     rtsv7M4_T_le_v4SPD16_eabi.lib : boot_cortex_m.c.obj (.text:_c_int00_noargs:_c_int00_noargs)
                  00002d48    0000002e                                   : i_tofd_t2.asm.obj (.text)
                  00002d76    0000002c     driverlib.lib : gpio.obj (.text:GPIODirModeSet)
                  00002da2    00000002     --HOLE-- [fill = 0]
                  00002da4    00000024                   : interrupt.obj (.text:IntPrioritySet)
                  00002dc8    00000022                   : pwm.obj (.text:PWMGenConfigure)
                  00002dea    00000002     --HOLE-- [fill = 0]
                  00002dec    00000020                   : uart.obj (.text:UARTDisable)
                  00002e0c    0000001e                   : pwm.obj (.text:PWMPulseWidthSet)
                  00002e2a    00000002     --HOLE-- [fill = 0]
                  00002e2c    0000001c                   : systick.obj (.text:SysTickIntRegister)
                  00002e48    0000001a                   : gpio.obj (.text:GPIOPinTypeGPIOOutput)
                  00002e62    00000002     --HOLE-- [fill = 0]
                  00002e64    00000018                   : gpio.obj (.text:GPIOUnlockPin)
                  00002e7c    00000016                   : gpio.obj (.text:GPIOPinTypeGPIOInput)
                  00002e92    00000016                   : gpio.obj (.text:GPIOPinTypeI2C)
                  00002ea8    00000016                   : gpio.obj (.text:GPIOPinTypeI2CSCL)
                  00002ebe    00000016                   : gpio.obj (.text:GPIOPinTypePWM)
                  00002ed4    00000016                   : gpio.obj (.text:GPIOPinTypeSSI)
                  00002eea    00000016                   : gpio.obj (.text:GPIOPinTypeUART)
                  00002f00    00000014                   : systick.obj (.text:SysTickEnable)
                  00002f14    00000014                   : systick.obj (.text:SysTickIntEnable)
                  00002f28    00000014                   : uart.obj (.text:UARTEnable)
                  00002f3c    00000014     rtsv7M4_T_le_v4SPD16_eabi.lib : strcpy.c.obj (.text:strcpy)
                  00002f50    00000012     driverlib.lib : pwm.obj (.text:PWMOutputState)
                  00002f62    00000010                   : pwm.obj (.text:PWMGenPeriodSet)
                  00002f72    00000002     --HOLE-- [fill = 0]
                  00002f74    00000010                   : systick.obj (.text:SysTickPeriodSet)
                  00002f84    0000000e     G8RTOS_CriticalSection.obj (.text)
                  00002f92    0000000e     rtsv7M4_T_le_v4SPD16_eabi.lib : copy_decompress_none.c.obj (.text:decompress:none:__TI_decompress_none)
                  00002fa0    0000000c     driverlib.lib : pwm.obj (.text:PWMGenEnable)
                  00002fac    0000000c                   : ssi.obj (.text:SSIDataGet)
                  00002fb8    0000000c     rtsv7M4_T_le_v4SPD16_eabi.lib : copy_zero_init.c.obj (.text:decompress:ZI:__TI_zero_init)
                  00002fc4    0000000c     tm4c123gh6pm_startup_ccs.obj (.text)
                  00002fd0    0000000a     driverlib.lib : i2c.obj (.text:I2CMasterEnable)
                  00002fda    0000000a                   : ssi.obj (.text:SSIDataPut)
                  00002fe4    0000000a                   : ssi.obj (.text:SSIDisable)
                  00002fee    0000000a                   : ssi.obj (.text:SSIEnable)
                  00002ff8    0000000a                   : uart.obj (.text:UARTCharGet)
                  00003002    0000000a                   : uart.obj (.text:UARTCharPut)
                  0000300c    00000008                   : i2c.obj (.text:I2CMasterBusy)
                  00003014    00000008                   : i2c.obj (.text:I2CMasterSlaveAddrSet)
                  0000301c    00000008                   : ssi.obj (.text:SSIBusy)
                  00003024    00000006                   : gpio.obj (.text:GPIOPinRead)
                  0000302a    00000006                   : gpio.obj (.text:GPIOPinWrite)
                  00003030    00000006                   : ssi.obj (.text:SSIClockSourceSet)
                  00003036    00000006                   : sysctl.obj (.text:SysCtlDelay)
                  0000303c    00000004                   : i2c.obj (.text:I2CMasterControl)
                  00003040    00000004                   : i2c.obj (.text:I2CMasterDataGet)
                  00003044    00000004                   : i2c.obj (.text:I2CMasterDataPut)
                  00003048    00000004     rtsv7M4_T_le_v4SPD16_eabi.lib : pre_init.c.obj (.text:_system_pre_init)
                  0000304c    00000004                                   : exit.c.obj (.text:abort:abort)

.const     0    00003050    000001c8     
                  00003050    0000009c     driverlib.lib : interrupt.obj (.const:g_pui32Regs)
                  000030ec    00000090                   : gpio.obj (.const:g_pui32GPIOBaseAddrs)
                  0000317c    0000006c                   : sysctl.obj (.const:g_pui32Xtals)
                  000031e8    00000012     uartstdio.obj (.const:.string)
                  000031fa    00000002     --HOLE-- [fill = 0]
                  000031fc    0000000c     uartstdio.obj (.const:g_ui32UARTBase)
                  00003208    0000000c     uartstdio.obj (.const:g_ui32UARTPeriph)
                  00003214    00000004     uartstdio.obj (.const)

.cinit     0    00003218    00000040     
                  00003218    0000000c     (__TI_handler_table)
                  00003224    00000009     (.cinit..data.load) [load image, compression = lzss]
                  0000322d    00000003     --HOLE-- [fill = 0]
                  00003230    00000008     (.cinit..bss.load) [load image, compression = zero_init]
                  00003238    00000008     (.cinit..vtable.load) [load image, compression = zero_init]
                  00003240    00000018     (__TI_cinit_table)

.init_array 
*          0    00000000    00000000     UNINITIALIZED

.vtable    0    20000000    0000026c     UNINITIALIZED
                  20000000    0000026c     driverlib.lib : interrupt.obj (.vtable)

.bss       0    2000026c    000063cc     UNINITIALIZED
                  2000026c    00006000     G8RTOS_Scheduler.obj (.bss:threadStacks)
                  2000626c    00000210     G8RTOS_Scheduler.obj (.bss:threadControlBlocks)
                  2000647c    00000150     G8RTOS_IPC.obj (.bss:FIFOs)
                  200065cc    00000048     G8RTOS_Scheduler.obj (.bss:pthreadControlBlocks)
                  20006614    00000008     G8RTOS_Scheduler.obj (.bss)
                  2000661c    00000004     (.common:CurrentlyRunningThread)
                  20006620    00000004     (.common:IBit_State)
                  20006624    00000004     (.common:SystemTime)
                  20006628    00000004     (.common:pulse_width)
                  2000662c    00000004     (.common:sem_I2CA)
                  20006630    00000004     (.common:sem_SPI)
                  20006634    00000004     (.common:sem_UART)

.data      0    20006838    0000000e     UNINITIALIZED
                  20006838    00000008     threads.obj (.data)
                  20006840    00000005     uartstdio.obj (.data)
                  20006845    00000001     G8RTOS_Scheduler.obj (.data)

.stack     0    20006638    00000200     UNINITIALIZED
                  20006638    00000004     rtsv7M4_T_le_v4SPD16_eabi.lib : boot_cortex_m.c.obj (.stack)
                  2000663c    000001fc     --HOLE--

__llvm_prf_cnts 
*          0    20000000    00000000     UNINITIALIZED

MODULE SUMMARY

       Module                          code    ro data   rw data
       ------                          ----    -------   -------
    .\
       uartstdio.obj                   1192    46        5      
       threads.obj                     716     0         8      
       tm4c123gh6pm_startup_ccs.obj    12      620       0      
       lab4_1.obj                      184     0         16     
    +--+-------------------------------+-------+---------+---------+
       Total:                          2104    666       29     
                                                                
    .\G8RTOS\src\
       G8RTOS_Scheduler.obj            1296    0         25193  
       G8RTOS_IPC.obj                  568     0         336    
       G8RTOS_Semaphores.obj           164     0         0      
       G8RTOS_SchedulerASM.obj         80      0         0      
       G8RTOS_CriticalSection.obj      14      0         0      
    +--+-------------------------------+-------+---------+---------+
       Total:                          2122    0         25529  
                                                                
    .\MultimodDrivers\src\
       multimod_ST7789.obj             1844    0         0      
       multimod_BMI160.obj             712     0         0      
       multimod_i2c.obj                624     0         0      
       multimod_spi.obj                416     0         0      
       multimod_LaunchpadLED.obj       376     0         4      
       multimod_OPT3001.obj            312     0         0      
       multimod_LaunchpadButtons.obj   116     0         0      
       multimod_uart.obj               92      0         0      
    +--+-------------------------------+-------+---------+---------+
       Total:                          4492    0         4      
                                                                
    C:/ti/TivaWare_C_Series-2.2.0.295/driverlib/ccs/Debug/driverlib.lib
       interrupt.obj                   88      156       620    
       gpio.obj                        678     144       0      
       sysctl.obj                      694     108       0      
       uart.obj                        142     0         0      
       ssi.obj                         116     0         0      
       i2c.obj                         114     0         0      
       pwm.obj                         110     0         0      
       systick.obj                     84      0         0      
    +--+-------------------------------+-------+---------+---------+
       Total:                          2026    408       620    
                                                                
    C:\ti\ccs1281\ccs\tools\compiler\ti-cgt-arm_20.2.7.LTS\lib\rtsv7M4_T_le_v4SPD16_eabi.lib
       fd_mul_t2.asm.obj               252     0         0      
       memcpy_t2.asm.obj               156     0         0      
       memset_t2.asm.obj               122     0         0      
       copy_decompress_lzss.c.obj      104     0         0      
       fd_toi_t2.asm.obj               72      0         0      
       autoinit.c.obj                  68      0         0      
       u_divt2.asm.obj                 64      0         0      
       boot_cortex_m.c.obj             52      0         0      
       i_tofd_t2.asm.obj               46      0         0      
       strcpy.c.obj                    20      0         0      
       copy_decompress_none.c.obj      14      0         0      
       copy_zero_init.c.obj            12      0         0      
       exit.c.obj                      4       0         0      
       pre_init.c.obj                  4       0         0      
       div0.asm.obj                    2       0         0      
    +--+-------------------------------+-------+---------+---------+
       Total:                          992     0         0      
                                                                
       Stack:                          0       0         512    
       Linker Generated:               0       61        0      
    +--+-------------------------------+-------+---------+---------+
       Grand Total:                    11736   1135      26694  


LINKER GENERATED COPY TABLES

__TI_cinit_table @ 00003240 records: 3, size/record: 8, table size: 24
	.data: load addr=00003224, load size=00000009 bytes, run addr=20006838, run size=0000000e bytes, compression=lzss
	.bss: load addr=00003230, load size=00000008 bytes, run addr=2000026c, run size=000063cc bytes, compression=zero_init
	.vtable: load addr=00003238, load size=00000008 bytes, run addr=20000000, run size=0000026c bytes, compression=zero_init


LINKER GENERATED HANDLER TABLE

__TI_handler_table @ 00003218 records: 3, size/record: 4, table size: 12
	index: 0, handler: __TI_zero_init
	index: 1, handler: __TI_decompress_lzss
	index: 2, handler: __TI_decompress_none


GLOBAL SYMBOLS: SORTED ALPHABETICALLY BY Name 

address   name                          
-------   ----                          
00001359  Accel                         
000016bb  BMI160_AccelXGetResult        
00001805  BMI160_AccelXYZGetResult      
000016df  BMI160_AccelYGetResult        
00001703  BMI160_AccelZGetResult        
000018dd  BMI160_GetDataStatus          
00001727  BMI160_GyroXGetResult         
0000184d  BMI160_GyroXYZGetResult       
0000174b  BMI160_GyroYGetResult         
0000176f  BMI160_GyroZGetResult         
00001625  BMI160_Init                   
00001793  BMI160_MagXGetResult          
00001895  BMI160_MagXYZGetResult        
000017b9  BMI160_MagYGetResult          
000017df  BMI160_MagZGetResult          
00001693  BMI160_MultiReadRegister      
0000166f  BMI160_ReadRegister           
0000163f  BMI160_WriteRegister          
0000304d  C$$EXIT                       
2000661c  CurrentlyRunningThread        
00002f8d  EndCriticalSection            
0000149b  FIFOConsumer                  
000014c3  FIFOConsumer2                 
0000146f  FIFOProducer                  
00000ae9  G8RTOS_AddThread              
00000bf7  G8RTOS_Add_APeriodicEvent     
00000c09  G8RTOS_Add_PeriodicEvent      
00000d61  G8RTOS_GetNumberOfThreads     
00000d59  G8RTOS_GetThreadID            
00000a1d  G8RTOS_Init                   
00001b5d  G8RTOS_InitFIFO               
00002711  G8RTOS_InitSemaphore          
00000cd5  G8RTOS_KillSelf               
00000c29  G8RTOS_KillThread             
00000a71  G8RTOS_Launch                 
00001bc3  G8RTOS_ReadFIFO               
00000a95  G8RTOS_Scheduler              
00002763  G8RTOS_SignalSemaphore        
00002a09  G8RTOS_Start                  
00002723  G8RTOS_WaitSemaphore          
00001c4d  G8RTOS_WriteFIFO              
00002d77  GPIODirModeSet                
000020ad  GPIOPadConfigSet              
00002a55  GPIOPinConfigure              
00003025  GPIOPinRead                   
00002e7d  GPIOPinTypeGPIOInput          
00002e49  GPIOPinTypeGPIOOutput         
00002e93  GPIOPinTypeI2C                
00002ea9  GPIOPinTypeI2CSCL             
00002ebf  GPIOPinTypePWM                
00002ed5  GPIOPinTypeSSI                
00002eeb  GPIOPinTypeUART               
0000302b  GPIOPinWrite                  
00002e65  GPIOUnlockPin                 
0000138f  Gyro                          
0000300d  I2CMasterBusy                 
0000303d  I2CMasterControl              
00003041  I2CMasterDataGet              
00003045  I2CMasterDataPut              
00002fd1  I2CMasterEnable               
00002aa1  I2CMasterInitExpClk           
00003015  I2CMasterSlaveAddrSet         
000018ed  I2C_Init                      
00001a7d  I2C_ReadMultiple              
0000199f  I2C_ReadSingle                
000019cf  I2C_WriteMultiple             
00001969  I2C_WriteSingle               
20006620  IBit_State                    
000014eb  Idle_Thread                   
00002da5  IntPrioritySet                
00002cad  IntRegister                   
000028cd  LaunchpadButtons_Init         
000028f9  LaunchpadButtons_ReadSW1      
00002919  LaunchpadButtons_ReadSW2      
00001f35  LaunchpadLED_Init             
00001ff1  LaunchpadLED_PWMSetDuty       
00002339  OPT3001_GetChipID             
0000229d  OPT3001_GetResult             
00002219  OPT3001_Init                  
0000226f  OPT3001_ReadRegister          
00002319  OPT3001_SetHighLimit          
000022f9  OPT3001_SetLowLimit           
0000222d  OPT3001_WriteRegister         
0000140d  Opto                          
00002dc9  PWMGenConfigure               
00002fa1  PWMGenEnable                  
00002f63  PWMGenPeriodSet               
00002f51  PWMOutputState                
00002e0d  PWMPulseWidthSet              
00002a2b  PendSV_Handler                
00002fc5  ResetISR                      
00001d95  SPI_Init                      
00001eb7  SPI_ReadMultiple              
00001e2f  SPI_ReadSingle                
00001e57  SPI_WriteMultiple             
00001e11  SPI_WriteSingle               
0000301d  SSIBusy                       
00003031  SSIClockSourceSet             
00002c01  SSIConfigSetExpClk            
00002fad  SSIDataGet                    
00002fdb  SSIDataPut                    
00002fe5  SSIDisable                    
00002fef  SSIEnable                     
0000027b  ST7789_Deselect               
00000449  ST7789_DrawHLine              
000007d9  ST7789_DrawLine               
0000076b  ST7789_DrawPixel              
000008a9  ST7789_DrawRectangle          
000003b3  ST7789_DrawVLine              
000007bd  ST7789_Fill                   
0000069b  ST7789_Init                   
000004fd  ST7789_Line                   
000002d1  ST7789_ReadRegister           
0000026d  ST7789_Select                 
00000297  ST7789_SetCommand             
00000289  ST7789_SetData                
000002e7  ST7789_SetWindow              
000002a5  ST7789_WriteCommand           
000002bb  ST7789_WriteData              
00000d75  SetInitialStack               
00002f85  StartCriticalSection          
00002351  SysCtlClockGet                
00002565  SysCtlClockSet                
00003037  SysCtlDelay                   
00002ce1  SysCtlPeripheralEnable        
00002c3d  SysCtlPeripheralPresent       
00002c75  SysCtlPeripheralReady         
00002f01  SysTickEnable                 
00002f15  SysTickIntEnable              
00002e2d  SysTickIntRegister            
00002f75  SysTickPeriodSet              
000009cb  SysTick_Handler               
20006624  SystemTime                    
00002ff9  UARTCharGet                   
00003003  UARTCharPut                   
00002b35  UARTConfigSetExpClk           
00002ded  UARTDisable                   
00002f29  UARTEnable                    
00000eb1  UARTStdioConfig               
000029a9  UART_Init                     
00001001  UARTgetc                      
00000f47  UARTgets                      
00001323  UARTprintf                    
00001029  UARTvprintf                   
00000ef7  UARTwrite                     
20006838  __STACK_END                   
00000200  __STACK_SIZE                  
20006838  __STACK_TOP                   
00003240  __TI_CINIT_Base               
00003258  __TI_CINIT_Limit              
00003218  __TI_Handler_Table_Base       
00003224  __TI_Handler_Table_Limit      
00002b7d  __TI_auto_init_nobinit_nopinit
00002941  __TI_decompress_lzss          
00002f93  __TI_decompress_none          
ffffffff  __TI_pprof_out_hndl           
ffffffff  __TI_prof_data_size           
ffffffff  __TI_prof_data_start          
00000000  __TI_static_base__            
00002fb9  __TI_zero_init                
00002aed  __aeabi_d2iz                  
00002469  __aeabi_dmul                  
00002d49  __aeabi_i2d                   
000028cb  __aeabi_idiv0                 
000028cb  __aeabi_ldiv0                 
00002851  __aeabi_memclr                
00002851  __aeabi_memclr4               
00002851  __aeabi_memclr8               
000027b5  __aeabi_memcpy                
000027b5  __aeabi_memcpy4               
000027b5  __aeabi_memcpy8               
00002853  __aeabi_memset                
00002853  __aeabi_memset4               
00002853  __aeabi_memset8               
00002bc1  __aeabi_uidiv                 
00002bc1  __aeabi_uidivmod              
ffffffff  __binit__                     
ffffffff  __c_args__                    
UNDEFED   __mpu_init                    
20006638  __stack                       
20000000  __start___llvm_prf_cnts       
20000000  __stop___llvm_prf_cnts        
00002d15  _c_int00_noargs               
UNDEFED   _system_post_cinit            
00003049  _system_pre_init              
0000304d  abort                         
20006845  aliveCount                    
ffffffff  binit                         
2000683c  data                          
0000067d  delay_ms                      
20000000  g_pfnRAMVectors               
00000000  g_pfnVectors                  
2000683b  idle_count                    
20006839  joystick_y                    
2000683a  kill_cube                     
00002675  main                          
000027b5  memcpy                        
00002859  memset                        
20006838  num_cubes                     
20006628  pulse_width                   
2000662c  sem_I2CA                      
20006630  sem_SPI                       
20006634  sem_UART                      
00000d29  sleep                         
00002f3d  strcpy                        


GLOBAL SYMBOLS: SORTED BY Symbol Address 

address   name                          
-------   ----                          
00000000  __TI_static_base__            
00000000  g_pfnVectors                  
00000200  __STACK_SIZE                  
0000026d  ST7789_Select                 
0000027b  ST7789_Deselect               
00000289  ST7789_SetData                
00000297  ST7789_SetCommand             
000002a5  ST7789_WriteCommand           
000002bb  ST7789_WriteData              
000002d1  ST7789_ReadRegister           
000002e7  ST7789_SetWindow              
000003b3  ST7789_DrawVLine              
00000449  ST7789_DrawHLine              
000004fd  ST7789_Line                   
0000067d  delay_ms                      
0000069b  ST7789_Init                   
0000076b  ST7789_DrawPixel              
000007bd  ST7789_Fill                   
000007d9  ST7789_DrawLine               
000008a9  ST7789_DrawRectangle          
000009cb  SysTick_Handler               
00000a1d  G8RTOS_Init                   
00000a71  G8RTOS_Launch                 
00000a95  G8RTOS_Scheduler              
00000ae9  G8RTOS_AddThread              
00000bf7  G8RTOS_Add_APeriodicEvent     
00000c09  G8RTOS_Add_PeriodicEvent      
00000c29  G8RTOS_KillThread             
00000cd5  G8RTOS_KillSelf               
00000d29  sleep                         
00000d59  G8RTOS_GetThreadID            
00000d61  G8RTOS_GetNumberOfThreads     
00000d75  SetInitialStack               
00000eb1  UARTStdioConfig               
00000ef7  UARTwrite                     
00000f47  UARTgets                      
00001001  UARTgetc                      
00001029  UARTvprintf                   
00001323  UARTprintf                    
00001359  Accel                         
0000138f  Gyro                          
0000140d  Opto                          
0000146f  FIFOProducer                  
0000149b  FIFOConsumer                  
000014c3  FIFOConsumer2                 
000014eb  Idle_Thread                   
00001625  BMI160_Init                   
0000163f  BMI160_WriteRegister          
0000166f  BMI160_ReadRegister           
00001693  BMI160_MultiReadRegister      
000016bb  BMI160_AccelXGetResult        
000016df  BMI160_AccelYGetResult        
00001703  BMI160_AccelZGetResult        
00001727  BMI160_GyroXGetResult         
0000174b  BMI160_GyroYGetResult         
0000176f  BMI160_GyroZGetResult         
00001793  BMI160_MagXGetResult          
000017b9  BMI160_MagYGetResult          
000017df  BMI160_MagZGetResult          
00001805  BMI160_AccelXYZGetResult      
0000184d  BMI160_GyroXYZGetResult       
00001895  BMI160_MagXYZGetResult        
000018dd  BMI160_GetDataStatus          
000018ed  I2C_Init                      
00001969  I2C_WriteSingle               
0000199f  I2C_ReadSingle                
000019cf  I2C_WriteMultiple             
00001a7d  I2C_ReadMultiple              
00001b5d  G8RTOS_InitFIFO               
00001bc3  G8RTOS_ReadFIFO               
00001c4d  G8RTOS_WriteFIFO              
00001d95  SPI_Init                      
00001e11  SPI_WriteSingle               
00001e2f  SPI_ReadSingle                
00001e57  SPI_WriteMultiple             
00001eb7  SPI_ReadMultiple              
00001f35  LaunchpadLED_Init             
00001ff1  LaunchpadLED_PWMSetDuty       
000020ad  GPIOPadConfigSet              
00002219  OPT3001_Init                  
0000222d  OPT3001_WriteRegister         
0000226f  OPT3001_ReadRegister          
0000229d  OPT3001_GetResult             
000022f9  OPT3001_SetLowLimit           
00002319  OPT3001_SetHighLimit          
00002339  OPT3001_GetChipID             
00002351  SysCtlClockGet                
00002469  __aeabi_dmul                  
00002565  SysCtlClockSet                
00002675  main                          
00002711  G8RTOS_InitSemaphore          
00002723  G8RTOS_WaitSemaphore          
00002763  G8RTOS_SignalSemaphore        
000027b5  __aeabi_memcpy                
000027b5  __aeabi_memcpy4               
000027b5  __aeabi_memcpy8               
000027b5  memcpy                        
00002851  __aeabi_memclr                
00002851  __aeabi_memclr4               
00002851  __aeabi_memclr8               
00002853  __aeabi_memset                
00002853  __aeabi_memset4               
00002853  __aeabi_memset8               
00002859  memset                        
000028cb  __aeabi_idiv0                 
000028cb  __aeabi_ldiv0                 
000028cd  LaunchpadButtons_Init         
000028f9  LaunchpadButtons_ReadSW1      
00002919  LaunchpadButtons_ReadSW2      
00002941  __TI_decompress_lzss          
000029a9  UART_Init                     
00002a09  G8RTOS_Start                  
00002a2b  PendSV_Handler                
00002a55  GPIOPinConfigure              
00002aa1  I2CMasterInitExpClk           
00002aed  __aeabi_d2iz                  
00002b35  UARTConfigSetExpClk           
00002b7d  __TI_auto_init_nobinit_nopinit
00002bc1  __aeabi_uidiv                 
00002bc1  __aeabi_uidivmod              
00002c01  SSIConfigSetExpClk            
00002c3d  SysCtlPeripheralPresent       
00002c75  SysCtlPeripheralReady         
00002cad  IntRegister                   
00002ce1  SysCtlPeripheralEnable        
00002d15  _c_int00_noargs               
00002d49  __aeabi_i2d                   
00002d77  GPIODirModeSet                
00002da5  IntPrioritySet                
00002dc9  PWMGenConfigure               
00002ded  UARTDisable                   
00002e0d  PWMPulseWidthSet              
00002e2d  SysTickIntRegister            
00002e49  GPIOPinTypeGPIOOutput         
00002e65  GPIOUnlockPin                 
00002e7d  GPIOPinTypeGPIOInput          
00002e93  GPIOPinTypeI2C                
00002ea9  GPIOPinTypeI2CSCL             
00002ebf  GPIOPinTypePWM                
00002ed5  GPIOPinTypeSSI                
00002eeb  GPIOPinTypeUART               
00002f01  SysTickEnable                 
00002f15  SysTickIntEnable              
00002f29  UARTEnable                    
00002f3d  strcpy                        
00002f51  PWMOutputState                
00002f63  PWMGenPeriodSet               
00002f75  SysTickPeriodSet              
00002f85  StartCriticalSection          
00002f8d  EndCriticalSection            
00002f93  __TI_decompress_none          
00002fa1  PWMGenEnable                  
00002fad  SSIDataGet                    
00002fb9  __TI_zero_init                
00002fc5  ResetISR                      
00002fd1  I2CMasterEnable               
00002fdb  SSIDataPut                    
00002fe5  SSIDisable                    
00002fef  SSIEnable                     
00002ff9  UARTCharGet                   
00003003  UARTCharPut                   
0000300d  I2CMasterBusy                 
00003015  I2CMasterSlaveAddrSet         
0000301d  SSIBusy                       
00003025  GPIOPinRead                   
0000302b  GPIOPinWrite                  
00003031  SSIClockSourceSet             
00003037  SysCtlDelay                   
0000303d  I2CMasterControl              
00003041  I2CMasterDataGet              
00003045  I2CMasterDataPut              
00003049  _system_pre_init              
0000304d  C$$EXIT                       
0000304d  abort                         
00003218  __TI_Handler_Table_Base       
00003224  __TI_Handler_Table_Limit      
00003240  __TI_CINIT_Base               
00003258  __TI_CINIT_Limit              
20000000  __start___llvm_prf_cnts       
20000000  __stop___llvm_prf_cnts        
20000000  g_pfnRAMVectors               
2000661c  CurrentlyRunningThread        
20006620  IBit_State                    
20006624  SystemTime                    
20006628  pulse_width                   
2000662c  sem_I2CA                      
20006630  sem_SPI                       
20006634  sem_UART                      
20006638  __stack                       
20006838  __STACK_END                   
20006838  __STACK_TOP                   
20006838  num_cubes                     
20006839  joystick_y                    
2000683a  kill_cube                     
2000683b  idle_count                    
2000683c  data                          
20006845  aliveCount                    
ffffffff  __TI_pprof_out_hndl           
ffffffff  __TI_prof_data_size           
ffffffff  __TI_prof_data_start          
ffffffff  __binit__                     
ffffffff  __c_args__                    
ffffffff  binit                         
UNDEFED   __mpu_init                    
UNDEFED   _system_post_cinit            

[205 symbols]
