******************************************************************************
                  TI ARM Linker PC v20.2.7                     
******************************************************************************
>> Linked Tue Oct 21 03:18:22 2025

OUTPUT FILE NAME:   <Lab4_F2025.out>
ENTRY POINT SYMBOL: "_c_int00_noargs"  address: 00001fa5


MEMORY CONFIGURATION

         name            origin    length      used     unused   attr    fill
----------------------  --------  ---------  --------  --------  ----  --------
  FLASH                 00000000   00040000  00002466  0003db9a  R  X
  SRAM                  20000000   00008000  000066ec  00001914  RW X


SEGMENT ALLOCATION MAP

run origin  load origin   length   init length attrs members
----------  ----------- ---------- ----------- ----- -------
00000000    00000000    00002468   00002468    r-x
  00000000    00000000    0000026c   0000026c    r-- .intvecs
  0000026c    0000026c    00001ff2   00001ff2    r-x .text
  00002260    00002260    000001c8   000001c8    r-- .const
  00002428    00002428    00000040   00000040    r-- .cinit
20000000    20000000    000066f0   00000000    rw-
  20000000    20000000    0000026c   00000000    rw- .vtable
  2000026c    2000026c    00006278   00000000    rw- .bss
  200064e8    200064e8    00000200   00000000    rw- .stack
  200066e8    200066e8    00000008   00000000    rw- .data


SECTION ALLOCATION MAP

 output                                  attributes/
section   page    origin      length       input sections
--------  ----  ----------  ----------   ----------------
.intvecs   0    00000000    0000026c     
                  00000000    0000026c     tm4c123gh6pm_startup_ccs.obj (.intvecs)

.text      0    0000026c    00001ff2     
                  0000026c    000004a8     uartstdio.obj (.text)
                  00000714    00000414     G8RTOS_Scheduler.obj (.text)
                  00000b28    000002c8     multimod_BMI160.obj (.text)
                  00000df0    00000270     multimod_i2c.obj (.text)
                  00001060    000001ec     threads.obj (.text)
                  0000124c    0000016c     driverlib.lib : gpio.obj (.text:GPIOPadConfigSet)
                  000013b8    0000016c     multimod_LaunchpadLED.obj (.text)
                  00001524    00000138     multimod_OPT3001.obj (.text)
                  0000165c    00000118     driverlib.lib : sysctl.obj (.text:SysCtlClockGet)
                  00001774    000000fc     rtsv7M4_T_le_v4SPD16_eabi.lib : fd_mul_t2.asm.obj (.text)
                  00001870    000000f4     driverlib.lib : sysctl.obj (.text:SysCtlClockSet)
                  00001964    000000a4     G8RTOS_Semaphores.obj (.text)
                  00001a08    0000009c     rtsv7M4_T_le_v4SPD16_eabi.lib : memcpy_t2.asm.obj (.text)
                  00001aa4    0000007a                                   : memset_t2.asm.obj (.text)
                  00001b1e    00000002                                   : div0.asm.obj (.text)
                  00001b20    00000078     lab4_1.obj (.text)
                  00001b98    00000074     multimod_LaunchpadButtons.obj (.text)
                  00001c0c    00000068     rtsv7M4_T_le_v4SPD16_eabi.lib : copy_decompress_lzss.c.obj (.text:decompress:lzss:__TI_decompress_lzss)
                  00001c74    0000005c     multimod_uart.obj (.text)
                  00001cd0    00000050     G8RTOS_SchedulerASM.obj (.text)
                  00001d20    0000004c     driverlib.lib : gpio.obj (.text:GPIOPinConfigure)
                  00001d6c    0000004c                   : i2c.obj (.text:I2CMasterInitExpClk)
                  00001db8    00000048     rtsv7M4_T_le_v4SPD16_eabi.lib : fd_toi_t2.asm.obj (.text)
                  00001e00    00000046     driverlib.lib : uart.obj (.text:UARTConfigSetExpClk)
                  00001e46    00000002     --HOLE-- [fill = 0]
                  00001e48    00000044     rtsv7M4_T_le_v4SPD16_eabi.lib : autoinit.c.obj (.text:__TI_auto_init_nobinit_nopinit:__TI_auto_init_nobinit_nopinit)
                  00001e8c    00000040                                   : u_divt2.asm.obj (.text)
                  00001ecc    00000038     driverlib.lib : sysctl.obj (.text:SysCtlPeripheralPresent)
                  00001f04    00000038                   : sysctl.obj (.text:SysCtlPeripheralReady)
                  00001f3c    00000034                   : interrupt.obj (.text:IntRegister)
                  00001f70    00000034                   : sysctl.obj (.text:SysCtlPeripheralEnable)
                  00001fa4    00000034     rtsv7M4_T_le_v4SPD16_eabi.lib : boot_cortex_m.c.obj (.text:_c_int00_noargs:_c_int00_noargs)
                  00001fd8    0000002e                                   : i_tofd_t2.asm.obj (.text)
                  00002006    0000002c     driverlib.lib : gpio.obj (.text:GPIODirModeSet)
                  00002032    00000002     --HOLE-- [fill = 0]
                  00002034    00000024                   : interrupt.obj (.text:IntPrioritySet)
                  00002058    00000022                   : pwm.obj (.text:PWMGenConfigure)
                  0000207a    00000002     --HOLE-- [fill = 0]
                  0000207c    00000020                   : uart.obj (.text:UARTDisable)
                  0000209c    0000001e                   : pwm.obj (.text:PWMPulseWidthSet)
                  000020ba    00000002     --HOLE-- [fill = 0]
                  000020bc    0000001c                   : systick.obj (.text:SysTickIntRegister)
                  000020d8    00000018                   : gpio.obj (.text:GPIOUnlockPin)
                  000020f0    00000016                   : gpio.obj (.text:GPIOPinTypeGPIOInput)
                  00002106    00000016                   : gpio.obj (.text:GPIOPinTypeI2C)
                  0000211c    00000016                   : gpio.obj (.text:GPIOPinTypeI2CSCL)
                  00002132    00000016                   : gpio.obj (.text:GPIOPinTypePWM)
                  00002148    00000016                   : gpio.obj (.text:GPIOPinTypeUART)
                  0000215e    00000002     --HOLE-- [fill = 0]
                  00002160    00000014                   : systick.obj (.text:SysTickEnable)
                  00002174    00000014                   : systick.obj (.text:SysTickIntEnable)
                  00002188    00000014                   : uart.obj (.text:UARTEnable)
                  0000219c    00000012                   : pwm.obj (.text:PWMOutputState)
                  000021ae    00000010                   : pwm.obj (.text:PWMGenPeriodSet)
                  000021be    00000002     --HOLE-- [fill = 0]
                  000021c0    00000010                   : systick.obj (.text:SysTickPeriodSet)
                  000021d0    0000000e     G8RTOS_CriticalSection.obj (.text)
                  000021de    0000000e     rtsv7M4_T_le_v4SPD16_eabi.lib : copy_decompress_none.c.obj (.text:decompress:none:__TI_decompress_none)
                  000021ec    0000000c     driverlib.lib : pwm.obj (.text:PWMGenEnable)
                  000021f8    0000000c     rtsv7M4_T_le_v4SPD16_eabi.lib : copy_zero_init.c.obj (.text:decompress:ZI:__TI_zero_init)
                  00002204    0000000c     tm4c123gh6pm_startup_ccs.obj (.text)
                  00002210    0000000a     driverlib.lib : i2c.obj (.text:I2CMasterEnable)
                  0000221a    0000000a                   : uart.obj (.text:UARTCharGet)
                  00002224    0000000a                   : uart.obj (.text:UARTCharPut)
                  0000222e    00000008                   : i2c.obj (.text:I2CMasterBusy)
                  00002236    00000008                   : i2c.obj (.text:I2CMasterSlaveAddrSet)
                  0000223e    00000006                   : gpio.obj (.text:GPIOPinRead)
                  00002244    00000006                   : sysctl.obj (.text:SysCtlDelay)
                  0000224a    00000004                   : i2c.obj (.text:I2CMasterControl)
                  0000224e    00000004                   : i2c.obj (.text:I2CMasterDataGet)
                  00002252    00000004                   : i2c.obj (.text:I2CMasterDataPut)
                  00002256    00000004     rtsv7M4_T_le_v4SPD16_eabi.lib : pre_init.c.obj (.text:_system_pre_init)
                  0000225a    00000004                                   : exit.c.obj (.text:abort:abort)

.const     0    00002260    000001c8     
                  00002260    0000009c     driverlib.lib : interrupt.obj (.const:g_pui32Regs)
                  000022fc    00000090                   : gpio.obj (.const:g_pui32GPIOBaseAddrs)
                  0000238c    0000006c                   : sysctl.obj (.const:g_pui32Xtals)
                  000023f8    00000012     uartstdio.obj (.const:.string)
                  0000240a    00000002     --HOLE-- [fill = 0]
                  0000240c    0000000c     uartstdio.obj (.const:g_ui32UARTBase)
                  00002418    0000000c     uartstdio.obj (.const:g_ui32UARTPeriph)
                  00002424    00000004     uartstdio.obj (.const)

.cinit     0    00002428    00000040     
                  00002428    0000000c     (__TI_handler_table)
                  00002434    00000009     (.cinit..data.load) [load image, compression = lzss]
                  0000243d    00000003     --HOLE-- [fill = 0]
                  00002440    00000008     (.cinit..bss.load) [load image, compression = zero_init]
                  00002448    00000008     (.cinit..vtable.load) [load image, compression = zero_init]
                  00002450    00000018     (__TI_cinit_table)

.init_array 
*          0    00000000    00000000     UNINITIALIZED

.vtable    0    20000000    0000026c     UNINITIALIZED
                  20000000    0000026c     driverlib.lib : interrupt.obj (.vtable)

.bss       0    2000026c    00006278     UNINITIALIZED
                  2000026c    00006000     G8RTOS_Scheduler.obj (.bss:threadStacks)
                  2000626c    00000210     G8RTOS_Scheduler.obj (.bss:threadControlBlocks)
                  2000647c    00000048     G8RTOS_Scheduler.obj (.bss:pthreadControlBlocks)
                  200064c4    00000008     G8RTOS_Scheduler.obj (.bss)
                  200064cc    00000004     (.common:CurrentlyRunningThread)
                  200064d0    00000004     (.common:IBit_State)
                  200064d4    00000004     (.common:SystemTime)
                  200064d8    00000004     (.common:pulse_width)
                  200064dc    00000004     (.common:sem_I2CA)
                  200064e0    00000004     (.common:sem_UART)

.data      0    200066e8    00000008     UNINITIALIZED
                  200066e8    00000005     uartstdio.obj (.data)
                  200066ed    00000003     threads.obj (.data)

.stack     0    200064e8    00000200     UNINITIALIZED
                  200064e8    00000004     rtsv7M4_T_le_v4SPD16_eabi.lib : boot_cortex_m.c.obj (.stack)
                  200064ec    000001fc     --HOLE--

__llvm_prf_cnts 
*          0    20000000    00000000     UNINITIALIZED

MODULE SUMMARY

       Module                          code   ro data   rw data
       ------                          ----   -------   -------
    .\
       uartstdio.obj                   1192   46        5      
       tm4c123gh6pm_startup_ccs.obj    12     620       0      
       threads.obj                     492    0         3      
       lab4_1.obj                      120    0         12     
    +--+-------------------------------+------+---------+---------+
       Total:                          1816   666       20     
                                                               
    .\G8RTOS\
       G8RTOS_Scheduler.obj            1044   0         25192  
       G8RTOS_Semaphores.obj           164    0         0      
       G8RTOS_SchedulerASM.obj         80     0         0      
       G8RTOS_CriticalSection.obj      14     0         0      
    +--+-------------------------------+------+---------+---------+
       Total:                          1302   0         25192  
                                                               
    .\MultimodDrivers\src\
       multimod_BMI160.obj             712    0         0      
       multimod_i2c.obj                624    0         0      
       multimod_LaunchpadLED.obj       364    0         4      
       multimod_OPT3001.obj            312    0         0      
       multimod_LaunchpadButtons.obj   116    0         0      
       multimod_uart.obj               92     0         0      
    +--+-------------------------------+------+---------+---------+
       Total:                          2220   0         4      
                                                               
    C:/ti/TivaWare_C_Series-2.2.0.295/driverlib/ccs/Debug/driverlib.lib
       interrupt.obj                   88     156       620    
       sysctl.obj                      694    108       0      
       gpio.obj                        624    144       0      
       uart.obj                        142    0         0      
       i2c.obj                         114    0         0      
       pwm.obj                         110    0         0      
       systick.obj                     84     0         0      
    +--+-------------------------------+------+---------+---------+
       Total:                          1856   408       620    
                                                               
    C:\ti\ccs1281\ccs\tools\compiler\ti-cgt-arm_20.2.7.LTS\lib\rtsv7M4_T_le_v4SPD16_eabi.lib
       fd_mul_t2.asm.obj               252    0         0      
       memcpy_t2.asm.obj               156    0         0      
       memset_t2.asm.obj               122    0         0      
       copy_decompress_lzss.c.obj      104    0         0      
       fd_toi_t2.asm.obj               72     0         0      
       autoinit.c.obj                  68     0         0      
       u_divt2.asm.obj                 64     0         0      
       boot_cortex_m.c.obj             52     0         0      
       i_tofd_t2.asm.obj               46     0         0      
       copy_decompress_none.c.obj      14     0         0      
       copy_zero_init.c.obj            12     0         0      
       exit.c.obj                      4      0         0      
       pre_init.c.obj                  4      0         0      
       div0.asm.obj                    2      0         0      
    +--+-------------------------------+------+---------+---------+
       Total:                          972    0         0      
                                                               
       Stack:                          0      0         512    
       Linker Generated:               0      61        0      
    +--+-------------------------------+------+---------+---------+
       Grand Total:                    8166   1135      26348  


LINKER GENERATED COPY TABLES

__TI_cinit_table @ 00002450 records: 3, size/record: 8, table size: 24
	.data: load addr=00002434, load size=00000009 bytes, run addr=200066e8, run size=00000008 bytes, compression=lzss
	.bss: load addr=00002440, load size=00000008 bytes, run addr=2000026c, run size=00006278 bytes, compression=zero_init
	.vtable: load addr=00002448, load size=00000008 bytes, run addr=20000000, run size=0000026c bytes, compression=zero_init


LINKER GENERATED HANDLER TABLE

__TI_handler_table @ 00002428 records: 3, size/record: 4, table size: 12
	index: 0, handler: __TI_zero_init
	index: 1, handler: __TI_decompress_lzss
	index: 2, handler: __TI_decompress_none


GLOBAL SYMBOLS: SORTED ALPHABETICALLY BY Name 

address   name                          
-------   ----                          
00000bbf  BMI160_AccelXGetResult        
00000d09  BMI160_AccelXYZGetResult      
00000be3  BMI160_AccelYGetResult        
00000c07  BMI160_AccelZGetResult        
00000de1  BMI160_GetDataStatus          
00000c2b  BMI160_GyroXGetResult         
00000d51  BMI160_GyroXYZGetResult       
00000c4f  BMI160_GyroYGetResult         
00000c73  BMI160_GyroZGetResult         
00000b29  BMI160_Init                   
00000c97  BMI160_MagXGetResult          
00000d99  BMI160_MagXYZGetResult        
00000cbd  BMI160_MagYGetResult          
00000ce3  BMI160_MagZGetResult          
00000b97  BMI160_MultiReadRegister      
00000b73  BMI160_ReadRegister           
00000b43  BMI160_WriteRegister          
0000225b  C$$EXIT                       
200064cc  CurrentlyRunningThread        
000021d9  EndCriticalSection            
00000871  G8RTOS_AddThread              
00000973  G8RTOS_Add_APeriodicEvent     
00000983  G8RTOS_Add_PeriodicEvent      
000009d3  G8RTOS_GetNumberOfThreads     
000009cb  G8RTOS_GetThreadID            
00000785  G8RTOS_Init                   
00001965  G8RTOS_InitSemaphore          
0000099f  G8RTOS_KillSelf               
00000991  G8RTOS_KillThread             
000007d9  G8RTOS_Launch                 
000007fd  G8RTOS_Scheduler              
000019b7  G8RTOS_SignalSemaphore        
00001cd5  G8RTOS_Start                  
00001977  G8RTOS_WaitSemaphore          
00002007  GPIODirModeSet                
0000124d  GPIOPadConfigSet              
00001d21  GPIOPinConfigure              
0000223f  GPIOPinRead                   
000020f1  GPIOPinTypeGPIOInput          
00002107  GPIOPinTypeI2C                
0000211d  GPIOPinTypeI2CSCL             
00002133  GPIOPinTypePWM                
00002149  GPIOPinTypeUART               
000020d9  GPIOUnlockPin                 
0000222f  I2CMasterBusy                 
0000224b  I2CMasterControl              
0000224f  I2CMasterDataGet              
00002253  I2CMasterDataPut              
00002211  I2CMasterEnable               
00001d6d  I2CMasterInitExpClk           
00002237  I2CMasterSlaveAddrSet         
00000df1  I2C_Init                      
00000f81  I2C_ReadMultiple              
00000ea3  I2C_ReadSingle                
00000ed3  I2C_WriteMultiple             
00000e6d  I2C_WriteSingle               
200064d0  IBit_State                    
0000118d  Idle_Thread                   
00002035  IntPrioritySet                
00001f3d  IntRegister                   
00001b99  LaunchpadButtons_Init         
00001bc5  LaunchpadButtons_ReadSW1      
00001be5  LaunchpadButtons_ReadSW2      
000013b9  LaunchpadLED_Init             
00001475  LaunchpadLED_PWMSetDuty       
00001645  OPT3001_GetChipID             
000015a9  OPT3001_GetResult             
00001525  OPT3001_Init                  
0000157b  OPT3001_ReadRegister          
00001625  OPT3001_SetHighLimit          
00001605  OPT3001_SetLowLimit           
00001539  OPT3001_WriteRegister         
00002059  PWMGenConfigure               
000021ed  PWMGenEnable                  
000021af  PWMGenPeriodSet               
0000219d  PWMOutputState                
0000209d  PWMPulseWidthSet              
00001cf7  PendSV_Handler                
00002205  ResetISR                      
000009fd  SetInitialStack               
000021d1  StartCriticalSection          
0000165d  SysCtlClockGet                
00001871  SysCtlClockSet                
00002245  SysCtlDelay                   
00001f71  SysCtlPeripheralEnable        
00001ecd  SysCtlPeripheralPresent       
00001f05  SysCtlPeripheralReady         
00002161  SysTickEnable                 
00002175  SysTickIntEnable              
000020bd  SysTickIntRegister            
000021c1  SysTickPeriodSet              
0000073f  SysTick_Handler               
200064d4  SystemTime                    
00001061  Thread0                       
00001081  Thread1                       
000010f7  Thread2                       
00001149  Thread3                       
0000116b  Thread4                       
0000221b  UARTCharGet                   
00002225  UARTCharPut                   
00001e01  UARTConfigSetExpClk           
0000207d  UARTDisable                   
00002189  UARTEnable                    
0000026d  UARTStdioConfig               
00001c75  UART_Init                     
000003bd  UARTgetc                      
00000303  UARTgets                      
000006df  UARTprintf                    
000003e5  UARTvprintf                   
000002b3  UARTwrite                     
200066e8  __STACK_END                   
00000200  __STACK_SIZE                  
200066e8  __STACK_TOP                   
00002450  __TI_CINIT_Base               
00002468  __TI_CINIT_Limit              
00002428  __TI_Handler_Table_Base       
00002434  __TI_Handler_Table_Limit      
00001e49  __TI_auto_init_nobinit_nopinit
00001c0d  __TI_decompress_lzss          
000021df  __TI_decompress_none          
ffffffff  __TI_pprof_out_hndl           
ffffffff  __TI_prof_data_size           
ffffffff  __TI_prof_data_start          
00000000  __TI_static_base__            
000021f9  __TI_zero_init                
00001db9  __aeabi_d2iz                  
00001775  __aeabi_dmul                  
00001fd9  __aeabi_i2d                   
00001b1f  __aeabi_idiv0                 
00001b1f  __aeabi_ldiv0                 
00001aa5  __aeabi_memclr                
00001aa5  __aeabi_memclr4               
00001aa5  __aeabi_memclr8               
00001a09  __aeabi_memcpy                
00001a09  __aeabi_memcpy4               
00001a09  __aeabi_memcpy8               
00001aa7  __aeabi_memset                
00001aa7  __aeabi_memset4               
00001aa7  __aeabi_memset8               
00001e8d  __aeabi_uidiv                 
00001e8d  __aeabi_uidivmod              
ffffffff  __binit__                     
ffffffff  __c_args__                    
UNDEFED   __mpu_init                    
200064e8  __stack                       
20000000  __start___llvm_prf_cnts       
20000000  __stop___llvm_prf_cnts        
00001fa5  _c_int00_noargs               
UNDEFED   _system_post_cinit            
00002257  _system_pre_init              
0000225b  abort                         
ffffffff  binit                         
20000000  g_pfnRAMVectors               
00000000  g_pfnVectors                  
200066ee  joystick_y                    
200066ef  kill_cube                     
00001b39  main                          
00001a09  memcpy                        
00001aad  memset                        
200066ed  num_cubes                     
200064d8  pulse_width                   
200064dc  sem_I2CA                      
200064e0  sem_UART                      
000009a1  sleep                         


GLOBAL SYMBOLS: SORTED BY Symbol Address 

address   name                          
-------   ----                          
00000000  __TI_static_base__            
00000000  g_pfnVectors                  
00000200  __STACK_SIZE                  
0000026d  UARTStdioConfig               
000002b3  UARTwrite                     
00000303  UARTgets                      
000003bd  UARTgetc                      
000003e5  UARTvprintf                   
000006df  UARTprintf                    
0000073f  SysTick_Handler               
00000785  G8RTOS_Init                   
000007d9  G8RTOS_Launch                 
000007fd  G8RTOS_Scheduler              
00000871  G8RTOS_AddThread              
00000973  G8RTOS_Add_APeriodicEvent     
00000983  G8RTOS_Add_PeriodicEvent      
00000991  G8RTOS_KillThread             
0000099f  G8RTOS_KillSelf               
000009a1  sleep                         
000009cb  G8RTOS_GetThreadID            
000009d3  G8RTOS_GetNumberOfThreads     
000009fd  SetInitialStack               
00000b29  BMI160_Init                   
00000b43  BMI160_WriteRegister          
00000b73  BMI160_ReadRegister           
00000b97  BMI160_MultiReadRegister      
00000bbf  BMI160_AccelXGetResult        
00000be3  BMI160_AccelYGetResult        
00000c07  BMI160_AccelZGetResult        
00000c2b  BMI160_GyroXGetResult         
00000c4f  BMI160_GyroYGetResult         
00000c73  BMI160_GyroZGetResult         
00000c97  BMI160_MagXGetResult          
00000cbd  BMI160_MagYGetResult          
00000ce3  BMI160_MagZGetResult          
00000d09  BMI160_AccelXYZGetResult      
00000d51  BMI160_GyroXYZGetResult       
00000d99  BMI160_MagXYZGetResult        
00000de1  BMI160_GetDataStatus          
00000df1  I2C_Init                      
00000e6d  I2C_WriteSingle               
00000ea3  I2C_ReadSingle                
00000ed3  I2C_WriteMultiple             
00000f81  I2C_ReadMultiple              
00001061  Thread0                       
00001081  Thread1                       
000010f7  Thread2                       
00001149  Thread3                       
0000116b  Thread4                       
0000118d  Idle_Thread                   
0000124d  GPIOPadConfigSet              
000013b9  LaunchpadLED_Init             
00001475  LaunchpadLED_PWMSetDuty       
00001525  OPT3001_Init                  
00001539  OPT3001_WriteRegister         
0000157b  OPT3001_ReadRegister          
000015a9  OPT3001_GetResult             
00001605  OPT3001_SetLowLimit           
00001625  OPT3001_SetHighLimit          
00001645  OPT3001_GetChipID             
0000165d  SysCtlClockGet                
00001775  __aeabi_dmul                  
00001871  SysCtlClockSet                
00001965  G8RTOS_InitSemaphore          
00001977  G8RTOS_WaitSemaphore          
000019b7  G8RTOS_SignalSemaphore        
00001a09  __aeabi_memcpy                
00001a09  __aeabi_memcpy4               
00001a09  __aeabi_memcpy8               
00001a09  memcpy                        
00001aa5  __aeabi_memclr                
00001aa5  __aeabi_memclr4               
00001aa5  __aeabi_memclr8               
00001aa7  __aeabi_memset                
00001aa7  __aeabi_memset4               
00001aa7  __aeabi_memset8               
00001aad  memset                        
00001b1f  __aeabi_idiv0                 
00001b1f  __aeabi_ldiv0                 
00001b39  main                          
00001b99  LaunchpadButtons_Init         
00001bc5  LaunchpadButtons_ReadSW1      
00001be5  LaunchpadButtons_ReadSW2      
00001c0d  __TI_decompress_lzss          
00001c75  UART_Init                     
00001cd5  G8RTOS_Start                  
00001cf7  PendSV_Handler                
00001d21  GPIOPinConfigure              
00001d6d  I2CMasterInitExpClk           
00001db9  __aeabi_d2iz                  
00001e01  UARTConfigSetExpClk           
00001e49  __TI_auto_init_nobinit_nopinit
00001e8d  __aeabi_uidiv                 
00001e8d  __aeabi_uidivmod              
00001ecd  SysCtlPeripheralPresent       
00001f05  SysCtlPeripheralReady         
00001f3d  IntRegister                   
00001f71  SysCtlPeripheralEnable        
00001fa5  _c_int00_noargs               
00001fd9  __aeabi_i2d                   
00002007  GPIODirModeSet                
00002035  IntPrioritySet                
00002059  PWMGenConfigure               
0000207d  UARTDisable                   
0000209d  PWMPulseWidthSet              
000020bd  SysTickIntRegister            
000020d9  GPIOUnlockPin                 
000020f1  GPIOPinTypeGPIOInput          
00002107  GPIOPinTypeI2C                
0000211d  GPIOPinTypeI2CSCL             
00002133  GPIOPinTypePWM                
00002149  GPIOPinTypeUART               
00002161  SysTickEnable                 
00002175  SysTickIntEnable              
00002189  UARTEnable                    
0000219d  PWMOutputState                
000021af  PWMGenPeriodSet               
000021c1  SysTickPeriodSet              
000021d1  StartCriticalSection          
000021d9  EndCriticalSection            
000021df  __TI_decompress_none          
000021ed  PWMGenEnable                  
000021f9  __TI_zero_init                
00002205  ResetISR                      
00002211  I2CMasterEnable               
0000221b  UARTCharGet                   
00002225  UARTCharPut                   
0000222f  I2CMasterBusy                 
00002237  I2CMasterSlaveAddrSet         
0000223f  GPIOPinRead                   
00002245  SysCtlDelay                   
0000224b  I2CMasterControl              
0000224f  I2CMasterDataGet              
00002253  I2CMasterDataPut              
00002257  _system_pre_init              
0000225b  C$$EXIT                       
0000225b  abort                         
00002428  __TI_Handler_Table_Base       
00002434  __TI_Handler_Table_Limit      
00002450  __TI_CINIT_Base               
00002468  __TI_CINIT_Limit              
20000000  __start___llvm_prf_cnts       
20000000  __stop___llvm_prf_cnts        
20000000  g_pfnRAMVectors               
200064cc  CurrentlyRunningThread        
200064d0  IBit_State                    
200064d4  SystemTime                    
200064d8  pulse_width                   
200064dc  sem_I2CA                      
200064e0  sem_UART                      
200064e8  __stack                       
200066e8  __STACK_END                   
200066e8  __STACK_TOP                   
200066ed  num_cubes                     
200066ee  joystick_y                    
200066ef  kill_cube                     
ffffffff  __TI_pprof_out_hndl           
ffffffff  __TI_prof_data_size           
ffffffff  __TI_prof_data_start          
ffffffff  __binit__                     
ffffffff  __c_args__                    
ffffffff  binit                         
UNDEFED   __mpu_init                    
UNDEFED   _system_post_cinit            

[164 symbols]
