******************************************************************************
                  TI ARM Linker PC v20.2.7                     
******************************************************************************
>> Linked Thu Oct 30 14:59:14 2025

OUTPUT FILE NAME:   <Lab4_F2025.out>
ENTRY POINT SYMBOL: "_c_int00_noargs"  address: 00004c11


MEMORY CONFIGURATION

         name            origin    length      used     unused   attr    fill
----------------------  --------  ---------  --------  --------  ----  --------
  FLASH                 00000000   00040000  0000530e  0003acf2  R  X
  SRAM                  20000000   00008000  000069f4  0000160c  RW X


SEGMENT ALLOCATION MAP

run origin  load origin   length   init length attrs members
----------  ----------- ---------- ----------- ----- -------
00000000    00000000    00005310   00005310    r-x
  00000000    00000000    0000026c   0000026c    r-- .intvecs
  0000026c    0000026c    00004e4e   00004e4e    r-x .text
  000050bc    000050bc    000001f4   000001f4    r-- .const
  000052b0    000052b0    00000060   00000060    r-- .cinit
20000000    20000000    000069f4   00000000    rw-
  20000000    20000000    0000026c   00000000    rw- .vtable
  2000026c    2000026c    0000651c   00000000    rw- .bss
  20006788    20006788    00000200   00000000    rw- .stack
  20006988    20006988    0000006c   00000000    rw- .data


SECTION ALLOCATION MAP

 output                                  attributes/
section   page    origin      length       input sections
--------  ----  ----------  ----------   ----------------
.intvecs   0    00000000    0000026c     
                  00000000    0000026c     tm4c123gh6pm_startup_ccs.obj (.intvecs)

.text      0    0000026c    00004e4e     
                  0000026c    00000cf8     threads.obj (.text)
                  00000f64    00000734     multimod_ST7789.obj (.text)
                  00001698    000006c0     G8RTOS_Scheduler.obj (.text)
                  00001d58    0000058c     rtsv7M4_T_le_v4SPD16_eabi.lib : e_powf.c.obj (.text:powf)
                  000022e4    000004a8     uartstdio.obj (.text)
                  0000278c    00000338     quaternions.obj (.text)
                  00002ac4    000002c8     multimod_BMI160.obj (.text)
                  00002d8c    00000294     linalg.obj (.text)
                  00003020    00000278     multimod_i2c.obj (.text)
                  00003298    00000268     cube.obj (.text)
                  00003500    00000238     G8RTOS_IPC.obj (.text)
                  00003738    000001a0     multimod_spi.obj (.text)
                  000038d8    00000178     multimod_LaunchpadLED.obj (.text)
                  00003a50    0000016c     driverlib.lib : gpio.obj (.text:GPIOPadConfigSet)
                  00003bbc    00000144     lab4_final.obj (.text)
                  00003d00    00000138     multimod_OPT3001.obj (.text)
                  00003e38    00000118     driverlib.lib : sysctl.obj (.text:SysCtlClockGet)
                  00003f50    00000108     multimod_joystick.obj (.text)
                  00004058    000000fc     rtsv7M4_T_le_v4SPD16_eabi.lib : fd_mul_t2.asm.obj (.text)
                  00004154    000000f4     driverlib.lib : sysctl.obj (.text:SysCtlClockSet)
                  00004248    000000d0     rtsv7M4_T_le_v4SPD16_eabi.lib : s_scalbnf.c.obj (.text:scalbnf)
                  00004318    000000a8     G8RTOS_Semaphores.obj (.text)
                  000043c0    0000009c     rtsv7M4_T_le_v4SPD16_eabi.lib : memcpy_t2.asm.obj (.text)
                  0000445c    00000086                                   : fd_cmp_t2.asm.obj (.text:__aeabi_cdcmple)
                  000044e2    0000007a     driverlib.lib : adc.obj (.text:ADCSequenceStepConfigure)
                  0000455c    0000007a     rtsv7M4_T_le_v4SPD16_eabi.lib : memset_t2.asm.obj (.text)
                  000045d6    00000002                                   : _lock.c.obj (.text:_nop)
                  000045d8    00000068     driverlib.lib : interrupt.obj (.text:IntEnable)
                  00004640    00000068     rtsv7M4_T_le_v4SPD16_eabi.lib : copy_decompress_lzss.c.obj (.text:decompress:lzss:__TI_decompress_lzss)
                  000046a8    00000068     multimod_buttons.obj (.text)
                  00004710    0000005c     multimod_uart.obj (.text)
                  0000476c    00000058     driverlib.lib : gpio.obj (.text:GPIOIntTypeSet)
                  000047c4    00000050     G8RTOS_SchedulerASM.obj (.text)
                  00004814    0000004e     driverlib.lib : adc.obj (.text:ADCSequenceConfigure)
                  00004862    00000002     rtsv7M4_T_le_v4SPD16_eabi.lib : div0.asm.obj (.text)
                  00004864    0000004c     driverlib.lib : gpio.obj (.text:GPIOPinConfigure)
                  000048b0    0000004c                   : i2c.obj (.text:I2CMasterInitExpClk)
                  000048fc    00000048     rtsv7M4_T_le_v4SPD16_eabi.lib : hosttime.c.obj (.text:HOSTtime)
                  00004944    00000048                                   : fd_toi_t2.asm.obj (.text)
                  0000498c    00000046     driverlib.lib : uart.obj (.text:UARTConfigSetExpClk)
                  000049d2    00000002     --HOLE-- [fill = 0]
                  000049d4    00000044     rtsv7M4_T_le_v4SPD16_eabi.lib : autoinit.c.obj (.text:__TI_auto_init_nobinit_nopinit:__TI_auto_init_nobinit_nopinit)
                  00004a18    00000040                                   : u_divt2.asm.obj (.text)
                  00004a58    0000003c     driverlib.lib : ssi.obj (.text:SSIConfigSetExpClk)
                  00004a94    00000038                   : sysctl.obj (.text:SysCtlPeripheralPresent)
                  00004acc    00000038                   : sysctl.obj (.text:SysCtlPeripheralReady)
                  00004b04    00000038     rtsv7M4_T_le_v4SPD16_eabi.lib : trgmsg.c.obj (.text:__TI_writemsg)
                  00004b3c    00000038                                   : fs_tod_t2.asm.obj (.text)
                  00004b74    00000034     driverlib.lib : interrupt.obj (.text:IntRegister)
                  00004ba8    00000034                   : sysctl.obj (.text:SysCtlPeripheralEnable)
                  00004bdc    00000034     rtsv7M4_T_le_v4SPD16_eabi.lib : trgmsg.c.obj (.text:__TI_readmsg)
                  00004c10    00000034                                   : boot_cortex_m.c.obj (.text:_c_int00_noargs:_c_int00_noargs)
                  00004c44    00000034                                   : rand.c.obj (.text:rand)
                  00004c78    0000002e     driverlib.lib : adc.obj (.text:ADCIntStatus)
                  00004ca6    0000002e     rtsv7M4_T_le_v4SPD16_eabi.lib : i_tofd_t2.asm.obj (.text)
                  00004cd4    0000002c     driverlib.lib : gpio.obj (.text:GPIODirModeSet)
                  00004d00    00000028     rtsv7M4_T_le_v4SPD16_eabi.lib : e_sqrtf.c.obj (.text:sqrtf)
                  00004d28    00000024     driverlib.lib : interrupt.obj (.text:IntPrioritySet)
                  00004d4c    00000024     rtsv7M4_T_le_v4SPD16_eabi.lib : rand.c.obj (.text:srand)
                  00004d70    00000022     driverlib.lib : pwm.obj (.text:PWMGenConfigure)
                  00004d92    00000002     --HOLE-- [fill = 0]
                  00004d94    00000020                   : uart.obj (.text:UARTDisable)
                  00004db4    0000001e                   : adc.obj (.text:ADCSequenceDataGet)
                  00004dd2    0000001e                   : pwm.obj (.text:PWMPulseWidthSet)
                  00004df0    0000001c                   : systick.obj (.text:SysTickIntRegister)
                  00004e0c    0000001a                   : gpio.obj (.text:GPIOPinTypeGPIOOutput)
                  00004e26    00000018                   : adc.obj (.text:ADCProcessorTrigger)
                  00004e3e    00000018     rtsv7M4_T_le_v4SPD16_eabi.lib : s_copysignf.c.obj (.text:copysignf)
                  00004e56    00000016     driverlib.lib : gpio.obj (.text:GPIOPinTypeADC)
                  00004e6c    00000016                   : gpio.obj (.text:GPIOPinTypeGPIOInput)
                  00004e82    00000016                   : gpio.obj (.text:GPIOPinTypeI2C)
                  00004e98    00000016                   : gpio.obj (.text:GPIOPinTypeI2CSCL)
                  00004eae    00000016                   : gpio.obj (.text:GPIOPinTypePWM)
                  00004ec4    00000016                   : gpio.obj (.text:GPIOPinTypeSSI)
                  00004eda    00000016                   : gpio.obj (.text:GPIOPinTypeUART)
                  00004ef0    00000014                   : systick.obj (.text:SysTickEnable)
                  00004f04    00000014                   : systick.obj (.text:SysTickIntEnable)
                  00004f18    00000014                   : uart.obj (.text:UARTEnable)
                  00004f2c    00000014     rtsv7M4_T_le_v4SPD16_eabi.lib : strcpy.c.obj (.text:strcpy)
                  00004f40    00000012     driverlib.lib : pwm.obj (.text:PWMOutputState)
                  00004f52    00000002     --HOLE-- [fill = 0]
                  00004f54    00000010                   : fpu.obj (.text:FPUStackingDisable)
                  00004f64    00000010                   : pwm.obj (.text:PWMGenPeriodSet)
                  00004f74    00000010                   : systick.obj (.text:SysTickPeriodSet)
                  00004f84    0000000e                   : adc.obj (.text:ADCIntDisable)
                  00004f92    0000000e                   : adc.obj (.text:ADCSequenceDisable)
                  00004fa0    0000000e                   : adc.obj (.text:ADCSequenceEnable)
                  00004fae    0000000e     G8RTOS_CriticalSection.obj (.text)
                  00004fbc    0000000e     driverlib.lib : gpio.obj (.text:GPIOIntDisable)
                  00004fca    0000000e     rtsv7M4_T_le_v4SPD16_eabi.lib : time.c.obj (.text:__time32)
                  00004fd8    0000000e                                   : copy_decompress_none.c.obj (.text:decompress:none:__TI_decompress_none)
                  00004fe6    0000000c     driverlib.lib : gpio.obj (.text:GPIOIntEnable)
                  00004ff2    0000000c                   : pwm.obj (.text:PWMGenEnable)
                  00004ffe    0000000c                   : ssi.obj (.text:SSIDataGet)
                  0000500a    0000000c     rtsv7M4_T_le_v4SPD16_eabi.lib : copy_zero_init.c.obj (.text:decompress:ZI:__TI_zero_init)
                  00005016    0000000c     tm4c123gh6pm_startup_ccs.obj (.text)
                  00005022    0000000a     driverlib.lib : adc.obj (.text:ADCIntClear)
                  0000502c    0000000a                   : i2c.obj (.text:I2CMasterEnable)
                  00005036    0000000a                   : ssi.obj (.text:SSIDataPut)
                  00005040    0000000a                   : ssi.obj (.text:SSIDisable)
                  0000504a    0000000a                   : ssi.obj (.text:SSIEnable)
                  00005054    0000000a                   : uart.obj (.text:UARTCharGet)
                  0000505e    0000000a                   : uart.obj (.text:UARTCharPut)
                  00005068    00000008                   : i2c.obj (.text:I2CMasterBusy)
                  00005070    00000008                   : i2c.obj (.text:I2CMasterSlaveAddrSet)
                  00005078    00000008                   : ssi.obj (.text:SSIBusy)
                  00005080    00000008     rtsv7M4_T_le_v4SPD16_eabi.lib : errno.c.obj (.text:__aeabi_errno_addr)
                  00005088    00000006     driverlib.lib : gpio.obj (.text:GPIOIntClear)
                  0000508e    00000006                   : gpio.obj (.text:GPIOPinRead)
                  00005094    00000006                   : gpio.obj (.text:GPIOPinWrite)
                  0000509a    00000006                   : ssi.obj (.text:SSIClockSourceSet)
                  000050a0    00000006                   : sysctl.obj (.text:SysCtlDelay)
                  000050a6    00000004                   : i2c.obj (.text:I2CMasterControl)
                  000050aa    00000004                   : i2c.obj (.text:I2CMasterDataGet)
                  000050ae    00000004                   : i2c.obj (.text:I2CMasterDataPut)
                  000050b2    00000004     rtsv7M4_T_le_v4SPD16_eabi.lib : pre_init.c.obj (.text:_system_pre_init)
                  000050b6    00000004                                   : exit.c.obj (.text:abort:abort)

.const     0    000050bc    000001f4     
                  000050bc    0000009c     driverlib.lib : interrupt.obj (.const:g_pui32Regs)
                  00005158    00000090                   : gpio.obj (.const:g_pui32GPIOBaseAddrs)
                  000051e8    0000006c                   : sysctl.obj (.const:g_pui32Xtals)
                  00005254    00000018     rtsv7M4_T_le_v4SPD16_eabi.lib : e_powf.c.obj (.const:$O1$$)
                  0000526c    00000014     driverlib.lib : interrupt.obj (.const:g_pui32EnRegs)
                  00005280    00000012     uartstdio.obj (.const:.string)
                  00005292    00000002     --HOLE-- [fill = 0]
                  00005294    0000000c     uartstdio.obj (.const:g_ui32UARTBase)
                  000052a0    0000000c     uartstdio.obj (.const:g_ui32UARTPeriph)
                  000052ac    00000004     uartstdio.obj (.const)

.cinit     0    000052b0    00000060     
                  000052b0    00000027     (.cinit..data.load) [load image, compression = lzss]
                  000052d7    00000001     --HOLE-- [fill = 0]
                  000052d8    0000000c     (__TI_handler_table)
                  000052e4    00000004     --HOLE-- [fill = 0]
                  000052e8    00000008     (.cinit..bss.load) [load image, compression = zero_init]
                  000052f0    00000008     (.cinit..vtable.load) [load image, compression = zero_init]
                  000052f8    00000018     (__TI_cinit_table)

.init_array 
*          0    00000000    00000000     UNINITIALIZED

.vtable    0    20000000    0000026c     UNINITIALIZED
                  20000000    0000026c     driverlib.lib : interrupt.obj (.vtable)

.bss       0    2000026c    0000651c     UNINITIALIZED
                  2000026c    00006000     G8RTOS_Scheduler.obj (.bss:threadStacks)
                  2000626c    00000210     G8RTOS_Scheduler.obj (.bss:threadControlBlocks)
                  2000647c    00000150     G8RTOS_IPC.obj (.bss:FIFOs)
                  200065cc    00000120     rtsv7M4_T_le_v4SPD16_eabi.lib : trgmsg.c.obj (.bss:_CIOBUF_)
                  200066ec    00000048     G8RTOS_Scheduler.obj (.bss:ptcbs)
                  20006734    00000010     G8RTOS_Scheduler.obj (.bss)
                  20006744    00000010     (.common:world_camera_frame_rot_offset)
                  20006754    00000008     (.common:parmbuf)
                  2000675c    00000004     (.common:CurrentlyRunningThread)
                  20006760    00000004     (.common:IBit_State)
                  20006764    00000004     (.common:SystemTime)
                  20006768    00000004     (.common:pulse_width)
                  2000676c    00000004     (.common:sem_I2CA)
                  20006770    00000004     (.common:sem_JOY)
                  20006774    00000004     (.common:sem_KillCube)
                  20006778    00000004     (.common:sem_PCA9555)
                  2000677c    00000004     (.common:sem_SPI)
                  20006780    00000004     (.common:sem_SW1)
                  20006784    00000004     (.common:sem_UART)

.data      0    20006988    0000006c     UNINITIALIZED
                  20006988    00000012     threads.obj (.data)
                  2000699a    00000001     G8RTOS_Scheduler.obj (.data)
                  2000699b    00000001     --HOLE--
                  2000699c    00000010     threads.obj (.data:world_camera_frame_offset)
                  200069ac    00000010     threads.obj (.data:world_camera_pos)
                  200069bc    00000010     threads.obj (.data:world_view_rot)
                  200069cc    00000010     threads.obj (.data:world_view_rot_inverse)
                  200069dc    00000008     rtsv7M4_T_le_v4SPD16_eabi.lib : _lock.c.obj (.data:$O1$$)
                  200069e4    00000005     uartstdio.obj (.data)
                  200069e9    00000003     --HOLE--
                  200069ec    00000004     rtsv7M4_T_le_v4SPD16_eabi.lib : errno.c.obj (.data)
                  200069f0    00000004                                   : rand.c.obj (.data)

.stack     0    20006788    00000200     UNINITIALIZED
                  20006788    00000004     rtsv7M4_T_le_v4SPD16_eabi.lib : boot_cortex_m.c.obj (.stack)
                  2000678c    000001fc     --HOLE--

__llvm_prf_cnts 
*          0    20000000    00000000     UNINITIALIZED

MODULE SUMMARY

       Module                         code    ro data   rw data
       ------                         ----    -------   -------
    .\
       threads.obj                    3320    0         98     
       uartstdio.obj                  1192    46        5      
       tm4c123gh6pm_startup_ccs.obj   12      620       0      
       lab4_final.obj                 324     0         32     
    +--+------------------------------+-------+---------+---------+
       Total:                         4848    666       135    
                                                               
    .\G8RTOS\src\
       G8RTOS_Scheduler.obj           1728    0         25201  
       G8RTOS_IPC.obj                 568     0         336    
       G8RTOS_Semaphores.obj          168     0         0      
       G8RTOS_SchedulerASM.obj        80      0         0      
       G8RTOS_CriticalSection.obj     14      0         0      
    +--+------------------------------+-------+---------+---------+
       Total:                         2558    0         25537  
                                                               
    .\MiscFunctions\LinAlg\src\
       quaternions.obj                824     0         0      
       linalg.obj                     660     0         0      
    +--+------------------------------+-------+---------+---------+
       Total:                         1484    0         0      
                                                               
    .\MiscFunctions\Shapes\src\
       cube.obj                       616     0         0      
    +--+------------------------------+-------+---------+---------+
       Total:                         616     0         0      
                                                               
    .\MultimodDrivers\src\
       multimod_ST7789.obj            1844    0         0      
       multimod_BMI160.obj            712     0         0      
       multimod_i2c.obj               632     0         0      
       multimod_spi.obj               416     0         0      
       multimod_LaunchpadLED.obj      376     0         4      
       multimod_OPT3001.obj           312     0         0      
       multimod_joystick.obj          264     0         0      
       multimod_buttons.obj           104     0         0      
       multimod_uart.obj              92      0         0      
    +--+------------------------------+-------+---------+---------+
       Total:                         4752    0         4      
                                                               
    C:/ti/TivaWare_C_Series-2.2.0.295/driverlib/ccs/Debug/driverlib.lib
       interrupt.obj                  192     176       620    
       gpio.obj                       796     144       0      
       sysctl.obj                     694     108       0      
       adc.obj                        352     0         0      
       uart.obj                       142     0         0      
       ssi.obj                        116     0         0      
       i2c.obj                        114     0         0      
       pwm.obj                        110     0         0      
       systick.obj                    84      0         0      
       fpu.obj                        16      0         0      
    +--+------------------------------+-------+---------+---------+
       Total:                         2616    428       620    
                                                               
    C:\ti\ccs1281\ccs\tools\compiler\ti-cgt-arm_20.2.7.LTS\lib\rtsv7M4_T_le_v4SPD16_eabi.lib
       e_powf.c.obj                   1420    24        0      
       trgmsg.c.obj                   108     0         288    
       fd_mul_t2.asm.obj              252     0         0      
       s_scalbnf.c.obj                208     0         0      
       memcpy_t2.asm.obj              156     0         0      
       fd_cmp_t2.asm.obj              134     0         0      
       memset_t2.asm.obj              122     0         0      
       copy_decompress_lzss.c.obj     104     0         0      
       rand.c.obj                     88      0         4      
       fd_toi_t2.asm.obj              72      0         0      
       hosttime.c.obj                 72      0         0      
       autoinit.c.obj                 68      0         0      
       u_divt2.asm.obj                64      0         0      
       fs_tod_t2.asm.obj              56      0         0      
       boot_cortex_m.c.obj            52      0         0      
       i_tofd_t2.asm.obj              46      0         0      
       e_sqrtf.c.obj                  40      0         0      
       s_copysignf.c.obj              24      0         0      
       strcpy.c.obj                   20      0         0      
       copy_decompress_none.c.obj     14      0         0      
       time.c.obj                     14      0         0      
       copy_zero_init.c.obj           12      0         0      
       errno.c.obj                    8       0         4      
       _lock.c.obj                    2       0         8      
       hostopen.c.obj                 0       0         8      
       exit.c.obj                     4       0         0      
       pre_init.c.obj                 4       0         0      
       div0.asm.obj                   2       0         0      
    +--+------------------------------+-------+---------+---------+
       Total:                         3166    24        312    
                                                               
       Stack:                         0       0         512    
       Linker Generated:              0       91        0      
    +--+------------------------------+-------+---------+---------+
       Grand Total:                   20040   1209      27120  


LINKER GENERATED COPY TABLES

__TI_cinit_table @ 000052f8 records: 3, size/record: 8, table size: 24
	.data: load addr=000052b0, load size=00000027 bytes, run addr=20006988, run size=0000006c bytes, compression=lzss
	.bss: load addr=000052e8, load size=00000008 bytes, run addr=2000026c, run size=0000651c bytes, compression=zero_init
	.vtable: load addr=000052f0, load size=00000008 bytes, run addr=20000000, run size=0000026c bytes, compression=zero_init


LINKER GENERATED HANDLER TABLE

__TI_handler_table @ 000052d8 records: 3, size/record: 4, table size: 12
	index: 0, handler: __TI_zero_init
	index: 1, handler: __TI_decompress_lzss
	index: 2, handler: __TI_decompress_none


GLOBAL SYMBOLS: SORTED ALPHABETICALLY BY Name 

address   name                          
-------   ----                          
00005023  ADCIntClear                   
00004f85  ADCIntDisable                 
00004c79  ADCIntStatus                  
00004e27  ADCProcessorTrigger           
00004815  ADCSequenceConfigure          
00004db5  ADCSequenceDataGet            
00004f93  ADCSequenceDisable            
00004fa1  ADCSequenceEnable             
000044e3  ADCSequenceStepConfigure      
00000a69  Accel                         
00002b5b  BMI160_AccelXGetResult        
00002ca5  BMI160_AccelXYZGetResult      
00002b7f  BMI160_AccelYGetResult        
00002ba3  BMI160_AccelZGetResult        
00002d7d  BMI160_GetDataStatus          
00002bc7  BMI160_GyroXGetResult         
00002ced  BMI160_GyroXYZGetResult       
00002beb  BMI160_GyroYGetResult         
00002c0f  BMI160_GyroZGetResult         
00002ac5  BMI160_Init                   
00002c33  BMI160_MagXGetResult          
00002d35  BMI160_MagXYZGetResult        
00002c59  BMI160_MagYGetResult          
00002c7f  BMI160_MagZGetResult          
00002b33  BMI160_MultiReadRegister      
00002b0f  BMI160_ReadRegister           
00002adf  BMI160_WriteRegister          
000050b7  C$$EXIT                       
00004b33  C$$IO$$                       
0000026f  CamMove_Thread                
00000d01  ChildA_Thread                 
00000d41  ChildB_Thread                 
00003299  Cube_Generate                 
000003ad  Cube_Thread                   
2000675c  CurrentlyRunningThread        
00004fb7  EndCriticalSection            
00000bd9  FIFOConsumer                  
00000c1d  FIFOConsumer2                 
00000ba1  FIFOProducer                  
00004f55  FPUStackingDisable            
00001811  G8RTOS_AddThread              
000019e5  G8RTOS_Add_APeriodicEvent     
00001a59  G8RTOS_Add_PeriodicEvent      
00001bff  G8RTOS_GetNumberOfThreads     
00001bf7  G8RTOS_GetThreadID            
00001759  G8RTOS_Init                   
00003501  G8RTOS_InitFIFO               
00004319  G8RTOS_InitSemaphore          
00001ba9  G8RTOS_KillSelf               
00001b0f  G8RTOS_KillThread             
00001773  G8RTOS_Launch                 
00003567  G8RTOS_ReadFIFO               
00001797  G8RTOS_Scheduler              
0000436d  G8RTOS_SignalSemaphore        
000047c9  G8RTOS_Start                  
0000432b  G8RTOS_WaitSemaphore          
000035f1  G8RTOS_WriteFIFO              
00000a4b  GPIOD_Handler                 
00004cd5  GPIODirModeSet                
00000a31  GPIOE_Handler                 
00005089  GPIOIntClear                  
00004fbd  GPIOIntDisable                
00004fe7  GPIOIntEnable                 
0000476d  GPIOIntTypeSet                
00003a51  GPIOPadConfigSet              
00004865  GPIOPinConfigure              
0000508f  GPIOPinRead                   
00004e57  GPIOPinTypeADC                
00004e6d  GPIOPinTypeGPIOInput          
00004e0d  GPIOPinTypeGPIOOutput         
00004e83  GPIOPinTypeI2C                
00004e99  GPIOPinTypeI2CSCL             
00004eaf  GPIOPinTypePWM                
00004ec5  GPIOPinTypeSSI                
00004edb  GPIOPinTypeUART               
00005095  GPIOPinWrite                  
00000a1f  Get_Joystick                  
00000aa5  Gyro                          
000048fd  HOSTtime                      
00005069  I2CMasterBusy                 
000050a7  I2CMasterControl              
000050ab  I2CMasterDataGet              
000050af  I2CMasterDataPut              
0000502d  I2CMasterEnable               
000048b1  I2CMasterInitExpClk           
00005071  I2CMasterSlaveAddrSet         
00003021  I2C_Init                      
000031b1  I2C_ReadMultiple              
000030d3  I2C_ReadSingle                
00003103  I2C_WriteMultiple             
0000309d  I2C_WriteSingle               
20006760  IBit_State                    
0000026d  Idle_Thread                   
000045d9  IntEnable                     
00004d29  IntPrioritySet                
00004b75  IntRegister                   
00003fe3  JOYSTICK_GetPress             
00003ff1  JOYSTICK_GetX                 
0000400d  JOYSTICK_GetXY                
00003fff  JOYSTICK_GetY                 
00003f51  JOYSTICK_Init                 
00003fad  JOYSTICK_IntEnable            
00000dc1  LCDThread                     
000038d9  LaunchpadLED_Init             
00003995  LaunchpadLED_PWMSetDuty       
000046ed  MultimodButtons_Get           
000046a9  MultimodButtons_Init          
00003e21  OPT3001_GetChipID             
00003d85  OPT3001_GetResult             
00003d01  OPT3001_Init                  
00003d57  OPT3001_ReadRegister          
00003e01  OPT3001_SetHighLimit          
00003de1  OPT3001_SetLowLimit           
00003d15  OPT3001_WriteRegister         
00000b39  Opto                          
00000d61  PThread1                      
00000d7d  PThread2                      
00004d71  PWMGenConfigure               
00004ff3  PWMGenEnable                  
00004f65  PWMGenPeriodSet               
00004f41  PWMOutputState                
00004dd3  PWMPulseWidthSet              
000047eb  PendSV_Handler                
000009eb  Print_WorldCoords             
0000278d  Quat_Add                      
00002a53  Quat_GetInverse               
000029eb  Quat_GetMag                   
000027f3  Quat_Mul                      
0000297f  Quat_Normalize                
00002919  Quat_Sub                      
000007f5  Read_Buttons                  
000009b1  Read_JoystickPress            
00005017  ResetISR                      
00003739  SPI_Init                      
0000385b  SPI_ReadMultiple              
000037d3  SPI_ReadSingle                
000037fb  SPI_WriteMultiple             
000037b5  SPI_WriteSingle               
00005079  SSIBusy                       
0000509b  SSIClockSourceSet             
00004a59  SSIConfigSetExpClk            
00004fff  SSIDataGet                    
00005037  SSIDataPut                    
00005041  SSIDisable                    
0000504b  SSIEnable                     
00000f73  ST7789_Deselect               
00001141  ST7789_DrawHLine              
000014d1  ST7789_DrawLine               
00001463  ST7789_DrawPixel              
000015a1  ST7789_DrawRectangle          
000010ab  ST7789_DrawVLine              
000014b5  ST7789_Fill                   
00001393  ST7789_Init                   
000011f5  ST7789_Line                   
00000fc9  ST7789_ReadRegister           
00000f65  ST7789_Select                 
00000f8f  ST7789_SetCommand             
00000f81  ST7789_SetData                
00000fdf  ST7789_SetWindow              
00000f9d  ST7789_WriteCommand           
00000fb3  ST7789_WriteData              
20006998  SW1Pressed                    
00000c87  SW1_Event_Handler             
00000c4d  SW1_ISR                       
20006999  SW2Pressed                    
00000cd9  SW2_Event_Handler             
00000cc1  SW2_ISR                       
00001c25  SetInitialStack               
00004faf  StartCriticalSection          
00003e39  SysCtlClockGet                
00004155  SysCtlClockSet                
000050a1  SysCtlDelay                   
00004ba9  SysCtlPeripheralEnable        
00004a95  SysCtlPeripheralPresent       
00004acd  SysCtlPeripheralReady         
00004ef1  SysTickEnable                 
00004f05  SysTickIntEnable              
00004df1  SysTickIntRegister            
00004f75  SysTickPeriodSet              
000016c3  SysTick_Handler               
20006764  SystemTime                    
00005055  UARTCharGet                   
0000505f  UARTCharPut                   
0000498d  UARTConfigSetExpClk           
00004d95  UARTDisable                   
00004f19  UARTEnable                    
000022e5  UARTStdioConfig               
00004711  UART_Init                     
00002435  UARTgetc                      
0000237b  UARTgets                      
00002757  UARTprintf                    
0000245d  UARTvprintf                   
0000232b  UARTwrite                     
200065cc  __CIOBUF_                     
20006988  __STACK_END                   
00000200  __STACK_SIZE                  
20006988  __STACK_TOP                   
000052f8  __TI_CINIT_Base               
00005310  __TI_CINIT_Limit              
000052d8  __TI_Handler_Table_Base       
000052e4  __TI_Handler_Table_Limit      
000049d5  __TI_auto_init_nobinit_nopinit
00004641  __TI_decompress_lzss          
00004fd9  __TI_decompress_none          
ffffffff  __TI_pprof_out_hndl           
ffffffff  __TI_prof_data_size           
ffffffff  __TI_prof_data_start          
00004bdd  __TI_readmsg                  
00000000  __TI_static_base__            
00004b05  __TI_writemsg                 
0000500b  __TI_zero_init                
0000445d  __aeabi_cdcmpeq               
0000445d  __aeabi_cdcmple               
00004945  __aeabi_d2iz                  
00004059  __aeabi_dmul                  
00005081  __aeabi_errno_addr            
00004b3d  __aeabi_f2d                   
00004ca7  __aeabi_i2d                   
00004863  __aeabi_idiv0                 
00004863  __aeabi_ldiv0                 
0000455d  __aeabi_memclr                
0000455d  __aeabi_memclr4               
0000455d  __aeabi_memclr8               
000043c1  __aeabi_memcpy                
000043c1  __aeabi_memcpy4               
000043c1  __aeabi_memcpy8               
0000455f  __aeabi_memset                
0000455f  __aeabi_memset4               
0000455f  __aeabi_memset8               
00004a19  __aeabi_uidiv                 
00004a19  __aeabi_uidivmod              
ffffffff  __binit__                     
ffffffff  __c_args__                    
UNDEFED   __mpu_init                    
20006788  __stack                       
20000000  __start___llvm_prf_cnts       
20000000  __stop___llvm_prf_cnts        
00004fcb  __time32                      
00004c11  _c_int00_noargs               
200069dc  _lock                         
000045d7  _nop                          
UNDEFED   _system_post_cinit            
000050b3  _system_pre_init              
200069e0  _unlock                       
000050b7  abort                         
2000699a  aliveCount                    
ffffffff  binit                         
00004e3f  copysignf                     
20006990  cube_id                       
2000698c  data                          
00001375  delay_ms                      
200069ec  errno                         
20000000  g_pfnRAMVectors               
00000000  g_pfnVectors                  
00002a8b  getRotatedQuat                
00002db3  getViewOnScreen               
00002d8d  getViewRelative               
2000698b  idle_count                    
00002e9d  interpolatePoints             
20006989  joystick_y                    
2000698a  kill_cube                     
00004249  ldexpf                        
00003bd1  main                          
000043c1  memcpy                        
00004565  memset                        
20006988  num_cubes                     
20006754  parmbuf                       
00001d59  powf                          
20006768  pulse_width                   
00004c45  rand                          
00004249  scalbnf                       
2000676c  sem_I2CA                      
20006770  sem_JOY                       
20006774  sem_KillCube                  
20006778  sem_PCA9555                   
2000677c  sem_SPI                       
20006780  sem_SW1                       
20006784  sem_UART                      
00001bcd  sleep                         
00004d01  sqrtf                         
00004d4d  srand                         
00004f2d  strcpy                        
00004fcb  time                          
20006994  val                           
2000699c  world_camera_frame_offset     
20006744  world_camera_frame_rot_offset 
200069ac  world_camera_pos              
200069bc  world_view_rot                
200069cc  world_view_rot_inverse        


GLOBAL SYMBOLS: SORTED BY Symbol Address 

address   name                          
-------   ----                          
00000000  __TI_static_base__            
00000000  g_pfnVectors                  
00000200  __STACK_SIZE                  
0000026d  Idle_Thread                   
0000026f  CamMove_Thread                
000003ad  Cube_Thread                   
000007f5  Read_Buttons                  
000009b1  Read_JoystickPress            
000009eb  Print_WorldCoords             
00000a1f  Get_Joystick                  
00000a31  GPIOE_Handler                 
00000a4b  GPIOD_Handler                 
00000a69  Accel                         
00000aa5  Gyro                          
00000b39  Opto                          
00000ba1  FIFOProducer                  
00000bd9  FIFOConsumer                  
00000c1d  FIFOConsumer2                 
00000c4d  SW1_ISR                       
00000c87  SW1_Event_Handler             
00000cc1  SW2_ISR                       
00000cd9  SW2_Event_Handler             
00000d01  ChildA_Thread                 
00000d41  ChildB_Thread                 
00000d61  PThread1                      
00000d7d  PThread2                      
00000dc1  LCDThread                     
00000f65  ST7789_Select                 
00000f73  ST7789_Deselect               
00000f81  ST7789_SetData                
00000f8f  ST7789_SetCommand             
00000f9d  ST7789_WriteCommand           
00000fb3  ST7789_WriteData              
00000fc9  ST7789_ReadRegister           
00000fdf  ST7789_SetWindow              
000010ab  ST7789_DrawVLine              
00001141  ST7789_DrawHLine              
000011f5  ST7789_Line                   
00001375  delay_ms                      
00001393  ST7789_Init                   
00001463  ST7789_DrawPixel              
000014b5  ST7789_Fill                   
000014d1  ST7789_DrawLine               
000015a1  ST7789_DrawRectangle          
000016c3  SysTick_Handler               
00001759  G8RTOS_Init                   
00001773  G8RTOS_Launch                 
00001797  G8RTOS_Scheduler              
00001811  G8RTOS_AddThread              
000019e5  G8RTOS_Add_APeriodicEvent     
00001a59  G8RTOS_Add_PeriodicEvent      
00001b0f  G8RTOS_KillThread             
00001ba9  G8RTOS_KillSelf               
00001bcd  sleep                         
00001bf7  G8RTOS_GetThreadID            
00001bff  G8RTOS_GetNumberOfThreads     
00001c25  SetInitialStack               
00001d59  powf                          
000022e5  UARTStdioConfig               
0000232b  UARTwrite                     
0000237b  UARTgets                      
00002435  UARTgetc                      
0000245d  UARTvprintf                   
00002757  UARTprintf                    
0000278d  Quat_Add                      
000027f3  Quat_Mul                      
00002919  Quat_Sub                      
0000297f  Quat_Normalize                
000029eb  Quat_GetMag                   
00002a53  Quat_GetInverse               
00002a8b  getRotatedQuat                
00002ac5  BMI160_Init                   
00002adf  BMI160_WriteRegister          
00002b0f  BMI160_ReadRegister           
00002b33  BMI160_MultiReadRegister      
00002b5b  BMI160_AccelXGetResult        
00002b7f  BMI160_AccelYGetResult        
00002ba3  BMI160_AccelZGetResult        
00002bc7  BMI160_GyroXGetResult         
00002beb  BMI160_GyroYGetResult         
00002c0f  BMI160_GyroZGetResult         
00002c33  BMI160_MagXGetResult          
00002c59  BMI160_MagYGetResult          
00002c7f  BMI160_MagZGetResult          
00002ca5  BMI160_AccelXYZGetResult      
00002ced  BMI160_GyroXYZGetResult       
00002d35  BMI160_MagXYZGetResult        
00002d7d  BMI160_GetDataStatus          
00002d8d  getViewRelative               
00002db3  getViewOnScreen               
00002e9d  interpolatePoints             
00003021  I2C_Init                      
0000309d  I2C_WriteSingle               
000030d3  I2C_ReadSingle                
00003103  I2C_WriteMultiple             
000031b1  I2C_ReadMultiple              
00003299  Cube_Generate                 
00003501  G8RTOS_InitFIFO               
00003567  G8RTOS_ReadFIFO               
000035f1  G8RTOS_WriteFIFO              
00003739  SPI_Init                      
000037b5  SPI_WriteSingle               
000037d3  SPI_ReadSingle                
000037fb  SPI_WriteMultiple             
0000385b  SPI_ReadMultiple              
000038d9  LaunchpadLED_Init             
00003995  LaunchpadLED_PWMSetDuty       
00003a51  GPIOPadConfigSet              
00003bd1  main                          
00003d01  OPT3001_Init                  
00003d15  OPT3001_WriteRegister         
00003d57  OPT3001_ReadRegister          
00003d85  OPT3001_GetResult             
00003de1  OPT3001_SetLowLimit           
00003e01  OPT3001_SetHighLimit          
00003e21  OPT3001_GetChipID             
00003e39  SysCtlClockGet                
00003f51  JOYSTICK_Init                 
00003fad  JOYSTICK_IntEnable            
00003fe3  JOYSTICK_GetPress             
00003ff1  JOYSTICK_GetX                 
00003fff  JOYSTICK_GetY                 
0000400d  JOYSTICK_GetXY                
00004059  __aeabi_dmul                  
00004155  SysCtlClockSet                
00004249  ldexpf                        
00004249  scalbnf                       
00004319  G8RTOS_InitSemaphore          
0000432b  G8RTOS_WaitSemaphore          
0000436d  G8RTOS_SignalSemaphore        
000043c1  __aeabi_memcpy                
000043c1  __aeabi_memcpy4               
000043c1  __aeabi_memcpy8               
000043c1  memcpy                        
0000445d  __aeabi_cdcmpeq               
0000445d  __aeabi_cdcmple               
000044e3  ADCSequenceStepConfigure      
0000455d  __aeabi_memclr                
0000455d  __aeabi_memclr4               
0000455d  __aeabi_memclr8               
0000455f  __aeabi_memset                
0000455f  __aeabi_memset4               
0000455f  __aeabi_memset8               
00004565  memset                        
000045d7  _nop                          
000045d9  IntEnable                     
00004641  __TI_decompress_lzss          
000046a9  MultimodButtons_Init          
000046ed  MultimodButtons_Get           
00004711  UART_Init                     
0000476d  GPIOIntTypeSet                
000047c9  G8RTOS_Start                  
000047eb  PendSV_Handler                
00004815  ADCSequenceConfigure          
00004863  __aeabi_idiv0                 
00004863  __aeabi_ldiv0                 
00004865  GPIOPinConfigure              
000048b1  I2CMasterInitExpClk           
000048fd  HOSTtime                      
00004945  __aeabi_d2iz                  
0000498d  UARTConfigSetExpClk           
000049d5  __TI_auto_init_nobinit_nopinit
00004a19  __aeabi_uidiv                 
00004a19  __aeabi_uidivmod              
00004a59  SSIConfigSetExpClk            
00004a95  SysCtlPeripheralPresent       
00004acd  SysCtlPeripheralReady         
00004b05  __TI_writemsg                 
00004b33  C$$IO$$                       
00004b3d  __aeabi_f2d                   
00004b75  IntRegister                   
00004ba9  SysCtlPeripheralEnable        
00004bdd  __TI_readmsg                  
00004c11  _c_int00_noargs               
00004c45  rand                          
00004c79  ADCIntStatus                  
00004ca7  __aeabi_i2d                   
00004cd5  GPIODirModeSet                
00004d01  sqrtf                         
00004d29  IntPrioritySet                
00004d4d  srand                         
00004d71  PWMGenConfigure               
00004d95  UARTDisable                   
00004db5  ADCSequenceDataGet            
00004dd3  PWMPulseWidthSet              
00004df1  SysTickIntRegister            
00004e0d  GPIOPinTypeGPIOOutput         
00004e27  ADCProcessorTrigger           
00004e3f  copysignf                     
00004e57  GPIOPinTypeADC                
00004e6d  GPIOPinTypeGPIOInput          
00004e83  GPIOPinTypeI2C                
00004e99  GPIOPinTypeI2CSCL             
00004eaf  GPIOPinTypePWM                
00004ec5  GPIOPinTypeSSI                
00004edb  GPIOPinTypeUART               
00004ef1  SysTickEnable                 
00004f05  SysTickIntEnable              
00004f19  UARTEnable                    
00004f2d  strcpy                        
00004f41  PWMOutputState                
00004f55  FPUStackingDisable            
00004f65  PWMGenPeriodSet               
00004f75  SysTickPeriodSet              
00004f85  ADCIntDisable                 
00004f93  ADCSequenceDisable            
00004fa1  ADCSequenceEnable             
00004faf  StartCriticalSection          
00004fb7  EndCriticalSection            
00004fbd  GPIOIntDisable                
00004fcb  __time32                      
00004fcb  time                          
00004fd9  __TI_decompress_none          
00004fe7  GPIOIntEnable                 
00004ff3  PWMGenEnable                  
00004fff  SSIDataGet                    
0000500b  __TI_zero_init                
00005017  ResetISR                      
00005023  ADCIntClear                   
0000502d  I2CMasterEnable               
00005037  SSIDataPut                    
00005041  SSIDisable                    
0000504b  SSIEnable                     
00005055  UARTCharGet                   
0000505f  UARTCharPut                   
00005069  I2CMasterBusy                 
00005071  I2CMasterSlaveAddrSet         
00005079  SSIBusy                       
00005081  __aeabi_errno_addr            
00005089  GPIOIntClear                  
0000508f  GPIOPinRead                   
00005095  GPIOPinWrite                  
0000509b  SSIClockSourceSet             
000050a1  SysCtlDelay                   
000050a7  I2CMasterControl              
000050ab  I2CMasterDataGet              
000050af  I2CMasterDataPut              
000050b3  _system_pre_init              
000050b7  C$$EXIT                       
000050b7  abort                         
000052d8  __TI_Handler_Table_Base       
000052e4  __TI_Handler_Table_Limit      
000052f8  __TI_CINIT_Base               
00005310  __TI_CINIT_Limit              
20000000  __start___llvm_prf_cnts       
20000000  __stop___llvm_prf_cnts        
20000000  g_pfnRAMVectors               
200065cc  __CIOBUF_                     
20006744  world_camera_frame_rot_offset 
20006754  parmbuf                       
2000675c  CurrentlyRunningThread        
20006760  IBit_State                    
20006764  SystemTime                    
20006768  pulse_width                   
2000676c  sem_I2CA                      
20006770  sem_JOY                       
20006774  sem_KillCube                  
20006778  sem_PCA9555                   
2000677c  sem_SPI                       
20006780  sem_SW1                       
20006784  sem_UART                      
20006788  __stack                       
20006988  __STACK_END                   
20006988  __STACK_TOP                   
20006988  num_cubes                     
20006989  joystick_y                    
2000698a  kill_cube                     
2000698b  idle_count                    
2000698c  data                          
20006990  cube_id                       
20006994  val                           
20006998  SW1Pressed                    
20006999  SW2Pressed                    
2000699a  aliveCount                    
2000699c  world_camera_frame_offset     
200069ac  world_camera_pos              
200069bc  world_view_rot                
200069cc  world_view_rot_inverse        
200069dc  _lock                         
200069e0  _unlock                       
200069ec  errno                         
ffffffff  __TI_pprof_out_hndl           
ffffffff  __TI_prof_data_size           
ffffffff  __TI_prof_data_start          
ffffffff  __binit__                     
ffffffff  __c_args__                    
ffffffff  binit                         
UNDEFED   __mpu_init                    
UNDEFED   _system_post_cinit            

[289 symbols]
