******************************************************************************
                  TI ARM Linker PC v20.2.7                     
******************************************************************************
>> Linked Thu Oct 30 06:45:37 2025

OUTPUT FILE NAME:   <Lab4_F2025.out>
ENTRY POINT SYMBOL: "_c_int00_noargs"  address: 00004b31


MEMORY CONFIGURATION

         name            origin    length      used     unused   attr    fill
----------------------  --------  ---------  --------  --------  ----  --------
  FLASH                 00000000   00040000  0000521e  0003ade2  R  X
  SRAM                  20000000   00008000  000069f4  0000160c  RW X


SEGMENT ALLOCATION MAP

run origin  load origin   length   init length attrs members
----------  ----------- ---------- ----------- ----- -------
00000000    00000000    00005220   00005220    r-x
  00000000    00000000    0000026c   0000026c    r-- .intvecs
  0000026c    0000026c    00004d5e   00004d5e    r-x .text
  00004fcc    00004fcc    000001f4   000001f4    r-- .const
  000051c0    000051c0    00000060   00000060    r-- .cinit
20000000    20000000    000069f4   00000000    rw-
  20000000    20000000    0000026c   00000000    rw- .vtable
  2000026c    2000026c    0000651c   00000000    rw- .bss
  20006788    20006788    00000200   00000000    rw- .stack
  20006988    20006988    0000006c   00000000    rw- .data


SECTION ALLOCATION MAP

 output                                  attributes/
section   page    origin      length       input sections
--------  ----  ----------  ----------   ----------------
.intvecs   0    00000000    0000026c     
                  00000000    0000026c     tm4c123gh6pm_startup_ccs.obj (.intvecs)

.text      0    0000026c    00004d5e     
                  0000026c    00000c50     threads.obj (.text)
                  00000ebc    00000734     multimod_ST7789.obj (.text)
                  000015f0    000006c0     G8RTOS_Scheduler.obj (.text)
                  00001cb0    0000058c     rtsv7M4_T_le_v4SPD16_eabi.lib : e_powf.c.obj (.text:powf)
                  0000223c    000004a8     uartstdio.obj (.text)
                  000026e4    00000338     quaternions.obj (.text)
                  00002a1c    000002c8     multimod_BMI160.obj (.text)
                  00002ce4    00000294     linalg.obj (.text)
                  00002f78    00000278     multimod_i2c.obj (.text)
                  000031f0    00000268     cube.obj (.text)
                  00003458    00000238     G8RTOS_IPC.obj (.text)
                  00003690    000001a0     multimod_spi.obj (.text)
                  00003830    00000178     multimod_LaunchpadLED.obj (.text)
                  000039a8    0000016c     driverlib.lib : gpio.obj (.text:GPIOPadConfigSet)
                  00003b14    00000138     multimod_OPT3001.obj (.text)
                  00003c4c    00000118     driverlib.lib : sysctl.obj (.text:SysCtlClockGet)
                  00003d64    0000010c     lab4_4.obj (.text)
                  00003e70    00000108     multimod_joystick.obj (.text)
                  00003f78    000000fc     rtsv7M4_T_le_v4SPD16_eabi.lib : fd_mul_t2.asm.obj (.text)
                  00004074    000000f4     driverlib.lib : sysctl.obj (.text:SysCtlClockSet)
                  00004168    000000d0     rtsv7M4_T_le_v4SPD16_eabi.lib : s_scalbnf.c.obj (.text:scalbnf)
                  00004238    000000a8     G8RTOS_Semaphores.obj (.text)
                  000042e0    0000009c     rtsv7M4_T_le_v4SPD16_eabi.lib : memcpy_t2.asm.obj (.text)
                  0000437c    00000086                                   : fd_cmp_t2.asm.obj (.text:__aeabi_cdcmple)
                  00004402    0000007a     driverlib.lib : adc.obj (.text:ADCSequenceStepConfigure)
                  0000447c    0000007a     rtsv7M4_T_le_v4SPD16_eabi.lib : memset_t2.asm.obj (.text)
                  000044f6    00000002                                   : _lock.c.obj (.text:_nop)
                  000044f8    00000068     driverlib.lib : interrupt.obj (.text:IntEnable)
                  00004560    00000068     rtsv7M4_T_le_v4SPD16_eabi.lib : copy_decompress_lzss.c.obj (.text:decompress:lzss:__TI_decompress_lzss)
                  000045c8    00000068     multimod_buttons.obj (.text)
                  00004630    0000005c     multimod_uart.obj (.text)
                  0000468c    00000058     driverlib.lib : gpio.obj (.text:GPIOIntTypeSet)
                  000046e4    00000050     G8RTOS_SchedulerASM.obj (.text)
                  00004734    0000004e     driverlib.lib : adc.obj (.text:ADCSequenceConfigure)
                  00004782    00000002     rtsv7M4_T_le_v4SPD16_eabi.lib : div0.asm.obj (.text)
                  00004784    0000004c     driverlib.lib : gpio.obj (.text:GPIOPinConfigure)
                  000047d0    0000004c                   : i2c.obj (.text:I2CMasterInitExpClk)
                  0000481c    00000048     rtsv7M4_T_le_v4SPD16_eabi.lib : hosttime.c.obj (.text:HOSTtime)
                  00004864    00000048                                   : fd_toi_t2.asm.obj (.text)
                  000048ac    00000046     driverlib.lib : uart.obj (.text:UARTConfigSetExpClk)
                  000048f2    00000002     --HOLE-- [fill = 0]
                  000048f4    00000044     rtsv7M4_T_le_v4SPD16_eabi.lib : autoinit.c.obj (.text:__TI_auto_init_nobinit_nopinit:__TI_auto_init_nobinit_nopinit)
                  00004938    00000040                                   : u_divt2.asm.obj (.text)
                  00004978    0000003c     driverlib.lib : ssi.obj (.text:SSIConfigSetExpClk)
                  000049b4    00000038                   : sysctl.obj (.text:SysCtlPeripheralPresent)
                  000049ec    00000038                   : sysctl.obj (.text:SysCtlPeripheralReady)
                  00004a24    00000038     rtsv7M4_T_le_v4SPD16_eabi.lib : trgmsg.c.obj (.text:__TI_writemsg)
                  00004a5c    00000038                                   : fs_tod_t2.asm.obj (.text)
                  00004a94    00000034     driverlib.lib : interrupt.obj (.text:IntRegister)
                  00004ac8    00000034                   : sysctl.obj (.text:SysCtlPeripheralEnable)
                  00004afc    00000034     rtsv7M4_T_le_v4SPD16_eabi.lib : trgmsg.c.obj (.text:__TI_readmsg)
                  00004b30    00000034                                   : boot_cortex_m.c.obj (.text:_c_int00_noargs:_c_int00_noargs)
                  00004b64    00000034                                   : rand.c.obj (.text:rand)
                  00004b98    0000002e     driverlib.lib : adc.obj (.text:ADCIntStatus)
                  00004bc6    0000002e     rtsv7M4_T_le_v4SPD16_eabi.lib : i_tofd_t2.asm.obj (.text)
                  00004bf4    0000002c     driverlib.lib : gpio.obj (.text:GPIODirModeSet)
                  00004c20    00000028     rtsv7M4_T_le_v4SPD16_eabi.lib : e_sqrtf.c.obj (.text:sqrtf)
                  00004c48    00000024     driverlib.lib : interrupt.obj (.text:IntPrioritySet)
                  00004c6c    00000024     rtsv7M4_T_le_v4SPD16_eabi.lib : rand.c.obj (.text:srand)
                  00004c90    00000022     driverlib.lib : pwm.obj (.text:PWMGenConfigure)
                  00004cb2    00000002     --HOLE-- [fill = 0]
                  00004cb4    00000020                   : uart.obj (.text:UARTDisable)
                  00004cd4    0000001e                   : adc.obj (.text:ADCSequenceDataGet)
                  00004cf2    0000001e                   : pwm.obj (.text:PWMPulseWidthSet)
                  00004d10    0000001c                   : systick.obj (.text:SysTickIntRegister)
                  00004d2c    0000001a                   : gpio.obj (.text:GPIOPinTypeGPIOOutput)
                  00004d46    00000018                   : adc.obj (.text:ADCProcessorTrigger)
                  00004d5e    00000018     rtsv7M4_T_le_v4SPD16_eabi.lib : s_copysignf.c.obj (.text:copysignf)
                  00004d76    00000016     driverlib.lib : gpio.obj (.text:GPIOPinTypeADC)
                  00004d8c    00000016                   : gpio.obj (.text:GPIOPinTypeGPIOInput)
                  00004da2    00000016                   : gpio.obj (.text:GPIOPinTypeI2C)
                  00004db8    00000016                   : gpio.obj (.text:GPIOPinTypeI2CSCL)
                  00004dce    00000016                   : gpio.obj (.text:GPIOPinTypePWM)
                  00004de4    00000016                   : gpio.obj (.text:GPIOPinTypeSSI)
                  00004dfa    00000016                   : gpio.obj (.text:GPIOPinTypeUART)
                  00004e10    00000014                   : systick.obj (.text:SysTickEnable)
                  00004e24    00000014                   : systick.obj (.text:SysTickIntEnable)
                  00004e38    00000014                   : uart.obj (.text:UARTEnable)
                  00004e4c    00000014     rtsv7M4_T_le_v4SPD16_eabi.lib : strcpy.c.obj (.text:strcpy)
                  00004e60    00000012     driverlib.lib : pwm.obj (.text:PWMOutputState)
                  00004e72    00000010                   : pwm.obj (.text:PWMGenPeriodSet)
                  00004e82    00000002     --HOLE-- [fill = 0]
                  00004e84    00000010                   : systick.obj (.text:SysTickPeriodSet)
                  00004e94    0000000e                   : adc.obj (.text:ADCIntDisable)
                  00004ea2    0000000e                   : adc.obj (.text:ADCSequenceDisable)
                  00004eb0    0000000e                   : adc.obj (.text:ADCSequenceEnable)
                  00004ebe    0000000e     G8RTOS_CriticalSection.obj (.text)
                  00004ecc    0000000e     driverlib.lib : gpio.obj (.text:GPIOIntDisable)
                  00004eda    0000000e     rtsv7M4_T_le_v4SPD16_eabi.lib : time.c.obj (.text:__time32)
                  00004ee8    0000000e                                   : copy_decompress_none.c.obj (.text:decompress:none:__TI_decompress_none)
                  00004ef6    0000000c     driverlib.lib : gpio.obj (.text:GPIOIntEnable)
                  00004f02    0000000c                   : pwm.obj (.text:PWMGenEnable)
                  00004f0e    0000000c                   : ssi.obj (.text:SSIDataGet)
                  00004f1a    0000000c     rtsv7M4_T_le_v4SPD16_eabi.lib : copy_zero_init.c.obj (.text:decompress:ZI:__TI_zero_init)
                  00004f26    0000000c     tm4c123gh6pm_startup_ccs.obj (.text)
                  00004f32    0000000a     driverlib.lib : adc.obj (.text:ADCIntClear)
                  00004f3c    0000000a                   : i2c.obj (.text:I2CMasterEnable)
                  00004f46    0000000a                   : ssi.obj (.text:SSIDataPut)
                  00004f50    0000000a                   : ssi.obj (.text:SSIDisable)
                  00004f5a    0000000a                   : ssi.obj (.text:SSIEnable)
                  00004f64    0000000a                   : uart.obj (.text:UARTCharGet)
                  00004f6e    0000000a                   : uart.obj (.text:UARTCharPut)
                  00004f78    00000008                   : i2c.obj (.text:I2CMasterBusy)
                  00004f80    00000008                   : i2c.obj (.text:I2CMasterSlaveAddrSet)
                  00004f88    00000008                   : ssi.obj (.text:SSIBusy)
                  00004f90    00000008     rtsv7M4_T_le_v4SPD16_eabi.lib : errno.c.obj (.text:__aeabi_errno_addr)
                  00004f98    00000006     driverlib.lib : gpio.obj (.text:GPIOIntClear)
                  00004f9e    00000006                   : gpio.obj (.text:GPIOPinRead)
                  00004fa4    00000006                   : gpio.obj (.text:GPIOPinWrite)
                  00004faa    00000006                   : ssi.obj (.text:SSIClockSourceSet)
                  00004fb0    00000006                   : sysctl.obj (.text:SysCtlDelay)
                  00004fb6    00000004                   : i2c.obj (.text:I2CMasterControl)
                  00004fba    00000004                   : i2c.obj (.text:I2CMasterDataGet)
                  00004fbe    00000004                   : i2c.obj (.text:I2CMasterDataPut)
                  00004fc2    00000004     rtsv7M4_T_le_v4SPD16_eabi.lib : pre_init.c.obj (.text:_system_pre_init)
                  00004fc6    00000004                                   : exit.c.obj (.text:abort:abort)

.const     0    00004fcc    000001f4     
                  00004fcc    0000009c     driverlib.lib : interrupt.obj (.const:g_pui32Regs)
                  00005068    00000090                   : gpio.obj (.const:g_pui32GPIOBaseAddrs)
                  000050f8    0000006c                   : sysctl.obj (.const:g_pui32Xtals)
                  00005164    00000018     rtsv7M4_T_le_v4SPD16_eabi.lib : e_powf.c.obj (.const:$O1$$)
                  0000517c    00000014     driverlib.lib : interrupt.obj (.const:g_pui32EnRegs)
                  00005190    00000012     uartstdio.obj (.const:.string)
                  000051a2    00000002     --HOLE-- [fill = 0]
                  000051a4    0000000c     uartstdio.obj (.const:g_ui32UARTBase)
                  000051b0    0000000c     uartstdio.obj (.const:g_ui32UARTPeriph)
                  000051bc    00000004     uartstdio.obj (.const)

.cinit     0    000051c0    00000060     
                  000051c0    00000027     (.cinit..data.load) [load image, compression = lzss]
                  000051e7    00000001     --HOLE-- [fill = 0]
                  000051e8    0000000c     (__TI_handler_table)
                  000051f4    00000004     --HOLE-- [fill = 0]
                  000051f8    00000008     (.cinit..bss.load) [load image, compression = zero_init]
                  00005200    00000008     (.cinit..vtable.load) [load image, compression = zero_init]
                  00005208    00000018     (__TI_cinit_table)

.init_array 
*          0    00000000    00000000     UNINITIALIZED

.vtable    0    20000000    0000026c     UNINITIALIZED
                  20000000    0000026c     driverlib.lib : interrupt.obj (.vtable)

.bss       0    2000026c    0000651c     UNINITIALIZED
                  2000026c    00006000     G8RTOS_Scheduler.obj (.bss:threadStacks)
                  2000626c    00000210     G8RTOS_Scheduler.obj (.bss:threadControlBlocks)
                  2000647c    00000150     G8RTOS_IPC.obj (.bss:FIFOs)
                  200065cc    00000120     rtsv7M4_T_le_v4SPD16_eabi.lib : trgmsg.c.obj (.bss:_CIOBUF_)
                  200066ec    00000048     G8RTOS_Scheduler.obj (.bss:ptcbs)
                  20006734    00000010     G8RTOS_Scheduler.obj (.bss)
                  20006744    00000010     (.common:world_camera_frame_rot_offset)
                  20006754    00000008     (.common:parmbuf)
                  2000675c    00000004     (.common:CurrentlyRunningThread)
                  20006760    00000004     (.common:IBit_State)
                  20006764    00000004     (.common:SystemTime)
                  20006768    00000004     (.common:pulse_width)
                  2000676c    00000004     (.common:sem_I2CA)
                  20006770    00000004     (.common:sem_JOY)
                  20006774    00000004     (.common:sem_KillCube)
                  20006778    00000004     (.common:sem_PCA9555)
                  2000677c    00000004     (.common:sem_SPI)
                  20006780    00000004     (.common:sem_SW1)
                  20006784    00000004     (.common:sem_UART)

.data      0    20006988    0000006c     UNINITIALIZED
                  20006988    00000012     threads.obj (.data)
                  2000699a    00000001     G8RTOS_Scheduler.obj (.data)
                  2000699b    00000001     --HOLE--
                  2000699c    00000010     threads.obj (.data:world_camera_frame_offset)
                  200069ac    00000010     threads.obj (.data:world_camera_pos)
                  200069bc    00000010     threads.obj (.data:world_view_rot)
                  200069cc    00000010     threads.obj (.data:world_view_rot_inverse)
                  200069dc    00000008     rtsv7M4_T_le_v4SPD16_eabi.lib : _lock.c.obj (.data:$O1$$)
                  200069e4    00000005     uartstdio.obj (.data)
                  200069e9    00000003     --HOLE--
                  200069ec    00000004     rtsv7M4_T_le_v4SPD16_eabi.lib : errno.c.obj (.data)
                  200069f0    00000004                                   : rand.c.obj (.data)

.stack     0    20006788    00000200     UNINITIALIZED
                  20006788    00000004     rtsv7M4_T_le_v4SPD16_eabi.lib : boot_cortex_m.c.obj (.stack)
                  2000678c    000001fc     --HOLE--

__llvm_prf_cnts 
*          0    20000000    00000000     UNINITIALIZED

MODULE SUMMARY

       Module                         code    ro data   rw data
       ------                         ----    -------   -------
    .\
       threads.obj                    3152    0         98     
       uartstdio.obj                  1192    46        5      
       tm4c123gh6pm_startup_ccs.obj   12      620       0      
       lab4_4.obj                     268     0         32     
    +--+------------------------------+-------+---------+---------+
       Total:                         4624    666       135    
                                                               
    .\G8RTOS\src\
       G8RTOS_Scheduler.obj           1728    0         25201  
       G8RTOS_IPC.obj                 568     0         336    
       G8RTOS_Semaphores.obj          168     0         0      
       G8RTOS_SchedulerASM.obj        80      0         0      
       G8RTOS_CriticalSection.obj     14      0         0      
    +--+------------------------------+-------+---------+---------+
       Total:                         2558    0         25537  
                                                               
    .\MiscFunctions\LinAlg\src\
       quaternions.obj                824     0         0      
       linalg.obj                     660     0         0      
    +--+------------------------------+-------+---------+---------+
       Total:                         1484    0         0      
                                                               
    .\MiscFunctions\Shapes\src\
       cube.obj                       616     0         0      
    +--+------------------------------+-------+---------+---------+
       Total:                         616     0         0      
                                                               
    .\MultimodDrivers\src\
       multimod_ST7789.obj            1844    0         0      
       multimod_BMI160.obj            712     0         0      
       multimod_i2c.obj               632     0         0      
       multimod_spi.obj               416     0         0      
       multimod_LaunchpadLED.obj      376     0         4      
       multimod_OPT3001.obj           312     0         0      
       multimod_joystick.obj          264     0         0      
       multimod_buttons.obj           104     0         0      
       multimod_uart.obj              92      0         0      
    +--+------------------------------+-------+---------+---------+
       Total:                         4752    0         4      
                                                               
    C:/ti/TivaWare_C_Series-2.2.0.295/driverlib/ccs/Debug/driverlib.lib
       interrupt.obj                  192     176       620    
       gpio.obj                       796     144       0      
       sysctl.obj                     694     108       0      
       adc.obj                        352     0         0      
       uart.obj                       142     0         0      
       ssi.obj                        116     0         0      
       i2c.obj                        114     0         0      
       pwm.obj                        110     0         0      
       systick.obj                    84      0         0      
    +--+------------------------------+-------+---------+---------+
       Total:                         2600    428       620    
                                                               
    C:\ti\ccs1281\ccs\tools\compiler\ti-cgt-arm_20.2.7.LTS\lib\rtsv7M4_T_le_v4SPD16_eabi.lib
       e_powf.c.obj                   1420    24        0      
       trgmsg.c.obj                   108     0         288    
       fd_mul_t2.asm.obj              252     0         0      
       s_scalbnf.c.obj                208     0         0      
       memcpy_t2.asm.obj              156     0         0      
       fd_cmp_t2.asm.obj              134     0         0      
       memset_t2.asm.obj              122     0         0      
       copy_decompress_lzss.c.obj     104     0         0      
       rand.c.obj                     88      0         4      
       fd_toi_t2.asm.obj              72      0         0      
       hosttime.c.obj                 72      0         0      
       autoinit.c.obj                 68      0         0      
       u_divt2.asm.obj                64      0         0      
       fs_tod_t2.asm.obj              56      0         0      
       boot_cortex_m.c.obj            52      0         0      
       i_tofd_t2.asm.obj              46      0         0      
       e_sqrtf.c.obj                  40      0         0      
       s_copysignf.c.obj              24      0         0      
       strcpy.c.obj                   20      0         0      
       copy_decompress_none.c.obj     14      0         0      
       time.c.obj                     14      0         0      
       copy_zero_init.c.obj           12      0         0      
       errno.c.obj                    8       0         4      
       _lock.c.obj                    2       0         8      
       hostopen.c.obj                 0       0         8      
       exit.c.obj                     4       0         0      
       pre_init.c.obj                 4       0         0      
       div0.asm.obj                   2       0         0      
    +--+------------------------------+-------+---------+---------+
       Total:                         3166    24        312    
                                                               
       Stack:                         0       0         512    
       Linker Generated:              0       91        0      
    +--+------------------------------+-------+---------+---------+
       Grand Total:                   19800   1209      27120  


LINKER GENERATED COPY TABLES

__TI_cinit_table @ 00005208 records: 3, size/record: 8, table size: 24
	.data: load addr=000051c0, load size=00000027 bytes, run addr=20006988, run size=0000006c bytes, compression=lzss
	.bss: load addr=000051f8, load size=00000008 bytes, run addr=2000026c, run size=0000651c bytes, compression=zero_init
	.vtable: load addr=00005200, load size=00000008 bytes, run addr=20000000, run size=0000026c bytes, compression=zero_init


LINKER GENERATED HANDLER TABLE

__TI_handler_table @ 000051e8 records: 3, size/record: 4, table size: 12
	index: 0, handler: __TI_zero_init
	index: 1, handler: __TI_decompress_lzss
	index: 2, handler: __TI_decompress_none


GLOBAL SYMBOLS: SORTED ALPHABETICALLY BY Name 

address   name                          
-------   ----                          
00004f33  ADCIntClear                   
00004e95  ADCIntDisable                 
00004b99  ADCIntStatus                  
00004d47  ADCProcessorTrigger           
00004735  ADCSequenceConfigure          
00004cd5  ADCSequenceDataGet            
00004ea3  ADCSequenceDisable            
00004eb1  ADCSequenceEnable             
00004403  ADCSequenceStepConfigure      
000009b9  Accel                         
00002ab3  BMI160_AccelXGetResult        
00002bfd  BMI160_AccelXYZGetResult      
00002ad7  BMI160_AccelYGetResult        
00002afb  BMI160_AccelZGetResult        
00002cd5  BMI160_GetDataStatus          
00002b1f  BMI160_GyroXGetResult         
00002c45  BMI160_GyroXYZGetResult       
00002b43  BMI160_GyroYGetResult         
00002b67  BMI160_GyroZGetResult         
00002a1d  BMI160_Init                   
00002b8b  BMI160_MagXGetResult          
00002c8d  BMI160_MagXYZGetResult        
00002bb1  BMI160_MagYGetResult          
00002bd7  BMI160_MagZGetResult          
00002a8b  BMI160_MultiReadRegister      
00002a67  BMI160_ReadRegister           
00002a37  BMI160_WriteRegister          
00004fc7  C$$EXIT                       
00004a53  C$$IO$$                       
0000026f  CamMove_Thread                
00000c5d  ChildA_Thread                 
00000ca1  ChildB_Thread                 
000031f1  Cube_Generate                 
00000315  Cube_Thread                   
2000675c  CurrentlyRunningThread        
00004ec7  EndCriticalSection            
00000b1d  FIFOConsumer                  
00000b65  FIFOConsumer2                 
00000aed  FIFOProducer                  
00001769  G8RTOS_AddThread              
0000193d  G8RTOS_Add_APeriodicEvent     
000019b1  G8RTOS_Add_PeriodicEvent      
00001b57  G8RTOS_GetNumberOfThreads     
00001b4f  G8RTOS_GetThreadID            
000016b1  G8RTOS_Init                   
00003459  G8RTOS_InitFIFO               
00004239  G8RTOS_InitSemaphore          
00001b01  G8RTOS_KillSelf               
00001a67  G8RTOS_KillThread             
000016cb  G8RTOS_Launch                 
000034bf  G8RTOS_ReadFIFO               
000016ef  G8RTOS_Scheduler              
0000428d  G8RTOS_SignalSemaphore        
000046e9  G8RTOS_Start                  
0000424b  G8RTOS_WaitSemaphore          
00003549  G8RTOS_WriteFIFO              
0000099b  GPIOD_Handler                 
00004bf5  GPIODirModeSet                
00000981  GPIOE_Handler                 
00004f99  GPIOIntClear                  
00004ecd  GPIOIntDisable                
00004ef7  GPIOIntEnable                 
0000468d  GPIOIntTypeSet                
000039a9  GPIOPadConfigSet              
00004785  GPIOPinConfigure              
00004f9f  GPIOPinRead                   
00004d77  GPIOPinTypeADC                
00004d8d  GPIOPinTypeGPIOInput          
00004d2d  GPIOPinTypeGPIOOutput         
00004da3  GPIOPinTypeI2C                
00004db9  GPIOPinTypeI2CSCL             
00004dcf  GPIOPinTypePWM                
00004de5  GPIOPinTypeSSI                
00004dfb  GPIOPinTypeUART               
00004fa5  GPIOPinWrite                  
00000971  Get_Joystick                  
000009f5  Gyro                          
0000481d  HOSTtime                      
00004f79  I2CMasterBusy                 
00004fb7  I2CMasterControl              
00004fbb  I2CMasterDataGet              
00004fbf  I2CMasterDataPut              
00004f3d  I2CMasterEnable               
000047d1  I2CMasterInitExpClk           
00004f81  I2CMasterSlaveAddrSet         
00002f79  I2C_Init                      
00003109  I2C_ReadMultiple              
0000302b  I2C_ReadSingle                
0000305b  I2C_WriteMultiple             
00002ff5  I2C_WriteSingle               
20006760  IBit_State                    
0000026d  Idle_Thread                   
000044f9  IntEnable                     
00004c49  IntPrioritySet                
00004a95  IntRegister                   
00003f03  JOYSTICK_GetPress             
00003f11  JOYSTICK_GetX                 
00003f2d  JOYSTICK_GetXY                
00003f1f  JOYSTICK_GetY                 
00003e71  JOYSTICK_Init                 
00003ecd  JOYSTICK_IntEnable            
00000d19  LCDThread                     
00003831  LaunchpadLED_Init             
000038ed  LaunchpadLED_PWMSetDuty       
0000460d  MultimodButtons_Get           
000045c9  MultimodButtons_Init          
00003c35  OPT3001_GetChipID             
00003b99  OPT3001_GetResult             
00003b15  OPT3001_Init                  
00003b6b  OPT3001_ReadRegister          
00003c15  OPT3001_SetHighLimit          
00003bf5  OPT3001_SetLowLimit           
00003b29  OPT3001_WriteRegister         
00000a81  Opto                          
00000cbb  PThread1                      
00000cfd  PThread2                      
00004c91  PWMGenConfigure               
00004f03  PWMGenEnable                  
00004e73  PWMGenPeriodSet               
00004e61  PWMOutputState                
00004cf3  PWMPulseWidthSet              
0000470b  PendSV_Handler                
0000093d  Print_WorldCoords             
000026e5  Quat_Add                      
000029ab  Quat_GetInverse               
00002943  Quat_GetMag                   
0000274b  Quat_Mul                      
000028d7  Quat_Normalize                
00002871  Quat_Sub                      
00000765  Read_Buttons                  
00000903  Read_JoystickPress            
00004f27  ResetISR                      
00003691  SPI_Init                      
000037b3  SPI_ReadMultiple              
0000372b  SPI_ReadSingle                
00003753  SPI_WriteMultiple             
0000370d  SPI_WriteSingle               
00004f89  SSIBusy                       
00004fab  SSIClockSourceSet             
00004979  SSIConfigSetExpClk            
00004f0f  SSIDataGet                    
00004f47  SSIDataPut                    
00004f51  SSIDisable                    
00004f5b  SSIEnable                     
00000ecb  ST7789_Deselect               
00001099  ST7789_DrawHLine              
00001429  ST7789_DrawLine               
000013bb  ST7789_DrawPixel              
000014f9  ST7789_DrawRectangle          
00001003  ST7789_DrawVLine              
0000140d  ST7789_Fill                   
000012eb  ST7789_Init                   
0000114d  ST7789_Line                   
00000f21  ST7789_ReadRegister           
00000ebd  ST7789_Select                 
00000ee7  ST7789_SetCommand             
00000ed9  ST7789_SetData                
00000f37  ST7789_SetWindow              
00000ef5  ST7789_WriteCommand           
00000f0b  ST7789_WriteData              
20006998  SW1Pressed                    
00000bcb  SW1_Event_Handler             
00000b91  SW1_ISR                       
20006999  SW2Pressed                    
00000c35  SW2_Event_Handler             
00000c05  SW2_ISR                       
00001b7d  SetInitialStack               
00004ebf  StartCriticalSection          
00003c4d  SysCtlClockGet                
00004075  SysCtlClockSet                
00004fb1  SysCtlDelay                   
00004ac9  SysCtlPeripheralEnable        
000049b5  SysCtlPeripheralPresent       
000049ed  SysCtlPeripheralReady         
00004e11  SysTickEnable                 
00004e25  SysTickIntEnable              
00004d11  SysTickIntRegister            
00004e85  SysTickPeriodSet              
0000161b  SysTick_Handler               
20006764  SystemTime                    
00004f65  UARTCharGet                   
00004f6f  UARTCharPut                   
000048ad  UARTConfigSetExpClk           
00004cb5  UARTDisable                   
00004e39  UARTEnable                    
0000223d  UARTStdioConfig               
00004631  UART_Init                     
0000238d  UARTgetc                      
000022d3  UARTgets                      
000026af  UARTprintf                    
000023b5  UARTvprintf                   
00002283  UARTwrite                     
200065cc  __CIOBUF_                     
20006988  __STACK_END                   
00000200  __STACK_SIZE                  
20006988  __STACK_TOP                   
00005208  __TI_CINIT_Base               
00005220  __TI_CINIT_Limit              
000051e8  __TI_Handler_Table_Base       
000051f4  __TI_Handler_Table_Limit      
000048f5  __TI_auto_init_nobinit_nopinit
00004561  __TI_decompress_lzss          
00004ee9  __TI_decompress_none          
ffffffff  __TI_pprof_out_hndl           
ffffffff  __TI_prof_data_size           
ffffffff  __TI_prof_data_start          
00004afd  __TI_readmsg                  
00000000  __TI_static_base__            
00004a25  __TI_writemsg                 
00004f1b  __TI_zero_init                
0000437d  __aeabi_cdcmpeq               
0000437d  __aeabi_cdcmple               
00004865  __aeabi_d2iz                  
00003f79  __aeabi_dmul                  
00004f91  __aeabi_errno_addr            
00004a5d  __aeabi_f2d                   
00004bc7  __aeabi_i2d                   
00004783  __aeabi_idiv0                 
00004783  __aeabi_ldiv0                 
0000447d  __aeabi_memclr                
0000447d  __aeabi_memclr4               
0000447d  __aeabi_memclr8               
000042e1  __aeabi_memcpy                
000042e1  __aeabi_memcpy4               
000042e1  __aeabi_memcpy8               
0000447f  __aeabi_memset                
0000447f  __aeabi_memset4               
0000447f  __aeabi_memset8               
00004939  __aeabi_uidiv                 
00004939  __aeabi_uidivmod              
ffffffff  __binit__                     
ffffffff  __c_args__                    
UNDEFED   __mpu_init                    
20006788  __stack                       
20000000  __start___llvm_prf_cnts       
20000000  __stop___llvm_prf_cnts        
00004edb  __time32                      
00004b31  _c_int00_noargs               
200069dc  _lock                         
000044f7  _nop                          
UNDEFED   _system_post_cinit            
00004fc3  _system_pre_init              
200069e0  _unlock                       
00004fc7  abort                         
2000699a  aliveCount                    
ffffffff  binit                         
00004d5f  copysignf                     
20006990  cube_id                       
2000698c  data                          
000012cd  delay_ms                      
200069ec  errno                         
20000000  g_pfnRAMVectors               
00000000  g_pfnVectors                  
000029e3  getRotatedQuat                
00002d0b  getViewOnScreen               
00002ce5  getViewRelative               
2000698b  idle_count                    
00002df5  interpolatePoints             
20006989  joystick_y                    
2000698a  kill_cube                     
00004169  ldexpf                        
00003d79  main                          
000042e1  memcpy                        
00004485  memset                        
20006988  num_cubes                     
20006754  parmbuf                       
00001cb1  powf                          
20006768  pulse_width                   
00004b65  rand                          
00004169  scalbnf                       
2000676c  sem_I2CA                      
20006770  sem_JOY                       
20006774  sem_KillCube                  
20006778  sem_PCA9555                   
2000677c  sem_SPI                       
20006780  sem_SW1                       
20006784  sem_UART                      
00001b25  sleep                         
00004c21  sqrtf                         
00004c6d  srand                         
00004e4d  strcpy                        
00004edb  time                          
20006994  val                           
2000699c  world_camera_frame_offset     
20006744  world_camera_frame_rot_offset 
200069ac  world_camera_pos              
200069bc  world_view_rot                
200069cc  world_view_rot_inverse        


GLOBAL SYMBOLS: SORTED BY Symbol Address 

address   name                          
-------   ----                          
00000000  __TI_static_base__            
00000000  g_pfnVectors                  
00000200  __STACK_SIZE                  
0000026d  Idle_Thread                   
0000026f  CamMove_Thread                
00000315  Cube_Thread                   
00000765  Read_Buttons                  
00000903  Read_JoystickPress            
0000093d  Print_WorldCoords             
00000971  Get_Joystick                  
00000981  GPIOE_Handler                 
0000099b  GPIOD_Handler                 
000009b9  Accel                         
000009f5  Gyro                          
00000a81  Opto                          
00000aed  FIFOProducer                  
00000b1d  FIFOConsumer                  
00000b65  FIFOConsumer2                 
00000b91  SW1_ISR                       
00000bcb  SW1_Event_Handler             
00000c05  SW2_ISR                       
00000c35  SW2_Event_Handler             
00000c5d  ChildA_Thread                 
00000ca1  ChildB_Thread                 
00000cbb  PThread1                      
00000cfd  PThread2                      
00000d19  LCDThread                     
00000ebd  ST7789_Select                 
00000ecb  ST7789_Deselect               
00000ed9  ST7789_SetData                
00000ee7  ST7789_SetCommand             
00000ef5  ST7789_WriteCommand           
00000f0b  ST7789_WriteData              
00000f21  ST7789_ReadRegister           
00000f37  ST7789_SetWindow              
00001003  ST7789_DrawVLine              
00001099  ST7789_DrawHLine              
0000114d  ST7789_Line                   
000012cd  delay_ms                      
000012eb  ST7789_Init                   
000013bb  ST7789_DrawPixel              
0000140d  ST7789_Fill                   
00001429  ST7789_DrawLine               
000014f9  ST7789_DrawRectangle          
0000161b  SysTick_Handler               
000016b1  G8RTOS_Init                   
000016cb  G8RTOS_Launch                 
000016ef  G8RTOS_Scheduler              
00001769  G8RTOS_AddThread              
0000193d  G8RTOS_Add_APeriodicEvent     
000019b1  G8RTOS_Add_PeriodicEvent      
00001a67  G8RTOS_KillThread             
00001b01  G8RTOS_KillSelf               
00001b25  sleep                         
00001b4f  G8RTOS_GetThreadID            
00001b57  G8RTOS_GetNumberOfThreads     
00001b7d  SetInitialStack               
00001cb1  powf                          
0000223d  UARTStdioConfig               
00002283  UARTwrite                     
000022d3  UARTgets                      
0000238d  UARTgetc                      
000023b5  UARTvprintf                   
000026af  UARTprintf                    
000026e5  Quat_Add                      
0000274b  Quat_Mul                      
00002871  Quat_Sub                      
000028d7  Quat_Normalize                
00002943  Quat_GetMag                   
000029ab  Quat_GetInverse               
000029e3  getRotatedQuat                
00002a1d  BMI160_Init                   
00002a37  BMI160_WriteRegister          
00002a67  BMI160_ReadRegister           
00002a8b  BMI160_MultiReadRegister      
00002ab3  BMI160_AccelXGetResult        
00002ad7  BMI160_AccelYGetResult        
00002afb  BMI160_AccelZGetResult        
00002b1f  BMI160_GyroXGetResult         
00002b43  BMI160_GyroYGetResult         
00002b67  BMI160_GyroZGetResult         
00002b8b  BMI160_MagXGetResult          
00002bb1  BMI160_MagYGetResult          
00002bd7  BMI160_MagZGetResult          
00002bfd  BMI160_AccelXYZGetResult      
00002c45  BMI160_GyroXYZGetResult       
00002c8d  BMI160_MagXYZGetResult        
00002cd5  BMI160_GetDataStatus          
00002ce5  getViewRelative               
00002d0b  getViewOnScreen               
00002df5  interpolatePoints             
00002f79  I2C_Init                      
00002ff5  I2C_WriteSingle               
0000302b  I2C_ReadSingle                
0000305b  I2C_WriteMultiple             
00003109  I2C_ReadMultiple              
000031f1  Cube_Generate                 
00003459  G8RTOS_InitFIFO               
000034bf  G8RTOS_ReadFIFO               
00003549  G8RTOS_WriteFIFO              
00003691  SPI_Init                      
0000370d  SPI_WriteSingle               
0000372b  SPI_ReadSingle                
00003753  SPI_WriteMultiple             
000037b3  SPI_ReadMultiple              
00003831  LaunchpadLED_Init             
000038ed  LaunchpadLED_PWMSetDuty       
000039a9  GPIOPadConfigSet              
00003b15  OPT3001_Init                  
00003b29  OPT3001_WriteRegister         
00003b6b  OPT3001_ReadRegister          
00003b99  OPT3001_GetResult             
00003bf5  OPT3001_SetLowLimit           
00003c15  OPT3001_SetHighLimit          
00003c35  OPT3001_GetChipID             
00003c4d  SysCtlClockGet                
00003d79  main                          
00003e71  JOYSTICK_Init                 
00003ecd  JOYSTICK_IntEnable            
00003f03  JOYSTICK_GetPress             
00003f11  JOYSTICK_GetX                 
00003f1f  JOYSTICK_GetY                 
00003f2d  JOYSTICK_GetXY                
00003f79  __aeabi_dmul                  
00004075  SysCtlClockSet                
00004169  ldexpf                        
00004169  scalbnf                       
00004239  G8RTOS_InitSemaphore          
0000424b  G8RTOS_WaitSemaphore          
0000428d  G8RTOS_SignalSemaphore        
000042e1  __aeabi_memcpy                
000042e1  __aeabi_memcpy4               
000042e1  __aeabi_memcpy8               
000042e1  memcpy                        
0000437d  __aeabi_cdcmpeq               
0000437d  __aeabi_cdcmple               
00004403  ADCSequenceStepConfigure      
0000447d  __aeabi_memclr                
0000447d  __aeabi_memclr4               
0000447d  __aeabi_memclr8               
0000447f  __aeabi_memset                
0000447f  __aeabi_memset4               
0000447f  __aeabi_memset8               
00004485  memset                        
000044f7  _nop                          
000044f9  IntEnable                     
00004561  __TI_decompress_lzss          
000045c9  MultimodButtons_Init          
0000460d  MultimodButtons_Get           
00004631  UART_Init                     
0000468d  GPIOIntTypeSet                
000046e9  G8RTOS_Start                  
0000470b  PendSV_Handler                
00004735  ADCSequenceConfigure          
00004783  __aeabi_idiv0                 
00004783  __aeabi_ldiv0                 
00004785  GPIOPinConfigure              
000047d1  I2CMasterInitExpClk           
0000481d  HOSTtime                      
00004865  __aeabi_d2iz                  
000048ad  UARTConfigSetExpClk           
000048f5  __TI_auto_init_nobinit_nopinit
00004939  __aeabi_uidiv                 
00004939  __aeabi_uidivmod              
00004979  SSIConfigSetExpClk            
000049b5  SysCtlPeripheralPresent       
000049ed  SysCtlPeripheralReady         
00004a25  __TI_writemsg                 
00004a53  C$$IO$$                       
00004a5d  __aeabi_f2d                   
00004a95  IntRegister                   
00004ac9  SysCtlPeripheralEnable        
00004afd  __TI_readmsg                  
00004b31  _c_int00_noargs               
00004b65  rand                          
00004b99  ADCIntStatus                  
00004bc7  __aeabi_i2d                   
00004bf5  GPIODirModeSet                
00004c21  sqrtf                         
00004c49  IntPrioritySet                
00004c6d  srand                         
00004c91  PWMGenConfigure               
00004cb5  UARTDisable                   
00004cd5  ADCSequenceDataGet            
00004cf3  PWMPulseWidthSet              
00004d11  SysTickIntRegister            
00004d2d  GPIOPinTypeGPIOOutput         
00004d47  ADCProcessorTrigger           
00004d5f  copysignf                     
00004d77  GPIOPinTypeADC                
00004d8d  GPIOPinTypeGPIOInput          
00004da3  GPIOPinTypeI2C                
00004db9  GPIOPinTypeI2CSCL             
00004dcf  GPIOPinTypePWM                
00004de5  GPIOPinTypeSSI                
00004dfb  GPIOPinTypeUART               
00004e11  SysTickEnable                 
00004e25  SysTickIntEnable              
00004e39  UARTEnable                    
00004e4d  strcpy                        
00004e61  PWMOutputState                
00004e73  PWMGenPeriodSet               
00004e85  SysTickPeriodSet              
00004e95  ADCIntDisable                 
00004ea3  ADCSequenceDisable            
00004eb1  ADCSequenceEnable             
00004ebf  StartCriticalSection          
00004ec7  EndCriticalSection            
00004ecd  GPIOIntDisable                
00004edb  __time32                      
00004edb  time                          
00004ee9  __TI_decompress_none          
00004ef7  GPIOIntEnable                 
00004f03  PWMGenEnable                  
00004f0f  SSIDataGet                    
00004f1b  __TI_zero_init                
00004f27  ResetISR                      
00004f33  ADCIntClear                   
00004f3d  I2CMasterEnable               
00004f47  SSIDataPut                    
00004f51  SSIDisable                    
00004f5b  SSIEnable                     
00004f65  UARTCharGet                   
00004f6f  UARTCharPut                   
00004f79  I2CMasterBusy                 
00004f81  I2CMasterSlaveAddrSet         
00004f89  SSIBusy                       
00004f91  __aeabi_errno_addr            
00004f99  GPIOIntClear                  
00004f9f  GPIOPinRead                   
00004fa5  GPIOPinWrite                  
00004fab  SSIClockSourceSet             
00004fb1  SysCtlDelay                   
00004fb7  I2CMasterControl              
00004fbb  I2CMasterDataGet              
00004fbf  I2CMasterDataPut              
00004fc3  _system_pre_init              
00004fc7  C$$EXIT                       
00004fc7  abort                         
000051e8  __TI_Handler_Table_Base       
000051f4  __TI_Handler_Table_Limit      
00005208  __TI_CINIT_Base               
00005220  __TI_CINIT_Limit              
20000000  __start___llvm_prf_cnts       
20000000  __stop___llvm_prf_cnts        
20000000  g_pfnRAMVectors               
200065cc  __CIOBUF_                     
20006744  world_camera_frame_rot_offset 
20006754  parmbuf                       
2000675c  CurrentlyRunningThread        
20006760  IBit_State                    
20006764  SystemTime                    
20006768  pulse_width                   
2000676c  sem_I2CA                      
20006770  sem_JOY                       
20006774  sem_KillCube                  
20006778  sem_PCA9555                   
2000677c  sem_SPI                       
20006780  sem_SW1                       
20006784  sem_UART                      
20006788  __stack                       
20006988  __STACK_END                   
20006988  __STACK_TOP                   
20006988  num_cubes                     
20006989  joystick_y                    
2000698a  kill_cube                     
2000698b  idle_count                    
2000698c  data                          
20006990  cube_id                       
20006994  val                           
20006998  SW1Pressed                    
20006999  SW2Pressed                    
2000699a  aliveCount                    
2000699c  world_camera_frame_offset     
200069ac  world_camera_pos              
200069bc  world_view_rot                
200069cc  world_view_rot_inverse        
200069dc  _lock                         
200069e0  _unlock                       
200069ec  errno                         
ffffffff  __TI_pprof_out_hndl           
ffffffff  __TI_prof_data_size           
ffffffff  __TI_prof_data_start          
ffffffff  __binit__                     
ffffffff  __c_args__                    
ffffffff  binit                         
UNDEFED   __mpu_init                    
UNDEFED   _system_post_cinit            

[288 symbols]
