******************************************************************************
                  TI ARM Linker PC v20.2.7                     
******************************************************************************
>> Linked Thu Nov  6 07:05:28 2025

OUTPUT FILE NAME:   <Lab4_F2025.out>
ENTRY POINT SYMBOL: "_c_int00_noargs"  address: 00002ac9


MEMORY CONFIGURATION

         name            origin    length      used     unused   attr    fill
----------------------  --------  ---------  --------  --------  ----  --------
  FLASH                 00000000   00040000  00003030  0003cfd0  R  X
  SRAM                  20000000   00008000  0000686f  00001791  RW X


SEGMENT ALLOCATION MAP

run origin  load origin   length   init length attrs members
----------  ----------- ---------- ----------- ----- -------
00000000    00000000    00003030   00003030    r-x
  00000000    00000000    0000026c   0000026c    r-- .intvecs
  0000026c    0000026c    00002b98   00002b98    r-x .text
  00002e04    00002e04    000001dc   000001dc    r-- .const
  00002fe0    00002fe0    00000050   00000050    r-- .cinit
20000000    20000000    00006874   00000000    rw-
  20000000    20000000    0000026c   00000000    rw- .vtable
  2000026c    2000026c    000063ef   00000000    rw- .bss
  20006660    20006660    00000200   00000000    rw- .stack
  20006860    20006860    00000014   00000000    rw- .data


SECTION ALLOCATION MAP

 output                                  attributes/
section   page    origin      length       input sections
--------  ----  ----------  ----------   ----------------
.intvecs   0    00000000    0000026c     
                  00000000    0000026c     tm4c123gh6pm_startup_ccs.obj (.intvecs)

.text      0    0000026c    00002b98     
                  0000026c    00000734     multimod_ST7789.obj (.text)
                  000009a0    000006c0     G8RTOS_Scheduler.obj (.text)
                  00001060    000004d4     breakout_threads.obj (.text)
                  00001534    000004a8     uartstdio.obj (.text)
                  000019dc    00000278     multimod_i2c.obj (.text)
                  00001c54    000001a0     multimod_spi.obj (.text)
                  00001df4    0000016c     driverlib.lib : gpio.obj (.text:GPIOPadConfigSet)
                  00001f60    00000118                   : sysctl.obj (.text:SysCtlClockGet)
                  00002078    00000118     lab4_breakout.obj (.text)
                  00002190    00000108     multimod_joystick.obj (.text)
                  00002298    000000f4     driverlib.lib : sysctl.obj (.text:SysCtlClockSet)
                  0000238c    000000a8     G8RTOS_Semaphores.obj (.text)
                  00002434    0000009c     rtsv7M4_T_le_v4SPD16_eabi.lib : memcpy_t2.asm.obj (.text)
                  000024d0    0000007a     driverlib.lib : adc.obj (.text:ADCSequenceStepConfigure)
                  0000254a    0000007a     rtsv7M4_T_le_v4SPD16_eabi.lib : memset_t2.asm.obj (.text)
                  000025c4    00000068     driverlib.lib : interrupt.obj (.text:IntEnable)
                  0000262c    00000068     rtsv7M4_T_le_v4SPD16_eabi.lib : copy_decompress_lzss.c.obj (.text:decompress:lzss:__TI_decompress_lzss)
                  00002694    00000068     multimod_buttons.obj (.text)
                  000026fc    0000005c     multimod_uart.obj (.text)
                  00002758    00000058     driverlib.lib : gpio.obj (.text:GPIOIntTypeSet)
                  000027b0    00000050     G8RTOS_SchedulerASM.obj (.text)
                  00002800    0000004e     driverlib.lib : adc.obj (.text:ADCSequenceConfigure)
                  0000284e    00000002     rtsv7M4_T_le_v4SPD16_eabi.lib : div0.asm.obj (.text)
                  00002850    0000004c     driverlib.lib : gpio.obj (.text:GPIOPinConfigure)
                  0000289c    0000004c                   : i2c.obj (.text:I2CMasterInitExpClk)
                  000028e8    00000046                   : uart.obj (.text:UARTConfigSetExpClk)
                  0000292e    00000002     --HOLE-- [fill = 0]
                  00002930    00000044     rtsv7M4_T_le_v4SPD16_eabi.lib : autoinit.c.obj (.text:__TI_auto_init_nobinit_nopinit:__TI_auto_init_nobinit_nopinit)
                  00002974    00000040                                   : u_divt2.asm.obj (.text)
                  000029b4    0000003c     driverlib.lib : ssi.obj (.text:SSIConfigSetExpClk)
                  000029f0    00000038                   : sysctl.obj (.text:SysCtlPeripheralPresent)
                  00002a28    00000038                   : sysctl.obj (.text:SysCtlPeripheralReady)
                  00002a60    00000034                   : interrupt.obj (.text:IntRegister)
                  00002a94    00000034                   : sysctl.obj (.text:SysCtlPeripheralEnable)
                  00002ac8    00000034     rtsv7M4_T_le_v4SPD16_eabi.lib : boot_cortex_m.c.obj (.text:_c_int00_noargs:_c_int00_noargs)
                  00002afc    0000002e     driverlib.lib : adc.obj (.text:ADCIntStatus)
                  00002b2a    0000002c                   : gpio.obj (.text:GPIODirModeSet)
                  00002b56    00000002     --HOLE-- [fill = 0]
                  00002b58    00000024                   : interrupt.obj (.text:IntPrioritySet)
                  00002b7c    00000020                   : uart.obj (.text:UARTDisable)
                  00002b9c    0000001e                   : adc.obj (.text:ADCSequenceDataGet)
                  00002bba    00000002     --HOLE-- [fill = 0]
                  00002bbc    0000001c                   : systick.obj (.text:SysTickIntRegister)
                  00002bd8    0000001a                   : gpio.obj (.text:GPIOPinTypeGPIOOutput)
                  00002bf2    00000018                   : adc.obj (.text:ADCProcessorTrigger)
                  00002c0a    00000016                   : gpio.obj (.text:GPIOPinTypeADC)
                  00002c20    00000016                   : gpio.obj (.text:GPIOPinTypeGPIOInput)
                  00002c36    00000016                   : gpio.obj (.text:GPIOPinTypeI2C)
                  00002c4c    00000016                   : gpio.obj (.text:GPIOPinTypeI2CSCL)
                  00002c62    00000016                   : gpio.obj (.text:GPIOPinTypeSSI)
                  00002c78    00000016                   : gpio.obj (.text:GPIOPinTypeUART)
                  00002c8e    00000002     --HOLE-- [fill = 0]
                  00002c90    00000014                   : systick.obj (.text:SysTickEnable)
                  00002ca4    00000014                   : systick.obj (.text:SysTickIntEnable)
                  00002cb8    00000014                   : uart.obj (.text:UARTEnable)
                  00002ccc    00000014     rtsv7M4_T_le_v4SPD16_eabi.lib : strcpy.c.obj (.text:strcpy)
                  00002ce0    00000010     driverlib.lib : systick.obj (.text:SysTickPeriodSet)
                  00002cf0    0000000e                   : adc.obj (.text:ADCIntDisable)
                  00002cfe    0000000e                   : adc.obj (.text:ADCSequenceDisable)
                  00002d0c    0000000e                   : adc.obj (.text:ADCSequenceEnable)
                  00002d1a    0000000e     G8RTOS_CriticalSection.obj (.text)
                  00002d28    0000000e     driverlib.lib : gpio.obj (.text:GPIOIntDisable)
                  00002d36    0000000e     rtsv7M4_T_le_v4SPD16_eabi.lib : copy_decompress_none.c.obj (.text:decompress:none:__TI_decompress_none)
                  00002d44    0000000c     driverlib.lib : gpio.obj (.text:GPIOIntEnable)
                  00002d50    0000000c                   : ssi.obj (.text:SSIDataGet)
                  00002d5c    0000000c     rtsv7M4_T_le_v4SPD16_eabi.lib : copy_zero_init.c.obj (.text:decompress:ZI:__TI_zero_init)
                  00002d68    0000000c     tm4c123gh6pm_startup_ccs.obj (.text)
                  00002d74    0000000a     driverlib.lib : adc.obj (.text:ADCIntClear)
                  00002d7e    0000000a                   : i2c.obj (.text:I2CMasterEnable)
                  00002d88    0000000a                   : ssi.obj (.text:SSIDataPut)
                  00002d92    0000000a                   : ssi.obj (.text:SSIDisable)
                  00002d9c    0000000a                   : ssi.obj (.text:SSIEnable)
                  00002da6    0000000a                   : uart.obj (.text:UARTCharGet)
                  00002db0    0000000a                   : uart.obj (.text:UARTCharPut)
                  00002dba    00000008                   : i2c.obj (.text:I2CMasterBusy)
                  00002dc2    00000008                   : i2c.obj (.text:I2CMasterSlaveAddrSet)
                  00002dca    00000008                   : ssi.obj (.text:SSIBusy)
                  00002dd2    00000006                   : gpio.obj (.text:GPIOIntClear)
                  00002dd8    00000006                   : gpio.obj (.text:GPIOPinRead)
                  00002dde    00000006                   : gpio.obj (.text:GPIOPinWrite)
                  00002de4    00000006                   : ssi.obj (.text:SSIClockSourceSet)
                  00002dea    00000006                   : sysctl.obj (.text:SysCtlDelay)
                  00002df0    00000004                   : i2c.obj (.text:I2CMasterControl)
                  00002df4    00000004                   : i2c.obj (.text:I2CMasterDataGet)
                  00002df8    00000004                   : i2c.obj (.text:I2CMasterDataPut)
                  00002dfc    00000004     rtsv7M4_T_le_v4SPD16_eabi.lib : pre_init.c.obj (.text:_system_pre_init)
                  00002e00    00000004                                   : exit.c.obj (.text:abort:abort)

.const     0    00002e04    000001dc     
                  00002e04    0000009c     driverlib.lib : interrupt.obj (.const:g_pui32Regs)
                  00002ea0    00000090                   : gpio.obj (.const:g_pui32GPIOBaseAddrs)
                  00002f30    0000006c                   : sysctl.obj (.const:g_pui32Xtals)
                  00002f9c    00000014                   : interrupt.obj (.const:g_pui32EnRegs)
                  00002fb0    00000012     uartstdio.obj (.const:.string)
                  00002fc2    00000002     --HOLE-- [fill = 0]
                  00002fc4    0000000c     uartstdio.obj (.const:g_ui32UARTBase)
                  00002fd0    0000000c     uartstdio.obj (.const:g_ui32UARTPeriph)
                  00002fdc    00000004     uartstdio.obj (.const)

.cinit     0    00002fe0    00000050     
                  00002fe0    00000018     (.cinit..data.load) [load image, compression = lzss]
                  00002ff8    0000000c     (__TI_handler_table)
                  00003004    00000004     --HOLE-- [fill = 0]
                  00003008    00000008     (.cinit..bss.load) [load image, compression = zero_init]
                  00003010    00000008     (.cinit..vtable.load) [load image, compression = zero_init]
                  00003018    00000018     (__TI_cinit_table)

.init_array 
*          0    00000000    00000000     UNINITIALIZED

.vtable    0    20000000    0000026c     UNINITIALIZED
                  20000000    0000026c     driverlib.lib : interrupt.obj (.vtable)

.bss       0    2000026c    000063ef     UNINITIALIZED
                  2000026c    00006000     G8RTOS_Scheduler.obj (.bss:threadStacks)
                  2000626c    00000210     G8RTOS_Scheduler.obj (.bss:threadControlBlocks)
                  2000647c    00000150     breakout_threads.obj (.bss:rect_array)
                  200065cc    00000048     G8RTOS_Scheduler.obj (.bss:ptcbs)
                  20006614    00000010     G8RTOS_Scheduler.obj (.bss)
                  20006624    00000008     breakout_threads.obj (.bss:box)
                  2000662c    00000008     breakout_threads.obj (.bss:rect)
                  20006634    00000004     (.common:CurrentlyRunningThread)
                  20006638    00000004     (.common:IBit_State)
                  2000663c    00000004     (.common:SystemTime)
                  20006640    00000004     (.common:sem_I2CA)
                  20006644    00000004     (.common:sem_JOY)
                  20006648    00000004     (.common:sem_KillCube)
                  2000664c    00000004     (.common:sem_PCA9555)
                  20006650    00000004     (.common:sem_SPI)
                  20006654    00000004     (.common:sem_UART)
                  20006658    00000003     breakout_threads.obj (.bss)

.data      0    20006860    00000014     UNINITIALIZED
                  20006860    0000000c     breakout_threads.obj (.data:color_array)
                  2000686c    00000005     uartstdio.obj (.data)
                  20006871    00000002     breakout_threads.obj (.data)
                  20006873    00000001     G8RTOS_Scheduler.obj (.data)

.stack     0    20006660    00000200     UNINITIALIZED
                  20006660    00000004     rtsv7M4_T_le_v4SPD16_eabi.lib : boot_cortex_m.c.obj (.stack)
                  20006664    000001fc     --HOLE--

__llvm_prf_cnts 
*          0    20000000    00000000     UNINITIALIZED

MODULE SUMMARY

       Module                         code    ro data   rw data
       ------                         ----    -------   -------
    .\
       uartstdio.obj                  1192    46        5      
       tm4c123gh6pm_startup_ccs.obj   12      620       0      
       lab4_breakout.obj              280     0         28     
    +--+------------------------------+-------+---------+---------+
       Total:                         1484    666       33     
                                                               
    .\G8RTOS\src\
       G8RTOS_Scheduler.obj           1728    0         25201  
       G8RTOS_Semaphores.obj          168     0         0      
       G8RTOS_SchedulerASM.obj        80      0         0      
       G8RTOS_CriticalSection.obj     14      0         0      
    +--+------------------------------+-------+---------+---------+
       Total:                         1990    0         25201  
                                                               
    .\MultimodDrivers\src\
       multimod_ST7789.obj            1844    0         0      
       multimod_i2c.obj               632     0         0      
       multimod_spi.obj               416     0         0      
       multimod_joystick.obj          264     0         0      
       multimod_buttons.obj           104     0         0      
       multimod_uart.obj              92      0         0      
    +--+------------------------------+-------+---------+---------+
       Total:                         3352    0         0      
                                                               
    .\Quiz_Practice\
       breakout_threads.obj           1236    0         369    
    +--+------------------------------+-------+---------+---------+
       Total:                         1236    0         369    
                                                               
    C:/ti/TivaWare_C_Series-2.2.0.295/driverlib/ccs/Debug/driverlib.lib
       interrupt.obj                  192     176       620    
       gpio.obj                       774     144       0      
       sysctl.obj                     694     108       0      
       adc.obj                        352     0         0      
       uart.obj                       142     0         0      
       ssi.obj                        116     0         0      
       i2c.obj                        114     0         0      
       systick.obj                    84      0         0      
    +--+------------------------------+-------+---------+---------+
       Total:                         2468    428       620    
                                                               
    C:\ti\ccs1281\ccs\tools\compiler\ti-cgt-arm_20.2.7.LTS\lib\rtsv7M4_T_le_v4SPD16_eabi.lib
       memcpy_t2.asm.obj              156     0         0      
       memset_t2.asm.obj              122     0         0      
       copy_decompress_lzss.c.obj     104     0         0      
       autoinit.c.obj                 68      0         0      
       u_divt2.asm.obj                64      0         0      
       boot_cortex_m.c.obj            52      0         0      
       strcpy.c.obj                   20      0         0      
       copy_decompress_none.c.obj     14      0         0      
       copy_zero_init.c.obj           12      0         0      
       exit.c.obj                     4       0         0      
       pre_init.c.obj                 4       0         0      
       div0.asm.obj                   2       0         0      
    +--+------------------------------+-------+---------+---------+
       Total:                         622     0         0      
                                                               
       Stack:                         0       0         512    
       Linker Generated:              0       76        0      
    +--+------------------------------+-------+---------+---------+
       Grand Total:                   11152   1170      26735  


LINKER GENERATED COPY TABLES

__TI_cinit_table @ 00003018 records: 3, size/record: 8, table size: 24
	.data: load addr=00002fe0, load size=00000018 bytes, run addr=20006860, run size=00000014 bytes, compression=lzss
	.bss: load addr=00003008, load size=00000008 bytes, run addr=2000026c, run size=000063ef bytes, compression=zero_init
	.vtable: load addr=00003010, load size=00000008 bytes, run addr=20000000, run size=0000026c bytes, compression=zero_init


LINKER GENERATED HANDLER TABLE

__TI_handler_table @ 00002ff8 records: 3, size/record: 4, table size: 12
	index: 0, handler: __TI_zero_init
	index: 1, handler: __TI_decompress_lzss
	index: 2, handler: __TI_decompress_none


GLOBAL SYMBOLS: SORTED ALPHABETICALLY BY Name 

address   name                          
-------   ----                          
00002d75  ADCIntClear                   
00002cf1  ADCIntDisable                 
00002afd  ADCIntStatus                  
00002bf3  ADCProcessorTrigger           
00002801  ADCSequenceConfigure          
00002b9d  ADCSequenceDataGet            
00002cff  ADCSequenceDisable            
00002d0d  ADCSequenceEnable             
000024d1  ADCSequenceStepConfigure      
00001407  BK_GPIOD_Handler              
000014e9  BK_GPIOE_Handler              
000012e9  BK_Init                       
0000135d  BK_Update                     
00001431  Box_Mov                       
00002e01  C$$EXIT                       
20006634  CurrentlyRunningThread        
00002d23  EndCriticalSection            
00000b19  G8RTOS_AddThread              
00000ced  G8RTOS_Add_APeriodicEvent     
00000d61  G8RTOS_Add_PeriodicEvent      
00000f07  G8RTOS_GetNumberOfThreads     
00000eff  G8RTOS_GetThreadID            
00000a61  G8RTOS_Init                   
0000238d  G8RTOS_InitSemaphore          
00000eb1  G8RTOS_KillSelf               
00000e17  G8RTOS_KillThread             
00000a7b  G8RTOS_Launch                 
00000a9f  G8RTOS_Scheduler              
000023e1  G8RTOS_SignalSemaphore        
000027b5  G8RTOS_Start                  
0000239f  G8RTOS_WaitSemaphore          
00002b2b  GPIODirModeSet                
00002dd3  GPIOIntClear                  
00002d29  GPIOIntDisable                
00002d45  GPIOIntEnable                 
00002759  GPIOIntTypeSet                
00001df5  GPIOPadConfigSet              
00002851  GPIOPinConfigure              
00002dd9  GPIOPinRead                   
00002c0b  GPIOPinTypeADC                
00002c21  GPIOPinTypeGPIOInput          
00002bd9  GPIOPinTypeGPIOOutput         
00002c37  GPIOPinTypeI2C                
00002c4d  GPIOPinTypeI2CSCL             
00002c63  GPIOPinTypeSSI                
00002c79  GPIOPinTypeUART               
00002ddf  GPIOPinWrite                  
00001381  Get_Joystick_BK               
00002dbb  I2CMasterBusy                 
00002df1  I2CMasterControl              
00002df5  I2CMasterDataGet              
00002df9  I2CMasterDataPut              
00002d7f  I2CMasterEnable               
0000289d  I2CMasterInitExpClk           
00002dc3  I2CMasterSlaveAddrSet         
000019dd  I2C_Init                      
00001b6d  I2C_ReadMultiple              
00001a8f  I2C_ReadSingle                
00001abf  I2C_WriteMultiple             
00001a59  I2C_WriteSingle               
20006638  IBit_State                    
000012e7  Idle_Thread_Breakout          
000025c5  IntEnable                     
00002b59  IntPrioritySet                
00002a61  IntRegister                   
00002223  JOYSTICK_GetPress             
00002231  JOYSTICK_GetX                 
0000224d  JOYSTICK_GetXY                
0000223f  JOYSTICK_GetY                 
00002191  JOYSTICK_Init                 
000021ed  JOYSTICK_IntEnable            
000026d9  MultimodButtons_Get           
00002695  MultimodButtons_Init          
000027d7  PendSV_Handler                
00002d69  ResetISR                      
000013d5  Restart_BK                    
00001c55  SPI_Init                      
00001d77  SPI_ReadMultiple              
00001cef  SPI_ReadSingle                
00001d17  SPI_WriteMultiple             
00001cd1  SPI_WriteSingle               
00002dcb  SSIBusy                       
00002de5  SSIClockSourceSet             
000029b5  SSIConfigSetExpClk            
00002d51  SSIDataGet                    
00002d89  SSIDataPut                    
00002d93  SSIDisable                    
00002d9d  SSIEnable                     
0000027b  ST7789_Deselect               
00000449  ST7789_DrawHLine              
000007d9  ST7789_DrawLine               
0000076b  ST7789_DrawPixel              
000008a9  ST7789_DrawRectangle          
000003b3  ST7789_DrawVLine              
000007bd  ST7789_Fill                   
0000069b  ST7789_Init                   
000004fd  ST7789_Line                   
000002d1  ST7789_ReadRegister           
0000026d  ST7789_Select                 
00000297  ST7789_SetCommand             
00000289  ST7789_SetData                
000002e7  ST7789_SetWindow              
000002a5  ST7789_WriteCommand           
000002bb  ST7789_WriteData              
00000f2d  SetInitialStack               
00002d1b  StartCriticalSection          
00001f61  SysCtlClockGet                
00002299  SysCtlClockSet                
00002deb  SysCtlDelay                   
00002a95  SysCtlPeripheralEnable        
000029f1  SysCtlPeripheralPresent       
00002a29  SysCtlPeripheralReady         
00002c91  SysTickEnable                 
00002ca5  SysTickIntEnable              
00002bbd  SysTickIntRegister            
00002ce1  SysTickPeriodSet              
000009cb  SysTick_Handler               
2000663c  SystemTime                    
00002da7  UARTCharGet                   
00002db1  UARTCharPut                   
000028e9  UARTConfigSetExpClk           
00002b7d  UARTDisable                   
00002cb9  UARTEnable                    
00001535  UARTStdioConfig               
000026fd  UART_Init                     
00001685  UARTgetc                      
000015cb  UARTgets                      
000019a7  UARTprintf                    
000016ad  UARTvprintf                   
0000157b  UARTwrite                     
20006860  __STACK_END                   
00000200  __STACK_SIZE                  
20006860  __STACK_TOP                   
00003018  __TI_CINIT_Base               
00003030  __TI_CINIT_Limit              
00002ff8  __TI_Handler_Table_Base       
00003004  __TI_Handler_Table_Limit      
00002931  __TI_auto_init_nobinit_nopinit
0000262d  __TI_decompress_lzss          
00002d37  __TI_decompress_none          
ffffffff  __TI_pprof_out_hndl           
ffffffff  __TI_prof_data_size           
ffffffff  __TI_prof_data_start          
00000000  __TI_static_base__            
00002d5d  __TI_zero_init                
0000284f  __aeabi_idiv0                 
0000284f  __aeabi_ldiv0                 
0000254b  __aeabi_memclr                
0000254b  __aeabi_memclr4               
0000254b  __aeabi_memclr8               
00002435  __aeabi_memcpy                
00002435  __aeabi_memcpy4               
00002435  __aeabi_memcpy8               
0000254d  __aeabi_memset                
0000254d  __aeabi_memset4               
0000254d  __aeabi_memset8               
00002975  __aeabi_uidiv                 
00002975  __aeabi_uidivmod              
ffffffff  __binit__                     
ffffffff  __c_args__                    
UNDEFED   __mpu_init                    
20006660  __stack                       
20000000  __start___llvm_prf_cnts       
20000000  __stop___llvm_prf_cnts        
00002ac9  _c_int00_noargs               
UNDEFED   _system_post_cinit            
00002dfd  _system_pre_init              
00002e01  abort                         
20006873  aliveCount                    
ffffffff  binit                         
0000118f  check_if_box                  
0000067d  delay_ms                      
00001061  draw_block_bk                 
00001161  draw_rect_bottom              
00001091  draw_segments                 
20000000  g_pfnRAMVectors               
00000000  g_pfnVectors                  
0000208d  main                          
00002435  memcpy                        
00002553  memset                        
20006640  sem_I2CA                      
20006644  sem_JOY                       
20006648  sem_KillCube                  
2000664c  sem_PCA9555                   
20006650  sem_SPI                       
20006654  sem_UART                      
00000ed5  sleep                         
00002ccd  strcpy                        


GLOBAL SYMBOLS: SORTED BY Symbol Address 

address   name                          
-------   ----                          
00000000  __TI_static_base__            
00000000  g_pfnVectors                  
00000200  __STACK_SIZE                  
0000026d  ST7789_Select                 
0000027b  ST7789_Deselect               
00000289  ST7789_SetData                
00000297  ST7789_SetCommand             
000002a5  ST7789_WriteCommand           
000002bb  ST7789_WriteData              
000002d1  ST7789_ReadRegister           
000002e7  ST7789_SetWindow              
000003b3  ST7789_DrawVLine              
00000449  ST7789_DrawHLine              
000004fd  ST7789_Line                   
0000067d  delay_ms                      
0000069b  ST7789_Init                   
0000076b  ST7789_DrawPixel              
000007bd  ST7789_Fill                   
000007d9  ST7789_DrawLine               
000008a9  ST7789_DrawRectangle          
000009cb  SysTick_Handler               
00000a61  G8RTOS_Init                   
00000a7b  G8RTOS_Launch                 
00000a9f  G8RTOS_Scheduler              
00000b19  G8RTOS_AddThread              
00000ced  G8RTOS_Add_APeriodicEvent     
00000d61  G8RTOS_Add_PeriodicEvent      
00000e17  G8RTOS_KillThread             
00000eb1  G8RTOS_KillSelf               
00000ed5  sleep                         
00000eff  G8RTOS_GetThreadID            
00000f07  G8RTOS_GetNumberOfThreads     
00000f2d  SetInitialStack               
00001061  draw_block_bk                 
00001091  draw_segments                 
00001161  draw_rect_bottom              
0000118f  check_if_box                  
000012e7  Idle_Thread_Breakout          
000012e9  BK_Init                       
0000135d  BK_Update                     
00001381  Get_Joystick_BK               
000013d5  Restart_BK                    
00001407  BK_GPIOD_Handler              
00001431  Box_Mov                       
000014e9  BK_GPIOE_Handler              
00001535  UARTStdioConfig               
0000157b  UARTwrite                     
000015cb  UARTgets                      
00001685  UARTgetc                      
000016ad  UARTvprintf                   
000019a7  UARTprintf                    
000019dd  I2C_Init                      
00001a59  I2C_WriteSingle               
00001a8f  I2C_ReadSingle                
00001abf  I2C_WriteMultiple             
00001b6d  I2C_ReadMultiple              
00001c55  SPI_Init                      
00001cd1  SPI_WriteSingle               
00001cef  SPI_ReadSingle                
00001d17  SPI_WriteMultiple             
00001d77  SPI_ReadMultiple              
00001df5  GPIOPadConfigSet              
00001f61  SysCtlClockGet                
0000208d  main                          
00002191  JOYSTICK_Init                 
000021ed  JOYSTICK_IntEnable            
00002223  JOYSTICK_GetPress             
00002231  JOYSTICK_GetX                 
0000223f  JOYSTICK_GetY                 
0000224d  JOYSTICK_GetXY                
00002299  SysCtlClockSet                
0000238d  G8RTOS_InitSemaphore          
0000239f  G8RTOS_WaitSemaphore          
000023e1  G8RTOS_SignalSemaphore        
00002435  __aeabi_memcpy                
00002435  __aeabi_memcpy4               
00002435  __aeabi_memcpy8               
00002435  memcpy                        
000024d1  ADCSequenceStepConfigure      
0000254b  __aeabi_memclr                
0000254b  __aeabi_memclr4               
0000254b  __aeabi_memclr8               
0000254d  __aeabi_memset                
0000254d  __aeabi_memset4               
0000254d  __aeabi_memset8               
00002553  memset                        
000025c5  IntEnable                     
0000262d  __TI_decompress_lzss          
00002695  MultimodButtons_Init          
000026d9  MultimodButtons_Get           
000026fd  UART_Init                     
00002759  GPIOIntTypeSet                
000027b5  G8RTOS_Start                  
000027d7  PendSV_Handler                
00002801  ADCSequenceConfigure          
0000284f  __aeabi_idiv0                 
0000284f  __aeabi_ldiv0                 
00002851  GPIOPinConfigure              
0000289d  I2CMasterInitExpClk           
000028e9  UARTConfigSetExpClk           
00002931  __TI_auto_init_nobinit_nopinit
00002975  __aeabi_uidiv                 
00002975  __aeabi_uidivmod              
000029b5  SSIConfigSetExpClk            
000029f1  SysCtlPeripheralPresent       
00002a29  SysCtlPeripheralReady         
00002a61  IntRegister                   
00002a95  SysCtlPeripheralEnable        
00002ac9  _c_int00_noargs               
00002afd  ADCIntStatus                  
00002b2b  GPIODirModeSet                
00002b59  IntPrioritySet                
00002b7d  UARTDisable                   
00002b9d  ADCSequenceDataGet            
00002bbd  SysTickIntRegister            
00002bd9  GPIOPinTypeGPIOOutput         
00002bf3  ADCProcessorTrigger           
00002c0b  GPIOPinTypeADC                
00002c21  GPIOPinTypeGPIOInput          
00002c37  GPIOPinTypeI2C                
00002c4d  GPIOPinTypeI2CSCL             
00002c63  GPIOPinTypeSSI                
00002c79  GPIOPinTypeUART               
00002c91  SysTickEnable                 
00002ca5  SysTickIntEnable              
00002cb9  UARTEnable                    
00002ccd  strcpy                        
00002ce1  SysTickPeriodSet              
00002cf1  ADCIntDisable                 
00002cff  ADCSequenceDisable            
00002d0d  ADCSequenceEnable             
00002d1b  StartCriticalSection          
00002d23  EndCriticalSection            
00002d29  GPIOIntDisable                
00002d37  __TI_decompress_none          
00002d45  GPIOIntEnable                 
00002d51  SSIDataGet                    
00002d5d  __TI_zero_init                
00002d69  ResetISR                      
00002d75  ADCIntClear                   
00002d7f  I2CMasterEnable               
00002d89  SSIDataPut                    
00002d93  SSIDisable                    
00002d9d  SSIEnable                     
00002da7  UARTCharGet                   
00002db1  UARTCharPut                   
00002dbb  I2CMasterBusy                 
00002dc3  I2CMasterSlaveAddrSet         
00002dcb  SSIBusy                       
00002dd3  GPIOIntClear                  
00002dd9  GPIOPinRead                   
00002ddf  GPIOPinWrite                  
00002de5  SSIClockSourceSet             
00002deb  SysCtlDelay                   
00002df1  I2CMasterControl              
00002df5  I2CMasterDataGet              
00002df9  I2CMasterDataPut              
00002dfd  _system_pre_init              
00002e01  C$$EXIT                       
00002e01  abort                         
00002ff8  __TI_Handler_Table_Base       
00003004  __TI_Handler_Table_Limit      
00003018  __TI_CINIT_Base               
00003030  __TI_CINIT_Limit              
20000000  __start___llvm_prf_cnts       
20000000  __stop___llvm_prf_cnts        
20000000  g_pfnRAMVectors               
20006634  CurrentlyRunningThread        
20006638  IBit_State                    
2000663c  SystemTime                    
20006640  sem_I2CA                      
20006644  sem_JOY                       
20006648  sem_KillCube                  
2000664c  sem_PCA9555                   
20006650  sem_SPI                       
20006654  sem_UART                      
20006660  __stack                       
20006860  __STACK_END                   
20006860  __STACK_TOP                   
20006873  aliveCount                    
ffffffff  __TI_pprof_out_hndl           
ffffffff  __TI_prof_data_size           
ffffffff  __TI_prof_data_start          
ffffffff  __binit__                     
ffffffff  __c_args__                    
ffffffff  binit                         
UNDEFED   __mpu_init                    
UNDEFED   _system_post_cinit            

[188 symbols]
