******************************************************************************
                  TI ARM Linker PC v20.2.7                     
******************************************************************************
>> Linked Tue Oct 28 16:18:51 2025

OUTPUT FILE NAME:   <Lab4_F2025.out>
ENTRY POINT SYMBOL: "_c_int00_noargs"  address: 000026e1


MEMORY CONFIGURATION

         name            origin    length      used     unused   attr    fill
----------------------  --------  ---------  --------  --------  ----  --------
  FLASH                 00000000   00040000  00002bea  0003d416  R  X
  SRAM                  20000000   00008000  00006851  000017af  RW X


SEGMENT ALLOCATION MAP

run origin  load origin   length   init length attrs members
----------  ----------- ---------- ----------- ----- -------
00000000    00000000    00002bf0   00002bf0    r-x
  00000000    00000000    0000026c   0000026c    r-- .intvecs
  0000026c    0000026c    00002762   00002762    r-x .text
  000029d0    000029d0    000001dc   000001dc    r-- .const
  00002bb0    00002bb0    00000040   00000040    r-- .cinit
20000000    20000000    00006851   00000000    rw-
  20000000    20000000    0000026c   00000000    rw- .vtable
  2000026c    2000026c    000063d4   00000000    rw- .bss
  20006640    20006640    00000200   00000000    rw- .stack
  20006840    20006840    00000011   00000000    rw- .data


SECTION ALLOCATION MAP

 output                                  attributes/
section   page    origin      length       input sections
--------  ----  ----------  ----------   ----------------
.intvecs   0    00000000    0000026c     
                  00000000    0000026c     tm4c123gh6pm_startup_ccs.obj (.intvecs)

.text      0    0000026c    00002762     
                  0000026c    0000061c     G8RTOS_Scheduler.obj (.text)
                  00000888    000004a8     uartstdio.obj (.text)
                  00000d30    0000039c     threads.obj (.text)
                  000010cc    000002c8     multimod_BMI160.obj (.text)
                  00001394    00000270     multimod_i2c.obj (.text)
                  00001604    00000238     G8RTOS_IPC.obj (.text)
                  0000183c    00000178     multimod_LaunchpadLED.obj (.text)
                  000019b4    0000016c     driverlib.lib : gpio.obj (.text:GPIOPadConfigSet)
                  00001b20    00000138     multimod_OPT3001.obj (.text)
                  00001c58    00000118     driverlib.lib : sysctl.obj (.text:SysCtlClockGet)
                  00001d70    000000fc     rtsv7M4_T_le_v4SPD16_eabi.lib : fd_mul_t2.asm.obj (.text)
                  00001e6c    000000f4     driverlib.lib : sysctl.obj (.text:SysCtlClockSet)
                  00001f60    000000d8     lab4.obj (.text)
                  00002038    000000a8     G8RTOS_Semaphores.obj (.text)
                  000020e0    0000009c     rtsv7M4_T_le_v4SPD16_eabi.lib : memcpy_t2.asm.obj (.text)
                  0000217c    00000090     multimod_LaunchpadButtons.obj (.text)
                  0000220c    0000007a     rtsv7M4_T_le_v4SPD16_eabi.lib : memset_t2.asm.obj (.text)
                  00002286    00000002                                   : div0.asm.obj (.text)
                  00002288    00000068     driverlib.lib : interrupt.obj (.text:IntEnable)
                  000022f0    00000068     rtsv7M4_T_le_v4SPD16_eabi.lib : copy_decompress_lzss.c.obj (.text:decompress:lzss:__TI_decompress_lzss)
                  00002358    0000005c     multimod_uart.obj (.text)
                  000023b4    00000058     driverlib.lib : gpio.obj (.text:GPIOIntTypeSet)
                  0000240c    00000050     G8RTOS_SchedulerASM.obj (.text)
                  0000245c    0000004c     driverlib.lib : gpio.obj (.text:GPIOPinConfigure)
                  000024a8    0000004c                   : i2c.obj (.text:I2CMasterInitExpClk)
                  000024f4    00000048     rtsv7M4_T_le_v4SPD16_eabi.lib : fd_toi_t2.asm.obj (.text)
                  0000253c    00000046     driverlib.lib : uart.obj (.text:UARTConfigSetExpClk)
                  00002582    00000002     --HOLE-- [fill = 0]
                  00002584    00000044     rtsv7M4_T_le_v4SPD16_eabi.lib : autoinit.c.obj (.text:__TI_auto_init_nobinit_nopinit:__TI_auto_init_nobinit_nopinit)
                  000025c8    00000040                                   : u_divt2.asm.obj (.text)
                  00002608    00000038     driverlib.lib : sysctl.obj (.text:SysCtlPeripheralPresent)
                  00002640    00000038                   : sysctl.obj (.text:SysCtlPeripheralReady)
                  00002678    00000034                   : interrupt.obj (.text:IntRegister)
                  000026ac    00000034                   : sysctl.obj (.text:SysCtlPeripheralEnable)
                  000026e0    00000034     rtsv7M4_T_le_v4SPD16_eabi.lib : boot_cortex_m.c.obj (.text:_c_int00_noargs:_c_int00_noargs)
                  00002714    0000002e                                   : i_tofd_t2.asm.obj (.text)
                  00002742    0000002c     driverlib.lib : gpio.obj (.text:GPIODirModeSet)
                  0000276e    00000002     --HOLE-- [fill = 0]
                  00002770    00000024                   : interrupt.obj (.text:IntPrioritySet)
                  00002794    00000022                   : pwm.obj (.text:PWMGenConfigure)
                  000027b6    00000002     --HOLE-- [fill = 0]
                  000027b8    00000020                   : uart.obj (.text:UARTDisable)
                  000027d8    0000001e                   : pwm.obj (.text:PWMPulseWidthSet)
                  000027f6    00000002     --HOLE-- [fill = 0]
                  000027f8    0000001c                   : systick.obj (.text:SysTickIntRegister)
                  00002814    00000018                   : gpio.obj (.text:GPIOUnlockPin)
                  0000282c    00000016                   : gpio.obj (.text:GPIOPinTypeGPIOInput)
                  00002842    00000016                   : gpio.obj (.text:GPIOPinTypeI2C)
                  00002858    00000016                   : gpio.obj (.text:GPIOPinTypeI2CSCL)
                  0000286e    00000016                   : gpio.obj (.text:GPIOPinTypePWM)
                  00002884    00000016                   : gpio.obj (.text:GPIOPinTypeUART)
                  0000289a    00000002     --HOLE-- [fill = 0]
                  0000289c    00000014                   : systick.obj (.text:SysTickEnable)
                  000028b0    00000014                   : systick.obj (.text:SysTickIntEnable)
                  000028c4    00000014                   : uart.obj (.text:UARTEnable)
                  000028d8    00000014     rtsv7M4_T_le_v4SPD16_eabi.lib : strcpy.c.obj (.text:strcpy)
                  000028ec    00000012     driverlib.lib : pwm.obj (.text:PWMOutputState)
                  000028fe    00000010                   : pwm.obj (.text:PWMGenPeriodSet)
                  0000290e    00000002     --HOLE-- [fill = 0]
                  00002910    00000010                   : systick.obj (.text:SysTickPeriodSet)
                  00002920    0000000e     G8RTOS_CriticalSection.obj (.text)
                  0000292e    0000000e     driverlib.lib : gpio.obj (.text:GPIOIntDisable)
                  0000293c    0000000e     rtsv7M4_T_le_v4SPD16_eabi.lib : copy_decompress_none.c.obj (.text:decompress:none:__TI_decompress_none)
                  0000294a    0000000c     driverlib.lib : gpio.obj (.text:GPIOIntEnable)
                  00002956    0000000c                   : pwm.obj (.text:PWMGenEnable)
                  00002962    0000000c     rtsv7M4_T_le_v4SPD16_eabi.lib : copy_zero_init.c.obj (.text:decompress:ZI:__TI_zero_init)
                  0000296e    0000000c     tm4c123gh6pm_startup_ccs.obj (.text)
                  0000297a    0000000a     driverlib.lib : i2c.obj (.text:I2CMasterEnable)
                  00002984    0000000a                   : uart.obj (.text:UARTCharGet)
                  0000298e    0000000a                   : uart.obj (.text:UARTCharPut)
                  00002998    00000008                   : i2c.obj (.text:I2CMasterBusy)
                  000029a0    00000008                   : i2c.obj (.text:I2CMasterSlaveAddrSet)
                  000029a8    00000006                   : gpio.obj (.text:GPIOIntClear)
                  000029ae    00000006                   : gpio.obj (.text:GPIOPinRead)
                  000029b4    00000006                   : sysctl.obj (.text:SysCtlDelay)
                  000029ba    00000004                   : i2c.obj (.text:I2CMasterControl)
                  000029be    00000004                   : i2c.obj (.text:I2CMasterDataGet)
                  000029c2    00000004                   : i2c.obj (.text:I2CMasterDataPut)
                  000029c6    00000004     rtsv7M4_T_le_v4SPD16_eabi.lib : pre_init.c.obj (.text:_system_pre_init)
                  000029ca    00000004                                   : exit.c.obj (.text:abort:abort)

.const     0    000029d0    000001dc     
                  000029d0    0000009c     driverlib.lib : interrupt.obj (.const:g_pui32Regs)
                  00002a6c    00000090                   : gpio.obj (.const:g_pui32GPIOBaseAddrs)
                  00002afc    0000006c                   : sysctl.obj (.const:g_pui32Xtals)
                  00002b68    00000014                   : interrupt.obj (.const:g_pui32EnRegs)
                  00002b7c    00000012     uartstdio.obj (.const:.string)
                  00002b8e    00000002     --HOLE-- [fill = 0]
                  00002b90    0000000c     uartstdio.obj (.const:g_ui32UARTBase)
                  00002b9c    0000000c     uartstdio.obj (.const:g_ui32UARTPeriph)
                  00002ba8    00000004     uartstdio.obj (.const)

.cinit     0    00002bb0    00000040     
                  00002bb0    0000000c     (__TI_handler_table)
                  00002bbc    00000009     (.cinit..data.load) [load image, compression = lzss]
                  00002bc5    00000003     --HOLE-- [fill = 0]
                  00002bc8    00000008     (.cinit..bss.load) [load image, compression = zero_init]
                  00002bd0    00000008     (.cinit..vtable.load) [load image, compression = zero_init]
                  00002bd8    00000018     (__TI_cinit_table)

.init_array 
*          0    00000000    00000000     UNINITIALIZED

.vtable    0    20000000    0000026c     UNINITIALIZED
                  20000000    0000026c     driverlib.lib : interrupt.obj (.vtable)

.bss       0    2000026c    000063d4     UNINITIALIZED
                  2000026c    00006000     G8RTOS_Scheduler.obj (.bss:threadStacks)
                  2000626c    00000210     G8RTOS_Scheduler.obj (.bss:threadControlBlocks)
                  2000647c    00000150     G8RTOS_IPC.obj (.bss:FIFOs)
                  200065cc    00000048     G8RTOS_Scheduler.obj (.bss:ptcbs)
                  20006614    0000000c     G8RTOS_Scheduler.obj (.bss)
                  20006620    00000004     (.common:CurrentlyRunningThread)
                  20006624    00000004     (.common:IBit_State)
                  20006628    00000004     (.common:SystemTime)
                  2000662c    00000004     (.common:pulse_width)
                  20006630    00000004     (.common:sem_I2CA)
                  20006634    00000004     (.common:sem_SPI)
                  20006638    00000004     (.common:sem_SW1)
                  2000663c    00000004     (.common:sem_UART)

.data      0    20006840    00000011     UNINITIALIZED
                  20006840    0000000a     threads.obj (.data)
                  2000684a    00000001     G8RTOS_Scheduler.obj (.data)
                  2000684b    00000001     --HOLE--
                  2000684c    00000005     uartstdio.obj (.data)

.stack     0    20006640    00000200     UNINITIALIZED
                  20006640    00000004     rtsv7M4_T_le_v4SPD16_eabi.lib : boot_cortex_m.c.obj (.stack)
                  20006644    000001fc     --HOLE--

__llvm_prf_cnts 
*          0    20000000    00000000     UNINITIALIZED

MODULE SUMMARY

       Module                          code    ro data   rw data
       ------                          ----    -------   -------
    .\
       uartstdio.obj                   1192    46        5      
       threads.obj                     924     0         10     
       tm4c123gh6pm_startup_ccs.obj    12      620       0      
       lab4.obj                        216     0         20     
    +--+-------------------------------+-------+---------+---------+
       Total:                          2344    666       35     
                                                                
    .\G8RTOS\src\
       G8RTOS_Scheduler.obj            1564    0         25197  
       G8RTOS_IPC.obj                  568     0         336    
       G8RTOS_Semaphores.obj           168     0         0      
       G8RTOS_SchedulerASM.obj         80      0         0      
       G8RTOS_CriticalSection.obj      14      0         0      
    +--+-------------------------------+-------+---------+---------+
       Total:                          2394    0         25533  
                                                                
    .\MultimodDrivers\src\
       multimod_BMI160.obj             712     0         0      
       multimod_i2c.obj                624     0         0      
       multimod_LaunchpadLED.obj       376     0         4      
       multimod_OPT3001.obj            312     0         0      
       multimod_LaunchpadButtons.obj   144     0         0      
       multimod_uart.obj               92      0         0      
    +--+-------------------------------+-------+---------+---------+
       Total:                          2260    0         4      
                                                                
    C:/ti/TivaWare_C_Series-2.2.0.295/driverlib/ccs/Debug/driverlib.lib
       interrupt.obj                   192     176       620    
       gpio.obj                        744     144       0      
       sysctl.obj                      694     108       0      
       uart.obj                        142     0         0      
       i2c.obj                         114     0         0      
       pwm.obj                         110     0         0      
       systick.obj                     84      0         0      
    +--+-------------------------------+-------+---------+---------+
       Total:                          2080    428       620    
                                                                
    C:\ti\ccs1281\ccs\tools\compiler\ti-cgt-arm_20.2.7.LTS\lib\rtsv7M4_T_le_v4SPD16_eabi.lib
       fd_mul_t2.asm.obj               252     0         0      
       memcpy_t2.asm.obj               156     0         0      
       memset_t2.asm.obj               122     0         0      
       copy_decompress_lzss.c.obj      104     0         0      
       fd_toi_t2.asm.obj               72      0         0      
       autoinit.c.obj                  68      0         0      
       u_divt2.asm.obj                 64      0         0      
       boot_cortex_m.c.obj             52      0         0      
       i_tofd_t2.asm.obj               46      0         0      
       strcpy.c.obj                    20      0         0      
       copy_decompress_none.c.obj      14      0         0      
       copy_zero_init.c.obj            12      0         0      
       exit.c.obj                      4       0         0      
       pre_init.c.obj                  4       0         0      
       div0.asm.obj                    2       0         0      
    +--+-------------------------------+-------+---------+---------+
       Total:                          992     0         0      
                                                                
       Stack:                          0       0         512    
       Linker Generated:               0       61        0      
    +--+-------------------------------+-------+---------+---------+
       Grand Total:                    10070   1155      26704  


LINKER GENERATED COPY TABLES

__TI_cinit_table @ 00002bd8 records: 3, size/record: 8, table size: 24
	.data: load addr=00002bbc, load size=00000009 bytes, run addr=20006840, run size=00000011 bytes, compression=lzss
	.bss: load addr=00002bc8, load size=00000008 bytes, run addr=2000026c, run size=000063d4 bytes, compression=zero_init
	.vtable: load addr=00002bd0, load size=00000008 bytes, run addr=20000000, run size=0000026c bytes, compression=zero_init


LINKER GENERATED HANDLER TABLE

__TI_handler_table @ 00002bb0 records: 3, size/record: 4, table size: 12
	index: 0, handler: __TI_zero_init
	index: 1, handler: __TI_decompress_lzss
	index: 2, handler: __TI_decompress_none


GLOBAL SYMBOLS: SORTED ALPHABETICALLY BY Name 

address   name                          
-------   ----                          
00000d31  Accel                         
00001163  BMI160_AccelXGetResult        
000012ad  BMI160_AccelXYZGetResult      
00001187  BMI160_AccelYGetResult        
000011ab  BMI160_AccelZGetResult        
00001385  BMI160_GetDataStatus          
000011cf  BMI160_GyroXGetResult         
000012f5  BMI160_GyroXYZGetResult       
000011f3  BMI160_GyroYGetResult         
00001217  BMI160_GyroZGetResult         
000010cd  BMI160_Init                   
0000123b  BMI160_MagXGetResult          
0000133d  BMI160_MagXYZGetResult        
00001261  BMI160_MagYGetResult          
00001287  BMI160_MagZGetResult          
0000113b  BMI160_MultiReadRegister      
00001117  BMI160_ReadRegister           
000010e7  BMI160_WriteRegister          
000029cb  C$$EXIT                       
00000f41  ChildA_Thread                 
00000f5b  ChildB_Thread                 
20006620  CurrentlyRunningThread        
00002929  EndCriticalSection            
00000e6f  FIFOConsumer                  
00000e97  FIFOConsumer2                 
00000e43  FIFOProducer                  
0000039f  G8RTOS_AddThread              
00000505  G8RTOS_Add_APeriodicEvent     
00000585  G8RTOS_Add_PeriodicEvent      
0000072b  G8RTOS_GetNumberOfThreads     
00000723  G8RTOS_GetThreadID            
000002fb  G8RTOS_Init                   
00001605  G8RTOS_InitFIFO               
00002039  G8RTOS_InitSemaphore          
000006e1  G8RTOS_KillSelf               
00000649  G8RTOS_KillThread             
00000315  G8RTOS_Launch                 
0000166b  G8RTOS_ReadFIFO               
00000339  G8RTOS_Scheduler              
0000208d  G8RTOS_SignalSemaphore        
00002411  G8RTOS_Start                  
0000204b  G8RTOS_WaitSemaphore          
000016f5  G8RTOS_WriteFIFO              
00002743  GPIODirModeSet                
000029a9  GPIOIntClear                  
0000292f  GPIOIntDisable                
0000294b  GPIOIntEnable                 
000023b5  GPIOIntTypeSet                
000019b5  GPIOPadConfigSet              
0000245d  GPIOPinConfigure              
000029af  GPIOPinRead                   
0000282d  GPIOPinTypeGPIOInput          
00002843  GPIOPinTypeI2C                
00002859  GPIOPinTypeI2CSCL             
0000286f  GPIOPinTypePWM                
00002885  GPIOPinTypeUART               
00002815  GPIOUnlockPin                 
00000d67  Gyro                          
00002999  I2CMasterBusy                 
000029bb  I2CMasterControl              
000029bf  I2CMasterDataGet              
000029c3  I2CMasterDataPut              
0000297b  I2CMasterEnable               
000024a9  I2CMasterInitExpClk           
000029a1  I2CMasterSlaveAddrSet         
00001395  I2C_Init                      
00001525  I2C_ReadMultiple              
00001447  I2C_ReadSingle                
00001477  I2C_WriteMultiple             
00001411  I2C_WriteSingle               
20006624  IBit_State                    
00000ebf  Idle_Thread                   
00002289  IntEnable                     
00002771  IntPrioritySet                
00002679  IntRegister                   
0000217d  LaunchpadButtons_Init         
000021c3  LaunchpadButtons_ReadSW1      
000021e3  LaunchpadButtons_ReadSW2      
0000183d  LaunchpadLED_Init             
000018f9  LaunchpadLED_PWMSetDuty       
00001c41  OPT3001_GetChipID             
00001ba5  OPT3001_GetResult             
00001b21  OPT3001_Init                  
00001b77  OPT3001_ReadRegister          
00001c21  OPT3001_SetHighLimit          
00001c01  OPT3001_SetLowLimit           
00001b35  OPT3001_WriteRegister         
00000de1  Opto                          
00002795  PWMGenConfigure               
00002957  PWMGenEnable                  
000028ff  PWMGenPeriodSet               
000028ed  PWMOutputState                
000027d9  PWMPulseWidthSet              
00002433  PendSV_Handler                
0000296f  ResetISR                      
20006848  SW1Pressed                    
00000ed3  SW1_Event_Handler             
00000ec1  SW1_ISR                       
20006849  SW2Pressed                    
00000f13  SW2_Event_Handler             
00000f01  SW2_ISR                       
00000751  SetInitialStack               
00002921  StartCriticalSection          
00001c59  SysCtlClockGet                
00001e6d  SysCtlClockSet                
000029b5  SysCtlDelay                   
000026ad  SysCtlPeripheralEnable        
00002609  SysCtlPeripheralPresent       
00002641  SysCtlPeripheralReady         
0000289d  SysTickEnable                 
000028b1  SysTickIntEnable              
000027f9  SysTickIntRegister            
00002911  SysTickPeriodSet              
00000297  SysTick_Handler               
20006628  SystemTime                    
00002985  UARTCharGet                   
0000298f  UARTCharPut                   
0000253d  UARTConfigSetExpClk           
000027b9  UARTDisable                   
000028c5  UARTEnable                    
00000889  UARTStdioConfig               
00002359  UART_Init                     
000009d9  UARTgetc                      
0000091f  UARTgets                      
00000cfb  UARTprintf                    
00000a01  UARTvprintf                   
000008cf  UARTwrite                     
20006840  __STACK_END                   
00000200  __STACK_SIZE                  
20006840  __STACK_TOP                   
00002bd8  __TI_CINIT_Base               
00002bf0  __TI_CINIT_Limit              
00002bb0  __TI_Handler_Table_Base       
00002bbc  __TI_Handler_Table_Limit      
00002585  __TI_auto_init_nobinit_nopinit
000022f1  __TI_decompress_lzss          
0000293d  __TI_decompress_none          
ffffffff  __TI_pprof_out_hndl           
ffffffff  __TI_prof_data_size           
ffffffff  __TI_prof_data_start          
00000000  __TI_static_base__            
00002963  __TI_zero_init                
000024f5  __aeabi_d2iz                  
00001d71  __aeabi_dmul                  
00002715  __aeabi_i2d                   
00002287  __aeabi_idiv0                 
00002287  __aeabi_ldiv0                 
0000220d  __aeabi_memclr                
0000220d  __aeabi_memclr4               
0000220d  __aeabi_memclr8               
000020e1  __aeabi_memcpy                
000020e1  __aeabi_memcpy4               
000020e1  __aeabi_memcpy8               
0000220f  __aeabi_memset                
0000220f  __aeabi_memset4               
0000220f  __aeabi_memset8               
000025c9  __aeabi_uidiv                 
000025c9  __aeabi_uidivmod              
ffffffff  __binit__                     
ffffffff  __c_args__                    
UNDEFED   __mpu_init                    
20006640  __stack                       
20000000  __start___llvm_prf_cnts       
20000000  __stop___llvm_prf_cnts        
000026e1  _c_int00_noargs               
UNDEFED   _system_post_cinit            
000029c7  _system_pre_init              
000029cb  abort                         
2000684a  aliveCount                    
ffffffff  binit                         
20006844  data                          
20000000  g_pfnRAMVectors               
00000000  g_pfnVectors                  
20006843  idle_count                    
20006841  joystick_y                    
20006842  kill_cube                     
00001f79  main                          
000020e1  memcpy                        
00002215  memset                        
20006840  num_cubes                     
2000662c  pulse_width                   
20006630  sem_I2CA                      
20006634  sem_SPI                       
20006638  sem_SW1                       
2000663c  sem_UART                      
000006f9  sleep                         
000028d9  strcpy                        


GLOBAL SYMBOLS: SORTED BY Symbol Address 

address   name                          
-------   ----                          
00000000  __TI_static_base__            
00000000  g_pfnVectors                  
00000200  __STACK_SIZE                  
00000297  SysTick_Handler               
000002fb  G8RTOS_Init                   
00000315  G8RTOS_Launch                 
00000339  G8RTOS_Scheduler              
0000039f  G8RTOS_AddThread              
00000505  G8RTOS_Add_APeriodicEvent     
00000585  G8RTOS_Add_PeriodicEvent      
00000649  G8RTOS_KillThread             
000006e1  G8RTOS_KillSelf               
000006f9  sleep                         
00000723  G8RTOS_GetThreadID            
0000072b  G8RTOS_GetNumberOfThreads     
00000751  SetInitialStack               
00000889  UARTStdioConfig               
000008cf  UARTwrite                     
0000091f  UARTgets                      
000009d9  UARTgetc                      
00000a01  UARTvprintf                   
00000cfb  UARTprintf                    
00000d31  Accel                         
00000d67  Gyro                          
00000de1  Opto                          
00000e43  FIFOProducer                  
00000e6f  FIFOConsumer                  
00000e97  FIFOConsumer2                 
00000ebf  Idle_Thread                   
00000ec1  SW1_ISR                       
00000ed3  SW1_Event_Handler             
00000f01  SW2_ISR                       
00000f13  SW2_Event_Handler             
00000f41  ChildA_Thread                 
00000f5b  ChildB_Thread                 
000010cd  BMI160_Init                   
000010e7  BMI160_WriteRegister          
00001117  BMI160_ReadRegister           
0000113b  BMI160_MultiReadRegister      
00001163  BMI160_AccelXGetResult        
00001187  BMI160_AccelYGetResult        
000011ab  BMI160_AccelZGetResult        
000011cf  BMI160_GyroXGetResult         
000011f3  BMI160_GyroYGetResult         
00001217  BMI160_GyroZGetResult         
0000123b  BMI160_MagXGetResult          
00001261  BMI160_MagYGetResult          
00001287  BMI160_MagZGetResult          
000012ad  BMI160_AccelXYZGetResult      
000012f5  BMI160_GyroXYZGetResult       
0000133d  BMI160_MagXYZGetResult        
00001385  BMI160_GetDataStatus          
00001395  I2C_Init                      
00001411  I2C_WriteSingle               
00001447  I2C_ReadSingle                
00001477  I2C_WriteMultiple             
00001525  I2C_ReadMultiple              
00001605  G8RTOS_InitFIFO               
0000166b  G8RTOS_ReadFIFO               
000016f5  G8RTOS_WriteFIFO              
0000183d  LaunchpadLED_Init             
000018f9  LaunchpadLED_PWMSetDuty       
000019b5  GPIOPadConfigSet              
00001b21  OPT3001_Init                  
00001b35  OPT3001_WriteRegister         
00001b77  OPT3001_ReadRegister          
00001ba5  OPT3001_GetResult             
00001c01  OPT3001_SetLowLimit           
00001c21  OPT3001_SetHighLimit          
00001c41  OPT3001_GetChipID             
00001c59  SysCtlClockGet                
00001d71  __aeabi_dmul                  
00001e6d  SysCtlClockSet                
00001f79  main                          
00002039  G8RTOS_InitSemaphore          
0000204b  G8RTOS_WaitSemaphore          
0000208d  G8RTOS_SignalSemaphore        
000020e1  __aeabi_memcpy                
000020e1  __aeabi_memcpy4               
000020e1  __aeabi_memcpy8               
000020e1  memcpy                        
0000217d  LaunchpadButtons_Init         
000021c3  LaunchpadButtons_ReadSW1      
000021e3  LaunchpadButtons_ReadSW2      
0000220d  __aeabi_memclr                
0000220d  __aeabi_memclr4               
0000220d  __aeabi_memclr8               
0000220f  __aeabi_memset                
0000220f  __aeabi_memset4               
0000220f  __aeabi_memset8               
00002215  memset                        
00002287  __aeabi_idiv0                 
00002287  __aeabi_ldiv0                 
00002289  IntEnable                     
000022f1  __TI_decompress_lzss          
00002359  UART_Init                     
000023b5  GPIOIntTypeSet                
00002411  G8RTOS_Start                  
00002433  PendSV_Handler                
0000245d  GPIOPinConfigure              
000024a9  I2CMasterInitExpClk           
000024f5  __aeabi_d2iz                  
0000253d  UARTConfigSetExpClk           
00002585  __TI_auto_init_nobinit_nopinit
000025c9  __aeabi_uidiv                 
000025c9  __aeabi_uidivmod              
00002609  SysCtlPeripheralPresent       
00002641  SysCtlPeripheralReady         
00002679  IntRegister                   
000026ad  SysCtlPeripheralEnable        
000026e1  _c_int00_noargs               
00002715  __aeabi_i2d                   
00002743  GPIODirModeSet                
00002771  IntPrioritySet                
00002795  PWMGenConfigure               
000027b9  UARTDisable                   
000027d9  PWMPulseWidthSet              
000027f9  SysTickIntRegister            
00002815  GPIOUnlockPin                 
0000282d  GPIOPinTypeGPIOInput          
00002843  GPIOPinTypeI2C                
00002859  GPIOPinTypeI2CSCL             
0000286f  GPIOPinTypePWM                
00002885  GPIOPinTypeUART               
0000289d  SysTickEnable                 
000028b1  SysTickIntEnable              
000028c5  UARTEnable                    
000028d9  strcpy                        
000028ed  PWMOutputState                
000028ff  PWMGenPeriodSet               
00002911  SysTickPeriodSet              
00002921  StartCriticalSection          
00002929  EndCriticalSection            
0000292f  GPIOIntDisable                
0000293d  __TI_decompress_none          
0000294b  GPIOIntEnable                 
00002957  PWMGenEnable                  
00002963  __TI_zero_init                
0000296f  ResetISR                      
0000297b  I2CMasterEnable               
00002985  UARTCharGet                   
0000298f  UARTCharPut                   
00002999  I2CMasterBusy                 
000029a1  I2CMasterSlaveAddrSet         
000029a9  GPIOIntClear                  
000029af  GPIOPinRead                   
000029b5  SysCtlDelay                   
000029bb  I2CMasterControl              
000029bf  I2CMasterDataGet              
000029c3  I2CMasterDataPut              
000029c7  _system_pre_init              
000029cb  C$$EXIT                       
000029cb  abort                         
00002bb0  __TI_Handler_Table_Base       
00002bbc  __TI_Handler_Table_Limit      
00002bd8  __TI_CINIT_Base               
00002bf0  __TI_CINIT_Limit              
20000000  __start___llvm_prf_cnts       
20000000  __stop___llvm_prf_cnts        
20000000  g_pfnRAMVectors               
20006620  CurrentlyRunningThread        
20006624  IBit_State                    
20006628  SystemTime                    
2000662c  pulse_width                   
20006630  sem_I2CA                      
20006634  sem_SPI                       
20006638  sem_SW1                       
2000663c  sem_UART                      
20006640  __stack                       
20006840  __STACK_END                   
20006840  __STACK_TOP                   
20006840  num_cubes                     
20006841  joystick_y                    
20006842  kill_cube                     
20006843  idle_count                    
20006844  data                          
20006848  SW1Pressed                    
20006849  SW2Pressed                    
2000684a  aliveCount                    
ffffffff  __TI_pprof_out_hndl           
ffffffff  __TI_prof_data_size           
ffffffff  __TI_prof_data_start          
ffffffff  __binit__                     
ffffffff  __c_args__                    
ffffffff  binit                         
UNDEFED   __mpu_init                    
UNDEFED   _system_post_cinit            

[187 symbols]
