******************************************************************************
                  TI ARM Linker PC v20.2.7                     
******************************************************************************
>> Linked Tue Oct 28 02:55:29 2025

OUTPUT FILE NAME:   <Lab4_F2025.out>
ENTRY POINT SYMBOL: "_c_int00_noargs"  address: 00002de9


MEMORY CONFIGURATION

         name            origin    length      used     unused   attr    fill
----------------------  --------  ---------  --------  --------  ----  --------
  FLASH                 00000000   00040000  00003352  0003ccae  R  X
  SRAM                  20000000   00008000  00006849  000017b7  RW X


SEGMENT ALLOCATION MAP

run origin  load origin   length   init length attrs members
----------  ----------- ---------- ----------- ----- -------
00000000    00000000    00003358   00003358    r-x
  00000000    00000000    0000026c   0000026c    r-- .intvecs
  0000026c    0000026c    00002eca   00002eca    r-x .text
  00003138    00003138    000001dc   000001dc    r-- .const
  00003318    00003318    00000040   00000040    r-- .cinit
20000000    20000000    00006849   00000000    rw-
  20000000    20000000    0000026c   00000000    rw- .vtable
  2000026c    2000026c    000063cc   00000000    rw- .bss
  20006638    20006638    00000200   00000000    rw- .stack
  20006838    20006838    00000011   00000000    rw- .data


SECTION ALLOCATION MAP

 output                                  attributes/
section   page    origin      length       input sections
--------  ----  ----------  ----------   ----------------
.intvecs   0    00000000    0000026c     
                  00000000    0000026c     tm4c123gh6pm_startup_ccs.obj (.intvecs)

.text      0    0000026c    00002eca     
                  0000026c    00000734     multimod_ST7789.obj (.text)
                  000009a0    000004f0     G8RTOS_Scheduler.obj (.text)
                  00000e90    000004a8     uartstdio.obj (.text)
                  00001338    000002c8     multimod_BMI160.obj (.text)
                  00001600    000002c0     threads.obj (.text)
                  000018c0    00000270     multimod_i2c.obj (.text)
                  00001b30    00000238     G8RTOS_IPC.obj (.text)
                  00001d68    000001a0     multimod_spi.obj (.text)
                  00001f08    00000178     multimod_LaunchpadLED.obj (.text)
                  00002080    0000016c     driverlib.lib : gpio.obj (.text:GPIOPadConfigSet)
                  000021ec    00000138     multimod_OPT3001.obj (.text)
                  00002324    00000118     driverlib.lib : sysctl.obj (.text:SysCtlClockGet)
                  0000243c    000000fc     rtsv7M4_T_le_v4SPD16_eabi.lib : fd_mul_t2.asm.obj (.text)
                  00002538    000000f4     driverlib.lib : sysctl.obj (.text:SysCtlClockSet)
                  0000262c    000000e4     lab4.obj (.text)
                  00002710    000000a4     G8RTOS_Semaphores.obj (.text)
                  000027b4    0000009c     rtsv7M4_T_le_v4SPD16_eabi.lib : memcpy_t2.asm.obj (.text)
                  00002850    00000088     multimod_LaunchpadButtons.obj (.text)
                  000028d8    0000007a     rtsv7M4_T_le_v4SPD16_eabi.lib : memset_t2.asm.obj (.text)
                  00002952    00000002                                   : div0.asm.obj (.text)
                  00002954    00000068     driverlib.lib : interrupt.obj (.text:IntEnable)
                  000029bc    00000068     rtsv7M4_T_le_v4SPD16_eabi.lib : copy_decompress_lzss.c.obj (.text:decompress:lzss:__TI_decompress_lzss)
                  00002a24    0000005c     multimod_uart.obj (.text)
                  00002a80    00000058     driverlib.lib : gpio.obj (.text:GPIOIntTypeSet)
                  00002ad8    00000050     G8RTOS_SchedulerASM.obj (.text)
                  00002b28    0000004c     driverlib.lib : gpio.obj (.text:GPIOPinConfigure)
                  00002b74    0000004c                   : i2c.obj (.text:I2CMasterInitExpClk)
                  00002bc0    00000048     rtsv7M4_T_le_v4SPD16_eabi.lib : fd_toi_t2.asm.obj (.text)
                  00002c08    00000046     driverlib.lib : uart.obj (.text:UARTConfigSetExpClk)
                  00002c4e    00000002     --HOLE-- [fill = 0]
                  00002c50    00000044     rtsv7M4_T_le_v4SPD16_eabi.lib : autoinit.c.obj (.text:__TI_auto_init_nobinit_nopinit:__TI_auto_init_nobinit_nopinit)
                  00002c94    00000040                                   : u_divt2.asm.obj (.text)
                  00002cd4    0000003c     driverlib.lib : ssi.obj (.text:SSIConfigSetExpClk)
                  00002d10    00000038                   : sysctl.obj (.text:SysCtlPeripheralPresent)
                  00002d48    00000038                   : sysctl.obj (.text:SysCtlPeripheralReady)
                  00002d80    00000034                   : interrupt.obj (.text:IntRegister)
                  00002db4    00000034                   : sysctl.obj (.text:SysCtlPeripheralEnable)
                  00002de8    00000034     rtsv7M4_T_le_v4SPD16_eabi.lib : boot_cortex_m.c.obj (.text:_c_int00_noargs:_c_int00_noargs)
                  00002e1c    0000002e                                   : i_tofd_t2.asm.obj (.text)
                  00002e4a    0000002c     driverlib.lib : gpio.obj (.text:GPIODirModeSet)
                  00002e76    00000002     --HOLE-- [fill = 0]
                  00002e78    00000024                   : interrupt.obj (.text:IntPrioritySet)
                  00002e9c    00000022                   : pwm.obj (.text:PWMGenConfigure)
                  00002ebe    00000002     --HOLE-- [fill = 0]
                  00002ec0    00000020                   : uart.obj (.text:UARTDisable)
                  00002ee0    0000001e                   : pwm.obj (.text:PWMPulseWidthSet)
                  00002efe    00000002     --HOLE-- [fill = 0]
                  00002f00    0000001c                   : systick.obj (.text:SysTickIntRegister)
                  00002f1c    0000001a                   : gpio.obj (.text:GPIOPinTypeGPIOOutput)
                  00002f36    00000002     --HOLE-- [fill = 0]
                  00002f38    00000018                   : gpio.obj (.text:GPIOUnlockPin)
                  00002f50    00000016                   : gpio.obj (.text:GPIOPinTypeGPIOInput)
                  00002f66    00000016                   : gpio.obj (.text:GPIOPinTypeI2C)
                  00002f7c    00000016                   : gpio.obj (.text:GPIOPinTypeI2CSCL)
                  00002f92    00000016                   : gpio.obj (.text:GPIOPinTypePWM)
                  00002fa8    00000016                   : gpio.obj (.text:GPIOPinTypeSSI)
                  00002fbe    00000016                   : gpio.obj (.text:GPIOPinTypeUART)
                  00002fd4    00000014                   : systick.obj (.text:SysTickEnable)
                  00002fe8    00000014                   : systick.obj (.text:SysTickIntEnable)
                  00002ffc    00000014                   : uart.obj (.text:UARTEnable)
                  00003010    00000014     rtsv7M4_T_le_v4SPD16_eabi.lib : strcpy.c.obj (.text:strcpy)
                  00003024    00000012     driverlib.lib : pwm.obj (.text:PWMOutputState)
                  00003036    00000010                   : pwm.obj (.text:PWMGenPeriodSet)
                  00003046    00000002     --HOLE-- [fill = 0]
                  00003048    00000010                   : systick.obj (.text:SysTickPeriodSet)
                  00003058    0000000e     G8RTOS_CriticalSection.obj (.text)
                  00003066    0000000e     rtsv7M4_T_le_v4SPD16_eabi.lib : copy_decompress_none.c.obj (.text:decompress:none:__TI_decompress_none)
                  00003074    0000000c     driverlib.lib : gpio.obj (.text:GPIOIntEnable)
                  00003080    0000000c                   : pwm.obj (.text:PWMGenEnable)
                  0000308c    0000000c                   : ssi.obj (.text:SSIDataGet)
                  00003098    0000000c     rtsv7M4_T_le_v4SPD16_eabi.lib : copy_zero_init.c.obj (.text:decompress:ZI:__TI_zero_init)
                  000030a4    0000000c     tm4c123gh6pm_startup_ccs.obj (.text)
                  000030b0    0000000a     driverlib.lib : i2c.obj (.text:I2CMasterEnable)
                  000030ba    0000000a                   : ssi.obj (.text:SSIDataPut)
                  000030c4    0000000a                   : ssi.obj (.text:SSIDisable)
                  000030ce    0000000a                   : ssi.obj (.text:SSIEnable)
                  000030d8    0000000a                   : uart.obj (.text:UARTCharGet)
                  000030e2    0000000a                   : uart.obj (.text:UARTCharPut)
                  000030ec    00000008                   : i2c.obj (.text:I2CMasterBusy)
                  000030f4    00000008                   : i2c.obj (.text:I2CMasterSlaveAddrSet)
                  000030fc    00000008                   : ssi.obj (.text:SSIBusy)
                  00003104    00000006                   : gpio.obj (.text:GPIOIntClear)
                  0000310a    00000006                   : gpio.obj (.text:GPIOPinRead)
                  00003110    00000006                   : gpio.obj (.text:GPIOPinWrite)
                  00003116    00000006                   : ssi.obj (.text:SSIClockSourceSet)
                  0000311c    00000006                   : sysctl.obj (.text:SysCtlDelay)
                  00003122    00000004                   : i2c.obj (.text:I2CMasterControl)
                  00003126    00000004                   : i2c.obj (.text:I2CMasterDataGet)
                  0000312a    00000004                   : i2c.obj (.text:I2CMasterDataPut)
                  0000312e    00000004     rtsv7M4_T_le_v4SPD16_eabi.lib : pre_init.c.obj (.text:_system_pre_init)
                  00003132    00000004                                   : exit.c.obj (.text:abort:abort)

.const     0    00003138    000001dc     
                  00003138    0000009c     driverlib.lib : interrupt.obj (.const:g_pui32Regs)
                  000031d4    00000090                   : gpio.obj (.const:g_pui32GPIOBaseAddrs)
                  00003264    0000006c                   : sysctl.obj (.const:g_pui32Xtals)
                  000032d0    00000014                   : interrupt.obj (.const:g_pui32EnRegs)
                  000032e4    00000012     uartstdio.obj (.const:.string)
                  000032f6    00000002     --HOLE-- [fill = 0]
                  000032f8    0000000c     uartstdio.obj (.const:g_ui32UARTBase)
                  00003304    0000000c     uartstdio.obj (.const:g_ui32UARTPeriph)
                  00003310    00000004     uartstdio.obj (.const)

.cinit     0    00003318    00000040     
                  00003318    0000000c     (__TI_handler_table)
                  00003324    00000009     (.cinit..data.load) [load image, compression = lzss]
                  0000332d    00000003     --HOLE-- [fill = 0]
                  00003330    00000008     (.cinit..bss.load) [load image, compression = zero_init]
                  00003338    00000008     (.cinit..vtable.load) [load image, compression = zero_init]
                  00003340    00000018     (__TI_cinit_table)

.init_array 
*          0    00000000    00000000     UNINITIALIZED

.vtable    0    20000000    0000026c     UNINITIALIZED
                  20000000    0000026c     driverlib.lib : interrupt.obj (.vtable)

.bss       0    2000026c    000063cc     UNINITIALIZED
                  2000026c    00006000     G8RTOS_Scheduler.obj (.bss:threadStacks)
                  2000626c    00000210     G8RTOS_Scheduler.obj (.bss:threadControlBlocks)
                  2000647c    00000150     G8RTOS_IPC.obj (.bss:FIFOs)
                  200065cc    00000048     G8RTOS_Scheduler.obj (.bss:pthreadControlBlocks)
                  20006614    00000008     G8RTOS_Scheduler.obj (.bss)
                  2000661c    00000004     (.common:CurrentlyRunningThread)
                  20006620    00000004     (.common:IBit_State)
                  20006624    00000004     (.common:SystemTime)
                  20006628    00000004     (.common:pulse_width)
                  2000662c    00000004     (.common:sem_I2CA)
                  20006630    00000004     (.common:sem_SPI)
                  20006634    00000004     (.common:sem_UART)

.data      0    20006838    00000011     UNINITIALIZED
                  20006838    00000009     threads.obj (.data)
                  20006841    00000001     G8RTOS_Scheduler.obj (.data)
                  20006842    00000002     --HOLE--
                  20006844    00000005     uartstdio.obj (.data)

.stack     0    20006638    00000200     UNINITIALIZED
                  20006638    00000004     rtsv7M4_T_le_v4SPD16_eabi.lib : boot_cortex_m.c.obj (.stack)
                  2000663c    000001fc     --HOLE--

__llvm_prf_cnts 
*          0    20000000    00000000     UNINITIALIZED

MODULE SUMMARY

       Module                          code    ro data   rw data
       ------                          ----    -------   -------
    .\
       uartstdio.obj                   1192    46        5      
       threads.obj                     704     0         9      
       tm4c123gh6pm_startup_ccs.obj    12      620       0      
       lab4.obj                        228     0         16     
    +--+-------------------------------+-------+---------+---------+
       Total:                          2136    666       30     
                                                                
    .\G8RTOS\src\
       G8RTOS_Scheduler.obj            1264    0         25193  
       G8RTOS_IPC.obj                  568     0         336    
       G8RTOS_Semaphores.obj           164     0         0      
       G8RTOS_SchedulerASM.obj         80      0         0      
       G8RTOS_CriticalSection.obj      14      0         0      
    +--+-------------------------------+-------+---------+---------+
       Total:                          2090    0         25529  
                                                                
    .\MultimodDrivers\src\
       multimod_ST7789.obj             1844    0         0      
       multimod_BMI160.obj             712     0         0      
       multimod_i2c.obj                624     0         0      
       multimod_spi.obj                416     0         0      
       multimod_LaunchpadLED.obj       376     0         4      
       multimod_OPT3001.obj            312     0         0      
       multimod_LaunchpadButtons.obj   136     0         0      
       multimod_uart.obj               92      0         0      
    +--+-------------------------------+-------+---------+---------+
       Total:                          4512    0         4      
                                                                
    C:/ti/TivaWare_C_Series-2.2.0.295/driverlib/ccs/Debug/driverlib.lib
       interrupt.obj                   192     176       620    
       gpio.obj                        784     144       0      
       sysctl.obj                      694     108       0      
       uart.obj                        142     0         0      
       ssi.obj                         116     0         0      
       i2c.obj                         114     0         0      
       pwm.obj                         110     0         0      
       systick.obj                     84      0         0      
    +--+-------------------------------+-------+---------+---------+
       Total:                          2236    428       620    
                                                                
    C:\ti\ccs1281\ccs\tools\compiler\ti-cgt-arm_20.2.7.LTS\lib\rtsv7M4_T_le_v4SPD16_eabi.lib
       fd_mul_t2.asm.obj               252     0         0      
       memcpy_t2.asm.obj               156     0         0      
       memset_t2.asm.obj               122     0         0      
       copy_decompress_lzss.c.obj      104     0         0      
       fd_toi_t2.asm.obj               72      0         0      
       autoinit.c.obj                  68      0         0      
       u_divt2.asm.obj                 64      0         0      
       boot_cortex_m.c.obj             52      0         0      
       i_tofd_t2.asm.obj               46      0         0      
       strcpy.c.obj                    20      0         0      
       copy_decompress_none.c.obj      14      0         0      
       copy_zero_init.c.obj            12      0         0      
       exit.c.obj                      4       0         0      
       pre_init.c.obj                  4       0         0      
       div0.asm.obj                    2       0         0      
    +--+-------------------------------+-------+---------+---------+
       Total:                          992     0         0      
                                                                
       Stack:                          0       0         512    
       Linker Generated:               0       61        0      
    +--+-------------------------------+-------+---------+---------+
       Grand Total:                    11966   1155      26695  


LINKER GENERATED COPY TABLES

__TI_cinit_table @ 00003340 records: 3, size/record: 8, table size: 24
	.data: load addr=00003324, load size=00000009 bytes, run addr=20006838, run size=00000011 bytes, compression=lzss
	.bss: load addr=00003330, load size=00000008 bytes, run addr=2000026c, run size=000063cc bytes, compression=zero_init
	.vtable: load addr=00003338, load size=00000008 bytes, run addr=20000000, run size=0000026c bytes, compression=zero_init


LINKER GENERATED HANDLER TABLE

__TI_handler_table @ 00003318 records: 3, size/record: 4, table size: 12
	index: 0, handler: __TI_zero_init
	index: 1, handler: __TI_decompress_lzss
	index: 2, handler: __TI_decompress_none


GLOBAL SYMBOLS: SORTED ALPHABETICALLY BY Name 

address   name                          
-------   ----                          
00001601  Accel                         
000013cf  BMI160_AccelXGetResult        
00001519  BMI160_AccelXYZGetResult      
000013f3  BMI160_AccelYGetResult        
00001417  BMI160_AccelZGetResult        
000015f1  BMI160_GetDataStatus          
0000143b  BMI160_GyroXGetResult         
00001561  BMI160_GyroXYZGetResult       
0000145f  BMI160_GyroYGetResult         
00001483  BMI160_GyroZGetResult         
00001339  BMI160_Init                   
000014a7  BMI160_MagXGetResult          
000015a9  BMI160_MagXYZGetResult        
000014cd  BMI160_MagYGetResult          
000014f3  BMI160_MagZGetResult          
000013a7  BMI160_MultiReadRegister      
00001383  BMI160_ReadRegister           
00001353  BMI160_WriteRegister          
00003133  C$$EXIT                       
2000661c  CurrentlyRunningThread        
00003061  EndCriticalSection            
0000173f  FIFOConsumer                  
00001767  FIFOConsumer2                 
00001713  FIFOProducer                  
00000ab5  G8RTOS_AddThread              
00000bc3  G8RTOS_Add_APeriodicEvent     
00000c31  G8RTOS_Add_PeriodicEvent      
00000d43  G8RTOS_GetNumberOfThreads     
00000d3b  G8RTOS_GetThreadID            
00000a1d  G8RTOS_Init                   
00001b31  G8RTOS_InitFIFO               
00002711  G8RTOS_InitSemaphore          
00000cf9  G8RTOS_KillSelf               
00000c55  G8RTOS_KillThread             
00000a31  G8RTOS_Launch                 
00001b97  G8RTOS_ReadFIFO               
00000a55  G8RTOS_Scheduler              
00002763  G8RTOS_SignalSemaphore        
00002add  G8RTOS_Start                  
00002723  G8RTOS_WaitSemaphore          
00001c21  G8RTOS_WriteFIFO              
00002e4b  GPIODirModeSet                
00003105  GPIOIntClear                  
00003075  GPIOIntEnable                 
00002a81  GPIOIntTypeSet                
00002081  GPIOPadConfigSet              
00002b29  GPIOPinConfigure              
0000310b  GPIOPinRead                   
00002f51  GPIOPinTypeGPIOInput          
00002f1d  GPIOPinTypeGPIOOutput         
00002f67  GPIOPinTypeI2C                
00002f7d  GPIOPinTypeI2CSCL             
00002f93  GPIOPinTypePWM                
00002fa9  GPIOPinTypeSSI                
00002fbf  GPIOPinTypeUART               
00003111  GPIOPinWrite                  
00002f39  GPIOUnlockPin                 
00001637  Gyro                          
000030ed  I2CMasterBusy                 
00003123  I2CMasterControl              
00003127  I2CMasterDataGet              
0000312b  I2CMasterDataPut              
000030b1  I2CMasterEnable               
00002b75  I2CMasterInitExpClk           
000030f5  I2CMasterSlaveAddrSet         
000018c1  I2C_Init                      
00001a51  I2C_ReadMultiple              
00001973  I2C_ReadSingle                
000019a3  I2C_WriteMultiple             
0000193d  I2C_WriteSingle               
20006620  IBit_State                    
0000178f  Idle_Thread                   
00002955  IntEnable                     
00002e79  IntPrioritySet                
00002d81  IntRegister                   
00002851  LaunchpadButtons_Init         
0000288f  LaunchpadButtons_ReadSW1      
000028af  LaunchpadButtons_ReadSW2      
00001f09  LaunchpadLED_Init             
00001fc5  LaunchpadLED_PWMSetDuty       
0000230d  OPT3001_GetChipID             
00002271  OPT3001_GetResult             
000021ed  OPT3001_Init                  
00002243  OPT3001_ReadRegister          
000022ed  OPT3001_SetHighLimit          
000022cd  OPT3001_SetLowLimit           
00002201  OPT3001_WriteRegister         
000016b1  Opto                          
00002e9d  PWMGenConfigure               
00003081  PWMGenEnable                  
00003037  PWMGenPeriodSet               
00003025  PWMOutputState                
00002ee1  PWMPulseWidthSet              
00002aff  PendSV_Handler                
000030a5  ResetISR                      
00001d69  SPI_Init                      
00001e8b  SPI_ReadMultiple              
00001e03  SPI_ReadSingle                
00001e2b  SPI_WriteMultiple             
00001de5  SPI_WriteSingle               
000030fd  SSIBusy                       
00003117  SSIClockSourceSet             
00002cd5  SSIConfigSetExpClk            
0000308d  SSIDataGet                    
000030bb  SSIDataPut                    
000030c5  SSIDisable                    
000030cf  SSIEnable                     
0000027b  ST7789_Deselect               
00000449  ST7789_DrawHLine              
000007d9  ST7789_DrawLine               
0000076b  ST7789_DrawPixel              
000008a9  ST7789_DrawRectangle          
000003b3  ST7789_DrawVLine              
000007bd  ST7789_Fill                   
0000069b  ST7789_Init                   
000004fd  ST7789_Line                   
000002d1  ST7789_ReadRegister           
0000026d  ST7789_Select                 
00000297  ST7789_SetCommand             
00000289  ST7789_SetData                
000002e7  ST7789_SetWindow              
000002a5  ST7789_WriteCommand           
000002bb  ST7789_WriteData              
20006840  SW1Pressed                    
000017a3  SW1_Event_Handler             
00001791  SW1_ISR                       
00000d55  SetInitialStack               
00003059  StartCriticalSection          
00002325  SysCtlClockGet                
00002539  SysCtlClockSet                
0000311d  SysCtlDelay                   
00002db5  SysCtlPeripheralEnable        
00002d11  SysCtlPeripheralPresent       
00002d49  SysCtlPeripheralReady         
00002fd5  SysTickEnable                 
00002fe9  SysTickIntEnable              
00002f01  SysTickIntRegister            
00003049  SysTickPeriodSet              
000009cb  SysTick_Handler               
20006624  SystemTime                    
000030d9  UARTCharGet                   
000030e3  UARTCharPut                   
00002c09  UARTConfigSetExpClk           
00002ec1  UARTDisable                   
00002ffd  UARTEnable                    
00000e91  UARTStdioConfig               
00002a25  UART_Init                     
00000fe1  UARTgetc                      
00000f27  UARTgets                      
00001303  UARTprintf                    
00001009  UARTvprintf                   
00000ed7  UARTwrite                     
20006838  __STACK_END                   
00000200  __STACK_SIZE                  
20006838  __STACK_TOP                   
00003340  __TI_CINIT_Base               
00003358  __TI_CINIT_Limit              
00003318  __TI_Handler_Table_Base       
00003324  __TI_Handler_Table_Limit      
00002c51  __TI_auto_init_nobinit_nopinit
000029bd  __TI_decompress_lzss          
00003067  __TI_decompress_none          
ffffffff  __TI_pprof_out_hndl           
ffffffff  __TI_prof_data_size           
ffffffff  __TI_prof_data_start          
00000000  __TI_static_base__            
00003099  __TI_zero_init                
00002bc1  __aeabi_d2iz                  
0000243d  __aeabi_dmul                  
00002e1d  __aeabi_i2d                   
00002953  __aeabi_idiv0                 
00002953  __aeabi_ldiv0                 
000028d9  __aeabi_memclr                
000028d9  __aeabi_memclr4               
000028d9  __aeabi_memclr8               
000027b5  __aeabi_memcpy                
000027b5  __aeabi_memcpy4               
000027b5  __aeabi_memcpy8               
000028db  __aeabi_memset                
000028db  __aeabi_memset4               
000028db  __aeabi_memset8               
00002c95  __aeabi_uidiv                 
00002c95  __aeabi_uidivmod              
ffffffff  __binit__                     
ffffffff  __c_args__                    
UNDEFED   __mpu_init                    
20006638  __stack                       
20000000  __start___llvm_prf_cnts       
20000000  __stop___llvm_prf_cnts        
00002de9  _c_int00_noargs               
UNDEFED   _system_post_cinit            
0000312f  _system_pre_init              
00003133  abort                         
20006841  aliveCount                    
ffffffff  binit                         
2000683c  data                          
0000067d  delay_ms                      
20000000  g_pfnRAMVectors               
00000000  g_pfnVectors                  
2000683b  idle_count                    
20006839  joystick_y                    
2000683a  kill_cube                     
00002649  main                          
000027b5  memcpy                        
000028e1  memset                        
20006838  num_cubes                     
20006628  pulse_width                   
2000662c  sem_I2CA                      
20006630  sem_SPI                       
20006634  sem_UART                      
00000d11  sleep                         
00003011  strcpy                        


GLOBAL SYMBOLS: SORTED BY Symbol Address 

address   name                          
-------   ----                          
00000000  __TI_static_base__            
00000000  g_pfnVectors                  
00000200  __STACK_SIZE                  
0000026d  ST7789_Select                 
0000027b  ST7789_Deselect               
00000289  ST7789_SetData                
00000297  ST7789_SetCommand             
000002a5  ST7789_WriteCommand           
000002bb  ST7789_WriteData              
000002d1  ST7789_ReadRegister           
000002e7  ST7789_SetWindow              
000003b3  ST7789_DrawVLine              
00000449  ST7789_DrawHLine              
000004fd  ST7789_Line                   
0000067d  delay_ms                      
0000069b  ST7789_Init                   
0000076b  ST7789_DrawPixel              
000007bd  ST7789_Fill                   
000007d9  ST7789_DrawLine               
000008a9  ST7789_DrawRectangle          
000009cb  SysTick_Handler               
00000a1d  G8RTOS_Init                   
00000a31  G8RTOS_Launch                 
00000a55  G8RTOS_Scheduler              
00000ab5  G8RTOS_AddThread              
00000bc3  G8RTOS_Add_APeriodicEvent     
00000c31  G8RTOS_Add_PeriodicEvent      
00000c55  G8RTOS_KillThread             
00000cf9  G8RTOS_KillSelf               
00000d11  sleep                         
00000d3b  G8RTOS_GetThreadID            
00000d43  G8RTOS_GetNumberOfThreads     
00000d55  SetInitialStack               
00000e91  UARTStdioConfig               
00000ed7  UARTwrite                     
00000f27  UARTgets                      
00000fe1  UARTgetc                      
00001009  UARTvprintf                   
00001303  UARTprintf                    
00001339  BMI160_Init                   
00001353  BMI160_WriteRegister          
00001383  BMI160_ReadRegister           
000013a7  BMI160_MultiReadRegister      
000013cf  BMI160_AccelXGetResult        
000013f3  BMI160_AccelYGetResult        
00001417  BMI160_AccelZGetResult        
0000143b  BMI160_GyroXGetResult         
0000145f  BMI160_GyroYGetResult         
00001483  BMI160_GyroZGetResult         
000014a7  BMI160_MagXGetResult          
000014cd  BMI160_MagYGetResult          
000014f3  BMI160_MagZGetResult          
00001519  BMI160_AccelXYZGetResult      
00001561  BMI160_GyroXYZGetResult       
000015a9  BMI160_MagXYZGetResult        
000015f1  BMI160_GetDataStatus          
00001601  Accel                         
00001637  Gyro                          
000016b1  Opto                          
00001713  FIFOProducer                  
0000173f  FIFOConsumer                  
00001767  FIFOConsumer2                 
0000178f  Idle_Thread                   
00001791  SW1_ISR                       
000017a3  SW1_Event_Handler             
000018c1  I2C_Init                      
0000193d  I2C_WriteSingle               
00001973  I2C_ReadSingle                
000019a3  I2C_WriteMultiple             
00001a51  I2C_ReadMultiple              
00001b31  G8RTOS_InitFIFO               
00001b97  G8RTOS_ReadFIFO               
00001c21  G8RTOS_WriteFIFO              
00001d69  SPI_Init                      
00001de5  SPI_WriteSingle               
00001e03  SPI_ReadSingle                
00001e2b  SPI_WriteMultiple             
00001e8b  SPI_ReadMultiple              
00001f09  LaunchpadLED_Init             
00001fc5  LaunchpadLED_PWMSetDuty       
00002081  GPIOPadConfigSet              
000021ed  OPT3001_Init                  
00002201  OPT3001_WriteRegister         
00002243  OPT3001_ReadRegister          
00002271  OPT3001_GetResult             
000022cd  OPT3001_SetLowLimit           
000022ed  OPT3001_SetHighLimit          
0000230d  OPT3001_GetChipID             
00002325  SysCtlClockGet                
0000243d  __aeabi_dmul                  
00002539  SysCtlClockSet                
00002649  main                          
00002711  G8RTOS_InitSemaphore          
00002723  G8RTOS_WaitSemaphore          
00002763  G8RTOS_SignalSemaphore        
000027b5  __aeabi_memcpy                
000027b5  __aeabi_memcpy4               
000027b5  __aeabi_memcpy8               
000027b5  memcpy                        
00002851  LaunchpadButtons_Init         
0000288f  LaunchpadButtons_ReadSW1      
000028af  LaunchpadButtons_ReadSW2      
000028d9  __aeabi_memclr                
000028d9  __aeabi_memclr4               
000028d9  __aeabi_memclr8               
000028db  __aeabi_memset                
000028db  __aeabi_memset4               
000028db  __aeabi_memset8               
000028e1  memset                        
00002953  __aeabi_idiv0                 
00002953  __aeabi_ldiv0                 
00002955  IntEnable                     
000029bd  __TI_decompress_lzss          
00002a25  UART_Init                     
00002a81  GPIOIntTypeSet                
00002add  G8RTOS_Start                  
00002aff  PendSV_Handler                
00002b29  GPIOPinConfigure              
00002b75  I2CMasterInitExpClk           
00002bc1  __aeabi_d2iz                  
00002c09  UARTConfigSetExpClk           
00002c51  __TI_auto_init_nobinit_nopinit
00002c95  __aeabi_uidiv                 
00002c95  __aeabi_uidivmod              
00002cd5  SSIConfigSetExpClk            
00002d11  SysCtlPeripheralPresent       
00002d49  SysCtlPeripheralReady         
00002d81  IntRegister                   
00002db5  SysCtlPeripheralEnable        
00002de9  _c_int00_noargs               
00002e1d  __aeabi_i2d                   
00002e4b  GPIODirModeSet                
00002e79  IntPrioritySet                
00002e9d  PWMGenConfigure               
00002ec1  UARTDisable                   
00002ee1  PWMPulseWidthSet              
00002f01  SysTickIntRegister            
00002f1d  GPIOPinTypeGPIOOutput         
00002f39  GPIOUnlockPin                 
00002f51  GPIOPinTypeGPIOInput          
00002f67  GPIOPinTypeI2C                
00002f7d  GPIOPinTypeI2CSCL             
00002f93  GPIOPinTypePWM                
00002fa9  GPIOPinTypeSSI                
00002fbf  GPIOPinTypeUART               
00002fd5  SysTickEnable                 
00002fe9  SysTickIntEnable              
00002ffd  UARTEnable                    
00003011  strcpy                        
00003025  PWMOutputState                
00003037  PWMGenPeriodSet               
00003049  SysTickPeriodSet              
00003059  StartCriticalSection          
00003061  EndCriticalSection            
00003067  __TI_decompress_none          
00003075  GPIOIntEnable                 
00003081  PWMGenEnable                  
0000308d  SSIDataGet                    
00003099  __TI_zero_init                
000030a5  ResetISR                      
000030b1  I2CMasterEnable               
000030bb  SSIDataPut                    
000030c5  SSIDisable                    
000030cf  SSIEnable                     
000030d9  UARTCharGet                   
000030e3  UARTCharPut                   
000030ed  I2CMasterBusy                 
000030f5  I2CMasterSlaveAddrSet         
000030fd  SSIBusy                       
00003105  GPIOIntClear                  
0000310b  GPIOPinRead                   
00003111  GPIOPinWrite                  
00003117  SSIClockSourceSet             
0000311d  SysCtlDelay                   
00003123  I2CMasterControl              
00003127  I2CMasterDataGet              
0000312b  I2CMasterDataPut              
0000312f  _system_pre_init              
00003133  C$$EXIT                       
00003133  abort                         
00003318  __TI_Handler_Table_Base       
00003324  __TI_Handler_Table_Limit      
00003340  __TI_CINIT_Base               
00003358  __TI_CINIT_Limit              
20000000  __start___llvm_prf_cnts       
20000000  __stop___llvm_prf_cnts        
20000000  g_pfnRAMVectors               
2000661c  CurrentlyRunningThread        
20006620  IBit_State                    
20006624  SystemTime                    
20006628  pulse_width                   
2000662c  sem_I2CA                      
20006630  sem_SPI                       
20006634  sem_UART                      
20006638  __stack                       
20006838  __STACK_END                   
20006838  __STACK_TOP                   
20006838  num_cubes                     
20006839  joystick_y                    
2000683a  kill_cube                     
2000683b  idle_count                    
2000683c  data                          
20006840  SW1Pressed                    
20006841  aliveCount                    
ffffffff  __TI_pprof_out_hndl           
ffffffff  __TI_prof_data_size           
ffffffff  __TI_prof_data_start          
ffffffff  __binit__                     
ffffffff  __c_args__                    
ffffffff  binit                         
UNDEFED   __mpu_init                    
UNDEFED   _system_post_cinit            

[212 symbols]
