******************************************************************************
                  TI ARM Linker PC v20.2.7                     
******************************************************************************
>> Linked Wed Oct 29 18:24:57 2025

OUTPUT FILE NAME:   <Lab4_F2025.out>
ENTRY POINT SYMBOL: "_c_int00_noargs"  address: 00003491


MEMORY CONFIGURATION

         name            origin    length      used     unused   attr    fill
----------------------  --------  ---------  --------  --------  ----  --------
  FLASH                 00000000   00040000  00003a98  0003c568  R  X
  SRAM                  20000000   00008000  0000685d  000017a3  RW X


SEGMENT ALLOCATION MAP

run origin  load origin   length   init length attrs members
----------  ----------- ---------- ----------- ----- -------
00000000    00000000    00003a98   00003a98    r-x
  00000000    00000000    0000026c   0000026c    r-- .intvecs
  0000026c    0000026c    00003610   00003610    r-x .text
  0000387c    0000387c    000001dc   000001dc    r-- .const
  00003a58    00003a58    00000040   00000040    r-- .cinit
20000000    20000000    00006861   00000000    rw-
  20000000    20000000    0000026c   00000000    rw- .vtable
  2000026c    2000026c    000063e0   00000000    rw- .bss
  20006650    20006650    00000200   00000000    rw- .stack
  20006850    20006850    00000011   00000000    rw- .data


SECTION ALLOCATION MAP

 output                                  attributes/
section   page    origin      length       input sections
--------  ----  ----------  ----------   ----------------
.intvecs   0    00000000    0000026c     
                  00000000    0000026c     tm4c123gh6pm_startup_ccs.obj (.intvecs)

.text      0    0000026c    00003610     
                  0000026c    00000734     multimod_ST7789.obj (.text)
                  000009a0    0000068c     G8RTOS_Scheduler.obj (.text)
                  0000102c    00000608     threads.obj (.text)
                  00001634    000004a8     uartstdio.obj (.text)
                  00001adc    000002c8     multimod_BMI160.obj (.text)
                  00001da4    00000278     multimod_i2c.obj (.text)
                  0000201c    00000238     G8RTOS_IPC.obj (.text)
                  00002254    000001a0     multimod_spi.obj (.text)
                  000023f4    00000178     multimod_LaunchpadLED.obj (.text)
                  0000256c    0000016c     driverlib.lib : gpio.obj (.text:GPIOPadConfigSet)
                  000026d8    00000138     multimod_OPT3001.obj (.text)
                  00002810    00000118     driverlib.lib : sysctl.obj (.text:SysCtlClockGet)
                  00002928    00000108     multimod_joystick.obj (.text)
                  00002a30    000000fc     lab4_4.obj (.text)
                  00002b2c    000000fc     rtsv7M4_T_le_v4SPD16_eabi.lib : fd_mul_t2.asm.obj (.text)
                  00002c28    000000f4     driverlib.lib : sysctl.obj (.text:SysCtlClockSet)
                  00002d1c    000000a8     G8RTOS_Semaphores.obj (.text)
                  00002dc4    0000009c     rtsv7M4_T_le_v4SPD16_eabi.lib : memcpy_t2.asm.obj (.text)
                  00002e60    0000007a     driverlib.lib : adc.obj (.text:ADCSequenceStepConfigure)
                  00002eda    0000007a     rtsv7M4_T_le_v4SPD16_eabi.lib : memset_t2.asm.obj (.text)
                  00002f54    00000068     driverlib.lib : interrupt.obj (.text:IntEnable)
                  00002fbc    00000068     rtsv7M4_T_le_v4SPD16_eabi.lib : copy_decompress_lzss.c.obj (.text:decompress:lzss:__TI_decompress_lzss)
                  00003024    0000005c     multimod_uart.obj (.text)
                  00003080    00000058     driverlib.lib : gpio.obj (.text:GPIOIntTypeSet)
                  000030d8    00000058     multimod_buttons.obj (.text)
                  00003130    00000050     G8RTOS_SchedulerASM.obj (.text)
                  00003180    0000004e     driverlib.lib : adc.obj (.text:ADCSequenceConfigure)
                  000031ce    00000002     rtsv7M4_T_le_v4SPD16_eabi.lib : div0.asm.obj (.text)
                  000031d0    0000004c     driverlib.lib : gpio.obj (.text:GPIOPinConfigure)
                  0000321c    0000004c                   : i2c.obj (.text:I2CMasterInitExpClk)
                  00003268    00000048     rtsv7M4_T_le_v4SPD16_eabi.lib : fd_toi_t2.asm.obj (.text)
                  000032b0    00000046     driverlib.lib : uart.obj (.text:UARTConfigSetExpClk)
                  000032f6    00000002     --HOLE-- [fill = 0]
                  000032f8    00000044     rtsv7M4_T_le_v4SPD16_eabi.lib : autoinit.c.obj (.text:__TI_auto_init_nobinit_nopinit:__TI_auto_init_nobinit_nopinit)
                  0000333c    00000040                                   : u_divt2.asm.obj (.text)
                  0000337c    0000003c     driverlib.lib : ssi.obj (.text:SSIConfigSetExpClk)
                  000033b8    00000038                   : sysctl.obj (.text:SysCtlPeripheralPresent)
                  000033f0    00000038                   : sysctl.obj (.text:SysCtlPeripheralReady)
                  00003428    00000034                   : interrupt.obj (.text:IntRegister)
                  0000345c    00000034                   : sysctl.obj (.text:SysCtlPeripheralEnable)
                  00003490    00000034     rtsv7M4_T_le_v4SPD16_eabi.lib : boot_cortex_m.c.obj (.text:_c_int00_noargs:_c_int00_noargs)
                  000034c4    0000002e     driverlib.lib : adc.obj (.text:ADCIntStatus)
                  000034f2    0000002e     rtsv7M4_T_le_v4SPD16_eabi.lib : i_tofd_t2.asm.obj (.text)
                  00003520    0000002c     driverlib.lib : gpio.obj (.text:GPIODirModeSet)
                  0000354c    00000024                   : interrupt.obj (.text:IntPrioritySet)
                  00003570    00000022                   : pwm.obj (.text:PWMGenConfigure)
                  00003592    00000002     --HOLE-- [fill = 0]
                  00003594    00000020                   : uart.obj (.text:UARTDisable)
                  000035b4    0000001e                   : adc.obj (.text:ADCSequenceDataGet)
                  000035d2    0000001e                   : pwm.obj (.text:PWMPulseWidthSet)
                  000035f0    0000001c                   : systick.obj (.text:SysTickIntRegister)
                  0000360c    0000001a                   : gpio.obj (.text:GPIOPinTypeGPIOOutput)
                  00003626    00000018                   : adc.obj (.text:ADCProcessorTrigger)
                  0000363e    00000016                   : gpio.obj (.text:GPIOPinTypeADC)
                  00003654    00000016                   : gpio.obj (.text:GPIOPinTypeGPIOInput)
                  0000366a    00000016                   : gpio.obj (.text:GPIOPinTypeI2C)
                  00003680    00000016                   : gpio.obj (.text:GPIOPinTypeI2CSCL)
                  00003696    00000016                   : gpio.obj (.text:GPIOPinTypePWM)
                  000036ac    00000016                   : gpio.obj (.text:GPIOPinTypeSSI)
                  000036c2    00000016                   : gpio.obj (.text:GPIOPinTypeUART)
                  000036d8    00000014                   : systick.obj (.text:SysTickEnable)
                  000036ec    00000014                   : systick.obj (.text:SysTickIntEnable)
                  00003700    00000014                   : uart.obj (.text:UARTEnable)
                  00003714    00000014     rtsv7M4_T_le_v4SPD16_eabi.lib : strcpy.c.obj (.text:strcpy)
                  00003728    00000012     driverlib.lib : pwm.obj (.text:PWMOutputState)
                  0000373a    00000010                   : pwm.obj (.text:PWMGenPeriodSet)
                  0000374a    00000002     --HOLE-- [fill = 0]
                  0000374c    00000010                   : systick.obj (.text:SysTickPeriodSet)
                  0000375c    0000000e                   : adc.obj (.text:ADCIntDisable)
                  0000376a    0000000e                   : adc.obj (.text:ADCSequenceDisable)
                  00003778    0000000e                   : adc.obj (.text:ADCSequenceEnable)
                  00003786    0000000e     G8RTOS_CriticalSection.obj (.text)
                  00003794    0000000e     driverlib.lib : gpio.obj (.text:GPIOIntDisable)
                  000037a2    0000000e     rtsv7M4_T_le_v4SPD16_eabi.lib : copy_decompress_none.c.obj (.text:decompress:none:__TI_decompress_none)
                  000037b0    0000000c     driverlib.lib : gpio.obj (.text:GPIOIntEnable)
                  000037bc    0000000c                   : pwm.obj (.text:PWMGenEnable)
                  000037c8    0000000c                   : ssi.obj (.text:SSIDataGet)
                  000037d4    0000000c     rtsv7M4_T_le_v4SPD16_eabi.lib : copy_zero_init.c.obj (.text:decompress:ZI:__TI_zero_init)
                  000037e0    0000000c     tm4c123gh6pm_startup_ccs.obj (.text)
                  000037ec    0000000a     driverlib.lib : adc.obj (.text:ADCIntClear)
                  000037f6    0000000a                   : i2c.obj (.text:I2CMasterEnable)
                  00003800    0000000a                   : ssi.obj (.text:SSIDataPut)
                  0000380a    0000000a                   : ssi.obj (.text:SSIDisable)
                  00003814    0000000a                   : ssi.obj (.text:SSIEnable)
                  0000381e    0000000a                   : uart.obj (.text:UARTCharGet)
                  00003828    0000000a                   : uart.obj (.text:UARTCharPut)
                  00003832    00000008                   : i2c.obj (.text:I2CMasterBusy)
                  0000383a    00000008                   : i2c.obj (.text:I2CMasterSlaveAddrSet)
                  00003842    00000008                   : ssi.obj (.text:SSIBusy)
                  0000384a    00000006                   : gpio.obj (.text:GPIOIntClear)
                  00003850    00000006                   : gpio.obj (.text:GPIOPinRead)
                  00003856    00000006                   : gpio.obj (.text:GPIOPinWrite)
                  0000385c    00000006                   : ssi.obj (.text:SSIClockSourceSet)
                  00003862    00000006                   : sysctl.obj (.text:SysCtlDelay)
                  00003868    00000004                   : i2c.obj (.text:I2CMasterControl)
                  0000386c    00000004                   : i2c.obj (.text:I2CMasterDataGet)
                  00003870    00000004                   : i2c.obj (.text:I2CMasterDataPut)
                  00003874    00000004     rtsv7M4_T_le_v4SPD16_eabi.lib : pre_init.c.obj (.text:_system_pre_init)
                  00003878    00000004                                   : exit.c.obj (.text:abort:abort)

.const     0    0000387c    000001dc     
                  0000387c    0000009c     driverlib.lib : interrupt.obj (.const:g_pui32Regs)
                  00003918    00000090                   : gpio.obj (.const:g_pui32GPIOBaseAddrs)
                  000039a8    0000006c                   : sysctl.obj (.const:g_pui32Xtals)
                  00003a14    00000014                   : interrupt.obj (.const:g_pui32EnRegs)
                  00003a28    00000012     uartstdio.obj (.const:.string)
                  00003a3a    00000002     --HOLE-- [fill = 0]
                  00003a3c    0000000c     uartstdio.obj (.const:g_ui32UARTBase)
                  00003a48    0000000c     uartstdio.obj (.const:g_ui32UARTPeriph)
                  00003a54    00000004     uartstdio.obj (.const)

.cinit     0    00003a58    00000040     
                  00003a58    0000000c     (__TI_handler_table)
                  00003a64    00000009     (.cinit..data.load) [load image, compression = lzss]
                  00003a6d    00000003     --HOLE-- [fill = 0]
                  00003a70    00000008     (.cinit..bss.load) [load image, compression = zero_init]
                  00003a78    00000008     (.cinit..vtable.load) [load image, compression = zero_init]
                  00003a80    00000018     (__TI_cinit_table)

.init_array 
*          0    00000000    00000000     UNINITIALIZED

.vtable    0    20000000    0000026c     UNINITIALIZED
                  20000000    0000026c     driverlib.lib : interrupt.obj (.vtable)

.bss       0    2000026c    000063e0     UNINITIALIZED
                  2000026c    00006000     G8RTOS_Scheduler.obj (.bss:threadStacks)
                  2000626c    00000210     G8RTOS_Scheduler.obj (.bss:threadControlBlocks)
                  2000647c    00000150     G8RTOS_IPC.obj (.bss:FIFOs)
                  200065cc    00000048     G8RTOS_Scheduler.obj (.bss:ptcbs)
                  20006614    00000010     G8RTOS_Scheduler.obj (.bss)
                  20006624    00000004     (.common:CurrentlyRunningThread)
                  20006628    00000004     (.common:IBit_State)
                  2000662c    00000004     (.common:SystemTime)
                  20006630    00000004     (.common:pulse_width)
                  20006634    00000004     (.common:sem_I2CA)
                  20006638    00000004     (.common:sem_JOY)
                  2000663c    00000004     (.common:sem_MMB)
                  20006640    00000004     (.common:sem_SPI)
                  20006644    00000004     (.common:sem_SW1)
                  20006648    00000004     (.common:sem_UART)

.data      0    20006850    00000011     UNINITIALIZED
                  20006850    0000000a     threads.obj (.data)
                  2000685a    00000001     G8RTOS_Scheduler.obj (.data)
                  2000685b    00000001     --HOLE--
                  2000685c    00000005     uartstdio.obj (.data)

.stack     0    20006650    00000200     UNINITIALIZED
                  20006650    00000004     rtsv7M4_T_le_v4SPD16_eabi.lib : boot_cortex_m.c.obj (.stack)
                  20006654    000001fc     --HOLE--

__llvm_prf_cnts 
*          0    20000000    00000000     UNINITIALIZED

MODULE SUMMARY

       Module                         code    ro data   rw data
       ------                         ----    -------   -------
    .\
       threads.obj                    1544    0         10     
       uartstdio.obj                  1192    46        5      
       tm4c123gh6pm_startup_ccs.obj   12      620       0      
       lab4_4.obj                     252     0         28     
    +--+------------------------------+-------+---------+---------+
       Total:                         3000    666       43     
                                                               
    .\G8RTOS\src\
       G8RTOS_Scheduler.obj           1676    0         25201  
       G8RTOS_IPC.obj                 568     0         336    
       G8RTOS_Semaphores.obj          168     0         0      
       G8RTOS_SchedulerASM.obj        80      0         0      
       G8RTOS_CriticalSection.obj     14      0         0      
    +--+------------------------------+-------+---------+---------+
       Total:                         2506    0         25537  
                                                               
    .\MultimodDrivers\src\
       multimod_ST7789.obj            1844    0         0      
       multimod_BMI160.obj            712     0         0      
       multimod_i2c.obj               632     0         0      
       multimod_spi.obj               416     0         0      
       multimod_LaunchpadLED.obj      376     0         4      
       multimod_OPT3001.obj           312     0         0      
       multimod_joystick.obj          264     0         0      
       multimod_uart.obj              92      0         0      
       multimod_buttons.obj           88      0         0      
    +--+------------------------------+-------+---------+---------+
       Total:                         4736    0         4      
                                                               
    C:/ti/TivaWare_C_Series-2.2.0.295/driverlib/ccs/Debug/driverlib.lib
       interrupt.obj                  192     176       620    
       gpio.obj                       796     144       0      
       sysctl.obj                     694     108       0      
       adc.obj                        352     0         0      
       uart.obj                       142     0         0      
       ssi.obj                        116     0         0      
       i2c.obj                        114     0         0      
       pwm.obj                        110     0         0      
       systick.obj                    84      0         0      
    +--+------------------------------+-------+---------+---------+
       Total:                         2600    428       620    
                                                               
    C:\ti\ccs1281\ccs\tools\compiler\ti-cgt-arm_20.2.7.LTS\lib\rtsv7M4_T_le_v4SPD16_eabi.lib
       fd_mul_t2.asm.obj              252     0         0      
       memcpy_t2.asm.obj              156     0         0      
       memset_t2.asm.obj              122     0         0      
       copy_decompress_lzss.c.obj     104     0         0      
       fd_toi_t2.asm.obj              72      0         0      
       autoinit.c.obj                 68      0         0      
       u_divt2.asm.obj                64      0         0      
       boot_cortex_m.c.obj            52      0         0      
       i_tofd_t2.asm.obj              46      0         0      
       strcpy.c.obj                   20      0         0      
       copy_decompress_none.c.obj     14      0         0      
       copy_zero_init.c.obj           12      0         0      
       exit.c.obj                     4       0         0      
       pre_init.c.obj                 4       0         0      
       div0.asm.obj                   2       0         0      
    +--+------------------------------+-------+---------+---------+
       Total:                         992     0         0      
                                                               
       Stack:                         0       0         512    
       Linker Generated:              0       61        0      
    +--+------------------------------+-------+---------+---------+
       Grand Total:                   13834   1155      26716  


LINKER GENERATED COPY TABLES

__TI_cinit_table @ 00003a80 records: 3, size/record: 8, table size: 24
	.data: load addr=00003a64, load size=00000009 bytes, run addr=20006850, run size=00000011 bytes, compression=lzss
	.bss: load addr=00003a70, load size=00000008 bytes, run addr=2000026c, run size=000063e0 bytes, compression=zero_init
	.vtable: load addr=00003a78, load size=00000008 bytes, run addr=20000000, run size=0000026c bytes, compression=zero_init


LINKER GENERATED HANDLER TABLE

__TI_handler_table @ 00003a58 records: 3, size/record: 4, table size: 12
	index: 0, handler: __TI_zero_init
	index: 1, handler: __TI_decompress_lzss
	index: 2, handler: __TI_decompress_none


GLOBAL SYMBOLS: SORTED ALPHABETICALLY BY Name 

address   name                          
-------   ----                          
000037ed  ADCIntClear                   
0000375d  ADCIntDisable                 
000034c5  ADCIntStatus                  
00003627  ADCProcessorTrigger           
00003181  ADCSequenceConfigure          
000035b5  ADCSequenceDataGet            
0000376b  ADCSequenceDisable            
00003779  ADCSequenceEnable             
00002e61  ADCSequenceStepConfigure      
0000102d  Accel                         
00001b73  BMI160_AccelXGetResult        
00001cbd  BMI160_AccelXYZGetResult      
00001b97  BMI160_AccelYGetResult        
00001bbb  BMI160_AccelZGetResult        
00001d95  BMI160_GetDataStatus          
00001bdf  BMI160_GyroXGetResult         
00001d05  BMI160_GyroXYZGetResult       
00001c03  BMI160_GyroYGetResult         
00001c27  BMI160_GyroZGetResult         
00001add  BMI160_Init                   
00001c4b  BMI160_MagXGetResult          
00001d4d  BMI160_MagXYZGetResult        
00001c71  BMI160_MagYGetResult          
00001c97  BMI160_MagZGetResult          
00001b4b  BMI160_MultiReadRegister      
00001b27  BMI160_ReadRegister           
00001af7  BMI160_WriteRegister          
00003879  C$$EXIT                       
00001249  ChildA_Thread                 
00001269  ChildB_Thread                 
20006624  CurrentlyRunningThread        
0000378f  EndCriticalSection            
0000116b  FIFOConsumer                  
00001193  FIFOConsumer2                 
0000113f  FIFOProducer                  
00000ae9  G8RTOS_AddThread              
00000cb9  G8RTOS_Add_APeriodicEvent     
00000d2d  G8RTOS_Add_PeriodicEvent      
00000ed3  G8RTOS_GetNumberOfThreads     
00000ecb  G8RTOS_GetThreadID            
00000a2f  G8RTOS_Init                   
0000201d  G8RTOS_InitFIFO               
00002d1d  G8RTOS_InitSemaphore          
00000e7d  G8RTOS_KillSelf               
00000de3  G8RTOS_KillThread             
00000a49  G8RTOS_Launch                 
00002083  G8RTOS_ReadFIFO               
00000a6d  G8RTOS_Scheduler              
00002d71  G8RTOS_SignalSemaphore        
00003135  G8RTOS_Start                  
00002d2f  G8RTOS_WaitSemaphore          
0000210d  G8RTOS_WriteFIFO              
0000152d  GPIOD_Handler                 
00003521  GPIODirModeSet                
000014e5  GPIOE_Handler                 
0000384b  GPIOIntClear                  
00003795  GPIOIntDisable                
000037b1  GPIOIntEnable                 
00003081  GPIOIntTypeSet                
0000256d  GPIOPadConfigSet              
000031d1  GPIOPinConfigure              
00003851  GPIOPinRead                   
0000363f  GPIOPinTypeADC                
00003655  GPIOPinTypeGPIOInput          
0000360d  GPIOPinTypeGPIOOutput         
0000366b  GPIOPinTypeI2C                
00003681  GPIOPinTypeI2CSCL             
00003697  GPIOPinTypePWM                
000036ad  GPIOPinTypeSSI                
000036c3  GPIOPinTypeUART               
00003857  GPIOPinWrite                  
00001063  Gyro                          
00003833  I2CMasterBusy                 
00003869  I2CMasterControl              
0000386d  I2CMasterDataGet              
00003871  I2CMasterDataPut              
000037f7  I2CMasterEnable               
0000321d  I2CMasterInitExpClk           
0000383b  I2CMasterSlaveAddrSet         
00001da5  I2C_Init                      
00001f35  I2C_ReadMultiple              
00001e57  I2C_ReadSingle                
00001e87  I2C_WriteMultiple             
00001e21  I2C_WriteSingle               
20006628  IBit_State                    
000011bb  Idle_Thread                   
00002f55  IntEnable                     
0000354d  IntPrioritySet                
00003429  IntRegister                   
000029bb  JOYSTICK_GetPress             
000029c9  JOYSTICK_GetX                 
000029e5  JOYSTICK_GetXY                
000029d7  JOYSTICK_GetY                 
00002929  JOYSTICK_Init                 
00002985  JOYSTICK_IntEnable            
000012b9  LCDThread                     
000023f5  LaunchpadLED_Init             
000024b1  LaunchpadLED_PWMSetDuty       
0000310d  MultimodButtons_Get           
000030d9  MultimodButtons_Init          
000027f9  OPT3001_GetChipID             
0000275d  OPT3001_GetResult             
000026d9  OPT3001_Init                  
0000272f  OPT3001_ReadRegister          
000027d9  OPT3001_SetHighLimit          
000027b9  OPT3001_SetLowLimit           
000026ed  OPT3001_WriteRegister         
000010dd  Opto                          
00001289  PThread1                      
0000129f  PThread2                      
00003571  PWMGenConfigure               
000037bd  PWMGenEnable                  
0000373b  PWMGenPeriodSet               
00003729  PWMOutputState                
000035d3  PWMPulseWidthSet              
00003157  PendSV_Handler                
00001375  Read_Buttons                  
0000147d  Read_JoystickPress            
000037e1  ResetISR                      
00002255  SPI_Init                      
00002377  SPI_ReadMultiple              
000022ef  SPI_ReadSingle                
00002317  SPI_WriteMultiple             
000022d1  SPI_WriteSingle               
00003843  SSIBusy                       
0000385d  SSIClockSourceSet             
0000337d  SSIConfigSetExpClk            
000037c9  SSIDataGet                    
00003801  SSIDataPut                    
0000380b  SSIDisable                    
00003815  SSIEnable                     
0000027b  ST7789_Deselect               
00000449  ST7789_DrawHLine              
000007d9  ST7789_DrawLine               
0000076b  ST7789_DrawPixel              
000008a9  ST7789_DrawRectangle          
000003b3  ST7789_DrawVLine              
000007bd  ST7789_Fill                   
0000069b  ST7789_Init                   
000004fd  ST7789_Line                   
000002d1  ST7789_ReadRegister           
0000026d  ST7789_Select                 
00000297  ST7789_SetCommand             
00000289  ST7789_SetData                
000002e7  ST7789_SetWindow              
000002a5  ST7789_WriteCommand           
000002bb  ST7789_WriteData              
20006858  SW1Pressed                    
000011cf  SW1_Event_Handler             
000011bd  SW1_ISR                       
20006859  SW2Pressed                    
0000121b  SW2_Event_Handler             
00001209  SW2_ISR                       
00000ef9  SetInitialStack               
00003787  StartCriticalSection          
00002811  SysCtlClockGet                
00002c29  SysCtlClockSet                
00003863  SysCtlDelay                   
0000345d  SysCtlPeripheralEnable        
000033b9  SysCtlPeripheralPresent       
000033f1  SysCtlPeripheralReady         
000036d9  SysTickEnable                 
000036ed  SysTickIntEnable              
000035f1  SysTickIntRegister            
0000374d  SysTickPeriodSet              
000009cb  SysTick_Handler               
2000662c  SystemTime                    
0000381f  UARTCharGet                   
00003829  UARTCharPut                   
000032b1  UARTConfigSetExpClk           
00003595  UARTDisable                   
00003701  UARTEnable                    
00001635  UARTStdioConfig               
00003025  UART_Init                     
00001785  UARTgetc                      
000016cb  UARTgets                      
00001aa7  UARTprintf                    
000017ad  UARTvprintf                   
0000167b  UARTwrite                     
20006850  __STACK_END                   
00000200  __STACK_SIZE                  
20006850  __STACK_TOP                   
00003a80  __TI_CINIT_Base               
00003a98  __TI_CINIT_Limit              
00003a58  __TI_Handler_Table_Base       
00003a64  __TI_Handler_Table_Limit      
000032f9  __TI_auto_init_nobinit_nopinit
00002fbd  __TI_decompress_lzss          
000037a3  __TI_decompress_none          
ffffffff  __TI_pprof_out_hndl           
ffffffff  __TI_prof_data_size           
ffffffff  __TI_prof_data_start          
00000000  __TI_static_base__            
000037d5  __TI_zero_init                
00003269  __aeabi_d2iz                  
00002b2d  __aeabi_dmul                  
000034f3  __aeabi_i2d                   
000031cf  __aeabi_idiv0                 
000031cf  __aeabi_ldiv0                 
00002edb  __aeabi_memclr                
00002edb  __aeabi_memclr4               
00002edb  __aeabi_memclr8               
00002dc5  __aeabi_memcpy                
00002dc5  __aeabi_memcpy4               
00002dc5  __aeabi_memcpy8               
00002edd  __aeabi_memset                
00002edd  __aeabi_memset4               
00002edd  __aeabi_memset8               
0000333d  __aeabi_uidiv                 
0000333d  __aeabi_uidivmod              
ffffffff  __binit__                     
ffffffff  __c_args__                    
UNDEFED   __mpu_init                    
20006650  __stack                       
20000000  __start___llvm_prf_cnts       
20000000  __stop___llvm_prf_cnts        
00003491  _c_int00_noargs               
UNDEFED   _system_post_cinit            
00003875  _system_pre_init              
00003879  abort                         
2000685a  aliveCount                    
ffffffff  binit                         
20006854  data                          
0000067d  delay_ms                      
20000000  g_pfnRAMVectors               
00000000  g_pfnVectors                  
20006853  idle_count                    
20006851  joystick_y                    
20006852  kill_cube                     
00002a45  main                          
00002dc5  memcpy                        
00002ee3  memset                        
20006850  num_cubes                     
20006630  pulse_width                   
20006634  sem_I2CA                      
20006638  sem_JOY                       
2000663c  sem_MMB                       
20006640  sem_SPI                       
20006644  sem_SW1                       
20006648  sem_UART                      
00000ea1  sleep                         
00003715  strcpy                        


GLOBAL SYMBOLS: SORTED BY Symbol Address 

address   name                          
-------   ----                          
00000000  __TI_static_base__            
00000000  g_pfnVectors                  
00000200  __STACK_SIZE                  
0000026d  ST7789_Select                 
0000027b  ST7789_Deselect               
00000289  ST7789_SetData                
00000297  ST7789_SetCommand             
000002a5  ST7789_WriteCommand           
000002bb  ST7789_WriteData              
000002d1  ST7789_ReadRegister           
000002e7  ST7789_SetWindow              
000003b3  ST7789_DrawVLine              
00000449  ST7789_DrawHLine              
000004fd  ST7789_Line                   
0000067d  delay_ms                      
0000069b  ST7789_Init                   
0000076b  ST7789_DrawPixel              
000007bd  ST7789_Fill                   
000007d9  ST7789_DrawLine               
000008a9  ST7789_DrawRectangle          
000009cb  SysTick_Handler               
00000a2f  G8RTOS_Init                   
00000a49  G8RTOS_Launch                 
00000a6d  G8RTOS_Scheduler              
00000ae9  G8RTOS_AddThread              
00000cb9  G8RTOS_Add_APeriodicEvent     
00000d2d  G8RTOS_Add_PeriodicEvent      
00000de3  G8RTOS_KillThread             
00000e7d  G8RTOS_KillSelf               
00000ea1  sleep                         
00000ecb  G8RTOS_GetThreadID            
00000ed3  G8RTOS_GetNumberOfThreads     
00000ef9  SetInitialStack               
0000102d  Accel                         
00001063  Gyro                          
000010dd  Opto                          
0000113f  FIFOProducer                  
0000116b  FIFOConsumer                  
00001193  FIFOConsumer2                 
000011bb  Idle_Thread                   
000011bd  SW1_ISR                       
000011cf  SW1_Event_Handler             
00001209  SW2_ISR                       
0000121b  SW2_Event_Handler             
00001249  ChildA_Thread                 
00001269  ChildB_Thread                 
00001289  PThread1                      
0000129f  PThread2                      
000012b9  LCDThread                     
00001375  Read_Buttons                  
0000147d  Read_JoystickPress            
000014e5  GPIOE_Handler                 
0000152d  GPIOD_Handler                 
00001635  UARTStdioConfig               
0000167b  UARTwrite                     
000016cb  UARTgets                      
00001785  UARTgetc                      
000017ad  UARTvprintf                   
00001aa7  UARTprintf                    
00001add  BMI160_Init                   
00001af7  BMI160_WriteRegister          
00001b27  BMI160_ReadRegister           
00001b4b  BMI160_MultiReadRegister      
00001b73  BMI160_AccelXGetResult        
00001b97  BMI160_AccelYGetResult        
00001bbb  BMI160_AccelZGetResult        
00001bdf  BMI160_GyroXGetResult         
00001c03  BMI160_GyroYGetResult         
00001c27  BMI160_GyroZGetResult         
00001c4b  BMI160_MagXGetResult          
00001c71  BMI160_MagYGetResult          
00001c97  BMI160_MagZGetResult          
00001cbd  BMI160_AccelXYZGetResult      
00001d05  BMI160_GyroXYZGetResult       
00001d4d  BMI160_MagXYZGetResult        
00001d95  BMI160_GetDataStatus          
00001da5  I2C_Init                      
00001e21  I2C_WriteSingle               
00001e57  I2C_ReadSingle                
00001e87  I2C_WriteMultiple             
00001f35  I2C_ReadMultiple              
0000201d  G8RTOS_InitFIFO               
00002083  G8RTOS_ReadFIFO               
0000210d  G8RTOS_WriteFIFO              
00002255  SPI_Init                      
000022d1  SPI_WriteSingle               
000022ef  SPI_ReadSingle                
00002317  SPI_WriteMultiple             
00002377  SPI_ReadMultiple              
000023f5  LaunchpadLED_Init             
000024b1  LaunchpadLED_PWMSetDuty       
0000256d  GPIOPadConfigSet              
000026d9  OPT3001_Init                  
000026ed  OPT3001_WriteRegister         
0000272f  OPT3001_ReadRegister          
0000275d  OPT3001_GetResult             
000027b9  OPT3001_SetLowLimit           
000027d9  OPT3001_SetHighLimit          
000027f9  OPT3001_GetChipID             
00002811  SysCtlClockGet                
00002929  JOYSTICK_Init                 
00002985  JOYSTICK_IntEnable            
000029bb  JOYSTICK_GetPress             
000029c9  JOYSTICK_GetX                 
000029d7  JOYSTICK_GetY                 
000029e5  JOYSTICK_GetXY                
00002a45  main                          
00002b2d  __aeabi_dmul                  
00002c29  SysCtlClockSet                
00002d1d  G8RTOS_InitSemaphore          
00002d2f  G8RTOS_WaitSemaphore          
00002d71  G8RTOS_SignalSemaphore        
00002dc5  __aeabi_memcpy                
00002dc5  __aeabi_memcpy4               
00002dc5  __aeabi_memcpy8               
00002dc5  memcpy                        
00002e61  ADCSequenceStepConfigure      
00002edb  __aeabi_memclr                
00002edb  __aeabi_memclr4               
00002edb  __aeabi_memclr8               
00002edd  __aeabi_memset                
00002edd  __aeabi_memset4               
00002edd  __aeabi_memset8               
00002ee3  memset                        
00002f55  IntEnable                     
00002fbd  __TI_decompress_lzss          
00003025  UART_Init                     
00003081  GPIOIntTypeSet                
000030d9  MultimodButtons_Init          
0000310d  MultimodButtons_Get           
00003135  G8RTOS_Start                  
00003157  PendSV_Handler                
00003181  ADCSequenceConfigure          
000031cf  __aeabi_idiv0                 
000031cf  __aeabi_ldiv0                 
000031d1  GPIOPinConfigure              
0000321d  I2CMasterInitExpClk           
00003269  __aeabi_d2iz                  
000032b1  UARTConfigSetExpClk           
000032f9  __TI_auto_init_nobinit_nopinit
0000333d  __aeabi_uidiv                 
0000333d  __aeabi_uidivmod              
0000337d  SSIConfigSetExpClk            
000033b9  SysCtlPeripheralPresent       
000033f1  SysCtlPeripheralReady         
00003429  IntRegister                   
0000345d  SysCtlPeripheralEnable        
00003491  _c_int00_noargs               
000034c5  ADCIntStatus                  
000034f3  __aeabi_i2d                   
00003521  GPIODirModeSet                
0000354d  IntPrioritySet                
00003571  PWMGenConfigure               
00003595  UARTDisable                   
000035b5  ADCSequenceDataGet            
000035d3  PWMPulseWidthSet              
000035f1  SysTickIntRegister            
0000360d  GPIOPinTypeGPIOOutput         
00003627  ADCProcessorTrigger           
0000363f  GPIOPinTypeADC                
00003655  GPIOPinTypeGPIOInput          
0000366b  GPIOPinTypeI2C                
00003681  GPIOPinTypeI2CSCL             
00003697  GPIOPinTypePWM                
000036ad  GPIOPinTypeSSI                
000036c3  GPIOPinTypeUART               
000036d9  SysTickEnable                 
000036ed  SysTickIntEnable              
00003701  UARTEnable                    
00003715  strcpy                        
00003729  PWMOutputState                
0000373b  PWMGenPeriodSet               
0000374d  SysTickPeriodSet              
0000375d  ADCIntDisable                 
0000376b  ADCSequenceDisable            
00003779  ADCSequenceEnable             
00003787  StartCriticalSection          
0000378f  EndCriticalSection            
00003795  GPIOIntDisable                
000037a3  __TI_decompress_none          
000037b1  GPIOIntEnable                 
000037bd  PWMGenEnable                  
000037c9  SSIDataGet                    
000037d5  __TI_zero_init                
000037e1  ResetISR                      
000037ed  ADCIntClear                   
000037f7  I2CMasterEnable               
00003801  SSIDataPut                    
0000380b  SSIDisable                    
00003815  SSIEnable                     
0000381f  UARTCharGet                   
00003829  UARTCharPut                   
00003833  I2CMasterBusy                 
0000383b  I2CMasterSlaveAddrSet         
00003843  SSIBusy                       
0000384b  GPIOIntClear                  
00003851  GPIOPinRead                   
00003857  GPIOPinWrite                  
0000385d  SSIClockSourceSet             
00003863  SysCtlDelay                   
00003869  I2CMasterControl              
0000386d  I2CMasterDataGet              
00003871  I2CMasterDataPut              
00003875  _system_pre_init              
00003879  C$$EXIT                       
00003879  abort                         
00003a58  __TI_Handler_Table_Base       
00003a64  __TI_Handler_Table_Limit      
00003a80  __TI_CINIT_Base               
00003a98  __TI_CINIT_Limit              
20000000  __start___llvm_prf_cnts       
20000000  __stop___llvm_prf_cnts        
20000000  g_pfnRAMVectors               
20006624  CurrentlyRunningThread        
20006628  IBit_State                    
2000662c  SystemTime                    
20006630  pulse_width                   
20006634  sem_I2CA                      
20006638  sem_JOY                       
2000663c  sem_MMB                       
20006640  sem_SPI                       
20006644  sem_SW1                       
20006648  sem_UART                      
20006650  __stack                       
20006850  __STACK_END                   
20006850  __STACK_TOP                   
20006850  num_cubes                     
20006851  joystick_y                    
20006852  kill_cube                     
20006853  idle_count                    
20006854  data                          
20006858  SW1Pressed                    
20006859  SW2Pressed                    
2000685a  aliveCount                    
ffffffff  __TI_pprof_out_hndl           
ffffffff  __TI_prof_data_size           
ffffffff  __TI_prof_data_start          
ffffffff  __binit__                     
ffffffff  __c_args__                    
ffffffff  binit                         
UNDEFED   __mpu_init                    
UNDEFED   _system_post_cinit            

[242 symbols]
