******************************************************************************
                  TI ARM Linker PC v20.2.7                     
******************************************************************************
>> Linked Wed Oct 29 20:55:04 2025

OUTPUT FILE NAME:   <Lab4_F2025.out>
ENTRY POINT SYMBOL: "_c_int00_noargs"  address: 0000350d


MEMORY CONFIGURATION

         name            origin    length      used     unused   attr    fill
----------------------  --------  ---------  --------  --------  ----  --------
  FLASH                 00000000   00040000  00003b14  0003c4ec  R  X
  SRAM                  20000000   00008000  0000685d  000017a3  RW X


SEGMENT ALLOCATION MAP

run origin  load origin   length   init length attrs members
----------  ----------- ---------- ----------- ----- -------
00000000    00000000    00003b18   00003b18    r-x
  00000000    00000000    0000026c   0000026c    r-- .intvecs
  0000026c    0000026c    0000368c   0000368c    r-x .text
  000038f8    000038f8    000001dc   000001dc    r-- .const
  00003ad8    00003ad8    00000040   00000040    r-- .cinit
20000000    20000000    00006861   00000000    rw-
  20000000    20000000    0000026c   00000000    rw- .vtable
  2000026c    2000026c    000063e0   00000000    rw- .bss
  20006650    20006650    00000200   00000000    rw- .stack
  20006850    20006850    00000011   00000000    rw- .data


SECTION ALLOCATION MAP

 output                                  attributes/
section   page    origin      length       input sections
--------  ----  ----------  ----------   ----------------
.intvecs   0    00000000    0000026c     
                  00000000    0000026c     tm4c123gh6pm_startup_ccs.obj (.intvecs)

.text      0    0000026c    0000368c     
                  0000026c    00000734     multimod_ST7789.obj (.text)
                  000009a0    0000068c     G8RTOS_Scheduler.obj (.text)
                  0000102c    00000668     threads.obj (.text)
                  00001694    000004a8     uartstdio.obj (.text)
                  00001b3c    000002c8     multimod_BMI160.obj (.text)
                  00001e04    00000278     multimod_i2c.obj (.text)
                  0000207c    00000238     G8RTOS_IPC.obj (.text)
                  000022b4    000001a0     multimod_spi.obj (.text)
                  00002454    00000178     multimod_LaunchpadLED.obj (.text)
                  000025cc    0000016c     driverlib.lib : gpio.obj (.text:GPIOPadConfigSet)
                  00002738    00000138     multimod_OPT3001.obj (.text)
                  00002870    00000118     driverlib.lib : sysctl.obj (.text:SysCtlClockGet)
                  00002988    00000118     lab4_4.obj (.text)
                  00002aa0    00000108     multimod_joystick.obj (.text)
                  00002ba8    000000fc     rtsv7M4_T_le_v4SPD16_eabi.lib : fd_mul_t2.asm.obj (.text)
                  00002ca4    000000f4     driverlib.lib : sysctl.obj (.text:SysCtlClockSet)
                  00002d98    000000a8     G8RTOS_Semaphores.obj (.text)
                  00002e40    0000009c     rtsv7M4_T_le_v4SPD16_eabi.lib : memcpy_t2.asm.obj (.text)
                  00002edc    0000007a     driverlib.lib : adc.obj (.text:ADCSequenceStepConfigure)
                  00002f56    0000007a     rtsv7M4_T_le_v4SPD16_eabi.lib : memset_t2.asm.obj (.text)
                  00002fd0    00000068     driverlib.lib : interrupt.obj (.text:IntEnable)
                  00003038    00000068     rtsv7M4_T_le_v4SPD16_eabi.lib : copy_decompress_lzss.c.obj (.text:decompress:lzss:__TI_decompress_lzss)
                  000030a0    0000005c     multimod_uart.obj (.text)
                  000030fc    00000058     driverlib.lib : gpio.obj (.text:GPIOIntTypeSet)
                  00003154    00000058     multimod_buttons.obj (.text)
                  000031ac    00000050     G8RTOS_SchedulerASM.obj (.text)
                  000031fc    0000004e     driverlib.lib : adc.obj (.text:ADCSequenceConfigure)
                  0000324a    00000002     rtsv7M4_T_le_v4SPD16_eabi.lib : div0.asm.obj (.text)
                  0000324c    0000004c     driverlib.lib : gpio.obj (.text:GPIOPinConfigure)
                  00003298    0000004c                   : i2c.obj (.text:I2CMasterInitExpClk)
                  000032e4    00000048     rtsv7M4_T_le_v4SPD16_eabi.lib : fd_toi_t2.asm.obj (.text)
                  0000332c    00000046     driverlib.lib : uart.obj (.text:UARTConfigSetExpClk)
                  00003372    00000002     --HOLE-- [fill = 0]
                  00003374    00000044     rtsv7M4_T_le_v4SPD16_eabi.lib : autoinit.c.obj (.text:__TI_auto_init_nobinit_nopinit:__TI_auto_init_nobinit_nopinit)
                  000033b8    00000040                                   : u_divt2.asm.obj (.text)
                  000033f8    0000003c     driverlib.lib : ssi.obj (.text:SSIConfigSetExpClk)
                  00003434    00000038                   : sysctl.obj (.text:SysCtlPeripheralPresent)
                  0000346c    00000038                   : sysctl.obj (.text:SysCtlPeripheralReady)
                  000034a4    00000034                   : interrupt.obj (.text:IntRegister)
                  000034d8    00000034                   : sysctl.obj (.text:SysCtlPeripheralEnable)
                  0000350c    00000034     rtsv7M4_T_le_v4SPD16_eabi.lib : boot_cortex_m.c.obj (.text:_c_int00_noargs:_c_int00_noargs)
                  00003540    0000002e     driverlib.lib : adc.obj (.text:ADCIntStatus)
                  0000356e    0000002e     rtsv7M4_T_le_v4SPD16_eabi.lib : i_tofd_t2.asm.obj (.text)
                  0000359c    0000002c     driverlib.lib : gpio.obj (.text:GPIODirModeSet)
                  000035c8    00000024                   : interrupt.obj (.text:IntPrioritySet)
                  000035ec    00000022                   : pwm.obj (.text:PWMGenConfigure)
                  0000360e    00000002     --HOLE-- [fill = 0]
                  00003610    00000020                   : uart.obj (.text:UARTDisable)
                  00003630    0000001e                   : adc.obj (.text:ADCSequenceDataGet)
                  0000364e    0000001e                   : pwm.obj (.text:PWMPulseWidthSet)
                  0000366c    0000001c                   : systick.obj (.text:SysTickIntRegister)
                  00003688    0000001a                   : gpio.obj (.text:GPIOPinTypeGPIOOutput)
                  000036a2    00000018                   : adc.obj (.text:ADCProcessorTrigger)
                  000036ba    00000016                   : gpio.obj (.text:GPIOPinTypeADC)
                  000036d0    00000016                   : gpio.obj (.text:GPIOPinTypeGPIOInput)
                  000036e6    00000016                   : gpio.obj (.text:GPIOPinTypeI2C)
                  000036fc    00000016                   : gpio.obj (.text:GPIOPinTypeI2CSCL)
                  00003712    00000016                   : gpio.obj (.text:GPIOPinTypePWM)
                  00003728    00000016                   : gpio.obj (.text:GPIOPinTypeSSI)
                  0000373e    00000016                   : gpio.obj (.text:GPIOPinTypeUART)
                  00003754    00000014                   : systick.obj (.text:SysTickEnable)
                  00003768    00000014                   : systick.obj (.text:SysTickIntEnable)
                  0000377c    00000014                   : uart.obj (.text:UARTEnable)
                  00003790    00000014     rtsv7M4_T_le_v4SPD16_eabi.lib : strcpy.c.obj (.text:strcpy)
                  000037a4    00000012     driverlib.lib : pwm.obj (.text:PWMOutputState)
                  000037b6    00000010                   : pwm.obj (.text:PWMGenPeriodSet)
                  000037c6    00000002     --HOLE-- [fill = 0]
                  000037c8    00000010                   : systick.obj (.text:SysTickPeriodSet)
                  000037d8    0000000e                   : adc.obj (.text:ADCIntDisable)
                  000037e6    0000000e                   : adc.obj (.text:ADCSequenceDisable)
                  000037f4    0000000e                   : adc.obj (.text:ADCSequenceEnable)
                  00003802    0000000e     G8RTOS_CriticalSection.obj (.text)
                  00003810    0000000e     driverlib.lib : gpio.obj (.text:GPIOIntDisable)
                  0000381e    0000000e     rtsv7M4_T_le_v4SPD16_eabi.lib : copy_decompress_none.c.obj (.text:decompress:none:__TI_decompress_none)
                  0000382c    0000000c     driverlib.lib : gpio.obj (.text:GPIOIntEnable)
                  00003838    0000000c                   : pwm.obj (.text:PWMGenEnable)
                  00003844    0000000c                   : ssi.obj (.text:SSIDataGet)
                  00003850    0000000c     rtsv7M4_T_le_v4SPD16_eabi.lib : copy_zero_init.c.obj (.text:decompress:ZI:__TI_zero_init)
                  0000385c    0000000c     tm4c123gh6pm_startup_ccs.obj (.text)
                  00003868    0000000a     driverlib.lib : adc.obj (.text:ADCIntClear)
                  00003872    0000000a                   : i2c.obj (.text:I2CMasterEnable)
                  0000387c    0000000a                   : ssi.obj (.text:SSIDataPut)
                  00003886    0000000a                   : ssi.obj (.text:SSIDisable)
                  00003890    0000000a                   : ssi.obj (.text:SSIEnable)
                  0000389a    0000000a                   : uart.obj (.text:UARTCharGet)
                  000038a4    0000000a                   : uart.obj (.text:UARTCharPut)
                  000038ae    00000008                   : i2c.obj (.text:I2CMasterBusy)
                  000038b6    00000008                   : i2c.obj (.text:I2CMasterSlaveAddrSet)
                  000038be    00000008                   : ssi.obj (.text:SSIBusy)
                  000038c6    00000006                   : gpio.obj (.text:GPIOIntClear)
                  000038cc    00000006                   : gpio.obj (.text:GPIOPinRead)
                  000038d2    00000006                   : gpio.obj (.text:GPIOPinWrite)
                  000038d8    00000006                   : ssi.obj (.text:SSIClockSourceSet)
                  000038de    00000006                   : sysctl.obj (.text:SysCtlDelay)
                  000038e4    00000004                   : i2c.obj (.text:I2CMasterControl)
                  000038e8    00000004                   : i2c.obj (.text:I2CMasterDataGet)
                  000038ec    00000004                   : i2c.obj (.text:I2CMasterDataPut)
                  000038f0    00000004     rtsv7M4_T_le_v4SPD16_eabi.lib : pre_init.c.obj (.text:_system_pre_init)
                  000038f4    00000004                                   : exit.c.obj (.text:abort:abort)

.const     0    000038f8    000001dc     
                  000038f8    0000009c     driverlib.lib : interrupt.obj (.const:g_pui32Regs)
                  00003994    00000090                   : gpio.obj (.const:g_pui32GPIOBaseAddrs)
                  00003a24    0000006c                   : sysctl.obj (.const:g_pui32Xtals)
                  00003a90    00000014                   : interrupt.obj (.const:g_pui32EnRegs)
                  00003aa4    00000012     uartstdio.obj (.const:.string)
                  00003ab6    00000002     --HOLE-- [fill = 0]
                  00003ab8    0000000c     uartstdio.obj (.const:g_ui32UARTBase)
                  00003ac4    0000000c     uartstdio.obj (.const:g_ui32UARTPeriph)
                  00003ad0    00000004     uartstdio.obj (.const)

.cinit     0    00003ad8    00000040     
                  00003ad8    0000000c     (__TI_handler_table)
                  00003ae4    00000009     (.cinit..data.load) [load image, compression = lzss]
                  00003aed    00000003     --HOLE-- [fill = 0]
                  00003af0    00000008     (.cinit..bss.load) [load image, compression = zero_init]
                  00003af8    00000008     (.cinit..vtable.load) [load image, compression = zero_init]
                  00003b00    00000018     (__TI_cinit_table)

.init_array 
*          0    00000000    00000000     UNINITIALIZED

.vtable    0    20000000    0000026c     UNINITIALIZED
                  20000000    0000026c     driverlib.lib : interrupt.obj (.vtable)

.bss       0    2000026c    000063e0     UNINITIALIZED
                  2000026c    00006000     G8RTOS_Scheduler.obj (.bss:threadStacks)
                  2000626c    00000210     G8RTOS_Scheduler.obj (.bss:threadControlBlocks)
                  2000647c    00000150     G8RTOS_IPC.obj (.bss:FIFOs)
                  200065cc    00000048     G8RTOS_Scheduler.obj (.bss:ptcbs)
                  20006614    00000010     G8RTOS_Scheduler.obj (.bss)
                  20006624    00000004     (.common:CurrentlyRunningThread)
                  20006628    00000004     (.common:IBit_State)
                  2000662c    00000004     (.common:SystemTime)
                  20006630    00000004     (.common:pulse_width)
                  20006634    00000004     (.common:sem_I2CA)
                  20006638    00000004     (.common:sem_JOY)
                  2000663c    00000004     (.common:sem_MMB)
                  20006640    00000004     (.common:sem_SPI)
                  20006644    00000004     (.common:sem_SW1)
                  20006648    00000004     (.common:sem_UART)

.data      0    20006850    00000011     UNINITIALIZED
                  20006850    0000000a     threads.obj (.data)
                  2000685a    00000001     G8RTOS_Scheduler.obj (.data)
                  2000685b    00000001     --HOLE--
                  2000685c    00000005     uartstdio.obj (.data)

.stack     0    20006650    00000200     UNINITIALIZED
                  20006650    00000004     rtsv7M4_T_le_v4SPD16_eabi.lib : boot_cortex_m.c.obj (.stack)
                  20006654    000001fc     --HOLE--

__llvm_prf_cnts 
*          0    20000000    00000000     UNINITIALIZED

MODULE SUMMARY

       Module                         code    ro data   rw data
       ------                         ----    -------   -------
    .\
       threads.obj                    1640    0         10     
       uartstdio.obj                  1192    46        5      
       tm4c123gh6pm_startup_ccs.obj   12      620       0      
       lab4_4.obj                     280     0         28     
    +--+------------------------------+-------+---------+---------+
       Total:                         3124    666       43     
                                                               
    .\G8RTOS\src\
       G8RTOS_Scheduler.obj           1676    0         25201  
       G8RTOS_IPC.obj                 568     0         336    
       G8RTOS_Semaphores.obj          168     0         0      
       G8RTOS_SchedulerASM.obj        80      0         0      
       G8RTOS_CriticalSection.obj     14      0         0      
    +--+------------------------------+-------+---------+---------+
       Total:                         2506    0         25537  
                                                               
    .\MultimodDrivers\src\
       multimod_ST7789.obj            1844    0         0      
       multimod_BMI160.obj            712     0         0      
       multimod_i2c.obj               632     0         0      
       multimod_spi.obj               416     0         0      
       multimod_LaunchpadLED.obj      376     0         4      
       multimod_OPT3001.obj           312     0         0      
       multimod_joystick.obj          264     0         0      
       multimod_uart.obj              92      0         0      
       multimod_buttons.obj           88      0         0      
    +--+------------------------------+-------+---------+---------+
       Total:                         4736    0         4      
                                                               
    C:/ti/TivaWare_C_Series-2.2.0.295/driverlib/ccs/Debug/driverlib.lib
       interrupt.obj                  192     176       620    
       gpio.obj                       796     144       0      
       sysctl.obj                     694     108       0      
       adc.obj                        352     0         0      
       uart.obj                       142     0         0      
       ssi.obj                        116     0         0      
       i2c.obj                        114     0         0      
       pwm.obj                        110     0         0      
       systick.obj                    84      0         0      
    +--+------------------------------+-------+---------+---------+
       Total:                         2600    428       620    
                                                               
    C:\ti\ccs1281\ccs\tools\compiler\ti-cgt-arm_20.2.7.LTS\lib\rtsv7M4_T_le_v4SPD16_eabi.lib
       fd_mul_t2.asm.obj              252     0         0      
       memcpy_t2.asm.obj              156     0         0      
       memset_t2.asm.obj              122     0         0      
       copy_decompress_lzss.c.obj     104     0         0      
       fd_toi_t2.asm.obj              72      0         0      
       autoinit.c.obj                 68      0         0      
       u_divt2.asm.obj                64      0         0      
       boot_cortex_m.c.obj            52      0         0      
       i_tofd_t2.asm.obj              46      0         0      
       strcpy.c.obj                   20      0         0      
       copy_decompress_none.c.obj     14      0         0      
       copy_zero_init.c.obj           12      0         0      
       exit.c.obj                     4       0         0      
       pre_init.c.obj                 4       0         0      
       div0.asm.obj                   2       0         0      
    +--+------------------------------+-------+---------+---------+
       Total:                         992     0         0      
                                                               
       Stack:                         0       0         512    
       Linker Generated:              0       61        0      
    +--+------------------------------+-------+---------+---------+
       Grand Total:                   13958   1155      26716  


LINKER GENERATED COPY TABLES

__TI_cinit_table @ 00003b00 records: 3, size/record: 8, table size: 24
	.data: load addr=00003ae4, load size=00000009 bytes, run addr=20006850, run size=00000011 bytes, compression=lzss
	.bss: load addr=00003af0, load size=00000008 bytes, run addr=2000026c, run size=000063e0 bytes, compression=zero_init
	.vtable: load addr=00003af8, load size=00000008 bytes, run addr=20000000, run size=0000026c bytes, compression=zero_init


LINKER GENERATED HANDLER TABLE

__TI_handler_table @ 00003ad8 records: 3, size/record: 4, table size: 12
	index: 0, handler: __TI_zero_init
	index: 1, handler: __TI_decompress_lzss
	index: 2, handler: __TI_decompress_none


GLOBAL SYMBOLS: SORTED ALPHABETICALLY BY Name 

address   name                          
-------   ----                          
00003869  ADCIntClear                   
000037d9  ADCIntDisable                 
00003541  ADCIntStatus                  
000036a3  ADCProcessorTrigger           
000031fd  ADCSequenceConfigure          
00003631  ADCSequenceDataGet            
000037e7  ADCSequenceDisable            
000037f5  ADCSequenceEnable             
00002edd  ADCSequenceStepConfigure      
0000102d  Accel                         
00001bd3  BMI160_AccelXGetResult        
00001d1d  BMI160_AccelXYZGetResult      
00001bf7  BMI160_AccelYGetResult        
00001c1b  BMI160_AccelZGetResult        
00001df5  BMI160_GetDataStatus          
00001c3f  BMI160_GyroXGetResult         
00001d65  BMI160_GyroXYZGetResult       
00001c63  BMI160_GyroYGetResult         
00001c87  BMI160_GyroZGetResult         
00001b3d  BMI160_Init                   
00001cab  BMI160_MagXGetResult          
00001dad  BMI160_MagXYZGetResult        
00001cd1  BMI160_MagYGetResult          
00001cf7  BMI160_MagZGetResult          
00001bab  BMI160_MultiReadRegister      
00001b87  BMI160_ReadRegister           
00001b57  BMI160_WriteRegister          
000038f5  C$$EXIT                       
00001249  ChildA_Thread                 
00001269  ChildB_Thread                 
20006624  CurrentlyRunningThread        
0000380b  EndCriticalSection            
0000116b  FIFOConsumer                  
00001193  FIFOConsumer2                 
0000113f  FIFOProducer                  
00000ae9  G8RTOS_AddThread              
00000cb9  G8RTOS_Add_APeriodicEvent     
00000d2d  G8RTOS_Add_PeriodicEvent      
00000ed3  G8RTOS_GetNumberOfThreads     
00000ecb  G8RTOS_GetThreadID            
00000a2f  G8RTOS_Init                   
0000207d  G8RTOS_InitFIFO               
00002d99  G8RTOS_InitSemaphore          
00000e7d  G8RTOS_KillSelf               
00000de3  G8RTOS_KillThread             
00000a49  G8RTOS_Launch                 
000020e3  G8RTOS_ReadFIFO               
00000a6d  G8RTOS_Scheduler              
00002ded  G8RTOS_SignalSemaphore        
000031b1  G8RTOS_Start                  
00002dab  G8RTOS_WaitSemaphore          
0000216d  G8RTOS_WriteFIFO              
000015a9  GPIOD_Handler                 
0000359d  GPIODirModeSet                
0000154d  GPIOE_Handler                 
000038c7  GPIOIntClear                  
00003811  GPIOIntDisable                
0000382d  GPIOIntEnable                 
000030fd  GPIOIntTypeSet                
000025cd  GPIOPadConfigSet              
0000324d  GPIOPinConfigure              
000038cd  GPIOPinRead                   
000036bb  GPIOPinTypeADC                
000036d1  GPIOPinTypeGPIOInput          
00003689  GPIOPinTypeGPIOOutput         
000036e7  GPIOPinTypeI2C                
000036fd  GPIOPinTypeI2CSCL             
00003713  GPIOPinTypePWM                
00003729  GPIOPinTypeSSI                
0000373f  GPIOPinTypeUART               
000038d3  GPIOPinWrite                  
0000150d  Get_Joystick                  
00001063  Gyro                          
000038af  I2CMasterBusy                 
000038e5  I2CMasterControl              
000038e9  I2CMasterDataGet              
000038ed  I2CMasterDataPut              
00003873  I2CMasterEnable               
00003299  I2CMasterInitExpClk           
000038b7  I2CMasterSlaveAddrSet         
00001e05  I2C_Init                      
00001f95  I2C_ReadMultiple              
00001eb7  I2C_ReadSingle                
00001ee7  I2C_WriteMultiple             
00001e81  I2C_WriteSingle               
20006628  IBit_State                    
000011bb  Idle_Thread                   
00002fd1  IntEnable                     
000035c9  IntPrioritySet                
000034a5  IntRegister                   
00002b33  JOYSTICK_GetPress             
00002b41  JOYSTICK_GetX                 
00002b5d  JOYSTICK_GetXY                
00002b4f  JOYSTICK_GetY                 
00002aa1  JOYSTICK_Init                 
00002afd  JOYSTICK_IntEnable            
000012b9  LCDThread                     
00002455  LaunchpadLED_Init             
00002511  LaunchpadLED_PWMSetDuty       
00003189  MultimodButtons_Get           
00003155  MultimodButtons_Init          
00002859  OPT3001_GetChipID             
000027bd  OPT3001_GetResult             
00002739  OPT3001_Init                  
0000278f  OPT3001_ReadRegister          
00002839  OPT3001_SetHighLimit          
00002819  OPT3001_SetLowLimit           
0000274d  OPT3001_WriteRegister         
000010dd  Opto                          
00001289  PThread1                      
0000129f  PThread2                      
000035ed  PWMGenConfigure               
00003839  PWMGenEnable                  
000037b7  PWMGenPeriodSet               
000037a5  PWMOutputState                
0000364f  PWMPulseWidthSet              
000031d3  PendSV_Handler                
00001375  Read_Buttons                  
0000147d  Read_JoystickPress            
0000385d  ResetISR                      
000022b5  SPI_Init                      
000023d7  SPI_ReadMultiple              
0000234f  SPI_ReadSingle                
00002377  SPI_WriteMultiple             
00002331  SPI_WriteSingle               
000038bf  SSIBusy                       
000038d9  SSIClockSourceSet             
000033f9  SSIConfigSetExpClk            
00003845  SSIDataGet                    
0000387d  SSIDataPut                    
00003887  SSIDisable                    
00003891  SSIEnable                     
0000027b  ST7789_Deselect               
00000449  ST7789_DrawHLine              
000007d9  ST7789_DrawLine               
0000076b  ST7789_DrawPixel              
000008a9  ST7789_DrawRectangle          
000003b3  ST7789_DrawVLine              
000007bd  ST7789_Fill                   
0000069b  ST7789_Init                   
000004fd  ST7789_Line                   
000002d1  ST7789_ReadRegister           
0000026d  ST7789_Select                 
00000297  ST7789_SetCommand             
00000289  ST7789_SetData                
000002e7  ST7789_SetWindow              
000002a5  ST7789_WriteCommand           
000002bb  ST7789_WriteData              
20006858  SW1Pressed                    
000011cf  SW1_Event_Handler             
000011bd  SW1_ISR                       
20006859  SW2Pressed                    
0000121b  SW2_Event_Handler             
00001209  SW2_ISR                       
00000ef9  SetInitialStack               
00003803  StartCriticalSection          
00002871  SysCtlClockGet                
00002ca5  SysCtlClockSet                
000038df  SysCtlDelay                   
000034d9  SysCtlPeripheralEnable        
00003435  SysCtlPeripheralPresent       
0000346d  SysCtlPeripheralReady         
00003755  SysTickEnable                 
00003769  SysTickIntEnable              
0000366d  SysTickIntRegister            
000037c9  SysTickPeriodSet              
000009cb  SysTick_Handler               
2000662c  SystemTime                    
0000389b  UARTCharGet                   
000038a5  UARTCharPut                   
0000332d  UARTConfigSetExpClk           
00003611  UARTDisable                   
0000377d  UARTEnable                    
00001695  UARTStdioConfig               
000030a1  UART_Init                     
000017e5  UARTgetc                      
0000172b  UARTgets                      
00001b07  UARTprintf                    
0000180d  UARTvprintf                   
000016db  UARTwrite                     
20006850  __STACK_END                   
00000200  __STACK_SIZE                  
20006850  __STACK_TOP                   
00003b00  __TI_CINIT_Base               
00003b18  __TI_CINIT_Limit              
00003ad8  __TI_Handler_Table_Base       
00003ae4  __TI_Handler_Table_Limit      
00003375  __TI_auto_init_nobinit_nopinit
00003039  __TI_decompress_lzss          
0000381f  __TI_decompress_none          
ffffffff  __TI_pprof_out_hndl           
ffffffff  __TI_prof_data_size           
ffffffff  __TI_prof_data_start          
00000000  __TI_static_base__            
00003851  __TI_zero_init                
000032e5  __aeabi_d2iz                  
00002ba9  __aeabi_dmul                  
0000356f  __aeabi_i2d                   
0000324b  __aeabi_idiv0                 
0000324b  __aeabi_ldiv0                 
00002f57  __aeabi_memclr                
00002f57  __aeabi_memclr4               
00002f57  __aeabi_memclr8               
00002e41  __aeabi_memcpy                
00002e41  __aeabi_memcpy4               
00002e41  __aeabi_memcpy8               
00002f59  __aeabi_memset                
00002f59  __aeabi_memset4               
00002f59  __aeabi_memset8               
000033b9  __aeabi_uidiv                 
000033b9  __aeabi_uidivmod              
ffffffff  __binit__                     
ffffffff  __c_args__                    
UNDEFED   __mpu_init                    
20006650  __stack                       
20000000  __start___llvm_prf_cnts       
20000000  __stop___llvm_prf_cnts        
0000350d  _c_int00_noargs               
UNDEFED   _system_post_cinit            
000038f1  _system_pre_init              
000038f5  abort                         
2000685a  aliveCount                    
ffffffff  binit                         
20006854  data                          
0000067d  delay_ms                      
20000000  g_pfnRAMVectors               
00000000  g_pfnVectors                  
20006853  idle_count                    
20006851  joystick_y                    
20006852  kill_cube                     
0000299d  main                          
00002e41  memcpy                        
00002f5f  memset                        
20006850  num_cubes                     
20006630  pulse_width                   
20006634  sem_I2CA                      
20006638  sem_JOY                       
2000663c  sem_MMB                       
20006640  sem_SPI                       
20006644  sem_SW1                       
20006648  sem_UART                      
00000ea1  sleep                         
00003791  strcpy                        


GLOBAL SYMBOLS: SORTED BY Symbol Address 

address   name                          
-------   ----                          
00000000  __TI_static_base__            
00000000  g_pfnVectors                  
00000200  __STACK_SIZE                  
0000026d  ST7789_Select                 
0000027b  ST7789_Deselect               
00000289  ST7789_SetData                
00000297  ST7789_SetCommand             
000002a5  ST7789_WriteCommand           
000002bb  ST7789_WriteData              
000002d1  ST7789_ReadRegister           
000002e7  ST7789_SetWindow              
000003b3  ST7789_DrawVLine              
00000449  ST7789_DrawHLine              
000004fd  ST7789_Line                   
0000067d  delay_ms                      
0000069b  ST7789_Init                   
0000076b  ST7789_DrawPixel              
000007bd  ST7789_Fill                   
000007d9  ST7789_DrawLine               
000008a9  ST7789_DrawRectangle          
000009cb  SysTick_Handler               
00000a2f  G8RTOS_Init                   
00000a49  G8RTOS_Launch                 
00000a6d  G8RTOS_Scheduler              
00000ae9  G8RTOS_AddThread              
00000cb9  G8RTOS_Add_APeriodicEvent     
00000d2d  G8RTOS_Add_PeriodicEvent      
00000de3  G8RTOS_KillThread             
00000e7d  G8RTOS_KillSelf               
00000ea1  sleep                         
00000ecb  G8RTOS_GetThreadID            
00000ed3  G8RTOS_GetNumberOfThreads     
00000ef9  SetInitialStack               
0000102d  Accel                         
00001063  Gyro                          
000010dd  Opto                          
0000113f  FIFOProducer                  
0000116b  FIFOConsumer                  
00001193  FIFOConsumer2                 
000011bb  Idle_Thread                   
000011bd  SW1_ISR                       
000011cf  SW1_Event_Handler             
00001209  SW2_ISR                       
0000121b  SW2_Event_Handler             
00001249  ChildA_Thread                 
00001269  ChildB_Thread                 
00001289  PThread1                      
0000129f  PThread2                      
000012b9  LCDThread                     
00001375  Read_Buttons                  
0000147d  Read_JoystickPress            
0000150d  Get_Joystick                  
0000154d  GPIOE_Handler                 
000015a9  GPIOD_Handler                 
00001695  UARTStdioConfig               
000016db  UARTwrite                     
0000172b  UARTgets                      
000017e5  UARTgetc                      
0000180d  UARTvprintf                   
00001b07  UARTprintf                    
00001b3d  BMI160_Init                   
00001b57  BMI160_WriteRegister          
00001b87  BMI160_ReadRegister           
00001bab  BMI160_MultiReadRegister      
00001bd3  BMI160_AccelXGetResult        
00001bf7  BMI160_AccelYGetResult        
00001c1b  BMI160_AccelZGetResult        
00001c3f  BMI160_GyroXGetResult         
00001c63  BMI160_GyroYGetResult         
00001c87  BMI160_GyroZGetResult         
00001cab  BMI160_MagXGetResult          
00001cd1  BMI160_MagYGetResult          
00001cf7  BMI160_MagZGetResult          
00001d1d  BMI160_AccelXYZGetResult      
00001d65  BMI160_GyroXYZGetResult       
00001dad  BMI160_MagXYZGetResult        
00001df5  BMI160_GetDataStatus          
00001e05  I2C_Init                      
00001e81  I2C_WriteSingle               
00001eb7  I2C_ReadSingle                
00001ee7  I2C_WriteMultiple             
00001f95  I2C_ReadMultiple              
0000207d  G8RTOS_InitFIFO               
000020e3  G8RTOS_ReadFIFO               
0000216d  G8RTOS_WriteFIFO              
000022b5  SPI_Init                      
00002331  SPI_WriteSingle               
0000234f  SPI_ReadSingle                
00002377  SPI_WriteMultiple             
000023d7  SPI_ReadMultiple              
00002455  LaunchpadLED_Init             
00002511  LaunchpadLED_PWMSetDuty       
000025cd  GPIOPadConfigSet              
00002739  OPT3001_Init                  
0000274d  OPT3001_WriteRegister         
0000278f  OPT3001_ReadRegister          
000027bd  OPT3001_GetResult             
00002819  OPT3001_SetLowLimit           
00002839  OPT3001_SetHighLimit          
00002859  OPT3001_GetChipID             
00002871  SysCtlClockGet                
0000299d  main                          
00002aa1  JOYSTICK_Init                 
00002afd  JOYSTICK_IntEnable            
00002b33  JOYSTICK_GetPress             
00002b41  JOYSTICK_GetX                 
00002b4f  JOYSTICK_GetY                 
00002b5d  JOYSTICK_GetXY                
00002ba9  __aeabi_dmul                  
00002ca5  SysCtlClockSet                
00002d99  G8RTOS_InitSemaphore          
00002dab  G8RTOS_WaitSemaphore          
00002ded  G8RTOS_SignalSemaphore        
00002e41  __aeabi_memcpy                
00002e41  __aeabi_memcpy4               
00002e41  __aeabi_memcpy8               
00002e41  memcpy                        
00002edd  ADCSequenceStepConfigure      
00002f57  __aeabi_memclr                
00002f57  __aeabi_memclr4               
00002f57  __aeabi_memclr8               
00002f59  __aeabi_memset                
00002f59  __aeabi_memset4               
00002f59  __aeabi_memset8               
00002f5f  memset                        
00002fd1  IntEnable                     
00003039  __TI_decompress_lzss          
000030a1  UART_Init                     
000030fd  GPIOIntTypeSet                
00003155  MultimodButtons_Init          
00003189  MultimodButtons_Get           
000031b1  G8RTOS_Start                  
000031d3  PendSV_Handler                
000031fd  ADCSequenceConfigure          
0000324b  __aeabi_idiv0                 
0000324b  __aeabi_ldiv0                 
0000324d  GPIOPinConfigure              
00003299  I2CMasterInitExpClk           
000032e5  __aeabi_d2iz                  
0000332d  UARTConfigSetExpClk           
00003375  __TI_auto_init_nobinit_nopinit
000033b9  __aeabi_uidiv                 
000033b9  __aeabi_uidivmod              
000033f9  SSIConfigSetExpClk            
00003435  SysCtlPeripheralPresent       
0000346d  SysCtlPeripheralReady         
000034a5  IntRegister                   
000034d9  SysCtlPeripheralEnable        
0000350d  _c_int00_noargs               
00003541  ADCIntStatus                  
0000356f  __aeabi_i2d                   
0000359d  GPIODirModeSet                
000035c9  IntPrioritySet                
000035ed  PWMGenConfigure               
00003611  UARTDisable                   
00003631  ADCSequenceDataGet            
0000364f  PWMPulseWidthSet              
0000366d  SysTickIntRegister            
00003689  GPIOPinTypeGPIOOutput         
000036a3  ADCProcessorTrigger           
000036bb  GPIOPinTypeADC                
000036d1  GPIOPinTypeGPIOInput          
000036e7  GPIOPinTypeI2C                
000036fd  GPIOPinTypeI2CSCL             
00003713  GPIOPinTypePWM                
00003729  GPIOPinTypeSSI                
0000373f  GPIOPinTypeUART               
00003755  SysTickEnable                 
00003769  SysTickIntEnable              
0000377d  UARTEnable                    
00003791  strcpy                        
000037a5  PWMOutputState                
000037b7  PWMGenPeriodSet               
000037c9  SysTickPeriodSet              
000037d9  ADCIntDisable                 
000037e7  ADCSequenceDisable            
000037f5  ADCSequenceEnable             
00003803  StartCriticalSection          
0000380b  EndCriticalSection            
00003811  GPIOIntDisable                
0000381f  __TI_decompress_none          
0000382d  GPIOIntEnable                 
00003839  PWMGenEnable                  
00003845  SSIDataGet                    
00003851  __TI_zero_init                
0000385d  ResetISR                      
00003869  ADCIntClear                   
00003873  I2CMasterEnable               
0000387d  SSIDataPut                    
00003887  SSIDisable                    
00003891  SSIEnable                     
0000389b  UARTCharGet                   
000038a5  UARTCharPut                   
000038af  I2CMasterBusy                 
000038b7  I2CMasterSlaveAddrSet         
000038bf  SSIBusy                       
000038c7  GPIOIntClear                  
000038cd  GPIOPinRead                   
000038d3  GPIOPinWrite                  
000038d9  SSIClockSourceSet             
000038df  SysCtlDelay                   
000038e5  I2CMasterControl              
000038e9  I2CMasterDataGet              
000038ed  I2CMasterDataPut              
000038f1  _system_pre_init              
000038f5  C$$EXIT                       
000038f5  abort                         
00003ad8  __TI_Handler_Table_Base       
00003ae4  __TI_Handler_Table_Limit      
00003b00  __TI_CINIT_Base               
00003b18  __TI_CINIT_Limit              
20000000  __start___llvm_prf_cnts       
20000000  __stop___llvm_prf_cnts        
20000000  g_pfnRAMVectors               
20006624  CurrentlyRunningThread        
20006628  IBit_State                    
2000662c  SystemTime                    
20006630  pulse_width                   
20006634  sem_I2CA                      
20006638  sem_JOY                       
2000663c  sem_MMB                       
20006640  sem_SPI                       
20006644  sem_SW1                       
20006648  sem_UART                      
20006650  __stack                       
20006850  __STACK_END                   
20006850  __STACK_TOP                   
20006850  num_cubes                     
20006851  joystick_y                    
20006852  kill_cube                     
20006853  idle_count                    
20006854  data                          
20006858  SW1Pressed                    
20006859  SW2Pressed                    
2000685a  aliveCount                    
ffffffff  __TI_pprof_out_hndl           
ffffffff  __TI_prof_data_size           
ffffffff  __TI_prof_data_start          
ffffffff  __binit__                     
ffffffff  __c_args__                    
ffffffff  binit                         
UNDEFED   __mpu_init                    
UNDEFED   _system_post_cinit            

[243 symbols]
