******************************************************************************
                  TI ARM Linker PC v20.2.7                     
******************************************************************************
>> Linked Tue Oct 21 01:47:26 2025

OUTPUT FILE NAME:   <Lab4_F2025.out>
ENTRY POINT SYMBOL: "_c_int00_noargs"  address: 000028c5


MEMORY CONFIGURATION

         name            origin    length      used     unused   attr    fill
----------------------  --------  ---------  --------  --------  ----  --------
  FLASH                 00000000   00040000  00002df4  0003d20c  R  X
  SRAM                  20000000   00008000  000066e9  00001917  RW X


SEGMENT ALLOCATION MAP

run origin  load origin   length   init length attrs members
----------  ----------- ---------- ----------- ----- -------
00000000    00000000    00002df8   00002df8    r-x
  00000000    00000000    0000026c   0000026c    r-- .intvecs
  0000026c    0000026c    00002980   00002980    r-x .text
  00002bec    00002bec    000001c8   000001c8    r-- .const
  00002db8    00002db8    00000040   00000040    r-- .cinit
20000000    20000000    000066ed   00000000    rw-
  20000000    20000000    0000026c   00000000    rw- .vtable
  2000026c    2000026c    00006278   00000000    rw- .bss
  200064e8    200064e8    00000200   00000000    rw- .stack
  200066e8    200066e8    00000005   00000000    rw- .data


SECTION ALLOCATION MAP

 output                                  attributes/
section   page    origin      length       input sections
--------  ----  ----------  ----------   ----------------
.intvecs   0    00000000    0000026c     
                  00000000    0000026c     tm4c123gh6pm_startup_ccs.obj (.intvecs)

.text      0    0000026c    00002980     
                  0000026c    00000734     multimod_ST7789.obj (.text)
                  000009a0    000004a8     uartstdio.obj (.text)
                  00000e48    00000404     G8RTOS_Scheduler.obj (.text)
                  0000124c    000002c8     multimod_BMI160.obj (.text)
                  00001514    00000270     multimod_i2c.obj (.text)
                  00001784    000001a0     multimod_spi.obj (.text)
                  00001924    0000019c     threads.obj (.text)
                  00001ac0    0000016c     driverlib.lib : gpio.obj (.text:GPIOPadConfigSet)
                  00001c2c    0000016c     multimod_LaunchpadLED.obj (.text)
                  00001d98    00000138     multimod_OPT3001.obj (.text)
                  00001ed0    00000118     driverlib.lib : sysctl.obj (.text:SysCtlClockGet)
                  00001fe8    000000fc     rtsv7M4_T_le_v4SPD16_eabi.lib : fd_mul_t2.asm.obj (.text)
                  000020e4    000000f4     driverlib.lib : sysctl.obj (.text:SysCtlClockSet)
                  000021d8    000000e8     lab4_1.obj (.text)
                  000022c0    000000a4     G8RTOS_Semaphores.obj (.text)
                  00002364    0000009c     rtsv7M4_T_le_v4SPD16_eabi.lib : memcpy_t2.asm.obj (.text)
                  00002400    0000007a                                   : memset_t2.asm.obj (.text)
                  0000247a    00000002                                   : div0.asm.obj (.text)
                  0000247c    00000074     multimod_LaunchpadButtons.obj (.text)
                  000024f0    00000068     rtsv7M4_T_le_v4SPD16_eabi.lib : copy_decompress_lzss.c.obj (.text:decompress:lzss:__TI_decompress_lzss)
                  00002558    0000005c     multimod_uart.obj (.text)
                  000025b4    00000050     G8RTOS_SchedulerASM.obj (.text)
                  00002604    0000004c     driverlib.lib : gpio.obj (.text:GPIOPinConfigure)
                  00002650    0000004c                   : i2c.obj (.text:I2CMasterInitExpClk)
                  0000269c    00000048     rtsv7M4_T_le_v4SPD16_eabi.lib : fd_toi_t2.asm.obj (.text)
                  000026e4    00000046     driverlib.lib : uart.obj (.text:UARTConfigSetExpClk)
                  0000272a    00000002     --HOLE-- [fill = 0]
                  0000272c    00000044     rtsv7M4_T_le_v4SPD16_eabi.lib : autoinit.c.obj (.text:__TI_auto_init_nobinit_nopinit:__TI_auto_init_nobinit_nopinit)
                  00002770    00000040                                   : u_divt2.asm.obj (.text)
                  000027b0    0000003c     driverlib.lib : ssi.obj (.text:SSIConfigSetExpClk)
                  000027ec    00000038                   : sysctl.obj (.text:SysCtlPeripheralPresent)
                  00002824    00000038                   : sysctl.obj (.text:SysCtlPeripheralReady)
                  0000285c    00000034                   : interrupt.obj (.text:IntRegister)
                  00002890    00000034                   : sysctl.obj (.text:SysCtlPeripheralEnable)
                  000028c4    00000034     rtsv7M4_T_le_v4SPD16_eabi.lib : boot_cortex_m.c.obj (.text:_c_int00_noargs:_c_int00_noargs)
                  000028f8    0000002e                                   : i_tofd_t2.asm.obj (.text)
                  00002926    0000002c     driverlib.lib : gpio.obj (.text:GPIODirModeSet)
                  00002952    00000002     --HOLE-- [fill = 0]
                  00002954    00000024                   : interrupt.obj (.text:IntPrioritySet)
                  00002978    00000022                   : pwm.obj (.text:PWMGenConfigure)
                  0000299a    00000002     --HOLE-- [fill = 0]
                  0000299c    00000020                   : uart.obj (.text:UARTDisable)
                  000029bc    0000001e                   : pwm.obj (.text:PWMPulseWidthSet)
                  000029da    00000002     --HOLE-- [fill = 0]
                  000029dc    0000001c                   : systick.obj (.text:SysTickIntRegister)
                  000029f8    0000001a                   : gpio.obj (.text:GPIOPinTypeGPIOOutput)
                  00002a12    00000002     --HOLE-- [fill = 0]
                  00002a14    00000018                   : gpio.obj (.text:GPIOUnlockPin)
                  00002a2c    00000016                   : gpio.obj (.text:GPIOPinTypeGPIOInput)
                  00002a42    00000016                   : gpio.obj (.text:GPIOPinTypeI2C)
                  00002a58    00000016                   : gpio.obj (.text:GPIOPinTypeI2CSCL)
                  00002a6e    00000016                   : gpio.obj (.text:GPIOPinTypePWM)
                  00002a84    00000016                   : gpio.obj (.text:GPIOPinTypeSSI)
                  00002a9a    00000016                   : gpio.obj (.text:GPIOPinTypeUART)
                  00002ab0    00000014                   : systick.obj (.text:SysTickEnable)
                  00002ac4    00000014                   : systick.obj (.text:SysTickIntEnable)
                  00002ad8    00000014                   : uart.obj (.text:UARTEnable)
                  00002aec    00000012                   : pwm.obj (.text:PWMOutputState)
                  00002afe    00000010                   : pwm.obj (.text:PWMGenPeriodSet)
                  00002b0e    00000002     --HOLE-- [fill = 0]
                  00002b10    00000010                   : systick.obj (.text:SysTickPeriodSet)
                  00002b20    0000000e     G8RTOS_CriticalSection.obj (.text)
                  00002b2e    0000000e     rtsv7M4_T_le_v4SPD16_eabi.lib : copy_decompress_none.c.obj (.text:decompress:none:__TI_decompress_none)
                  00002b3c    0000000c     driverlib.lib : pwm.obj (.text:PWMGenEnable)
                  00002b48    0000000c                   : ssi.obj (.text:SSIDataGet)
                  00002b54    0000000c     rtsv7M4_T_le_v4SPD16_eabi.lib : copy_zero_init.c.obj (.text:decompress:ZI:__TI_zero_init)
                  00002b60    0000000c     tm4c123gh6pm_startup_ccs.obj (.text)
                  00002b6c    0000000a     driverlib.lib : i2c.obj (.text:I2CMasterEnable)
                  00002b76    0000000a                   : ssi.obj (.text:SSIDataPut)
                  00002b80    0000000a                   : ssi.obj (.text:SSIDisable)
                  00002b8a    0000000a                   : ssi.obj (.text:SSIEnable)
                  00002b94    0000000a                   : uart.obj (.text:UARTCharGet)
                  00002b9e    0000000a                   : uart.obj (.text:UARTCharPut)
                  00002ba8    00000008                   : i2c.obj (.text:I2CMasterBusy)
                  00002bb0    00000008                   : i2c.obj (.text:I2CMasterSlaveAddrSet)
                  00002bb8    00000008                   : ssi.obj (.text:SSIBusy)
                  00002bc0    00000006                   : gpio.obj (.text:GPIOPinRead)
                  00002bc6    00000006                   : gpio.obj (.text:GPIOPinWrite)
                  00002bcc    00000006                   : ssi.obj (.text:SSIClockSourceSet)
                  00002bd2    00000006                   : sysctl.obj (.text:SysCtlDelay)
                  00002bd8    00000004                   : i2c.obj (.text:I2CMasterControl)
                  00002bdc    00000004                   : i2c.obj (.text:I2CMasterDataGet)
                  00002be0    00000004                   : i2c.obj (.text:I2CMasterDataPut)
                  00002be4    00000004     rtsv7M4_T_le_v4SPD16_eabi.lib : pre_init.c.obj (.text:_system_pre_init)
                  00002be8    00000004                                   : exit.c.obj (.text:abort:abort)

.const     0    00002bec    000001c8     
                  00002bec    0000009c     driverlib.lib : interrupt.obj (.const:g_pui32Regs)
                  00002c88    00000090                   : gpio.obj (.const:g_pui32GPIOBaseAddrs)
                  00002d18    0000006c                   : sysctl.obj (.const:g_pui32Xtals)
                  00002d84    00000012     uartstdio.obj (.const:.string)
                  00002d96    00000002     --HOLE-- [fill = 0]
                  00002d98    0000000c     uartstdio.obj (.const:g_ui32UARTBase)
                  00002da4    0000000c     uartstdio.obj (.const:g_ui32UARTPeriph)
                  00002db0    00000004     uartstdio.obj (.const)

.cinit     0    00002db8    00000040     
                  00002db8    0000000c     (__TI_handler_table)
                  00002dc4    00000004     --HOLE-- [fill = 0]
                  00002dc8    00000008     (.cinit..bss.load) [load image, compression = zero_init]
                  00002dd0    00000008     (.cinit..vtable.load) [load image, compression = zero_init]
                  00002dd8    00000007     (.cinit..data.load) [load image, compression = lzss]
                  00002ddf    00000001     --HOLE-- [fill = 0]
                  00002de0    00000018     (__TI_cinit_table)

.init_array 
*          0    00000000    00000000     UNINITIALIZED

.vtable    0    20000000    0000026c     UNINITIALIZED
                  20000000    0000026c     driverlib.lib : interrupt.obj (.vtable)

.bss       0    2000026c    00006278     UNINITIALIZED
                  2000026c    00006000     G8RTOS_Scheduler.obj (.bss:threadStacks)
                  2000626c    00000210     G8RTOS_Scheduler.obj (.bss:threadControlBlocks)
                  2000647c    00000048     G8RTOS_Scheduler.obj (.bss:pthreadControlBlocks)
                  200064c4    00000008     G8RTOS_Scheduler.obj (.bss)
                  200064cc    00000004     (.common:CurrentlyRunningThread)
                  200064d0    00000004     (.common:IBit_State)
                  200064d4    00000004     (.common:SystemTime)
                  200064d8    00000004     (.common:pulse_width)
                  200064dc    00000004     (.common:sem_I2CA)
                  200064e0    00000004     (.common:sem_UART)

.data      0    200066e8    00000005     UNINITIALIZED
                  200066e8    00000005     uartstdio.obj (.data)

.stack     0    200064e8    00000200     UNINITIALIZED
                  200064e8    00000004     rtsv7M4_T_le_v4SPD16_eabi.lib : boot_cortex_m.c.obj (.stack)
                  200064ec    000001fc     --HOLE--

__llvm_prf_cnts 
*          0    20000000    00000000     UNINITIALIZED

MODULE SUMMARY

       Module                          code    ro data   rw data
       ------                          ----    -------   -------
    .\
       uartstdio.obj                   1192    46        5      
       tm4c123gh6pm_startup_ccs.obj    12      620       0      
       threads.obj                     412     0         0      
       lab4_1.obj                      232     0         12     
    +--+-------------------------------+-------+---------+---------+
       Total:                          1848    666       17     
                                                                
    .\G8RTOS\
       G8RTOS_Scheduler.obj            1028    0         25192  
       G8RTOS_Semaphores.obj           164     0         0      
       G8RTOS_SchedulerASM.obj         80      0         0      
       G8RTOS_CriticalSection.obj      14      0         0      
    +--+-------------------------------+-------+---------+---------+
       Total:                          1286    0         25192  
                                                                
    .\MultimodDrivers\src\
       multimod_ST7789.obj             1844    0         0      
       multimod_BMI160.obj             712     0         0      
       multimod_i2c.obj                624     0         0      
       multimod_spi.obj                416     0         0      
       multimod_LaunchpadLED.obj       364     0         4      
       multimod_OPT3001.obj            312     0         0      
       multimod_LaunchpadButtons.obj   116     0         0      
       multimod_uart.obj               92      0         0      
    +--+-------------------------------+-------+---------+---------+
       Total:                          4480    0         4      
                                                                
    C:/ti/TivaWare_C_Series-2.2.0.295/driverlib/ccs/Debug/driverlib.lib
       interrupt.obj                   88      156       620    
       gpio.obj                        678     144       0      
       sysctl.obj                      694     108       0      
       uart.obj                        142     0         0      
       ssi.obj                         116     0         0      
       i2c.obj                         114     0         0      
       pwm.obj                         110     0         0      
       systick.obj                     84      0         0      
    +--+-------------------------------+-------+---------+---------+
       Total:                          2026    408       620    
                                                                
    C:\ti\ccs1281\ccs\tools\compiler\ti-cgt-arm_20.2.7.LTS\lib\rtsv7M4_T_le_v4SPD16_eabi.lib
       fd_mul_t2.asm.obj               252     0         0      
       memcpy_t2.asm.obj               156     0         0      
       memset_t2.asm.obj               122     0         0      
       copy_decompress_lzss.c.obj      104     0         0      
       fd_toi_t2.asm.obj               72      0         0      
       autoinit.c.obj                  68      0         0      
       u_divt2.asm.obj                 64      0         0      
       boot_cortex_m.c.obj             52      0         0      
       i_tofd_t2.asm.obj               46      0         0      
       copy_decompress_none.c.obj      14      0         0      
       copy_zero_init.c.obj            12      0         0      
       exit.c.obj                      4       0         0      
       pre_init.c.obj                  4       0         0      
       div0.asm.obj                    2       0         0      
    +--+-------------------------------+-------+---------+---------+
       Total:                          972     0         0      
                                                                
       Stack:                          0       0         512    
       Linker Generated:               0       59        0      
    +--+-------------------------------+-------+---------+---------+
       Grand Total:                    10612   1133      26345  


LINKER GENERATED COPY TABLES

__TI_cinit_table @ 00002de0 records: 3, size/record: 8, table size: 24
	.bss: load addr=00002dc8, load size=00000008 bytes, run addr=2000026c, run size=00006278 bytes, compression=zero_init
	.vtable: load addr=00002dd0, load size=00000008 bytes, run addr=20000000, run size=0000026c bytes, compression=zero_init
	.data: load addr=00002dd8, load size=00000007 bytes, run addr=200066e8, run size=00000005 bytes, compression=lzss


LINKER GENERATED HANDLER TABLE

__TI_handler_table @ 00002db8 records: 3, size/record: 4, table size: 12
	index: 0, handler: __TI_zero_init
	index: 1, handler: __TI_decompress_lzss
	index: 2, handler: __TI_decompress_none


GLOBAL SYMBOLS: SORTED ALPHABETICALLY BY Name 

address   name                          
-------   ----                          
000012e3  BMI160_AccelXGetResult        
0000142d  BMI160_AccelXYZGetResult      
00001307  BMI160_AccelYGetResult        
0000132b  BMI160_AccelZGetResult        
00001505  BMI160_GetDataStatus          
0000134f  BMI160_GyroXGetResult         
00001475  BMI160_GyroXYZGetResult       
00001373  BMI160_GyroYGetResult         
00001397  BMI160_GyroZGetResult         
0000124d  BMI160_Init                   
000013bb  BMI160_MagXGetResult          
000014bd  BMI160_MagXYZGetResult        
000013e1  BMI160_MagYGetResult          
00001407  BMI160_MagZGetResult          
000012bb  BMI160_MultiReadRegister      
00001297  BMI160_ReadRegister           
00001267  BMI160_WriteRegister          
00002be9  C$$EXIT                       
200064cc  CurrentlyRunningThread        
00002b29  EndCriticalSection            
00000fb3  G8RTOS_AddThread              
00001097  G8RTOS_Add_APeriodicEvent     
000010a7  G8RTOS_Add_PeriodicEvent      
000010f7  G8RTOS_GetNumberOfThreads     
000010ef  G8RTOS_GetThreadID            
00000ec5  G8RTOS_Init                   
000022c1  G8RTOS_InitSemaphore          
000010c3  G8RTOS_KillSelf               
000010b5  G8RTOS_KillThread             
00000f19  G8RTOS_Launch                 
00000f3d  G8RTOS_Scheduler              
00002313  G8RTOS_SignalSemaphore        
000025b9  G8RTOS_Start                  
000022d3  G8RTOS_WaitSemaphore          
00002927  GPIODirModeSet                
00001ac1  GPIOPadConfigSet              
00002605  GPIOPinConfigure              
00002bc1  GPIOPinRead                   
00002a2d  GPIOPinTypeGPIOInput          
000029f9  GPIOPinTypeGPIOOutput         
00002a43  GPIOPinTypeI2C                
00002a59  GPIOPinTypeI2CSCL             
00002a6f  GPIOPinTypePWM                
00002a85  GPIOPinTypeSSI                
00002a9b  GPIOPinTypeUART               
00002bc7  GPIOPinWrite                  
00002a15  GPIOUnlockPin                 
00002ba9  I2CMasterBusy                 
00002bd9  I2CMasterControl              
00002bdd  I2CMasterDataGet              
00002be1  I2CMasterDataPut              
00002b6d  I2CMasterEnable               
00002651  I2CMasterInitExpClk           
00002bb1  I2CMasterSlaveAddrSet         
00001515  I2C_Init                      
000016a5  I2C_ReadMultiple              
000015c7  I2C_ReadSingle                
000015f7  I2C_WriteMultiple             
00001591  I2C_WriteSingle               
200064d0  IBit_State                    
00001a67  Idle_Thread                   
00002955  IntPrioritySet                
0000285d  IntRegister                   
0000247d  LaunchpadButtons_Init         
000024a9  LaunchpadButtons_ReadSW1      
000024c9  LaunchpadButtons_ReadSW2      
00001c2d  LaunchpadLED_Init             
00001ce9  LaunchpadLED_PWMSetDuty       
00001eb9  OPT3001_GetChipID             
00001e1d  OPT3001_GetResult             
00001d99  OPT3001_Init                  
00001def  OPT3001_ReadRegister          
00001e99  OPT3001_SetHighLimit          
00001e79  OPT3001_SetLowLimit           
00001dad  OPT3001_WriteRegister         
00002979  PWMGenConfigure               
00002b3d  PWMGenEnable                  
00002aff  PWMGenPeriodSet               
00002aed  PWMOutputState                
000029bd  PWMPulseWidthSet              
000025db  PendSV_Handler                
00002b61  ResetISR                      
00001785  SPI_Init                      
000018a7  SPI_ReadMultiple              
0000181f  SPI_ReadSingle                
00001847  SPI_WriteMultiple             
00001801  SPI_WriteSingle               
00002bb9  SSIBusy                       
00002bcd  SSIClockSourceSet             
000027b1  SSIConfigSetExpClk            
00002b49  SSIDataGet                    
00002b77  SSIDataPut                    
00002b81  SSIDisable                    
00002b8b  SSIEnable                     
0000027b  ST7789_Deselect               
00000449  ST7789_DrawHLine              
000007d9  ST7789_DrawLine               
0000076b  ST7789_DrawPixel              
000008a9  ST7789_DrawRectangle          
000003b3  ST7789_DrawVLine              
000007bd  ST7789_Fill                   
0000069b  ST7789_Init                   
000004fd  ST7789_Line                   
000002d1  ST7789_ReadRegister           
0000026d  ST7789_Select                 
00000297  ST7789_SetCommand             
00000289  ST7789_SetData                
000002e7  ST7789_SetWindow              
000002a5  ST7789_WriteCommand           
000002bb  ST7789_WriteData              
00001121  SetInitialStack               
00002b21  StartCriticalSection          
00001ed1  SysCtlClockGet                
000020e5  SysCtlClockSet                
00002bd3  SysCtlDelay                   
00002891  SysCtlPeripheralEnable        
000027ed  SysCtlPeripheralPresent       
00002825  SysCtlPeripheralReady         
00002ab1  SysTickEnable                 
00002ac5  SysTickIntEnable              
000029dd  SysTickIntRegister            
00002b11  SysTickPeriodSet              
00000e73  SysTick_Handler               
200064d4  SystemTime                    
00001925  Thread0                       
00001985  Thread1                       
000019e5  Thread2                       
00001a23  Thread3                       
00001a45  Thread4                       
00002b95  UARTCharGet                   
00002b9f  UARTCharPut                   
000026e5  UARTConfigSetExpClk           
0000299d  UARTDisable                   
00002ad9  UARTEnable                    
000009a1  UARTStdioConfig               
00002559  UART_Init                     
00000af1  UARTgetc                      
00000a37  UARTgets                      
00000e13  UARTprintf                    
00000b19  UARTvprintf                   
000009e7  UARTwrite                     
200066e8  __STACK_END                   
00000200  __STACK_SIZE                  
200066e8  __STACK_TOP                   
00002de0  __TI_CINIT_Base               
00002df8  __TI_CINIT_Limit              
00002db8  __TI_Handler_Table_Base       
00002dc4  __TI_Handler_Table_Limit      
0000272d  __TI_auto_init_nobinit_nopinit
000024f1  __TI_decompress_lzss          
00002b2f  __TI_decompress_none          
ffffffff  __TI_pprof_out_hndl           
ffffffff  __TI_prof_data_size           
ffffffff  __TI_prof_data_start          
00000000  __TI_static_base__            
00002b55  __TI_zero_init                
0000269d  __aeabi_d2iz                  
00001fe9  __aeabi_dmul                  
000028f9  __aeabi_i2d                   
0000247b  __aeabi_idiv0                 
0000247b  __aeabi_ldiv0                 
00002401  __aeabi_memclr                
00002401  __aeabi_memclr4               
00002401  __aeabi_memclr8               
00002365  __aeabi_memcpy                
00002365  __aeabi_memcpy4               
00002365  __aeabi_memcpy8               
00002403  __aeabi_memset                
00002403  __aeabi_memset4               
00002403  __aeabi_memset8               
00002771  __aeabi_uidiv                 
00002771  __aeabi_uidivmod              
ffffffff  __binit__                     
ffffffff  __c_args__                    
UNDEFED   __mpu_init                    
200064e8  __stack                       
20000000  __start___llvm_prf_cnts       
20000000  __stop___llvm_prf_cnts        
000028c5  _c_int00_noargs               
UNDEFED   _system_post_cinit            
00002be5  _system_pre_init              
00002be9  abort                         
ffffffff  binit                         
0000067d  delay_ms                      
20000000  g_pfnRAMVectors               
00000000  g_pfnVectors                  
000021f5  main                          
00002365  memcpy                        
00002409  memset                        
200064d8  pulse_width                   
200064dc  sem_I2CA                      
200064e0  sem_UART                      
000010c5  sleep                         


GLOBAL SYMBOLS: SORTED BY Symbol Address 

address   name                          
-------   ----                          
00000000  __TI_static_base__            
00000000  g_pfnVectors                  
00000200  __STACK_SIZE                  
0000026d  ST7789_Select                 
0000027b  ST7789_Deselect               
00000289  ST7789_SetData                
00000297  ST7789_SetCommand             
000002a5  ST7789_WriteCommand           
000002bb  ST7789_WriteData              
000002d1  ST7789_ReadRegister           
000002e7  ST7789_SetWindow              
000003b3  ST7789_DrawVLine              
00000449  ST7789_DrawHLine              
000004fd  ST7789_Line                   
0000067d  delay_ms                      
0000069b  ST7789_Init                   
0000076b  ST7789_DrawPixel              
000007bd  ST7789_Fill                   
000007d9  ST7789_DrawLine               
000008a9  ST7789_DrawRectangle          
000009a1  UARTStdioConfig               
000009e7  UARTwrite                     
00000a37  UARTgets                      
00000af1  UARTgetc                      
00000b19  UARTvprintf                   
00000e13  UARTprintf                    
00000e73  SysTick_Handler               
00000ec5  G8RTOS_Init                   
00000f19  G8RTOS_Launch                 
00000f3d  G8RTOS_Scheduler              
00000fb3  G8RTOS_AddThread              
00001097  G8RTOS_Add_APeriodicEvent     
000010a7  G8RTOS_Add_PeriodicEvent      
000010b5  G8RTOS_KillThread             
000010c3  G8RTOS_KillSelf               
000010c5  sleep                         
000010ef  G8RTOS_GetThreadID            
000010f7  G8RTOS_GetNumberOfThreads     
00001121  SetInitialStack               
0000124d  BMI160_Init                   
00001267  BMI160_WriteRegister          
00001297  BMI160_ReadRegister           
000012bb  BMI160_MultiReadRegister      
000012e3  BMI160_AccelXGetResult        
00001307  BMI160_AccelYGetResult        
0000132b  BMI160_AccelZGetResult        
0000134f  BMI160_GyroXGetResult         
00001373  BMI160_GyroYGetResult         
00001397  BMI160_GyroZGetResult         
000013bb  BMI160_MagXGetResult          
000013e1  BMI160_MagYGetResult          
00001407  BMI160_MagZGetResult          
0000142d  BMI160_AccelXYZGetResult      
00001475  BMI160_GyroXYZGetResult       
000014bd  BMI160_MagXYZGetResult        
00001505  BMI160_GetDataStatus          
00001515  I2C_Init                      
00001591  I2C_WriteSingle               
000015c7  I2C_ReadSingle                
000015f7  I2C_WriteMultiple             
000016a5  I2C_ReadMultiple              
00001785  SPI_Init                      
00001801  SPI_WriteSingle               
0000181f  SPI_ReadSingle                
00001847  SPI_WriteMultiple             
000018a7  SPI_ReadMultiple              
00001925  Thread0                       
00001985  Thread1                       
000019e5  Thread2                       
00001a23  Thread3                       
00001a45  Thread4                       
00001a67  Idle_Thread                   
00001ac1  GPIOPadConfigSet              
00001c2d  LaunchpadLED_Init             
00001ce9  LaunchpadLED_PWMSetDuty       
00001d99  OPT3001_Init                  
00001dad  OPT3001_WriteRegister         
00001def  OPT3001_ReadRegister          
00001e1d  OPT3001_GetResult             
00001e79  OPT3001_SetLowLimit           
00001e99  OPT3001_SetHighLimit          
00001eb9  OPT3001_GetChipID             
00001ed1  SysCtlClockGet                
00001fe9  __aeabi_dmul                  
000020e5  SysCtlClockSet                
000021f5  main                          
000022c1  G8RTOS_InitSemaphore          
000022d3  G8RTOS_WaitSemaphore          
00002313  G8RTOS_SignalSemaphore        
00002365  __aeabi_memcpy                
00002365  __aeabi_memcpy4               
00002365  __aeabi_memcpy8               
00002365  memcpy                        
00002401  __aeabi_memclr                
00002401  __aeabi_memclr4               
00002401  __aeabi_memclr8               
00002403  __aeabi_memset                
00002403  __aeabi_memset4               
00002403  __aeabi_memset8               
00002409  memset                        
0000247b  __aeabi_idiv0                 
0000247b  __aeabi_ldiv0                 
0000247d  LaunchpadButtons_Init         
000024a9  LaunchpadButtons_ReadSW1      
000024c9  LaunchpadButtons_ReadSW2      
000024f1  __TI_decompress_lzss          
00002559  UART_Init                     
000025b9  G8RTOS_Start                  
000025db  PendSV_Handler                
00002605  GPIOPinConfigure              
00002651  I2CMasterInitExpClk           
0000269d  __aeabi_d2iz                  
000026e5  UARTConfigSetExpClk           
0000272d  __TI_auto_init_nobinit_nopinit
00002771  __aeabi_uidiv                 
00002771  __aeabi_uidivmod              
000027b1  SSIConfigSetExpClk            
000027ed  SysCtlPeripheralPresent       
00002825  SysCtlPeripheralReady         
0000285d  IntRegister                   
00002891  SysCtlPeripheralEnable        
000028c5  _c_int00_noargs               
000028f9  __aeabi_i2d                   
00002927  GPIODirModeSet                
00002955  IntPrioritySet                
00002979  PWMGenConfigure               
0000299d  UARTDisable                   
000029bd  PWMPulseWidthSet              
000029dd  SysTickIntRegister            
000029f9  GPIOPinTypeGPIOOutput         
00002a15  GPIOUnlockPin                 
00002a2d  GPIOPinTypeGPIOInput          
00002a43  GPIOPinTypeI2C                
00002a59  GPIOPinTypeI2CSCL             
00002a6f  GPIOPinTypePWM                
00002a85  GPIOPinTypeSSI                
00002a9b  GPIOPinTypeUART               
00002ab1  SysTickEnable                 
00002ac5  SysTickIntEnable              
00002ad9  UARTEnable                    
00002aed  PWMOutputState                
00002aff  PWMGenPeriodSet               
00002b11  SysTickPeriodSet              
00002b21  StartCriticalSection          
00002b29  EndCriticalSection            
00002b2f  __TI_decompress_none          
00002b3d  PWMGenEnable                  
00002b49  SSIDataGet                    
00002b55  __TI_zero_init                
00002b61  ResetISR                      
00002b6d  I2CMasterEnable               
00002b77  SSIDataPut                    
00002b81  SSIDisable                    
00002b8b  SSIEnable                     
00002b95  UARTCharGet                   
00002b9f  UARTCharPut                   
00002ba9  I2CMasterBusy                 
00002bb1  I2CMasterSlaveAddrSet         
00002bb9  SSIBusy                       
00002bc1  GPIOPinRead                   
00002bc7  GPIOPinWrite                  
00002bcd  SSIClockSourceSet             
00002bd3  SysCtlDelay                   
00002bd9  I2CMasterControl              
00002bdd  I2CMasterDataGet              
00002be1  I2CMasterDataPut              
00002be5  _system_pre_init              
00002be9  C$$EXIT                       
00002be9  abort                         
00002db8  __TI_Handler_Table_Base       
00002dc4  __TI_Handler_Table_Limit      
00002de0  __TI_CINIT_Base               
00002df8  __TI_CINIT_Limit              
20000000  __start___llvm_prf_cnts       
20000000  __stop___llvm_prf_cnts        
20000000  g_pfnRAMVectors               
200064cc  CurrentlyRunningThread        
200064d0  IBit_State                    
200064d4  SystemTime                    
200064d8  pulse_width                   
200064dc  sem_I2CA                      
200064e0  sem_UART                      
200064e8  __stack                       
200066e8  __STACK_END                   
200066e8  __STACK_TOP                   
ffffffff  __TI_pprof_out_hndl           
ffffffff  __TI_prof_data_size           
ffffffff  __TI_prof_data_start          
ffffffff  __binit__                     
ffffffff  __c_args__                    
ffffffff  binit                         
UNDEFED   __mpu_init                    
UNDEFED   _system_post_cinit            

[193 symbols]
