******************************************************************************
                  TI ARM Linker PC v20.2.7                     
******************************************************************************
>> Linked Wed Nov  5 18:43:34 2025

OUTPUT FILE NAME:   <Lab4_F2025.out>
ENTRY POINT SYMBOL: "_c_int00_noargs"  address: 00004bc9


MEMORY CONFIGURATION

         name            origin    length      used     unused   attr    fill
----------------------  --------  ---------  --------  --------  ----  --------
  FLASH                 00000000   00040000  00005286  0003ad7a  R  X
  SRAM                  20000000   00008000  000068d4  0000172c  RW X


SEGMENT ALLOCATION MAP

run origin  load origin   length   init length attrs members
----------  ----------- ---------- ----------- ----- -------
00000000    00000000    00005288   00005288    r-x
  00000000    00000000    0000026c   0000026c    r-- .intvecs
  0000026c    0000026c    00004dc6   00004dc6    r-x .text
  00005034    00005034    000001f4   000001f4    r-- .const
  00005228    00005228    00000060   00000060    r-- .cinit
20000000    20000000    000068d4   00000000    rw-
  20000000    20000000    0000026c   00000000    rw- .vtable
  2000026c    2000026c    000063fc   00000000    rw- .bss
  20006668    20006668    00000200   00000000    rw- .stack
  20006868    20006868    0000006c   00000000    rw- .data


SECTION ALLOCATION MAP

 output                                  attributes/
section   page    origin      length       input sections
--------  ----  ----------  ----------   ----------------
.intvecs   0    00000000    0000026c     
                  00000000    0000026c     tm4c123gh6pm_startup_ccs.obj (.intvecs)

.text      0    0000026c    00004dc6     
                  0000026c    00000cf8     threads.obj (.text)
                  00000f64    00000734     multimod_ST7789.obj (.text)
                  00001698    000006c0     G8RTOS_Scheduler.obj (.text)
                  00001d58    0000058c     rtsv7M4_T_le_v4SPD16_eabi.lib : e_powf.c.obj (.text:powf)
                  000022e4    000004a8     uartstdio.obj (.text)
                  0000278c    00000338     quaternions.obj (.text)
                  00002ac4    000002c8     multimod_BMI160.obj (.text)
                  00002d8c    00000294     linalg.obj (.text)
                  00003020    00000278     multimod_i2c.obj (.text)
                  00003298    00000268     cube.obj (.text)
                  00003500    00000238     G8RTOS_IPC.obj (.text)
                  00003738    000001a0     multimod_spi.obj (.text)
                  000038d8    00000178     multimod_LaunchpadLED.obj (.text)
                  00003a50    0000016c     driverlib.lib : gpio.obj (.text:GPIOPadConfigSet)
                  00003bbc    00000138     multimod_OPT3001.obj (.text)
                  00003cf4    00000118     driverlib.lib : sysctl.obj (.text:SysCtlClockGet)
                  00003e0c    00000108     multimod_joystick.obj (.text)
                  00003f14    000000fc     rtsv7M4_T_le_v4SPD16_eabi.lib : fd_mul_t2.asm.obj (.text)
                  00004010    000000f4     driverlib.lib : sysctl.obj (.text:SysCtlClockSet)
                  00004104    000000f0     snake_threads.obj (.text)
                  000041f4    000000d0     rtsv7M4_T_le_v4SPD16_eabi.lib : s_scalbnf.c.obj (.text:scalbnf)
                  000042c4    000000c0     lab4_snake.obj (.text)
                  00004384    000000a8     G8RTOS_Semaphores.obj (.text)
                  0000442c    0000009c     rtsv7M4_T_le_v4SPD16_eabi.lib : memcpy_t2.asm.obj (.text)
                  000044c8    00000086                                   : fd_cmp_t2.asm.obj (.text:__aeabi_cdcmple)
                  0000454e    0000007a     driverlib.lib : adc.obj (.text:ADCSequenceStepConfigure)
                  000045c8    0000007a     rtsv7M4_T_le_v4SPD16_eabi.lib : memset_t2.asm.obj (.text)
                  00004642    00000002                                   : _lock.c.obj (.text:_nop)
                  00004644    00000068     driverlib.lib : interrupt.obj (.text:IntEnable)
                  000046ac    00000068     rtsv7M4_T_le_v4SPD16_eabi.lib : copy_decompress_lzss.c.obj (.text:decompress:lzss:__TI_decompress_lzss)
                  00004714    00000068     multimod_buttons.obj (.text)
                  0000477c    0000005c     multimod_uart.obj (.text)
                  000047d8    00000058     driverlib.lib : gpio.obj (.text:GPIOIntTypeSet)
                  00004830    00000050     G8RTOS_SchedulerASM.obj (.text)
                  00004880    0000004e     driverlib.lib : adc.obj (.text:ADCSequenceConfigure)
                  000048ce    00000002     rtsv7M4_T_le_v4SPD16_eabi.lib : div0.asm.obj (.text)
                  000048d0    0000004c     driverlib.lib : gpio.obj (.text:GPIOPinConfigure)
                  0000491c    0000004c                   : i2c.obj (.text:I2CMasterInitExpClk)
                  00004968    00000048     rtsv7M4_T_le_v4SPD16_eabi.lib : fd_toi_t2.asm.obj (.text)
                  000049b0    00000046     driverlib.lib : uart.obj (.text:UARTConfigSetExpClk)
                  000049f6    00000002     --HOLE-- [fill = 0]
                  000049f8    00000044     rtsv7M4_T_le_v4SPD16_eabi.lib : autoinit.c.obj (.text:__TI_auto_init_nobinit_nopinit:__TI_auto_init_nobinit_nopinit)
                  00004a3c    00000040                                   : u_divt2.asm.obj (.text)
                  00004a7c    0000003c     driverlib.lib : ssi.obj (.text:SSIConfigSetExpClk)
                  00004ab8    00000038                   : sysctl.obj (.text:SysCtlPeripheralPresent)
                  00004af0    00000038                   : sysctl.obj (.text:SysCtlPeripheralReady)
                  00004b28    00000038     rtsv7M4_T_le_v4SPD16_eabi.lib : fs_tod_t2.asm.obj (.text)
                  00004b60    00000034     driverlib.lib : interrupt.obj (.text:IntRegister)
                  00004b94    00000034                   : sysctl.obj (.text:SysCtlPeripheralEnable)
                  00004bc8    00000034     rtsv7M4_T_le_v4SPD16_eabi.lib : boot_cortex_m.c.obj (.text:_c_int00_noargs:_c_int00_noargs)
                  00004bfc    00000034                                   : rand.c.obj (.text:rand)
                  00004c30    0000002e     driverlib.lib : adc.obj (.text:ADCIntStatus)
                  00004c5e    0000002e     rtsv7M4_T_le_v4SPD16_eabi.lib : i_tofd_t2.asm.obj (.text)
                  00004c8c    0000002c     driverlib.lib : gpio.obj (.text:GPIODirModeSet)
                  00004cb8    00000028     rtsv7M4_T_le_v4SPD16_eabi.lib : e_sqrtf.c.obj (.text:sqrtf)
                  00004ce0    00000024     driverlib.lib : interrupt.obj (.text:IntPrioritySet)
                  00004d04    00000022                   : pwm.obj (.text:PWMGenConfigure)
                  00004d26    00000002     --HOLE-- [fill = 0]
                  00004d28    00000020                   : uart.obj (.text:UARTDisable)
                  00004d48    0000001e                   : adc.obj (.text:ADCSequenceDataGet)
                  00004d66    0000001e                   : pwm.obj (.text:PWMPulseWidthSet)
                  00004d84    0000001c                   : systick.obj (.text:SysTickIntRegister)
                  00004da0    0000001a                   : gpio.obj (.text:GPIOPinTypeGPIOOutput)
                  00004dba    00000018                   : adc.obj (.text:ADCProcessorTrigger)
                  00004dd2    00000018     rtsv7M4_T_le_v4SPD16_eabi.lib : s_copysignf.c.obj (.text:copysignf)
                  00004dea    00000016     driverlib.lib : gpio.obj (.text:GPIOPinTypeADC)
                  00004e00    00000016                   : gpio.obj (.text:GPIOPinTypeGPIOInput)
                  00004e16    00000016                   : gpio.obj (.text:GPIOPinTypeI2C)
                  00004e2c    00000016                   : gpio.obj (.text:GPIOPinTypeI2CSCL)
                  00004e42    00000016                   : gpio.obj (.text:GPIOPinTypePWM)
                  00004e58    00000016                   : gpio.obj (.text:GPIOPinTypeSSI)
                  00004e6e    00000016                   : gpio.obj (.text:GPIOPinTypeUART)
                  00004e84    00000014                   : systick.obj (.text:SysTickEnable)
                  00004e98    00000014                   : systick.obj (.text:SysTickIntEnable)
                  00004eac    00000014                   : uart.obj (.text:UARTEnable)
                  00004ec0    00000014     rtsv7M4_T_le_v4SPD16_eabi.lib : strcpy.c.obj (.text:strcpy)
                  00004ed4    00000012     driverlib.lib : pwm.obj (.text:PWMOutputState)
                  00004ee6    00000010                   : pwm.obj (.text:PWMGenPeriodSet)
                  00004ef6    00000002     --HOLE-- [fill = 0]
                  00004ef8    00000010                   : systick.obj (.text:SysTickPeriodSet)
                  00004f08    0000000e                   : adc.obj (.text:ADCIntDisable)
                  00004f16    0000000e                   : adc.obj (.text:ADCSequenceDisable)
                  00004f24    0000000e                   : adc.obj (.text:ADCSequenceEnable)
                  00004f32    0000000e     G8RTOS_CriticalSection.obj (.text)
                  00004f40    0000000e     driverlib.lib : gpio.obj (.text:GPIOIntDisable)
                  00004f4e    0000000e     rtsv7M4_T_le_v4SPD16_eabi.lib : copy_decompress_none.c.obj (.text:decompress:none:__TI_decompress_none)
                  00004f5c    0000000c     driverlib.lib : gpio.obj (.text:GPIOIntEnable)
                  00004f68    0000000c                   : pwm.obj (.text:PWMGenEnable)
                  00004f74    0000000c                   : ssi.obj (.text:SSIDataGet)
                  00004f80    0000000c     rtsv7M4_T_le_v4SPD16_eabi.lib : copy_zero_init.c.obj (.text:decompress:ZI:__TI_zero_init)
                  00004f8c    0000000c     tm4c123gh6pm_startup_ccs.obj (.text)
                  00004f98    0000000a     driverlib.lib : adc.obj (.text:ADCIntClear)
                  00004fa2    0000000a                   : i2c.obj (.text:I2CMasterEnable)
                  00004fac    0000000a                   : ssi.obj (.text:SSIDataPut)
                  00004fb6    0000000a                   : ssi.obj (.text:SSIDisable)
                  00004fc0    0000000a                   : ssi.obj (.text:SSIEnable)
                  00004fca    0000000a                   : uart.obj (.text:UARTCharGet)
                  00004fd4    0000000a                   : uart.obj (.text:UARTCharPut)
                  00004fde    00000008                   : i2c.obj (.text:I2CMasterBusy)
                  00004fe6    00000008                   : i2c.obj (.text:I2CMasterSlaveAddrSet)
                  00004fee    00000008                   : ssi.obj (.text:SSIBusy)
                  00004ff6    00000002     --HOLE-- [fill = 0]
                  00004ff8    00000008     rtsv7M4_T_le_v4SPD16_eabi.lib : errno.c.obj (.text:__aeabi_errno_addr)
                  00005000    00000006     driverlib.lib : gpio.obj (.text:GPIOIntClear)
                  00005006    00000006                   : gpio.obj (.text:GPIOPinRead)
                  0000500c    00000006                   : gpio.obj (.text:GPIOPinWrite)
                  00005012    00000006                   : ssi.obj (.text:SSIClockSourceSet)
                  00005018    00000006                   : sysctl.obj (.text:SysCtlDelay)
                  0000501e    00000004                   : i2c.obj (.text:I2CMasterControl)
                  00005022    00000004                   : i2c.obj (.text:I2CMasterDataGet)
                  00005026    00000004                   : i2c.obj (.text:I2CMasterDataPut)
                  0000502a    00000004     rtsv7M4_T_le_v4SPD16_eabi.lib : pre_init.c.obj (.text:_system_pre_init)
                  0000502e    00000004                                   : exit.c.obj (.text:abort:abort)

.const     0    00005034    000001f4     
                  00005034    0000009c     driverlib.lib : interrupt.obj (.const:g_pui32Regs)
                  000050d0    00000090                   : gpio.obj (.const:g_pui32GPIOBaseAddrs)
                  00005160    0000006c                   : sysctl.obj (.const:g_pui32Xtals)
                  000051cc    00000018     rtsv7M4_T_le_v4SPD16_eabi.lib : e_powf.c.obj (.const:$O1$$)
                  000051e4    00000014     driverlib.lib : interrupt.obj (.const:g_pui32EnRegs)
                  000051f8    00000012     uartstdio.obj (.const:.string)
                  0000520a    00000002     --HOLE-- [fill = 0]
                  0000520c    0000000c     uartstdio.obj (.const:g_ui32UARTBase)
                  00005218    0000000c     uartstdio.obj (.const:g_ui32UARTPeriph)
                  00005224    00000004     uartstdio.obj (.const)

.cinit     0    00005228    00000060     
                  00005228    0000002a     (.cinit..data.load) [load image, compression = lzss]
                  00005252    00000002     --HOLE-- [fill = 0]
                  00005254    0000000c     (__TI_handler_table)
                  00005260    00000008     (.cinit..bss.load) [load image, compression = zero_init]
                  00005268    00000008     (.cinit..vtable.load) [load image, compression = zero_init]
                  00005270    00000018     (__TI_cinit_table)

.init_array 
*          0    00000000    00000000     UNINITIALIZED

.vtable    0    20000000    0000026c     UNINITIALIZED
                  20000000    0000026c     driverlib.lib : interrupt.obj (.vtable)

.bss       0    2000026c    000063fc     UNINITIALIZED
                  2000026c    00006000     G8RTOS_Scheduler.obj (.bss:threadStacks)
                  2000626c    00000210     G8RTOS_Scheduler.obj (.bss:threadControlBlocks)
                  2000647c    00000150     G8RTOS_IPC.obj (.bss:FIFOs)
                  200065cc    00000048     G8RTOS_Scheduler.obj (.bss:ptcbs)
                  20006614    00000010     G8RTOS_Scheduler.obj (.bss)
                  20006624    00000010     (.common:world_camera_frame_rot_offset)
                  20006634    00000006     (.common:square)
                  2000663a    00000002     --HOLE--
                  2000663c    00000004     (.common:CurrentlyRunningThread)
                  20006640    00000004     (.common:IBit_State)
                  20006644    00000004     (.common:SystemTime)
                  20006648    00000004     (.common:pulse_width)
                  2000664c    00000004     (.common:sem_I2CA)
                  20006650    00000004     (.common:sem_JOY)
                  20006654    00000004     (.common:sem_KillCube)
                  20006658    00000004     (.common:sem_PCA9555)
                  2000665c    00000004     (.common:sem_SPI)
                  20006660    00000004     (.common:sem_SW1)
                  20006664    00000004     (.common:sem_UART)

.data      0    20006868    0000006c     UNINITIALIZED
                  20006868    00000012     threads.obj (.data)
                  2000687a    00000001     G8RTOS_Scheduler.obj (.data)
                  2000687b    00000001     snake_threads.obj (.data)
                  2000687c    00000010     threads.obj (.data:world_camera_frame_offset)
                  2000688c    00000010     threads.obj (.data:world_camera_pos)
                  2000689c    00000010     threads.obj (.data:world_view_rot)
                  200068ac    00000010     threads.obj (.data:world_view_rot_inverse)
                  200068bc    00000008     rtsv7M4_T_le_v4SPD16_eabi.lib : _lock.c.obj (.data:$O1$$)
                  200068c4    00000005     uartstdio.obj (.data)
                  200068c9    00000003     --HOLE--
                  200068cc    00000004     rtsv7M4_T_le_v4SPD16_eabi.lib : errno.c.obj (.data)
                  200068d0    00000004                                   : rand.c.obj (.data)

.stack     0    20006668    00000200     UNINITIALIZED
                  20006668    00000004     rtsv7M4_T_le_v4SPD16_eabi.lib : boot_cortex_m.c.obj (.stack)
                  2000666c    000001fc     --HOLE--

__llvm_prf_cnts 
*          0    20000000    00000000     UNINITIALIZED

MODULE SUMMARY

       Module                         code    ro data   rw data
       ------                         ----    -------   -------
    .\
       threads.obj                    3320    0         98     
       uartstdio.obj                  1192    46        5      
       tm4c123gh6pm_startup_ccs.obj   12      620       0      
       lab4_snake.obj                 192     0         32     
    +--+------------------------------+-------+---------+---------+
       Total:                         4716    666       135    
                                                               
    .\G8RTOS\src\
       G8RTOS_Scheduler.obj           1728    0         25201  
       G8RTOS_IPC.obj                 568     0         336    
       G8RTOS_Semaphores.obj          168     0         0      
       G8RTOS_SchedulerASM.obj        80      0         0      
       G8RTOS_CriticalSection.obj     14      0         0      
    +--+------------------------------+-------+---------+---------+
       Total:                         2558    0         25537  
                                                               
    .\MiscFunctions\LinAlg\src\
       quaternions.obj                824     0         0      
       linalg.obj                     660     0         0      
    +--+------------------------------+-------+---------+---------+
       Total:                         1484    0         0      
                                                               
    .\MiscFunctions\Shapes\src\
       cube.obj                       616     0         0      
    +--+------------------------------+-------+---------+---------+
       Total:                         616     0         0      
                                                               
    .\MultimodDrivers\src\
       multimod_ST7789.obj            1844    0         0      
       multimod_BMI160.obj            712     0         0      
       multimod_i2c.obj               632     0         0      
       multimod_spi.obj               416     0         0      
       multimod_LaunchpadLED.obj      376     0         4      
       multimod_OPT3001.obj           312     0         0      
       multimod_joystick.obj          264     0         0      
       multimod_buttons.obj           104     0         0      
       multimod_uart.obj              92      0         0      
    +--+------------------------------+-------+---------+---------+
       Total:                         4752    0         4      
                                                               
    .\Quiz_Practice\
       snake_threads.obj              240     0         7      
    +--+------------------------------+-------+---------+---------+
       Total:                         240     0         7      
                                                               
    C:/ti/TivaWare_C_Series-2.2.0.295/driverlib/ccs/Debug/driverlib.lib
       interrupt.obj                  192     176       620    
       gpio.obj                       796     144       0      
       sysctl.obj                     694     108       0      
       adc.obj                        352     0         0      
       uart.obj                       142     0         0      
       ssi.obj                        116     0         0      
       i2c.obj                        114     0         0      
       pwm.obj                        110     0         0      
       systick.obj                    84      0         0      
    +--+------------------------------+-------+---------+---------+
       Total:                         2600    428       620    
                                                               
    C:\ti\ccs1281\ccs\tools\compiler\ti-cgt-arm_20.2.7.LTS\lib\rtsv7M4_T_le_v4SPD16_eabi.lib
       e_powf.c.obj                   1420    24        0      
       fd_mul_t2.asm.obj              252     0         0      
       s_scalbnf.c.obj                208     0         0      
       memcpy_t2.asm.obj              156     0         0      
       fd_cmp_t2.asm.obj              134     0         0      
       memset_t2.asm.obj              122     0         0      
       copy_decompress_lzss.c.obj     104     0         0      
       fd_toi_t2.asm.obj              72      0         0      
       autoinit.c.obj                 68      0         0      
       u_divt2.asm.obj                64      0         0      
       fs_tod_t2.asm.obj              56      0         0      
       rand.c.obj                     52      0         4      
       boot_cortex_m.c.obj            52      0         0      
       i_tofd_t2.asm.obj              46      0         0      
       e_sqrtf.c.obj                  40      0         0      
       s_copysignf.c.obj              24      0         0      
       strcpy.c.obj                   20      0         0      
       copy_decompress_none.c.obj     14      0         0      
       copy_zero_init.c.obj           12      0         0      
       errno.c.obj                    8       0         4      
       _lock.c.obj                    2       0         8      
       exit.c.obj                     4       0         0      
       pre_init.c.obj                 4       0         0      
       div0.asm.obj                   2       0         0      
    +--+------------------------------+-------+---------+---------+
       Total:                         2936    24        16     
                                                               
       Stack:                         0       0         512    
       Linker Generated:              0       94        0      
    +--+------------------------------+-------+---------+---------+
       Grand Total:                   19902   1212      26831  


LINKER GENERATED COPY TABLES

__TI_cinit_table @ 00005270 records: 3, size/record: 8, table size: 24
	.data: load addr=00005228, load size=0000002a bytes, run addr=20006868, run size=0000006c bytes, compression=lzss
	.bss: load addr=00005260, load size=00000008 bytes, run addr=2000026c, run size=000063fc bytes, compression=zero_init
	.vtable: load addr=00005268, load size=00000008 bytes, run addr=20000000, run size=0000026c bytes, compression=zero_init


LINKER GENERATED HANDLER TABLE

__TI_handler_table @ 00005254 records: 3, size/record: 4, table size: 12
	index: 0, handler: __TI_zero_init
	index: 1, handler: __TI_decompress_lzss
	index: 2, handler: __TI_decompress_none


GLOBAL SYMBOLS: SORTED ALPHABETICALLY BY Name 

address   name                          
-------   ----                          
00004f99  ADCIntClear                   
00004f09  ADCIntDisable                 
00004c31  ADCIntStatus                  
00004dbb  ADCProcessorTrigger           
00004881  ADCSequenceConfigure          
00004d49  ADCSequenceDataGet            
00004f17  ADCSequenceDisable            
00004f25  ADCSequenceEnable             
0000454f  ADCSequenceStepConfigure      
00000a69  Accel                         
00002b5b  BMI160_AccelXGetResult        
00002ca5  BMI160_AccelXYZGetResult      
00002b7f  BMI160_AccelYGetResult        
00002ba3  BMI160_AccelZGetResult        
00002d7d  BMI160_GetDataStatus          
00002bc7  BMI160_GyroXGetResult         
00002ced  BMI160_GyroXYZGetResult       
00002beb  BMI160_GyroYGetResult         
00002c0f  BMI160_GyroZGetResult         
00002ac5  BMI160_Init                   
00002c33  BMI160_MagXGetResult          
00002d35  BMI160_MagXYZGetResult        
00002c59  BMI160_MagYGetResult          
00002c7f  BMI160_MagZGetResult          
00002b33  BMI160_MultiReadRegister      
00002b0f  BMI160_ReadRegister           
00002adf  BMI160_WriteRegister          
00004105  Block_Init                    
0000502f  C$$EXIT                       
0000026f  CamMove_Thread                
00000d01  ChildA_Thread                 
00000d41  ChildB_Thread                 
00003299  Cube_Generate                 
000003ad  Cube_Thread                   
2000663c  CurrentlyRunningThread        
00004f3b  EndCriticalSection            
00000bd9  FIFOConsumer                  
00000c1d  FIFOConsumer2                 
00000ba1  FIFOProducer                  
00001811  G8RTOS_AddThread              
000019e5  G8RTOS_Add_APeriodicEvent     
00001a59  G8RTOS_Add_PeriodicEvent      
00001bff  G8RTOS_GetNumberOfThreads     
00001bf7  G8RTOS_GetThreadID            
00001759  G8RTOS_Init                   
00003501  G8RTOS_InitFIFO               
00004385  G8RTOS_InitSemaphore          
00001ba9  G8RTOS_KillSelf               
00001b0f  G8RTOS_KillThread             
00001773  G8RTOS_Launch                 
00003567  G8RTOS_ReadFIFO               
00001797  G8RTOS_Scheduler              
000043d9  G8RTOS_SignalSemaphore        
00004835  G8RTOS_Start                  
00004397  G8RTOS_WaitSemaphore          
000035f1  G8RTOS_WriteFIFO              
00000a4b  GPIOD_Handler                 
00004c8d  GPIODirModeSet                
00000a31  GPIOE_Handler                 
00005001  GPIOIntClear                  
00004f41  GPIOIntDisable                
00004f5d  GPIOIntEnable                 
000047d9  GPIOIntTypeSet                
00003a51  GPIOPadConfigSet              
000048d1  GPIOPinConfigure              
00005007  GPIOPinRead                   
00004deb  GPIOPinTypeADC                
00004e01  GPIOPinTypeGPIOInput          
00004da1  GPIOPinTypeGPIOOutput         
00004e17  GPIOPinTypeI2C                
00004e2d  GPIOPinTypeI2CSCL             
00004e43  GPIOPinTypePWM                
00004e59  GPIOPinTypeSSI                
00004e6f  GPIOPinTypeUART               
0000500d  GPIOPinWrite                  
0000414f  Game_Update                   
00000a1f  Get_Joystick                  
00000aa5  Gyro                          
00004fdf  I2CMasterBusy                 
0000501f  I2CMasterControl              
00005023  I2CMasterDataGet              
00005027  I2CMasterDataPut              
00004fa3  I2CMasterEnable               
0000491d  I2CMasterInitExpClk           
00004fe7  I2CMasterSlaveAddrSet         
00003021  I2C_Init                      
000031b1  I2C_ReadMultiple              
000030d3  I2C_ReadSingle                
00003103  I2C_WriteMultiple             
0000309d  I2C_WriteSingle               
20006640  IBit_State                    
0000026d  Idle_Thread                   
00004645  IntEnable                     
00004ce1  IntPrioritySet                
00004b61  IntRegister                   
00003e9f  JOYSTICK_GetPress             
00003ead  JOYSTICK_GetX                 
00003ec9  JOYSTICK_GetXY                
00003ebb  JOYSTICK_GetY                 
00003e0d  JOYSTICK_Init                 
00003e69  JOYSTICK_IntEnable            
00000dc1  LCDThread                     
000038d9  LaunchpadLED_Init             
00003995  LaunchpadLED_PWMSetDuty       
00004759  MultimodButtons_Get           
00004715  MultimodButtons_Init          
00003cdd  OPT3001_GetChipID             
00003c41  OPT3001_GetResult             
00003bbd  OPT3001_Init                  
00003c13  OPT3001_ReadRegister          
00003cbd  OPT3001_SetHighLimit          
00003c9d  OPT3001_SetLowLimit           
00003bd1  OPT3001_WriteRegister         
00000b39  Opto                          
00000d61  PThread1                      
00000d7d  PThread2                      
00004d05  PWMGenConfigure               
00004f69  PWMGenEnable                  
00004ee7  PWMGenPeriodSet               
00004ed5  PWMOutputState                
00004d67  PWMPulseWidthSet              
00004857  PendSV_Handler                
000009eb  Print_WorldCoords             
0000278d  Quat_Add                      
00002a53  Quat_GetInverse               
000029eb  Quat_GetMag                   
000027f3  Quat_Mul                      
0000297f  Quat_Normalize                
00002919  Quat_Sub                      
000007f5  Read_Buttons                  
000009b1  Read_JoystickPress            
00004f8d  ResetISR                      
00003739  SPI_Init                      
0000385b  SPI_ReadMultiple              
000037d3  SPI_ReadSingle                
000037fb  SPI_WriteMultiple             
000037b5  SPI_WriteSingle               
00004fef  SSIBusy                       
00005013  SSIClockSourceSet             
00004a7d  SSIConfigSetExpClk            
00004f75  SSIDataGet                    
00004fad  SSIDataPut                    
00004fb7  SSIDisable                    
00004fc1  SSIEnable                     
00000f73  ST7789_Deselect               
00001141  ST7789_DrawHLine              
000014d1  ST7789_DrawLine               
00001463  ST7789_DrawPixel              
000015a1  ST7789_DrawRectangle          
000010ab  ST7789_DrawVLine              
000014b5  ST7789_Fill                   
00001393  ST7789_Init                   
000011f5  ST7789_Line                   
00000fc9  ST7789_ReadRegister           
00000f65  ST7789_Select                 
00000f8f  ST7789_SetCommand             
00000f81  ST7789_SetData                
00000fdf  ST7789_SetWindow              
00000f9d  ST7789_WriteCommand           
00000fb3  ST7789_WriteData              
20006878  SW1Pressed                    
00000c87  SW1_Event_Handler             
00000c4d  SW1_ISR                       
20006879  SW2Pressed                    
00000cd9  SW2_Event_Handler             
00000cc1  SW2_ISR                       
00001c25  SetInitialStack               
00004f33  StartCriticalSection          
00003cf5  SysCtlClockGet                
00004011  SysCtlClockSet                
00005019  SysCtlDelay                   
00004b95  SysCtlPeripheralEnable        
00004ab9  SysCtlPeripheralPresent       
00004af1  SysCtlPeripheralReady         
00004e85  SysTickEnable                 
00004e99  SysTickIntEnable              
00004d85  SysTickIntRegister            
00004ef9  SysTickPeriodSet              
000016c3  SysTick_Handler               
20006644  SystemTime                    
00004fcb  UARTCharGet                   
00004fd5  UARTCharPut                   
000049b1  UARTConfigSetExpClk           
00004d29  UARTDisable                   
00004ead  UARTEnable                    
000022e5  UARTStdioConfig               
0000477d  UART_Init                     
00002435  UARTgetc                      
0000237b  UARTgets                      
00002757  UARTprintf                    
0000245d  UARTvprintf                   
0000232b  UARTwrite                     
20006868  __STACK_END                   
00000200  __STACK_SIZE                  
20006868  __STACK_TOP                   
00005270  __TI_CINIT_Base               
00005288  __TI_CINIT_Limit              
00005254  __TI_Handler_Table_Base       
00005260  __TI_Handler_Table_Limit      
000049f9  __TI_auto_init_nobinit_nopinit
000046ad  __TI_decompress_lzss          
00004f4f  __TI_decompress_none          
ffffffff  __TI_pprof_out_hndl           
ffffffff  __TI_prof_data_size           
ffffffff  __TI_prof_data_start          
00000000  __TI_static_base__            
00004f81  __TI_zero_init                
000044c9  __aeabi_cdcmpeq               
000044c9  __aeabi_cdcmple               
00004969  __aeabi_d2iz                  
00003f15  __aeabi_dmul                  
00004ff9  __aeabi_errno_addr            
00004b29  __aeabi_f2d                   
00004c5f  __aeabi_i2d                   
000048cf  __aeabi_idiv0                 
000048cf  __aeabi_ldiv0                 
000045c9  __aeabi_memclr                
000045c9  __aeabi_memclr4               
000045c9  __aeabi_memclr8               
0000442d  __aeabi_memcpy                
0000442d  __aeabi_memcpy4               
0000442d  __aeabi_memcpy8               
000045cb  __aeabi_memset                
000045cb  __aeabi_memset4               
000045cb  __aeabi_memset8               
00004a3d  __aeabi_uidiv                 
00004a3d  __aeabi_uidivmod              
ffffffff  __binit__                     
ffffffff  __c_args__                    
UNDEFED   __mpu_init                    
20006668  __stack                       
20000000  __start___llvm_prf_cnts       
20000000  __stop___llvm_prf_cnts        
00004bc9  _c_int00_noargs               
200068bc  _lock                         
00004643  _nop                          
UNDEFED   _system_post_cinit            
0000502b  _system_pre_init              
200068c0  _unlock                       
0000502f  abort                         
2000687a  aliveCount                    
ffffffff  binit                         
00004dd3  copysignf                     
20006870  cube_id                       
2000686c  data                          
00001375  delay_ms                      
200068cc  errno                         
20000000  g_pfnRAMVectors               
00000000  g_pfnVectors                  
2000687b  game_begin                    
00002a8b  getRotatedQuat                
00002db3  getViewOnScreen               
00002d8d  getViewRelative               
2000686b  idle_count                    
00002e9d  interpolatePoints             
20006869  joystick_y                    
2000686a  kill_cube                     
000041f5  ldexpf                        
000042d9  main                          
0000442d  memcpy                        
000045d1  memset                        
20006868  num_cubes                     
00001d59  powf                          
20006648  pulse_width                   
00004bfd  rand                          
000041f5  scalbnf                       
2000664c  sem_I2CA                      
20006650  sem_JOY                       
20006654  sem_KillCube                  
20006658  sem_PCA9555                   
2000665c  sem_SPI                       
20006660  sem_SW1                       
20006664  sem_UART                      
00001bcd  sleep                         
00004cb9  sqrtf                         
20006634  square                        
00004ec1  strcpy                        
20006874  val                           
2000687c  world_camera_frame_offset     
20006624  world_camera_frame_rot_offset 
2000688c  world_camera_pos              
2000689c  world_view_rot                
200068ac  world_view_rot_inverse        


GLOBAL SYMBOLS: SORTED BY Symbol Address 

address   name                          
-------   ----                          
00000000  __TI_static_base__            
00000000  g_pfnVectors                  
00000200  __STACK_SIZE                  
0000026d  Idle_Thread                   
0000026f  CamMove_Thread                
000003ad  Cube_Thread                   
000007f5  Read_Buttons                  
000009b1  Read_JoystickPress            
000009eb  Print_WorldCoords             
00000a1f  Get_Joystick                  
00000a31  GPIOE_Handler                 
00000a4b  GPIOD_Handler                 
00000a69  Accel                         
00000aa5  Gyro                          
00000b39  Opto                          
00000ba1  FIFOProducer                  
00000bd9  FIFOConsumer                  
00000c1d  FIFOConsumer2                 
00000c4d  SW1_ISR                       
00000c87  SW1_Event_Handler             
00000cc1  SW2_ISR                       
00000cd9  SW2_Event_Handler             
00000d01  ChildA_Thread                 
00000d41  ChildB_Thread                 
00000d61  PThread1                      
00000d7d  PThread2                      
00000dc1  LCDThread                     
00000f65  ST7789_Select                 
00000f73  ST7789_Deselect               
00000f81  ST7789_SetData                
00000f8f  ST7789_SetCommand             
00000f9d  ST7789_WriteCommand           
00000fb3  ST7789_WriteData              
00000fc9  ST7789_ReadRegister           
00000fdf  ST7789_SetWindow              
000010ab  ST7789_DrawVLine              
00001141  ST7789_DrawHLine              
000011f5  ST7789_Line                   
00001375  delay_ms                      
00001393  ST7789_Init                   
00001463  ST7789_DrawPixel              
000014b5  ST7789_Fill                   
000014d1  ST7789_DrawLine               
000015a1  ST7789_DrawRectangle          
000016c3  SysTick_Handler               
00001759  G8RTOS_Init                   
00001773  G8RTOS_Launch                 
00001797  G8RTOS_Scheduler              
00001811  G8RTOS_AddThread              
000019e5  G8RTOS_Add_APeriodicEvent     
00001a59  G8RTOS_Add_PeriodicEvent      
00001b0f  G8RTOS_KillThread             
00001ba9  G8RTOS_KillSelf               
00001bcd  sleep                         
00001bf7  G8RTOS_GetThreadID            
00001bff  G8RTOS_GetNumberOfThreads     
00001c25  SetInitialStack               
00001d59  powf                          
000022e5  UARTStdioConfig               
0000232b  UARTwrite                     
0000237b  UARTgets                      
00002435  UARTgetc                      
0000245d  UARTvprintf                   
00002757  UARTprintf                    
0000278d  Quat_Add                      
000027f3  Quat_Mul                      
00002919  Quat_Sub                      
0000297f  Quat_Normalize                
000029eb  Quat_GetMag                   
00002a53  Quat_GetInverse               
00002a8b  getRotatedQuat                
00002ac5  BMI160_Init                   
00002adf  BMI160_WriteRegister          
00002b0f  BMI160_ReadRegister           
00002b33  BMI160_MultiReadRegister      
00002b5b  BMI160_AccelXGetResult        
00002b7f  BMI160_AccelYGetResult        
00002ba3  BMI160_AccelZGetResult        
00002bc7  BMI160_GyroXGetResult         
00002beb  BMI160_GyroYGetResult         
00002c0f  BMI160_GyroZGetResult         
00002c33  BMI160_MagXGetResult          
00002c59  BMI160_MagYGetResult          
00002c7f  BMI160_MagZGetResult          
00002ca5  BMI160_AccelXYZGetResult      
00002ced  BMI160_GyroXYZGetResult       
00002d35  BMI160_MagXYZGetResult        
00002d7d  BMI160_GetDataStatus          
00002d8d  getViewRelative               
00002db3  getViewOnScreen               
00002e9d  interpolatePoints             
00003021  I2C_Init                      
0000309d  I2C_WriteSingle               
000030d3  I2C_ReadSingle                
00003103  I2C_WriteMultiple             
000031b1  I2C_ReadMultiple              
00003299  Cube_Generate                 
00003501  G8RTOS_InitFIFO               
00003567  G8RTOS_ReadFIFO               
000035f1  G8RTOS_WriteFIFO              
00003739  SPI_Init                      
000037b5  SPI_WriteSingle               
000037d3  SPI_ReadSingle                
000037fb  SPI_WriteMultiple             
0000385b  SPI_ReadMultiple              
000038d9  LaunchpadLED_Init             
00003995  LaunchpadLED_PWMSetDuty       
00003a51  GPIOPadConfigSet              
00003bbd  OPT3001_Init                  
00003bd1  OPT3001_WriteRegister         
00003c13  OPT3001_ReadRegister          
00003c41  OPT3001_GetResult             
00003c9d  OPT3001_SetLowLimit           
00003cbd  OPT3001_SetHighLimit          
00003cdd  OPT3001_GetChipID             
00003cf5  SysCtlClockGet                
00003e0d  JOYSTICK_Init                 
00003e69  JOYSTICK_IntEnable            
00003e9f  JOYSTICK_GetPress             
00003ead  JOYSTICK_GetX                 
00003ebb  JOYSTICK_GetY                 
00003ec9  JOYSTICK_GetXY                
00003f15  __aeabi_dmul                  
00004011  SysCtlClockSet                
00004105  Block_Init                    
0000414f  Game_Update                   
000041f5  ldexpf                        
000041f5  scalbnf                       
000042d9  main                          
00004385  G8RTOS_InitSemaphore          
00004397  G8RTOS_WaitSemaphore          
000043d9  G8RTOS_SignalSemaphore        
0000442d  __aeabi_memcpy                
0000442d  __aeabi_memcpy4               
0000442d  __aeabi_memcpy8               
0000442d  memcpy                        
000044c9  __aeabi_cdcmpeq               
000044c9  __aeabi_cdcmple               
0000454f  ADCSequenceStepConfigure      
000045c9  __aeabi_memclr                
000045c9  __aeabi_memclr4               
000045c9  __aeabi_memclr8               
000045cb  __aeabi_memset                
000045cb  __aeabi_memset4               
000045cb  __aeabi_memset8               
000045d1  memset                        
00004643  _nop                          
00004645  IntEnable                     
000046ad  __TI_decompress_lzss          
00004715  MultimodButtons_Init          
00004759  MultimodButtons_Get           
0000477d  UART_Init                     
000047d9  GPIOIntTypeSet                
00004835  G8RTOS_Start                  
00004857  PendSV_Handler                
00004881  ADCSequenceConfigure          
000048cf  __aeabi_idiv0                 
000048cf  __aeabi_ldiv0                 
000048d1  GPIOPinConfigure              
0000491d  I2CMasterInitExpClk           
00004969  __aeabi_d2iz                  
000049b1  UARTConfigSetExpClk           
000049f9  __TI_auto_init_nobinit_nopinit
00004a3d  __aeabi_uidiv                 
00004a3d  __aeabi_uidivmod              
00004a7d  SSIConfigSetExpClk            
00004ab9  SysCtlPeripheralPresent       
00004af1  SysCtlPeripheralReady         
00004b29  __aeabi_f2d                   
00004b61  IntRegister                   
00004b95  SysCtlPeripheralEnable        
00004bc9  _c_int00_noargs               
00004bfd  rand                          
00004c31  ADCIntStatus                  
00004c5f  __aeabi_i2d                   
00004c8d  GPIODirModeSet                
00004cb9  sqrtf                         
00004ce1  IntPrioritySet                
00004d05  PWMGenConfigure               
00004d29  UARTDisable                   
00004d49  ADCSequenceDataGet            
00004d67  PWMPulseWidthSet              
00004d85  SysTickIntRegister            
00004da1  GPIOPinTypeGPIOOutput         
00004dbb  ADCProcessorTrigger           
00004dd3  copysignf                     
00004deb  GPIOPinTypeADC                
00004e01  GPIOPinTypeGPIOInput          
00004e17  GPIOPinTypeI2C                
00004e2d  GPIOPinTypeI2CSCL             
00004e43  GPIOPinTypePWM                
00004e59  GPIOPinTypeSSI                
00004e6f  GPIOPinTypeUART               
00004e85  SysTickEnable                 
00004e99  SysTickIntEnable              
00004ead  UARTEnable                    
00004ec1  strcpy                        
00004ed5  PWMOutputState                
00004ee7  PWMGenPeriodSet               
00004ef9  SysTickPeriodSet              
00004f09  ADCIntDisable                 
00004f17  ADCSequenceDisable            
00004f25  ADCSequenceEnable             
00004f33  StartCriticalSection          
00004f3b  EndCriticalSection            
00004f41  GPIOIntDisable                
00004f4f  __TI_decompress_none          
00004f5d  GPIOIntEnable                 
00004f69  PWMGenEnable                  
00004f75  SSIDataGet                    
00004f81  __TI_zero_init                
00004f8d  ResetISR                      
00004f99  ADCIntClear                   
00004fa3  I2CMasterEnable               
00004fad  SSIDataPut                    
00004fb7  SSIDisable                    
00004fc1  SSIEnable                     
00004fcb  UARTCharGet                   
00004fd5  UARTCharPut                   
00004fdf  I2CMasterBusy                 
00004fe7  I2CMasterSlaveAddrSet         
00004fef  SSIBusy                       
00004ff9  __aeabi_errno_addr            
00005001  GPIOIntClear                  
00005007  GPIOPinRead                   
0000500d  GPIOPinWrite                  
00005013  SSIClockSourceSet             
00005019  SysCtlDelay                   
0000501f  I2CMasterControl              
00005023  I2CMasterDataGet              
00005027  I2CMasterDataPut              
0000502b  _system_pre_init              
0000502f  C$$EXIT                       
0000502f  abort                         
00005254  __TI_Handler_Table_Base       
00005260  __TI_Handler_Table_Limit      
00005270  __TI_CINIT_Base               
00005288  __TI_CINIT_Limit              
20000000  __start___llvm_prf_cnts       
20000000  __stop___llvm_prf_cnts        
20000000  g_pfnRAMVectors               
20006624  world_camera_frame_rot_offset 
20006634  square                        
2000663c  CurrentlyRunningThread        
20006640  IBit_State                    
20006644  SystemTime                    
20006648  pulse_width                   
2000664c  sem_I2CA                      
20006650  sem_JOY                       
20006654  sem_KillCube                  
20006658  sem_PCA9555                   
2000665c  sem_SPI                       
20006660  sem_SW1                       
20006664  sem_UART                      
20006668  __stack                       
20006868  __STACK_END                   
20006868  __STACK_TOP                   
20006868  num_cubes                     
20006869  joystick_y                    
2000686a  kill_cube                     
2000686b  idle_count                    
2000686c  data                          
20006870  cube_id                       
20006874  val                           
20006878  SW1Pressed                    
20006879  SW2Pressed                    
2000687a  aliveCount                    
2000687b  game_begin                    
2000687c  world_camera_frame_offset     
2000688c  world_camera_pos              
2000689c  world_view_rot                
200068ac  world_view_rot_inverse        
200068bc  _lock                         
200068c0  _unlock                       
200068cc  errno                         
ffffffff  __TI_pprof_out_hndl           
ffffffff  __TI_prof_data_size           
ffffffff  __TI_prof_data_start          
ffffffff  __binit__                     
ffffffff  __c_args__                    
ffffffff  binit                         
UNDEFED   __mpu_init                    
UNDEFED   _system_post_cinit            

[283 symbols]
