******************************************************************************
                  TI ARM Linker PC v20.2.7                     
******************************************************************************
>> Linked Mon Oct 27 19:36:53 2025

OUTPUT FILE NAME:   <Lab4_F2025.out>
ENTRY POINT SYMBOL: "_c_int00_noargs"  address: 00002cf1


MEMORY CONFIGURATION

         name            origin    length      used     unused   attr    fill
----------------------  --------  ---------  --------  --------  ----  --------
  FLASH                 00000000   00040000  00003234  0003cdcc  R  X
  SRAM                  20000000   00008000  00006846  000017ba  RW X


SEGMENT ALLOCATION MAP

run origin  load origin   length   init length attrs members
----------  ----------- ---------- ----------- ----- -------
00000000    00000000    00003238   00003238    r-x
  00000000    00000000    0000026c   0000026c    r-- .intvecs
  0000026c    0000026c    00002dc0   00002dc0    r-x .text
  0000302c    0000302c    000001c8   000001c8    r-- .const
  000031f8    000031f8    00000040   00000040    r-- .cinit
20000000    20000000    00006846   00000000    rw-
  20000000    20000000    0000026c   00000000    rw- .vtable
  2000026c    2000026c    000063cc   00000000    rw- .bss
  20006638    20006638    00000200   00000000    rw- .stack
  20006838    20006838    0000000e   00000000    rw- .data


SECTION ALLOCATION MAP

 output                                  attributes/
section   page    origin      length       input sections
--------  ----  ----------  ----------   ----------------
.intvecs   0    00000000    0000026c     
                  00000000    0000026c     tm4c123gh6pm_startup_ccs.obj (.intvecs)

.text      0    0000026c    00002dc0     
                  0000026c    00000734     multimod_ST7789.obj (.text)
                  000009a0    000004f0     G8RTOS_Scheduler.obj (.text)
                  00000e90    000004a8     uartstdio.obj (.text)
                  00001338    000002c8     multimod_BMI160.obj (.text)
                  00001600    000002c8     threads.obj (.text)
                  000018c8    00000270     multimod_i2c.obj (.text)
                  00001b38    00000238     G8RTOS_IPC.obj (.text)
                  00001d70    000001a0     multimod_spi.obj (.text)
                  00001f10    00000178     multimod_LaunchpadLED.obj (.text)
                  00002088    0000016c     driverlib.lib : gpio.obj (.text:GPIOPadConfigSet)
                  000021f4    00000138     multimod_OPT3001.obj (.text)
                  0000232c    00000118     driverlib.lib : sysctl.obj (.text:SysCtlClockGet)
                  00002444    000000fc     rtsv7M4_T_le_v4SPD16_eabi.lib : fd_mul_t2.asm.obj (.text)
                  00002540    000000f4     driverlib.lib : sysctl.obj (.text:SysCtlClockSet)
                  00002634    000000b8     lab4_1.obj (.text)
                  000026ec    000000a4     G8RTOS_Semaphores.obj (.text)
                  00002790    0000009c     rtsv7M4_T_le_v4SPD16_eabi.lib : memcpy_t2.asm.obj (.text)
                  0000282c    0000007a                                   : memset_t2.asm.obj (.text)
                  000028a6    00000002                                   : div0.asm.obj (.text)
                  000028a8    00000074     multimod_LaunchpadButtons.obj (.text)
                  0000291c    00000068     rtsv7M4_T_le_v4SPD16_eabi.lib : copy_decompress_lzss.c.obj (.text:decompress:lzss:__TI_decompress_lzss)
                  00002984    0000005c     multimod_uart.obj (.text)
                  000029e0    00000050     G8RTOS_SchedulerASM.obj (.text)
                  00002a30    0000004c     driverlib.lib : gpio.obj (.text:GPIOPinConfigure)
                  00002a7c    0000004c                   : i2c.obj (.text:I2CMasterInitExpClk)
                  00002ac8    00000048     rtsv7M4_T_le_v4SPD16_eabi.lib : fd_toi_t2.asm.obj (.text)
                  00002b10    00000046     driverlib.lib : uart.obj (.text:UARTConfigSetExpClk)
                  00002b56    00000002     --HOLE-- [fill = 0]
                  00002b58    00000044     rtsv7M4_T_le_v4SPD16_eabi.lib : autoinit.c.obj (.text:__TI_auto_init_nobinit_nopinit:__TI_auto_init_nobinit_nopinit)
                  00002b9c    00000040                                   : u_divt2.asm.obj (.text)
                  00002bdc    0000003c     driverlib.lib : ssi.obj (.text:SSIConfigSetExpClk)
                  00002c18    00000038                   : sysctl.obj (.text:SysCtlPeripheralPresent)
                  00002c50    00000038                   : sysctl.obj (.text:SysCtlPeripheralReady)
                  00002c88    00000034                   : interrupt.obj (.text:IntRegister)
                  00002cbc    00000034                   : sysctl.obj (.text:SysCtlPeripheralEnable)
                  00002cf0    00000034     rtsv7M4_T_le_v4SPD16_eabi.lib : boot_cortex_m.c.obj (.text:_c_int00_noargs:_c_int00_noargs)
                  00002d24    0000002e                                   : i_tofd_t2.asm.obj (.text)
                  00002d52    0000002c     driverlib.lib : gpio.obj (.text:GPIODirModeSet)
                  00002d7e    00000002     --HOLE-- [fill = 0]
                  00002d80    00000024                   : interrupt.obj (.text:IntPrioritySet)
                  00002da4    00000022                   : pwm.obj (.text:PWMGenConfigure)
                  00002dc6    00000002     --HOLE-- [fill = 0]
                  00002dc8    00000020                   : uart.obj (.text:UARTDisable)
                  00002de8    0000001e                   : pwm.obj (.text:PWMPulseWidthSet)
                  00002e06    00000002     --HOLE-- [fill = 0]
                  00002e08    0000001c                   : systick.obj (.text:SysTickIntRegister)
                  00002e24    0000001a                   : gpio.obj (.text:GPIOPinTypeGPIOOutput)
                  00002e3e    00000002     --HOLE-- [fill = 0]
                  00002e40    00000018                   : gpio.obj (.text:GPIOUnlockPin)
                  00002e58    00000016                   : gpio.obj (.text:GPIOPinTypeGPIOInput)
                  00002e6e    00000016                   : gpio.obj (.text:GPIOPinTypeI2C)
                  00002e84    00000016                   : gpio.obj (.text:GPIOPinTypeI2CSCL)
                  00002e9a    00000016                   : gpio.obj (.text:GPIOPinTypePWM)
                  00002eb0    00000016                   : gpio.obj (.text:GPIOPinTypeSSI)
                  00002ec6    00000016                   : gpio.obj (.text:GPIOPinTypeUART)
                  00002edc    00000014                   : systick.obj (.text:SysTickEnable)
                  00002ef0    00000014                   : systick.obj (.text:SysTickIntEnable)
                  00002f04    00000014                   : uart.obj (.text:UARTEnable)
                  00002f18    00000014     rtsv7M4_T_le_v4SPD16_eabi.lib : strcpy.c.obj (.text:strcpy)
                  00002f2c    00000012     driverlib.lib : pwm.obj (.text:PWMOutputState)
                  00002f3e    00000010                   : pwm.obj (.text:PWMGenPeriodSet)
                  00002f4e    00000002     --HOLE-- [fill = 0]
                  00002f50    00000010                   : systick.obj (.text:SysTickPeriodSet)
                  00002f60    0000000e     G8RTOS_CriticalSection.obj (.text)
                  00002f6e    0000000e     rtsv7M4_T_le_v4SPD16_eabi.lib : copy_decompress_none.c.obj (.text:decompress:none:__TI_decompress_none)
                  00002f7c    0000000c     driverlib.lib : pwm.obj (.text:PWMGenEnable)
                  00002f88    0000000c                   : ssi.obj (.text:SSIDataGet)
                  00002f94    0000000c     rtsv7M4_T_le_v4SPD16_eabi.lib : copy_zero_init.c.obj (.text:decompress:ZI:__TI_zero_init)
                  00002fa0    0000000c     tm4c123gh6pm_startup_ccs.obj (.text)
                  00002fac    0000000a     driverlib.lib : i2c.obj (.text:I2CMasterEnable)
                  00002fb6    0000000a                   : ssi.obj (.text:SSIDataPut)
                  00002fc0    0000000a                   : ssi.obj (.text:SSIDisable)
                  00002fca    0000000a                   : ssi.obj (.text:SSIEnable)
                  00002fd4    0000000a                   : uart.obj (.text:UARTCharGet)
                  00002fde    0000000a                   : uart.obj (.text:UARTCharPut)
                  00002fe8    00000008                   : i2c.obj (.text:I2CMasterBusy)
                  00002ff0    00000008                   : i2c.obj (.text:I2CMasterSlaveAddrSet)
                  00002ff8    00000008                   : ssi.obj (.text:SSIBusy)
                  00003000    00000006                   : gpio.obj (.text:GPIOPinRead)
                  00003006    00000006                   : gpio.obj (.text:GPIOPinWrite)
                  0000300c    00000006                   : ssi.obj (.text:SSIClockSourceSet)
                  00003012    00000006                   : sysctl.obj (.text:SysCtlDelay)
                  00003018    00000004                   : i2c.obj (.text:I2CMasterControl)
                  0000301c    00000004                   : i2c.obj (.text:I2CMasterDataGet)
                  00003020    00000004                   : i2c.obj (.text:I2CMasterDataPut)
                  00003024    00000004     rtsv7M4_T_le_v4SPD16_eabi.lib : pre_init.c.obj (.text:_system_pre_init)
                  00003028    00000004                                   : exit.c.obj (.text:abort:abort)

.const     0    0000302c    000001c8     
                  0000302c    0000009c     driverlib.lib : interrupt.obj (.const:g_pui32Regs)
                  000030c8    00000090                   : gpio.obj (.const:g_pui32GPIOBaseAddrs)
                  00003158    0000006c                   : sysctl.obj (.const:g_pui32Xtals)
                  000031c4    00000012     uartstdio.obj (.const:.string)
                  000031d6    00000002     --HOLE-- [fill = 0]
                  000031d8    0000000c     uartstdio.obj (.const:g_ui32UARTBase)
                  000031e4    0000000c     uartstdio.obj (.const:g_ui32UARTPeriph)
                  000031f0    00000004     uartstdio.obj (.const)

.cinit     0    000031f8    00000040     
                  000031f8    0000000c     (__TI_handler_table)
                  00003204    00000009     (.cinit..data.load) [load image, compression = lzss]
                  0000320d    00000003     --HOLE-- [fill = 0]
                  00003210    00000008     (.cinit..bss.load) [load image, compression = zero_init]
                  00003218    00000008     (.cinit..vtable.load) [load image, compression = zero_init]
                  00003220    00000018     (__TI_cinit_table)

.init_array 
*          0    00000000    00000000     UNINITIALIZED

.vtable    0    20000000    0000026c     UNINITIALIZED
                  20000000    0000026c     driverlib.lib : interrupt.obj (.vtable)

.bss       0    2000026c    000063cc     UNINITIALIZED
                  2000026c    00006000     G8RTOS_Scheduler.obj (.bss:threadStacks)
                  2000626c    00000210     G8RTOS_Scheduler.obj (.bss:threadControlBlocks)
                  2000647c    00000150     G8RTOS_IPC.obj (.bss:FIFOs)
                  200065cc    00000048     G8RTOS_Scheduler.obj (.bss:pthreadControlBlocks)
                  20006614    00000008     G8RTOS_Scheduler.obj (.bss)
                  2000661c    00000004     (.common:CurrentlyRunningThread)
                  20006620    00000004     (.common:IBit_State)
                  20006624    00000004     (.common:SystemTime)
                  20006628    00000004     (.common:pulse_width)
                  2000662c    00000004     (.common:sem_I2CA)
                  20006630    00000004     (.common:sem_SPI)
                  20006634    00000004     (.common:sem_UART)

.data      0    20006838    0000000e     UNINITIALIZED
                  20006838    00000008     threads.obj (.data)
                  20006840    00000005     uartstdio.obj (.data)
                  20006845    00000001     G8RTOS_Scheduler.obj (.data)

.stack     0    20006638    00000200     UNINITIALIZED
                  20006638    00000004     rtsv7M4_T_le_v4SPD16_eabi.lib : boot_cortex_m.c.obj (.stack)
                  2000663c    000001fc     --HOLE--

__llvm_prf_cnts 
*          0    20000000    00000000     UNINITIALIZED

MODULE SUMMARY

       Module                          code    ro data   rw data
       ------                          ----    -------   -------
    .\
       uartstdio.obj                   1192    46        5      
       threads.obj                     712     0         8      
       tm4c123gh6pm_startup_ccs.obj    12      620       0      
       lab4_1.obj                      184     0         16     
    +--+-------------------------------+-------+---------+---------+
       Total:                          2100    666       29     
                                                                
    .\G8RTOS\src\
       G8RTOS_Scheduler.obj            1264    0         25193  
       G8RTOS_IPC.obj                  568     0         336    
       G8RTOS_Semaphores.obj           164     0         0      
       G8RTOS_SchedulerASM.obj         80      0         0      
       G8RTOS_CriticalSection.obj      14      0         0      
    +--+-------------------------------+-------+---------+---------+
       Total:                          2090    0         25529  
                                                                
    .\MultimodDrivers\src\
       multimod_ST7789.obj             1844    0         0      
       multimod_BMI160.obj             712     0         0      
       multimod_i2c.obj                624     0         0      
       multimod_spi.obj                416     0         0      
       multimod_LaunchpadLED.obj       376     0         4      
       multimod_OPT3001.obj            312     0         0      
       multimod_LaunchpadButtons.obj   116     0         0      
       multimod_uart.obj               92      0         0      
    +--+-------------------------------+-------+---------+---------+
       Total:                          4492    0         4      
                                                                
    C:/ti/TivaWare_C_Series-2.2.0.295/driverlib/ccs/Debug/driverlib.lib
       interrupt.obj                   88      156       620    
       gpio.obj                        678     144       0      
       sysctl.obj                      694     108       0      
       uart.obj                        142     0         0      
       ssi.obj                         116     0         0      
       i2c.obj                         114     0         0      
       pwm.obj                         110     0         0      
       systick.obj                     84      0         0      
    +--+-------------------------------+-------+---------+---------+
       Total:                          2026    408       620    
                                                                
    C:\ti\ccs1281\ccs\tools\compiler\ti-cgt-arm_20.2.7.LTS\lib\rtsv7M4_T_le_v4SPD16_eabi.lib
       fd_mul_t2.asm.obj               252     0         0      
       memcpy_t2.asm.obj               156     0         0      
       memset_t2.asm.obj               122     0         0      
       copy_decompress_lzss.c.obj      104     0         0      
       fd_toi_t2.asm.obj               72      0         0      
       autoinit.c.obj                  68      0         0      
       u_divt2.asm.obj                 64      0         0      
       boot_cortex_m.c.obj             52      0         0      
       i_tofd_t2.asm.obj               46      0         0      
       strcpy.c.obj                    20      0         0      
       copy_decompress_none.c.obj      14      0         0      
       copy_zero_init.c.obj            12      0         0      
       exit.c.obj                      4       0         0      
       pre_init.c.obj                  4       0         0      
       div0.asm.obj                    2       0         0      
    +--+-------------------------------+-------+---------+---------+
       Total:                          992     0         0      
                                                                
       Stack:                          0       0         512    
       Linker Generated:               0       61        0      
    +--+-------------------------------+-------+---------+---------+
       Grand Total:                    11700   1135      26694  


LINKER GENERATED COPY TABLES

__TI_cinit_table @ 00003220 records: 3, size/record: 8, table size: 24
	.data: load addr=00003204, load size=00000009 bytes, run addr=20006838, run size=0000000e bytes, compression=lzss
	.bss: load addr=00003210, load size=00000008 bytes, run addr=2000026c, run size=000063cc bytes, compression=zero_init
	.vtable: load addr=00003218, load size=00000008 bytes, run addr=20000000, run size=0000026c bytes, compression=zero_init


LINKER GENERATED HANDLER TABLE

__TI_handler_table @ 000031f8 records: 3, size/record: 4, table size: 12
	index: 0, handler: __TI_zero_init
	index: 1, handler: __TI_decompress_lzss
	index: 2, handler: __TI_decompress_none


GLOBAL SYMBOLS: SORTED ALPHABETICALLY BY Name 

address   name                          
-------   ----                          
00001601  Accel                         
000013cf  BMI160_AccelXGetResult        
00001519  BMI160_AccelXYZGetResult      
000013f3  BMI160_AccelYGetResult        
00001417  BMI160_AccelZGetResult        
000015f1  BMI160_GetDataStatus          
0000143b  BMI160_GyroXGetResult         
00001561  BMI160_GyroXYZGetResult       
0000145f  BMI160_GyroYGetResult         
00001483  BMI160_GyroZGetResult         
00001339  BMI160_Init                   
000014a7  BMI160_MagXGetResult          
000015a9  BMI160_MagXYZGetResult        
000014cd  BMI160_MagYGetResult          
000014f3  BMI160_MagZGetResult          
000013a7  BMI160_MultiReadRegister      
00001383  BMI160_ReadRegister           
00001353  BMI160_WriteRegister          
00003029  C$$EXIT                       
2000661c  CurrentlyRunningThread        
00002f69  EndCriticalSection            
0000173f  FIFOConsumer                  
00001767  FIFOConsumer2                 
00001713  FIFOProducer                  
00000af3  G8RTOS_AddThread              
00000c01  G8RTOS_Add_APeriodicEvent     
00000c13  G8RTOS_Add_PeriodicEvent      
00000d39  G8RTOS_GetNumberOfThreads     
00000d27  G8RTOS_GetThreadID            
00000a1d  G8RTOS_Init                   
00001b39  G8RTOS_InitFIFO               
000026ed  G8RTOS_InitSemaphore          
00000ce5  G8RTOS_KillSelf               
00000c39  G8RTOS_KillThread             
00000a71  G8RTOS_Launch                 
00001b9f  G8RTOS_ReadFIFO               
00000a95  G8RTOS_Scheduler              
0000273f  G8RTOS_SignalSemaphore        
000029e5  G8RTOS_Start                  
000026ff  G8RTOS_WaitSemaphore          
00001c29  G8RTOS_WriteFIFO              
00002d53  GPIODirModeSet                
00002089  GPIOPadConfigSet              
00002a31  GPIOPinConfigure              
00003001  GPIOPinRead                   
00002e59  GPIOPinTypeGPIOInput          
00002e25  GPIOPinTypeGPIOOutput         
00002e6f  GPIOPinTypeI2C                
00002e85  GPIOPinTypeI2CSCL             
00002e9b  GPIOPinTypePWM                
00002eb1  GPIOPinTypeSSI                
00002ec7  GPIOPinTypeUART               
00003007  GPIOPinWrite                  
00002e41  GPIOUnlockPin                 
00001637  Gyro                          
00002fe9  I2CMasterBusy                 
00003019  I2CMasterControl              
0000301d  I2CMasterDataGet              
00003021  I2CMasterDataPut              
00002fad  I2CMasterEnable               
00002a7d  I2CMasterInitExpClk           
00002ff1  I2CMasterSlaveAddrSet         
000018c9  I2C_Init                      
00001a59  I2C_ReadMultiple              
0000197b  I2C_ReadSingle                
000019ab  I2C_WriteMultiple             
00001945  I2C_WriteSingle               
20006620  IBit_State                    
0000178f  Idle_Thread                   
00002d81  IntPrioritySet                
00002c89  IntRegister                   
000028a9  LaunchpadButtons_Init         
000028d5  LaunchpadButtons_ReadSW1      
000028f5  LaunchpadButtons_ReadSW2      
00001f11  LaunchpadLED_Init             
00001fcd  LaunchpadLED_PWMSetDuty       
00002315  OPT3001_GetChipID             
00002279  OPT3001_GetResult             
000021f5  OPT3001_Init                  
0000224b  OPT3001_ReadRegister          
000022f5  OPT3001_SetHighLimit          
000022d5  OPT3001_SetLowLimit           
00002209  OPT3001_WriteRegister         
000016b1  Opto                          
00002da5  PWMGenConfigure               
00002f7d  PWMGenEnable                  
00002f3f  PWMGenPeriodSet               
00002f2d  PWMOutputState                
00002de9  PWMPulseWidthSet              
00002a07  PendSV_Handler                
00002fa1  ResetISR                      
00001d71  SPI_Init                      
00001e93  SPI_ReadMultiple              
00001e0b  SPI_ReadSingle                
00001e33  SPI_WriteMultiple             
00001ded  SPI_WriteSingle               
00002ff9  SSIBusy                       
0000300d  SSIClockSourceSet             
00002bdd  SSIConfigSetExpClk            
00002f89  SSIDataGet                    
00002fb7  SSIDataPut                    
00002fc1  SSIDisable                    
00002fcb  SSIEnable                     
0000027b  ST7789_Deselect               
00000449  ST7789_DrawHLine              
000007d9  ST7789_DrawLine               
0000076b  ST7789_DrawPixel              
000008a9  ST7789_DrawRectangle          
000003b3  ST7789_DrawVLine              
000007bd  ST7789_Fill                   
0000069b  ST7789_Init                   
000004fd  ST7789_Line                   
000002d1  ST7789_ReadRegister           
0000026d  ST7789_Select                 
00000297  ST7789_SetCommand             
00000289  ST7789_SetData                
000002e7  ST7789_SetWindow              
000002a5  ST7789_WriteCommand           
000002bb  ST7789_WriteData              
00000d51  SetInitialStack               
00002f61  StartCriticalSection          
0000232d  SysCtlClockGet                
00002541  SysCtlClockSet                
00003013  SysCtlDelay                   
00002cbd  SysCtlPeripheralEnable        
00002c19  SysCtlPeripheralPresent       
00002c51  SysCtlPeripheralReady         
00002edd  SysTickEnable                 
00002ef1  SysTickIntEnable              
00002e09  SysTickIntRegister            
00002f51  SysTickPeriodSet              
000009cb  SysTick_Handler               
20006624  SystemTime                    
00002fd5  UARTCharGet                   
00002fdf  UARTCharPut                   
00002b11  UARTConfigSetExpClk           
00002dc9  UARTDisable                   
00002f05  UARTEnable                    
00000e91  UARTStdioConfig               
00002985  UART_Init                     
00000fe1  UARTgetc                      
00000f27  UARTgets                      
00001303  UARTprintf                    
00001009  UARTvprintf                   
00000ed7  UARTwrite                     
20006838  __STACK_END                   
00000200  __STACK_SIZE                  
20006838  __STACK_TOP                   
00003220  __TI_CINIT_Base               
00003238  __TI_CINIT_Limit              
000031f8  __TI_Handler_Table_Base       
00003204  __TI_Handler_Table_Limit      
00002b59  __TI_auto_init_nobinit_nopinit
0000291d  __TI_decompress_lzss          
00002f6f  __TI_decompress_none          
ffffffff  __TI_pprof_out_hndl           
ffffffff  __TI_prof_data_size           
ffffffff  __TI_prof_data_start          
00000000  __TI_static_base__            
00002f95  __TI_zero_init                
00002ac9  __aeabi_d2iz                  
00002445  __aeabi_dmul                  
00002d25  __aeabi_i2d                   
000028a7  __aeabi_idiv0                 
000028a7  __aeabi_ldiv0                 
0000282d  __aeabi_memclr                
0000282d  __aeabi_memclr4               
0000282d  __aeabi_memclr8               
00002791  __aeabi_memcpy                
00002791  __aeabi_memcpy4               
00002791  __aeabi_memcpy8               
0000282f  __aeabi_memset                
0000282f  __aeabi_memset4               
0000282f  __aeabi_memset8               
00002b9d  __aeabi_uidiv                 
00002b9d  __aeabi_uidivmod              
ffffffff  __binit__                     
ffffffff  __c_args__                    
UNDEFED   __mpu_init                    
20006638  __stack                       
20000000  __start___llvm_prf_cnts       
20000000  __stop___llvm_prf_cnts        
00002cf1  _c_int00_noargs               
UNDEFED   _system_post_cinit            
00003025  _system_pre_init              
00003029  abort                         
20006845  aliveCount                    
ffffffff  binit                         
2000683c  data                          
0000067d  delay_ms                      
20000000  g_pfnRAMVectors               
00000000  g_pfnVectors                  
2000683b  idle_count                    
20006839  joystick_y                    
2000683a  kill_cube                     
00002651  main                          
00002791  memcpy                        
00002835  memset                        
20006838  num_cubes                     
20006628  pulse_width                   
2000662c  sem_I2CA                      
20006630  sem_SPI                       
20006634  sem_UART                      
00000cfd  sleep                         
00002f19  strcpy                        


GLOBAL SYMBOLS: SORTED BY Symbol Address 

address   name                          
-------   ----                          
00000000  __TI_static_base__            
00000000  g_pfnVectors                  
00000200  __STACK_SIZE                  
0000026d  ST7789_Select                 
0000027b  ST7789_Deselect               
00000289  ST7789_SetData                
00000297  ST7789_SetCommand             
000002a5  ST7789_WriteCommand           
000002bb  ST7789_WriteData              
000002d1  ST7789_ReadRegister           
000002e7  ST7789_SetWindow              
000003b3  ST7789_DrawVLine              
00000449  ST7789_DrawHLine              
000004fd  ST7789_Line                   
0000067d  delay_ms                      
0000069b  ST7789_Init                   
0000076b  ST7789_DrawPixel              
000007bd  ST7789_Fill                   
000007d9  ST7789_DrawLine               
000008a9  ST7789_DrawRectangle          
000009cb  SysTick_Handler               
00000a1d  G8RTOS_Init                   
00000a71  G8RTOS_Launch                 
00000a95  G8RTOS_Scheduler              
00000af3  G8RTOS_AddThread              
00000c01  G8RTOS_Add_APeriodicEvent     
00000c13  G8RTOS_Add_PeriodicEvent      
00000c39  G8RTOS_KillThread             
00000ce5  G8RTOS_KillSelf               
00000cfd  sleep                         
00000d27  G8RTOS_GetThreadID            
00000d39  G8RTOS_GetNumberOfThreads     
00000d51  SetInitialStack               
00000e91  UARTStdioConfig               
00000ed7  UARTwrite                     
00000f27  UARTgets                      
00000fe1  UARTgetc                      
00001009  UARTvprintf                   
00001303  UARTprintf                    
00001339  BMI160_Init                   
00001353  BMI160_WriteRegister          
00001383  BMI160_ReadRegister           
000013a7  BMI160_MultiReadRegister      
000013cf  BMI160_AccelXGetResult        
000013f3  BMI160_AccelYGetResult        
00001417  BMI160_AccelZGetResult        
0000143b  BMI160_GyroXGetResult         
0000145f  BMI160_GyroYGetResult         
00001483  BMI160_GyroZGetResult         
000014a7  BMI160_MagXGetResult          
000014cd  BMI160_MagYGetResult          
000014f3  BMI160_MagZGetResult          
00001519  BMI160_AccelXYZGetResult      
00001561  BMI160_GyroXYZGetResult       
000015a9  BMI160_MagXYZGetResult        
000015f1  BMI160_GetDataStatus          
00001601  Accel                         
00001637  Gyro                          
000016b1  Opto                          
00001713  FIFOProducer                  
0000173f  FIFOConsumer                  
00001767  FIFOConsumer2                 
0000178f  Idle_Thread                   
000018c9  I2C_Init                      
00001945  I2C_WriteSingle               
0000197b  I2C_ReadSingle                
000019ab  I2C_WriteMultiple             
00001a59  I2C_ReadMultiple              
00001b39  G8RTOS_InitFIFO               
00001b9f  G8RTOS_ReadFIFO               
00001c29  G8RTOS_WriteFIFO              
00001d71  SPI_Init                      
00001ded  SPI_WriteSingle               
00001e0b  SPI_ReadSingle                
00001e33  SPI_WriteMultiple             
00001e93  SPI_ReadMultiple              
00001f11  LaunchpadLED_Init             
00001fcd  LaunchpadLED_PWMSetDuty       
00002089  GPIOPadConfigSet              
000021f5  OPT3001_Init                  
00002209  OPT3001_WriteRegister         
0000224b  OPT3001_ReadRegister          
00002279  OPT3001_GetResult             
000022d5  OPT3001_SetLowLimit           
000022f5  OPT3001_SetHighLimit          
00002315  OPT3001_GetChipID             
0000232d  SysCtlClockGet                
00002445  __aeabi_dmul                  
00002541  SysCtlClockSet                
00002651  main                          
000026ed  G8RTOS_InitSemaphore          
000026ff  G8RTOS_WaitSemaphore          
0000273f  G8RTOS_SignalSemaphore        
00002791  __aeabi_memcpy                
00002791  __aeabi_memcpy4               
00002791  __aeabi_memcpy8               
00002791  memcpy                        
0000282d  __aeabi_memclr                
0000282d  __aeabi_memclr4               
0000282d  __aeabi_memclr8               
0000282f  __aeabi_memset                
0000282f  __aeabi_memset4               
0000282f  __aeabi_memset8               
00002835  memset                        
000028a7  __aeabi_idiv0                 
000028a7  __aeabi_ldiv0                 
000028a9  LaunchpadButtons_Init         
000028d5  LaunchpadButtons_ReadSW1      
000028f5  LaunchpadButtons_ReadSW2      
0000291d  __TI_decompress_lzss          
00002985  UART_Init                     
000029e5  G8RTOS_Start                  
00002a07  PendSV_Handler                
00002a31  GPIOPinConfigure              
00002a7d  I2CMasterInitExpClk           
00002ac9  __aeabi_d2iz                  
00002b11  UARTConfigSetExpClk           
00002b59  __TI_auto_init_nobinit_nopinit
00002b9d  __aeabi_uidiv                 
00002b9d  __aeabi_uidivmod              
00002bdd  SSIConfigSetExpClk            
00002c19  SysCtlPeripheralPresent       
00002c51  SysCtlPeripheralReady         
00002c89  IntRegister                   
00002cbd  SysCtlPeripheralEnable        
00002cf1  _c_int00_noargs               
00002d25  __aeabi_i2d                   
00002d53  GPIODirModeSet                
00002d81  IntPrioritySet                
00002da5  PWMGenConfigure               
00002dc9  UARTDisable                   
00002de9  PWMPulseWidthSet              
00002e09  SysTickIntRegister            
00002e25  GPIOPinTypeGPIOOutput         
00002e41  GPIOUnlockPin                 
00002e59  GPIOPinTypeGPIOInput          
00002e6f  GPIOPinTypeI2C                
00002e85  GPIOPinTypeI2CSCL             
00002e9b  GPIOPinTypePWM                
00002eb1  GPIOPinTypeSSI                
00002ec7  GPIOPinTypeUART               
00002edd  SysTickEnable                 
00002ef1  SysTickIntEnable              
00002f05  UARTEnable                    
00002f19  strcpy                        
00002f2d  PWMOutputState                
00002f3f  PWMGenPeriodSet               
00002f51  SysTickPeriodSet              
00002f61  StartCriticalSection          
00002f69  EndCriticalSection            
00002f6f  __TI_decompress_none          
00002f7d  PWMGenEnable                  
00002f89  SSIDataGet                    
00002f95  __TI_zero_init                
00002fa1  ResetISR                      
00002fad  I2CMasterEnable               
00002fb7  SSIDataPut                    
00002fc1  SSIDisable                    
00002fcb  SSIEnable                     
00002fd5  UARTCharGet                   
00002fdf  UARTCharPut                   
00002fe9  I2CMasterBusy                 
00002ff1  I2CMasterSlaveAddrSet         
00002ff9  SSIBusy                       
00003001  GPIOPinRead                   
00003007  GPIOPinWrite                  
0000300d  SSIClockSourceSet             
00003013  SysCtlDelay                   
00003019  I2CMasterControl              
0000301d  I2CMasterDataGet              
00003021  I2CMasterDataPut              
00003025  _system_pre_init              
00003029  C$$EXIT                       
00003029  abort                         
000031f8  __TI_Handler_Table_Base       
00003204  __TI_Handler_Table_Limit      
00003220  __TI_CINIT_Base               
00003238  __TI_CINIT_Limit              
20000000  __start___llvm_prf_cnts       
20000000  __stop___llvm_prf_cnts        
20000000  g_pfnRAMVectors               
2000661c  CurrentlyRunningThread        
20006620  IBit_State                    
20006624  SystemTime                    
20006628  pulse_width                   
2000662c  sem_I2CA                      
20006630  sem_SPI                       
20006634  sem_UART                      
20006638  __stack                       
20006838  __STACK_END                   
20006838  __STACK_TOP                   
20006838  num_cubes                     
20006839  joystick_y                    
2000683a  kill_cube                     
2000683b  idle_count                    
2000683c  data                          
20006845  aliveCount                    
ffffffff  __TI_pprof_out_hndl           
ffffffff  __TI_prof_data_size           
ffffffff  __TI_prof_data_start          
ffffffff  __binit__                     
ffffffff  __c_args__                    
ffffffff  binit                         
UNDEFED   __mpu_init                    
UNDEFED   _system_post_cinit            

[205 symbols]
