<?xml version="1.0" encoding="ISO-8859-1" ?>
<link_info>
   <banner>TI ARM Linker PC v20.2.7.LTS</banner>
   <copyright>Copyright (c) 1996-2018 Texas Instruments Incorporated</copyright>
   <link_time>0x68f71e6e</link_time>
   <link_errors>0x0</link_errors>
   <output_file>Lab4_F2025.out</output_file>
   <entry_point>
      <name>_c_int00_noargs</name>
      <address>0x28c5</address>
   </entry_point>
   <input_file_list>
      <input_file id="fl-2">
         <path>.\</path>
         <kind>object</kind>
         <file>lab4_1.obj</file>
         <name>lab4_1.obj</name>
      </input_file>
      <input_file id="fl-3">
         <path>.\</path>
         <kind>object</kind>
         <file>threads.obj</file>
         <name>threads.obj</name>
      </input_file>
      <input_file id="fl-4">
         <path>.\</path>
         <kind>object</kind>
         <file>tm4c123gh6pm_startup_ccs.obj</file>
         <name>tm4c123gh6pm_startup_ccs.obj</name>
      </input_file>
      <input_file id="fl-5">
         <path>.\</path>
         <kind>object</kind>
         <file>uartstdio.obj</file>
         <name>uartstdio.obj</name>
      </input_file>
      <input_file id="fl-6">
         <path>.\G8RTOS\</path>
         <kind>object</kind>
         <file>G8RTOS_CriticalSection.obj</file>
         <name>G8RTOS_CriticalSection.obj</name>
      </input_file>
      <input_file id="fl-7">
         <path>.\G8RTOS\</path>
         <kind>object</kind>
         <file>G8RTOS_IPC.obj</file>
         <name>G8RTOS_IPC.obj</name>
      </input_file>
      <input_file id="fl-8">
         <path>.\G8RTOS\</path>
         <kind>object</kind>
         <file>G8RTOS_Scheduler.obj</file>
         <name>G8RTOS_Scheduler.obj</name>
      </input_file>
      <input_file id="fl-9">
         <path>.\G8RTOS\</path>
         <kind>object</kind>
         <file>G8RTOS_SchedulerASM.obj</file>
         <name>G8RTOS_SchedulerASM.obj</name>
      </input_file>
      <input_file id="fl-a">
         <path>.\G8RTOS\</path>
         <kind>object</kind>
         <file>G8RTOS_Semaphores.obj</file>
         <name>G8RTOS_Semaphores.obj</name>
      </input_file>
      <input_file id="fl-b">
         <path>.\MiscFunctions\LinAlg\src\</path>
         <kind>object</kind>
         <file>linalg.obj</file>
         <name>linalg.obj</name>
      </input_file>
      <input_file id="fl-c">
         <path>.\MiscFunctions\LinAlg\src\</path>
         <kind>object</kind>
         <file>quaternions.obj</file>
         <name>quaternions.obj</name>
      </input_file>
      <input_file id="fl-d">
         <path>.\MiscFunctions\LinAlg\src\</path>
         <kind>object</kind>
         <file>vect3d.obj</file>
         <name>vect3d.obj</name>
      </input_file>
      <input_file id="fl-e">
         <path>.\MiscFunctions\Shapes\src\</path>
         <kind>object</kind>
         <file>cube.obj</file>
         <name>cube.obj</name>
      </input_file>
      <input_file id="fl-f">
         <path>.\MultimodDrivers\src\</path>
         <kind>object</kind>
         <file>multimod_BME280.obj</file>
         <name>multimod_BME280.obj</name>
      </input_file>
      <input_file id="fl-10">
         <path>.\MultimodDrivers\src\</path>
         <kind>object</kind>
         <file>multimod_BMI160.obj</file>
         <name>multimod_BMI160.obj</name>
      </input_file>
      <input_file id="fl-11">
         <path>.\MultimodDrivers\src\</path>
         <kind>object</kind>
         <file>multimod_LaunchpadButtons.obj</file>
         <name>multimod_LaunchpadButtons.obj</name>
      </input_file>
      <input_file id="fl-12">
         <path>.\MultimodDrivers\src\</path>
         <kind>object</kind>
         <file>multimod_LaunchpadLED.obj</file>
         <name>multimod_LaunchpadLED.obj</name>
      </input_file>
      <input_file id="fl-13">
         <path>.\MultimodDrivers\src\</path>
         <kind>object</kind>
         <file>multimod_OPT3001.obj</file>
         <name>multimod_OPT3001.obj</name>
      </input_file>
      <input_file id="fl-14">
         <path>.\MultimodDrivers\src\</path>
         <kind>object</kind>
         <file>multimod_PCA9555.obj</file>
         <name>multimod_PCA9555.obj</name>
      </input_file>
      <input_file id="fl-15">
         <path>.\MultimodDrivers\src\</path>
         <kind>object</kind>
         <file>multimod_PCA9956b.obj</file>
         <name>multimod_PCA9956b.obj</name>
      </input_file>
      <input_file id="fl-16">
         <path>.\MultimodDrivers\src\</path>
         <kind>object</kind>
         <file>multimod_ST7789.obj</file>
         <name>multimod_ST7789.obj</name>
      </input_file>
      <input_file id="fl-17">
         <path>.\MultimodDrivers\src\</path>
         <kind>object</kind>
         <file>multimod_buttons.obj</file>
         <name>multimod_buttons.obj</name>
      </input_file>
      <input_file id="fl-18">
         <path>.\MultimodDrivers\src\</path>
         <kind>object</kind>
         <file>multimod_i2c.obj</file>
         <name>multimod_i2c.obj</name>
      </input_file>
      <input_file id="fl-19">
         <path>.\MultimodDrivers\src\</path>
         <kind>object</kind>
         <file>multimod_joystick.obj</file>
         <name>multimod_joystick.obj</name>
      </input_file>
      <input_file id="fl-1a">
         <path>.\MultimodDrivers\src\</path>
         <kind>object</kind>
         <file>multimod_spi.obj</file>
         <name>multimod_spi.obj</name>
      </input_file>
      <input_file id="fl-1b">
         <path>.\MultimodDrivers\src\</path>
         <kind>object</kind>
         <file>multimod_uart.obj</file>
         <name>multimod_uart.obj</name>
      </input_file>
      <input_file id="fl-21">
         <kind>object</kind>
         <file>&lt;internal&gt;</file>
         <name>&lt;internal&gt;</name>
      </input_file>
      <input_file id="fl-d7">
         <path>C:\ti\ccs1281\ccs\tools\compiler\ti-cgt-arm_20.2.7.LTS\lib\</path>
         <kind>archive</kind>
         <file>rtsv7M4_T_le_v4SPD16_eabi.lib</file>
         <name>e_powf.c.obj</name>
      </input_file>
      <input_file id="fl-d8">
         <path>C:\ti\ccs1281\ccs\tools\compiler\ti-cgt-arm_20.2.7.LTS\lib\</path>
         <kind>archive</kind>
         <file>rtsv7M4_T_le_v4SPD16_eabi.lib</file>
         <name>e_sqrtf.c.obj</name>
      </input_file>
      <input_file id="fl-d9">
         <path>C:\ti\ccs1281\ccs\tools\compiler\ti-cgt-arm_20.2.7.LTS\lib\</path>
         <kind>archive</kind>
         <file>rtsv7M4_T_le_v4SPD16_eabi.lib</file>
         <name>s_scalbnf.c.obj</name>
      </input_file>
      <input_file id="fl-da">
         <path>C:\ti\ccs1281\ccs\tools\compiler\ti-cgt-arm_20.2.7.LTS\lib\</path>
         <kind>archive</kind>
         <file>rtsv7M4_T_le_v4SPD16_eabi.lib</file>
         <name>s_copysignf.c.obj</name>
      </input_file>
      <input_file id="fl-db">
         <path>C:\ti\ccs1281\ccs\tools\compiler\ti-cgt-arm_20.2.7.LTS\lib\</path>
         <kind>archive</kind>
         <file>rtsv7M4_T_le_v4SPD16_eabi.lib</file>
         <name>fd_cmp_t2.asm.obj</name>
      </input_file>
      <input_file id="fl-dc">
         <path>C:\ti\ccs1281\ccs\tools\compiler\ti-cgt-arm_20.2.7.LTS\lib\</path>
         <kind>archive</kind>
         <file>rtsv7M4_T_le_v4SPD16_eabi.lib</file>
         <name>fd_mul_t2.asm.obj</name>
      </input_file>
      <input_file id="fl-dd">
         <path>C:\ti\ccs1281\ccs\tools\compiler\ti-cgt-arm_20.2.7.LTS\lib\</path>
         <kind>archive</kind>
         <file>rtsv7M4_T_le_v4SPD16_eabi.lib</file>
         <name>fd_toi_t2.asm.obj</name>
      </input_file>
      <input_file id="fl-de">
         <path>C:\ti\ccs1281\ccs\tools\compiler\ti-cgt-arm_20.2.7.LTS\lib\</path>
         <kind>archive</kind>
         <file>rtsv7M4_T_le_v4SPD16_eabi.lib</file>
         <name>fs_tod_t2.asm.obj</name>
      </input_file>
      <input_file id="fl-df">
         <path>C:\ti\ccs1281\ccs\tools\compiler\ti-cgt-arm_20.2.7.LTS\lib\</path>
         <kind>archive</kind>
         <file>rtsv7M4_T_le_v4SPD16_eabi.lib</file>
         <name>i_tofd_t2.asm.obj</name>
      </input_file>
      <input_file id="fl-e0">
         <path>C:\ti\ccs1281\ccs\tools\compiler\ti-cgt-arm_20.2.7.LTS\lib\</path>
         <kind>archive</kind>
         <file>rtsv7M4_T_le_v4SPD16_eabi.lib</file>
         <name>u_divt2.asm.obj</name>
      </input_file>
      <input_file id="fl-e1">
         <path>C:\ti\ccs1281\ccs\tools\compiler\ti-cgt-arm_20.2.7.LTS\lib\</path>
         <kind>archive</kind>
         <file>rtsv7M4_T_le_v4SPD16_eabi.lib</file>
         <name>copy_zero_init.c.obj</name>
      </input_file>
      <input_file id="fl-e2">
         <path>C:\ti\ccs1281\ccs\tools\compiler\ti-cgt-arm_20.2.7.LTS\lib\</path>
         <kind>archive</kind>
         <file>rtsv7M4_T_le_v4SPD16_eabi.lib</file>
         <name>copy_decompress_none.c.obj</name>
      </input_file>
      <input_file id="fl-e3">
         <path>C:\ti\ccs1281\ccs\tools\compiler\ti-cgt-arm_20.2.7.LTS\lib\</path>
         <kind>archive</kind>
         <file>rtsv7M4_T_le_v4SPD16_eabi.lib</file>
         <name>copy_decompress_lzss.c.obj</name>
      </input_file>
      <input_file id="fl-e4">
         <path>C:\ti\ccs1281\ccs\tools\compiler\ti-cgt-arm_20.2.7.LTS\lib\</path>
         <kind>archive</kind>
         <file>rtsv7M4_T_le_v4SPD16_eabi.lib</file>
         <name>boot_cortex_m.c.obj</name>
      </input_file>
      <input_file id="fl-e5">
         <path>C:\ti\ccs1281\ccs\tools\compiler\ti-cgt-arm_20.2.7.LTS\lib\</path>
         <kind>archive</kind>
         <file>rtsv7M4_T_le_v4SPD16_eabi.lib</file>
         <name>errno.c.obj</name>
      </input_file>
      <input_file id="fl-e6">
         <path>C:\ti\ccs1281\ccs\tools\compiler\ti-cgt-arm_20.2.7.LTS\lib\</path>
         <kind>archive</kind>
         <file>rtsv7M4_T_le_v4SPD16_eabi.lib</file>
         <name>div0.asm.obj</name>
      </input_file>
      <input_file id="fl-e7">
         <path>C:\ti\ccs1281\ccs\tools\compiler\ti-cgt-arm_20.2.7.LTS\lib\</path>
         <kind>archive</kind>
         <file>rtsv7M4_T_le_v4SPD16_eabi.lib</file>
         <name>memcpy_t2.asm.obj</name>
      </input_file>
      <input_file id="fl-e8">
         <path>C:\ti\ccs1281\ccs\tools\compiler\ti-cgt-arm_20.2.7.LTS\lib\</path>
         <kind>archive</kind>
         <file>rtsv7M4_T_le_v4SPD16_eabi.lib</file>
         <name>memset_t2.asm.obj</name>
      </input_file>
      <input_file id="fl-e9">
         <path>C:\ti\ccs1281\ccs\tools\compiler\ti-cgt-arm_20.2.7.LTS\lib\</path>
         <kind>archive</kind>
         <file>rtsv7M4_T_le_v4SPD16_eabi.lib</file>
         <name>autoinit.c.obj</name>
      </input_file>
      <input_file id="fl-ea">
         <path>C:\ti\ccs1281\ccs\tools\compiler\ti-cgt-arm_20.2.7.LTS\lib\</path>
         <kind>archive</kind>
         <file>rtsv7M4_T_le_v4SPD16_eabi.lib</file>
         <name>pre_init.c.obj</name>
      </input_file>
      <input_file id="fl-eb">
         <path>C:\ti\ccs1281\ccs\tools\compiler\ti-cgt-arm_20.2.7.LTS\lib\</path>
         <kind>archive</kind>
         <file>rtsv7M4_T_le_v4SPD16_eabi.lib</file>
         <name>cpy_tbl.c.obj</name>
      </input_file>
      <input_file id="fl-ec">
         <path>C:\ti\ccs1281\ccs\tools\compiler\ti-cgt-arm_20.2.7.LTS\lib\</path>
         <kind>archive</kind>
         <file>rtsv7M4_T_le_v4SPD16_eabi.lib</file>
         <name>exit.c.obj</name>
      </input_file>
      <input_file id="fl-ed">
         <path>C:\ti\ccs1281\ccs\tools\compiler\ti-cgt-arm_20.2.7.LTS\lib\</path>
         <kind>archive</kind>
         <file>rtsv7M4_T_le_v4SPD16_eabi.lib</file>
         <name>_lock.c.obj</name>
      </input_file>
      <input_file id="fl-ee">
         <path>C:\ti\ccs1281\ccs\tools\compiler\ti-cgt-arm_20.2.7.LTS\lib\</path>
         <kind>archive</kind>
         <file>rtsv7M4_T_le_v4SPD16_eabi.lib</file>
         <name>args_main.c.obj</name>
      </input_file>
      <input_file id="fl-ef">
         <path>C:\ti\TivaWare_C_Series-2.2.0.295\driverlib\ccs\Debug\</path>
         <kind>archive</kind>
         <file>driverlib.lib</file>
         <name>gpio.obj</name>
      </input_file>
      <input_file id="fl-f0">
         <path>C:\ti\TivaWare_C_Series-2.2.0.295\driverlib\ccs\Debug\</path>
         <kind>archive</kind>
         <file>driverlib.lib</file>
         <name>i2c.obj</name>
      </input_file>
      <input_file id="fl-f1">
         <path>C:\ti\TivaWare_C_Series-2.2.0.295\driverlib\ccs\Debug\</path>
         <kind>archive</kind>
         <file>driverlib.lib</file>
         <name>interrupt.obj</name>
      </input_file>
      <input_file id="fl-f2">
         <path>C:\ti\TivaWare_C_Series-2.2.0.295\driverlib\ccs\Debug\</path>
         <kind>archive</kind>
         <file>driverlib.lib</file>
         <name>pwm.obj</name>
      </input_file>
      <input_file id="fl-f3">
         <path>C:\ti\TivaWare_C_Series-2.2.0.295\driverlib\ccs\Debug\</path>
         <kind>archive</kind>
         <file>driverlib.lib</file>
         <name>ssi.obj</name>
      </input_file>
      <input_file id="fl-f4">
         <path>C:\ti\TivaWare_C_Series-2.2.0.295\driverlib\ccs\Debug\</path>
         <kind>archive</kind>
         <file>driverlib.lib</file>
         <name>sysctl.obj</name>
      </input_file>
      <input_file id="fl-f5">
         <path>C:\ti\TivaWare_C_Series-2.2.0.295\driverlib\ccs\Debug\</path>
         <kind>archive</kind>
         <file>driverlib.lib</file>
         <name>systick.obj</name>
      </input_file>
      <input_file id="fl-f6">
         <path>C:\ti\TivaWare_C_Series-2.2.0.295\driverlib\ccs\Debug\</path>
         <kind>archive</kind>
         <file>driverlib.lib</file>
         <name>uart.obj</name>
      </input_file>
      <input_file id="fl-f7">
         <path>C:\ti\TivaWare_C_Series-2.2.0.295\driverlib\ccs\Debug\</path>
         <kind>archive</kind>
         <file>driverlib.lib</file>
         <name>cpu.obj</name>
      </input_file>
   </input_file_list>
   <object_component_list>
      <object_component id="oc-12">
         <name>.intvecs</name>
         <load_address>0x0</load_address>
         <run_address>0x0</run_address>
         <size>0x26c</size>
         <input_file_ref idref="fl-4"/>
      </object_component>
      <object_component id="oc-d5">
         <name>.text</name>
         <load_address>0x26c</load_address>
         <run_address>0x26c</run_address>
         <size>0x734</size>
         <input_file_ref idref="fl-16"/>
      </object_component>
      <object_component id="oc-1a4">
         <name>.text</name>
         <load_address>0x9a0</load_address>
         <run_address>0x9a0</run_address>
         <size>0x4a8</size>
         <input_file_ref idref="fl-5"/>
      </object_component>
      <object_component id="oc-f9">
         <name>.text</name>
         <load_address>0xe48</load_address>
         <run_address>0xe48</run_address>
         <size>0x404</size>
         <input_file_ref idref="fl-8"/>
      </object_component>
      <object_component id="oc-c9">
         <name>.text</name>
         <load_address>0x124c</load_address>
         <run_address>0x124c</run_address>
         <size>0x2c8</size>
         <input_file_ref idref="fl-10"/>
      </object_component>
      <object_component id="oc-159">
         <name>.text</name>
         <load_address>0x1514</load_address>
         <run_address>0x1514</run_address>
         <size>0x270</size>
         <input_file_ref idref="fl-18"/>
      </object_component>
      <object_component id="oc-178">
         <name>.text</name>
         <load_address>0x1784</load_address>
         <run_address>0x1784</run_address>
         <size>0x1a0</size>
         <input_file_ref idref="fl-1a"/>
      </object_component>
      <object_component id="oc-103">
         <name>.text</name>
         <load_address>0x1924</load_address>
         <run_address>0x1924</run_address>
         <size>0x19c</size>
         <input_file_ref idref="fl-3"/>
      </object_component>
      <object_component id="oc-2da">
         <name>.text:GPIOPadConfigSet</name>
         <load_address>0x1ac0</load_address>
         <run_address>0x1ac0</run_address>
         <size>0x16c</size>
         <input_file_ref idref="fl-ef"/>
      </object_component>
      <object_component id="oc-e7">
         <name>.text</name>
         <load_address>0x1c2c</load_address>
         <run_address>0x1c2c</run_address>
         <size>0x16c</size>
         <input_file_ref idref="fl-12"/>
      </object_component>
      <object_component id="oc-cf">
         <name>.text</name>
         <load_address>0x1d98</load_address>
         <run_address>0x1d98</run_address>
         <size>0x138</size>
         <input_file_ref idref="fl-13"/>
      </object_component>
      <object_component id="oc-17e">
         <name>.text:SysCtlClockGet</name>
         <load_address>0x1ed0</load_address>
         <run_address>0x1ed0</run_address>
         <size>0x118</size>
         <input_file_ref idref="fl-f4"/>
      </object_component>
      <object_component id="oc-166">
         <name>.text</name>
         <load_address>0x1fe8</load_address>
         <run_address>0x1fe8</run_address>
         <size>0xfc</size>
         <input_file_ref idref="fl-dc"/>
      </object_component>
      <object_component id="oc-ed">
         <name>.text:SysCtlClockSet</name>
         <load_address>0x20e4</load_address>
         <run_address>0x20e4</run_address>
         <size>0xf4</size>
         <input_file_ref idref="fl-f4"/>
      </object_component>
      <object_component id="oc-9b">
         <name>.text</name>
         <load_address>0x21d8</load_address>
         <run_address>0x21d8</run_address>
         <size>0xe8</size>
         <input_file_ref idref="fl-2"/>
      </object_component>
      <object_component id="oc-f3">
         <name>.text</name>
         <load_address>0x22c0</load_address>
         <run_address>0x22c0</run_address>
         <size>0xa4</size>
         <input_file_ref idref="fl-a"/>
      </object_component>
      <object_component id="oc-3b">
         <name>.text</name>
         <load_address>0x2364</load_address>
         <run_address>0x2364</run_address>
         <size>0x9c</size>
         <input_file_ref idref="fl-e7"/>
      </object_component>
      <object_component id="oc-8f">
         <name>.text</name>
         <load_address>0x2400</load_address>
         <run_address>0x2400</run_address>
         <size>0x7a</size>
         <input_file_ref idref="fl-e8"/>
      </object_component>
      <object_component id="oc-3b2">
         <name>.text</name>
         <load_address>0x247a</load_address>
         <run_address>0x247a</run_address>
         <size>0x2</size>
         <input_file_ref idref="fl-e6"/>
      </object_component>
      <object_component id="oc-e1">
         <name>.text</name>
         <load_address>0x247c</load_address>
         <run_address>0x247c</run_address>
         <size>0x74</size>
         <input_file_ref idref="fl-11"/>
      </object_component>
      <object_component id="oc-15">
         <name>.text:decompress:lzss:__TI_decompress_lzss</name>
         <load_address>0x24f0</load_address>
         <run_address>0x24f0</run_address>
         <size>0x68</size>
         <input_file_ref idref="fl-e3"/>
      </object_component>
      <object_component id="oc-db">
         <name>.text</name>
         <load_address>0x2558</load_address>
         <run_address>0x2558</run_address>
         <size>0x5c</size>
         <input_file_ref idref="fl-1b"/>
      </object_component>
      <object_component id="oc-228">
         <name>.text</name>
         <load_address>0x25b4</load_address>
         <run_address>0x25b4</run_address>
         <size>0x50</size>
         <input_file_ref idref="fl-9"/>
      </object_component>
      <object_component id="oc-1c4">
         <name>.text:GPIOPinConfigure</name>
         <load_address>0x2604</load_address>
         <run_address>0x2604</run_address>
         <size>0x4c</size>
         <input_file_ref idref="fl-ef"/>
      </object_component>
      <object_component id="oc-274">
         <name>.text:I2CMasterInitExpClk</name>
         <load_address>0x2650</load_address>
         <run_address>0x2650</run_address>
         <size>0x4c</size>
         <input_file_ref idref="fl-f0"/>
      </object_component>
      <object_component id="oc-16b">
         <name>.text</name>
         <load_address>0x269c</load_address>
         <run_address>0x269c</run_address>
         <size>0x48</size>
         <input_file_ref idref="fl-dd"/>
      </object_component>
      <object_component id="oc-19e">
         <name>.text:UARTConfigSetExpClk</name>
         <load_address>0x26e4</load_address>
         <run_address>0x26e4</run_address>
         <size>0x46</size>
         <input_file_ref idref="fl-f6"/>
      </object_component>
      <object_component id="oc-116">
         <name>.text:__TI_auto_init_nobinit_nopinit:__TI_auto_init_nobinit_nopinit</name>
         <load_address>0x272c</load_address>
         <run_address>0x272c</run_address>
         <size>0x44</size>
         <input_file_ref idref="fl-e9"/>
      </object_component>
      <object_component id="oc-312">
         <name>.text</name>
         <load_address>0x2770</load_address>
         <run_address>0x2770</run_address>
         <size>0x40</size>
         <input_file_ref idref="fl-e0"/>
      </object_component>
      <object_component id="oc-2b5">
         <name>.text:SSIConfigSetExpClk</name>
         <load_address>0x27b0</load_address>
         <run_address>0x27b0</run_address>
         <size>0x3c</size>
         <input_file_ref idref="fl-f3"/>
      </object_component>
      <object_component id="oc-2f7">
         <name>.text:SysCtlPeripheralPresent</name>
         <load_address>0x27ec</load_address>
         <run_address>0x27ec</run_address>
         <size>0x38</size>
         <input_file_ref idref="fl-f4"/>
      </object_component>
      <object_component id="oc-192">
         <name>.text:SysCtlPeripheralReady</name>
         <load_address>0x2824</load_address>
         <run_address>0x2824</run_address>
         <size>0x38</size>
         <input_file_ref idref="fl-f4"/>
      </object_component>
      <object_component id="oc-210">
         <name>.text:IntRegister</name>
         <load_address>0x285c</load_address>
         <run_address>0x285c</run_address>
         <size>0x34</size>
         <input_file_ref idref="fl-f1"/>
      </object_component>
      <object_component id="oc-185">
         <name>.text:SysCtlPeripheralEnable</name>
         <load_address>0x2890</load_address>
         <run_address>0x2890</run_address>
         <size>0x34</size>
         <input_file_ref idref="fl-f4"/>
      </object_component>
      <object_component id="oc-59">
         <name>.text:_c_int00_noargs:_c_int00_noargs</name>
         <load_address>0x28c4</load_address>
         <run_address>0x28c4</run_address>
         <size>0x34</size>
         <input_file_ref idref="fl-e4"/>
      </object_component>
      <object_component id="oc-161">
         <name>.text</name>
         <load_address>0x28f8</load_address>
         <run_address>0x28f8</run_address>
         <size>0x2e</size>
         <input_file_ref idref="fl-df"/>
      </object_component>
      <object_component id="oc-2e0">
         <name>.text:GPIODirModeSet</name>
         <load_address>0x2926</load_address>
         <run_address>0x2926</run_address>
         <size>0x2c</size>
         <input_file_ref idref="fl-ef"/>
      </object_component>
      <object_component id="oc-222">
         <name>.text:IntPrioritySet</name>
         <load_address>0x2954</load_address>
         <run_address>0x2954</run_address>
         <size>0x24</size>
         <input_file_ref idref="fl-f1"/>
      </object_component>
      <object_component id="oc-1ca">
         <name>.text:PWMGenConfigure</name>
         <load_address>0x2978</load_address>
         <run_address>0x2978</run_address>
         <size>0x22</size>
         <input_file_ref idref="fl-f2"/>
      </object_component>
      <object_component id="oc-2e9">
         <name>.text:UARTDisable</name>
         <load_address>0x299c</load_address>
         <run_address>0x299c</run_address>
         <size>0x20</size>
         <input_file_ref idref="fl-f6"/>
      </object_component>
      <object_component id="oc-1d6">
         <name>.text:PWMPulseWidthSet</name>
         <load_address>0x29bc</load_address>
         <run_address>0x29bc</run_address>
         <size>0x1e</size>
         <input_file_ref idref="fl-f2"/>
      </object_component>
      <object_component id="oc-20a">
         <name>.text:SysTickIntRegister</name>
         <load_address>0x29dc</load_address>
         <run_address>0x29dc</run_address>
         <size>0x1c</size>
         <input_file_ref idref="fl-f5"/>
      </object_component>
      <object_component id="oc-18b">
         <name>.text:GPIOPinTypeGPIOOutput</name>
         <load_address>0x29f8</load_address>
         <run_address>0x29f8</run_address>
         <size>0x1a</size>
         <input_file_ref idref="fl-ef"/>
      </object_component>
      <object_component id="oc-1ab">
         <name>.text:GPIOUnlockPin</name>
         <load_address>0x2a14</load_address>
         <run_address>0x2a14</run_address>
         <size>0x18</size>
         <input_file_ref idref="fl-ef"/>
      </object_component>
      <object_component id="oc-1b1">
         <name>.text:GPIOPinTypeGPIOInput</name>
         <load_address>0x2a2c</load_address>
         <run_address>0x2a2c</run_address>
         <size>0x16</size>
         <input_file_ref idref="fl-ef"/>
      </object_component>
      <object_component id="oc-26e">
         <name>.text:GPIOPinTypeI2C</name>
         <load_address>0x2a42</load_address>
         <run_address>0x2a42</run_address>
         <size>0x16</size>
         <input_file_ref idref="fl-ef"/>
      </object_component>
      <object_component id="oc-268">
         <name>.text:GPIOPinTypeI2CSCL</name>
         <load_address>0x2a58</load_address>
         <run_address>0x2a58</run_address>
         <size>0x16</size>
         <input_file_ref idref="fl-ef"/>
      </object_component>
      <object_component id="oc-1be">
         <name>.text:GPIOPinTypePWM</name>
         <load_address>0x2a6e</load_address>
         <run_address>0x2a6e</run_address>
         <size>0x16</size>
         <input_file_ref idref="fl-ef"/>
      </object_component>
      <object_component id="oc-2a3">
         <name>.text:GPIOPinTypeSSI</name>
         <load_address>0x2a84</load_address>
         <run_address>0x2a84</run_address>
         <size>0x16</size>
         <input_file_ref idref="fl-ef"/>
      </object_component>
      <object_component id="oc-198">
         <name>.text:GPIOPinTypeUART</name>
         <load_address>0x2a9a</load_address>
         <run_address>0x2a9a</run_address>
         <size>0x16</size>
         <input_file_ref idref="fl-ef"/>
      </object_component>
      <object_component id="oc-21c">
         <name>.text:SysTickEnable</name>
         <load_address>0x2ab0</load_address>
         <run_address>0x2ab0</run_address>
         <size>0x14</size>
         <input_file_ref idref="fl-f5"/>
      </object_component>
      <object_component id="oc-216">
         <name>.text:SysTickIntEnable</name>
         <load_address>0x2ac4</load_address>
         <run_address>0x2ac4</run_address>
         <size>0x14</size>
         <input_file_ref idref="fl-f5"/>
      </object_component>
      <object_component id="oc-2ef">
         <name>.text:UARTEnable</name>
         <load_address>0x2ad8</load_address>
         <run_address>0x2ad8</run_address>
         <size>0x14</size>
         <input_file_ref idref="fl-f6"/>
      </object_component>
      <object_component id="oc-1e2">
         <name>.text:PWMOutputState</name>
         <load_address>0x2aec</load_address>
         <run_address>0x2aec</run_address>
         <size>0x12</size>
         <input_file_ref idref="fl-f2"/>
      </object_component>
      <object_component id="oc-1d0">
         <name>.text:PWMGenPeriodSet</name>
         <load_address>0x2afe</load_address>
         <run_address>0x2afe</run_address>
         <size>0x10</size>
         <input_file_ref idref="fl-f2"/>
      </object_component>
      <object_component id="oc-204">
         <name>.text:SysTickPeriodSet</name>
         <load_address>0x2b10</load_address>
         <run_address>0x2b10</run_address>
         <size>0x10</size>
         <input_file_ref idref="fl-f5"/>
      </object_component>
      <object_component id="oc-1f8">
         <name>.text</name>
         <load_address>0x2b20</load_address>
         <run_address>0x2b20</run_address>
         <size>0xe</size>
         <input_file_ref idref="fl-6"/>
      </object_component>
      <object_component id="oc-1b">
         <name>.text:decompress:none:__TI_decompress_none</name>
         <load_address>0x2b2e</load_address>
         <run_address>0x2b2e</run_address>
         <size>0xe</size>
         <input_file_ref idref="fl-e2"/>
      </object_component>
      <object_component id="oc-1dc">
         <name>.text:PWMGenEnable</name>
         <load_address>0x2b3c</load_address>
         <run_address>0x2b3c</run_address>
         <size>0xc</size>
         <input_file_ref idref="fl-f2"/>
      </object_component>
      <object_component id="oc-2cd">
         <name>.text:SSIDataGet</name>
         <load_address>0x2b48</load_address>
         <run_address>0x2b48</run_address>
         <size>0xc</size>
         <input_file_ref idref="fl-f3"/>
      </object_component>
      <object_component id="oc-4d">
         <name>.text:decompress:ZI:__TI_zero_init</name>
         <load_address>0x2b54</load_address>
         <run_address>0x2b54</run_address>
         <size>0xc</size>
         <input_file_ref idref="fl-e1"/>
      </object_component>
      <object_component id="oc-27">
         <name>.text</name>
         <load_address>0x2b60</load_address>
         <run_address>0x2b60</run_address>
         <size>0xc</size>
         <input_file_ref idref="fl-4"/>
      </object_component>
      <object_component id="oc-385">
         <name>.text:I2CMasterEnable</name>
         <load_address>0x2b6c</load_address>
         <run_address>0x2b6c</run_address>
         <size>0xa</size>
         <input_file_ref idref="fl-f0"/>
      </object_component>
      <object_component id="oc-2c1">
         <name>.text:SSIDataPut</name>
         <load_address>0x2b76</load_address>
         <run_address>0x2b76</run_address>
         <size>0xa</size>
         <input_file_ref idref="fl-f3"/>
      </object_component>
      <object_component id="oc-2a9">
         <name>.text:SSIDisable</name>
         <load_address>0x2b80</load_address>
         <run_address>0x2b80</run_address>
         <size>0xa</size>
         <input_file_ref idref="fl-f3"/>
      </object_component>
      <object_component id="oc-2bb">
         <name>.text:SSIEnable</name>
         <load_address>0x2b8a</load_address>
         <run_address>0x2b8a</run_address>
         <size>0xa</size>
         <input_file_ref idref="fl-f3"/>
      </object_component>
      <object_component id="oc-303">
         <name>.text:UARTCharGet</name>
         <load_address>0x2b94</load_address>
         <run_address>0x2b94</run_address>
         <size>0xa</size>
         <input_file_ref idref="fl-f6"/>
      </object_component>
      <object_component id="oc-2fd">
         <name>.text:UARTCharPut</name>
         <load_address>0x2b9e</load_address>
         <run_address>0x2b9e</run_address>
         <size>0xa</size>
         <input_file_ref idref="fl-f6"/>
      </object_component>
      <object_component id="oc-28c">
         <name>.text:I2CMasterBusy</name>
         <load_address>0x2ba8</load_address>
         <run_address>0x2ba8</run_address>
         <size>0x8</size>
         <input_file_ref idref="fl-f0"/>
      </object_component>
      <object_component id="oc-27a">
         <name>.text:I2CMasterSlaveAddrSet</name>
         <load_address>0x2bb0</load_address>
         <run_address>0x2bb0</run_address>
         <size>0x8</size>
         <input_file_ref idref="fl-f0"/>
      </object_component>
      <object_component id="oc-2c7">
         <name>.text:SSIBusy</name>
         <load_address>0x2bb8</load_address>
         <run_address>0x2bb8</run_address>
         <size>0x8</size>
         <input_file_ref idref="fl-f3"/>
      </object_component>
      <object_component id="oc-1b7">
         <name>.text:GPIOPinRead</name>
         <load_address>0x2bc0</load_address>
         <run_address>0x2bc0</run_address>
         <size>0x6</size>
         <input_file_ref idref="fl-ef"/>
      </object_component>
      <object_component id="oc-172">
         <name>.text:GPIOPinWrite</name>
         <load_address>0x2bc6</load_address>
         <run_address>0x2bc6</run_address>
         <size>0x6</size>
         <input_file_ref idref="fl-ef"/>
      </object_component>
      <object_component id="oc-2af">
         <name>.text:SSIClockSourceSet</name>
         <load_address>0x2bcc</load_address>
         <run_address>0x2bcc</run_address>
         <size>0x6</size>
         <input_file_ref idref="fl-f3"/>
      </object_component>
      <object_component id="oc-184">
         <name>.text:SysCtlDelay</name>
         <load_address>0x2bd2</load_address>
         <run_address>0x2bd2</run_address>
         <size>0x6</size>
         <input_file_ref idref="fl-f4"/>
      </object_component>
      <object_component id="oc-286">
         <name>.text:I2CMasterControl</name>
         <load_address>0x2bd8</load_address>
         <run_address>0x2bd8</run_address>
         <size>0x4</size>
         <input_file_ref idref="fl-f0"/>
      </object_component>
      <object_component id="oc-292">
         <name>.text:I2CMasterDataGet</name>
         <load_address>0x2bdc</load_address>
         <run_address>0x2bdc</run_address>
         <size>0x4</size>
         <input_file_ref idref="fl-f0"/>
      </object_component>
      <object_component id="oc-280">
         <name>.text:I2CMasterDataPut</name>
         <load_address>0x2be0</load_address>
         <run_address>0x2be0</run_address>
         <size>0x4</size>
         <input_file_ref idref="fl-f0"/>
      </object_component>
      <object_component id="oc-95">
         <name>.text:_system_pre_init</name>
         <load_address>0x2be4</load_address>
         <run_address>0x2be4</run_address>
         <size>0x4</size>
         <input_file_ref idref="fl-ea"/>
      </object_component>
      <object_component id="oc-10a">
         <name>.text:abort:abort</name>
         <load_address>0x2be8</load_address>
         <run_address>0x2be8</run_address>
         <size>0x4</size>
         <input_file_ref idref="fl-ec"/>
      </object_component>
      <object_component id="oc-355">
         <name>.const:g_pui32Regs</name>
         <load_address>0x2bec</load_address>
         <run_address>0x2bec</run_address>
         <size>0x9c</size>
         <input_file_ref idref="fl-f1"/>
      </object_component>
      <object_component id="oc-325">
         <name>.const:g_pui32GPIOBaseAddrs</name>
         <load_address>0x2c88</load_address>
         <run_address>0x2c88</run_address>
         <size>0x90</size>
         <input_file_ref idref="fl-ef"/>
      </object_component>
      <object_component id="oc-2d5">
         <name>.const:g_pui32Xtals</name>
         <load_address>0x2d18</load_address>
         <run_address>0x2d18</run_address>
         <size>0x6c</size>
         <input_file_ref idref="fl-f4"/>
      </object_component>
      <object_component id="oc-3b8">
         <name>.const:.string</name>
         <load_address>0x2d84</load_address>
         <run_address>0x2d84</run_address>
         <size>0x12</size>
         <input_file_ref idref="fl-5"/>
      </object_component>
      <object_component id="oc-30f">
         <name>.const:g_ui32UARTBase</name>
         <load_address>0x2d98</load_address>
         <run_address>0x2d98</run_address>
         <size>0xc</size>
         <input_file_ref idref="fl-5"/>
      </object_component>
      <object_component id="oc-309">
         <name>.const:g_ui32UARTPeriph</name>
         <load_address>0x2da4</load_address>
         <run_address>0x2da4</run_address>
         <size>0xc</size>
         <input_file_ref idref="fl-5"/>
      </object_component>
      <object_component id="oc-317">
         <name>.const</name>
         <load_address>0x2db0</load_address>
         <run_address>0x2db0</run_address>
         <size>0x4</size>
         <input_file_ref idref="fl-5"/>
      </object_component>
      <object_component id="oc-407">
         <name>__TI_handler_table</name>
         <load_address>0x2db8</load_address>
         <run_address>0x2db8</run_address>
         <size>0xc</size>
      </object_component>
      <object_component id="oc-40b">
         <name>.cinit..bss.load</name>
         <load_address>0x2dc8</load_address>
         <run_address>0x2dc8</run_address>
         <size>0x8</size>
      </object_component>
      <object_component id="oc-409">
         <name>.cinit..vtable.load</name>
         <load_address>0x2dd0</load_address>
         <run_address>0x2dd0</run_address>
         <size>0x8</size>
      </object_component>
      <object_component id="oc-40a">
         <name>.cinit..data.load</name>
         <load_address>0x2dd8</load_address>
         <run_address>0x2dd8</run_address>
         <size>0x7</size>
      </object_component>
      <object_component id="oc-408">
         <name>__TI_cinit_table</name>
         <load_address>0x2de0</load_address>
         <run_address>0x2de0</run_address>
         <size>0x18</size>
      </object_component>
      <object_component id="oc-34e">
         <name>.vtable</name>
         <uninitialized>true</uninitialized>
         <run_address>0x20000000</run_address>
         <size>0x26c</size>
         <input_file_ref idref="fl-f1"/>
      </object_component>
      <object_component id="oc-30c">
         <name>.data</name>
         <load_address>0x200066e8</load_address>
         <run_address>0x200066e8</run_address>
         <size>0x5</size>
         <input_file_ref idref="fl-5"/>
      </object_component>
      <object_component id="oc-234">
         <name>.bss:threadControlBlocks</name>
         <uninitialized>true</uninitialized>
         <run_address>0x2000626c</run_address>
         <size>0x210</size>
         <input_file_ref idref="fl-8"/>
      </object_component>
      <object_component id="oc-237">
         <name>.bss:threadStacks</name>
         <uninitialized>true</uninitialized>
         <run_address>0x2000026c</run_address>
         <size>0x6000</size>
         <input_file_ref idref="fl-8"/>
      </object_component>
      <object_component id="oc-22e">
         <name>.bss:pthreadControlBlocks</name>
         <uninitialized>true</uninitialized>
         <run_address>0x2000647c</run_address>
         <size>0x48</size>
         <input_file_ref idref="fl-8"/>
      </object_component>
      <object_component id="oc-231">
         <name>.bss</name>
         <uninitialized>true</uninitialized>
         <run_address>0x200064c4</run_address>
         <size>0x8</size>
         <input_file_ref idref="fl-8"/>
      </object_component>
      <object_component id="oc-1fd">
         <name>.common:IBit_State</name>
         <uninitialized>true</uninitialized>
         <run_address>0x200064d0</run_address>
         <size>0x4</size>
      </object_component>
      <object_component id="oc-ff">
         <name>.common:sem_UART</name>
         <uninitialized>true</uninitialized>
         <run_address>0x200064e0</run_address>
         <size>0x4</size>
      </object_component>
      <object_component id="oc-102">
         <name>.common:sem_I2CA</name>
         <uninitialized>true</uninitialized>
         <run_address>0x200064dc</run_address>
         <size>0x4</size>
      </object_component>
      <object_component id="oc-22d">
         <name>.common:SystemTime</name>
         <uninitialized>true</uninitialized>
         <run_address>0x200064d4</run_address>
         <size>0x4</size>
      </object_component>
      <object_component id="oc-202">
         <name>.common:CurrentlyRunningThread</name>
         <uninitialized>true</uninitialized>
         <run_address>0x200064cc</run_address>
         <size>0x4</size>
      </object_component>
      <object_component id="oc-1e8">
         <name>.common:pulse_width</name>
         <uninitialized>true</uninitialized>
         <run_address>0x200064d8</run_address>
         <size>0x4</size>
      </object_component>
      <object_component id="oc-24">
         <name>.stack</name>
         <uninitialized>true</uninitialized>
         <run_address>0x200064e8</run_address>
         <size>0x4</size>
         <input_file_ref idref="fl-e4"/>
      </object_component>
      <object_component id="oc-40d">
         <name>.stack</name>
         <uninitialized>true</uninitialized>
         <run_address>0x200064e8</run_address>
         <size>0x0</size>
      </object_component>
      <object_component id="oc-b7">
         <name>.debug_info</name>
         <load_address>0x0</load_address>
         <run_address>0x0</run_address>
         <size>0x564</size>
         <input_file_ref idref="fl-2"/>
      </object_component>
      <object_component id="oc-9c">
         <name>.debug_info</name>
         <load_address>0x564</load_address>
         <run_address>0x564</run_address>
         <size>0x314</size>
         <input_file_ref idref="fl-2"/>
      </object_component>
      <object_component id="oc-154">
         <name>.debug_info</name>
         <load_address>0x878</load_address>
         <run_address>0x878</run_address>
         <size>0x7e</size>
         <input_file_ref idref="fl-2"/>
      </object_component>
      <object_component id="oc-1ec">
         <name>.debug_info</name>
         <load_address>0x8f6</load_address>
         <run_address>0x8f6</run_address>
         <size>0x51</size>
         <input_file_ref idref="fl-2"/>
      </object_component>
      <object_component id="oc-70">
         <name>.debug_info</name>
         <load_address>0x947</load_address>
         <run_address>0x947</run_address>
         <size>0x26b</size>
         <input_file_ref idref="fl-2"/>
      </object_component>
      <object_component id="oc-b2">
         <name>.debug_info</name>
         <load_address>0xbb2</load_address>
         <run_address>0xbb2</run_address>
         <size>0x8b</size>
         <input_file_ref idref="fl-2"/>
      </object_component>
      <object_component id="oc-ad">
         <name>.debug_info</name>
         <load_address>0xc3d</load_address>
         <run_address>0xc3d</run_address>
         <size>0x2a4</size>
         <input_file_ref idref="fl-2"/>
      </object_component>
      <object_component id="oc-75">
         <name>.debug_info</name>
         <load_address>0xee1</load_address>
         <run_address>0xee1</run_address>
         <size>0xbb</size>
         <input_file_ref idref="fl-2"/>
      </object_component>
      <object_component id="oc-14a">
         <name>.debug_info</name>
         <load_address>0xf9c</load_address>
         <run_address>0xf9c</run_address>
         <size>0x1a2</size>
         <input_file_ref idref="fl-2"/>
      </object_component>
      <object_component id="oc-14f">
         <name>.debug_info</name>
         <load_address>0x113e</load_address>
         <run_address>0x113e</run_address>
         <size>0x4e</size>
         <input_file_ref idref="fl-2"/>
      </object_component>
      <object_component id="oc-100">
         <name>.debug_info</name>
         <load_address>0x118c</load_address>
         <run_address>0x118c</run_address>
         <size>0x581</size>
         <input_file_ref idref="fl-3"/>
      </object_component>
      <object_component id="oc-104">
         <name>.debug_info</name>
         <load_address>0x170d</load_address>
         <run_address>0x170d</run_address>
         <size>0x660</size>
         <input_file_ref idref="fl-3"/>
      </object_component>
      <object_component id="oc-242">
         <name>.debug_info</name>
         <load_address>0x1d6d</load_address>
         <run_address>0x1d6d</run_address>
         <size>0x8a</size>
         <input_file_ref idref="fl-3"/>
      </object_component>
      <object_component id="oc-36">
         <name>.debug_info</name>
         <load_address>0x1df7</load_address>
         <run_address>0x1df7</run_address>
         <size>0x84</size>
         <input_file_ref idref="fl-3"/>
      </object_component>
      <object_component id="oc-31c">
         <name>.debug_info</name>
         <load_address>0x1e7b</load_address>
         <run_address>0x1e7b</run_address>
         <size>0x2c</size>
         <input_file_ref idref="fl-3"/>
      </object_component>
      <object_component id="oc-23d">
         <name>.debug_info</name>
         <load_address>0x1ea7</load_address>
         <run_address>0x1ea7</run_address>
         <size>0x35</size>
         <input_file_ref idref="fl-3"/>
      </object_component>
      <object_component id="oc-2f">
         <name>.debug_info</name>
         <load_address>0x1edc</load_address>
         <run_address>0x1edc</run_address>
         <size>0x2c9</size>
         <input_file_ref idref="fl-4"/>
      </object_component>
      <object_component id="oc-13">
         <name>.debug_info</name>
         <load_address>0x21a5</load_address>
         <run_address>0x21a5</run_address>
         <size>0x108</size>
         <input_file_ref idref="fl-4"/>
      </object_component>
      <object_component id="oc-28">
         <name>.debug_info</name>
         <load_address>0x22ad</load_address>
         <run_address>0x22ad</run_address>
         <size>0x284</size>
         <input_file_ref idref="fl-4"/>
      </object_component>
      <object_component id="oc-31b">
         <name>.debug_info</name>
         <load_address>0x2531</load_address>
         <run_address>0x2531</run_address>
         <size>0x3fd</size>
         <input_file_ref idref="fl-5"/>
      </object_component>
      <object_component id="oc-30d">
         <name>.debug_info</name>
         <load_address>0x292e</load_address>
         <run_address>0x292e</run_address>
         <size>0xf4</size>
         <input_file_ref idref="fl-5"/>
      </object_component>
      <object_component id="oc-318">
         <name>.debug_info</name>
         <load_address>0x2a22</load_address>
         <run_address>0x2a22</run_address>
         <size>0xee</size>
         <input_file_ref idref="fl-5"/>
      </object_component>
      <object_component id="oc-310">
         <name>.debug_info</name>
         <load_address>0x2b10</load_address>
         <run_address>0x2b10</run_address>
         <size>0xfc</size>
         <input_file_ref idref="fl-5"/>
      </object_component>
      <object_component id="oc-30a">
         <name>.debug_info</name>
         <load_address>0x2c0c</load_address>
         <run_address>0x2c0c</run_address>
         <size>0x100</size>
         <input_file_ref idref="fl-5"/>
      </object_component>
      <object_component id="oc-1a8">
         <name>.debug_info</name>
         <load_address>0x2d0c</load_address>
         <run_address>0x2d0c</run_address>
         <size>0x79d</size>
         <input_file_ref idref="fl-5"/>
      </object_component>
      <object_component id="oc-1f9">
         <name>.debug_info</name>
         <load_address>0x34a9</load_address>
         <run_address>0x34a9</run_address>
         <size>0x164</size>
         <input_file_ref idref="fl-6"/>
      </object_component>
      <object_component id="oc-1fe">
         <name>.debug_info</name>
         <load_address>0x360d</load_address>
         <run_address>0x360d</run_address>
         <size>0x579</size>
         <input_file_ref idref="fl-8"/>
      </object_component>
      <object_component id="oc-235">
         <name>.debug_info</name>
         <load_address>0x3b86</load_address>
         <run_address>0x3b86</run_address>
         <size>0x114</size>
         <input_file_ref idref="fl-8"/>
      </object_component>
      <object_component id="oc-238">
         <name>.debug_info</name>
         <load_address>0x3c9a</load_address>
         <run_address>0x3c9a</run_address>
         <size>0x106</size>
         <input_file_ref idref="fl-8"/>
      </object_component>
      <object_component id="oc-22f">
         <name>.debug_info</name>
         <load_address>0x3da0</load_address>
         <run_address>0x3da0</run_address>
         <size>0x116</size>
         <input_file_ref idref="fl-8"/>
      </object_component>
      <object_component id="oc-232">
         <name>.debug_info</name>
         <load_address>0x3eb6</load_address>
         <run_address>0x3eb6</run_address>
         <size>0x13c</size>
         <input_file_ref idref="fl-8"/>
      </object_component>
      <object_component id="oc-fc">
         <name>.debug_info</name>
         <load_address>0x3ff2</load_address>
         <run_address>0x3ff2</run_address>
         <size>0xc8e</size>
         <input_file_ref idref="fl-8"/>
      </object_component>
      <object_component id="oc-22a">
         <name>.debug_info</name>
         <load_address>0x4c80</load_address>
         <run_address>0x4c80</run_address>
         <size>0x160</size>
         <input_file_ref idref="fl-9"/>
      </object_component>
      <object_component id="oc-200">
         <name>.debug_info</name>
         <load_address>0x4de0</load_address>
         <run_address>0x4de0</run_address>
         <size>0x386</size>
         <input_file_ref idref="fl-a"/>
      </object_component>
      <object_component id="oc-f5">
         <name>.debug_info</name>
         <load_address>0x5166</load_address>
         <run_address>0x5166</run_address>
         <size>0x38b</size>
         <input_file_ref idref="fl-a"/>
      </object_component>
      <object_component id="oc-160">
         <name>.debug_info</name>
         <load_address>0x54f1</load_address>
         <run_address>0x54f1</run_address>
         <size>0x3d5</size>
         <input_file_ref idref="fl-10"/>
      </object_component>
      <object_component id="oc-ca">
         <name>.debug_info</name>
         <load_address>0x58c6</load_address>
         <run_address>0x58c6</run_address>
         <size>0x11ab</size>
         <input_file_ref idref="fl-10"/>
      </object_component>
      <object_component id="oc-e4">
         <name>.debug_info</name>
         <load_address>0x6a71</load_address>
         <run_address>0x6a71</run_address>
         <size>0x3e8</size>
         <input_file_ref idref="fl-11"/>
      </object_component>
      <object_component id="oc-1e9">
         <name>.debug_info</name>
         <load_address>0x6e59</load_address>
         <run_address>0x6e59</run_address>
         <size>0x4c2</size>
         <input_file_ref idref="fl-12"/>
      </object_component>
      <object_component id="oc-e9">
         <name>.debug_info</name>
         <load_address>0x731b</load_address>
         <run_address>0x731b</run_address>
         <size>0x498</size>
         <input_file_ref idref="fl-12"/>
      </object_component>
      <object_component id="oc-171">
         <name>.debug_info</name>
         <load_address>0x77b3</load_address>
         <run_address>0x77b3</run_address>
         <size>0x399</size>
         <input_file_ref idref="fl-13"/>
      </object_component>
      <object_component id="oc-d1">
         <name>.debug_info</name>
         <load_address>0x7b4c</load_address>
         <run_address>0x7b4c</run_address>
         <size>0x7c9</size>
         <input_file_ref idref="fl-13"/>
      </object_component>
      <object_component id="oc-d6">
         <name>.debug_info</name>
         <load_address>0x8315</load_address>
         <run_address>0x8315</run_address>
         <size>0x17bd</size>
         <input_file_ref idref="fl-16"/>
      </object_component>
      <object_component id="oc-299">
         <name>.debug_info</name>
         <load_address>0x9ad2</load_address>
         <run_address>0x9ad2</run_address>
         <size>0x501</size>
         <input_file_ref idref="fl-18"/>
      </object_component>
      <object_component id="oc-15a">
         <name>.debug_info</name>
         <load_address>0x9fd3</load_address>
         <run_address>0x9fd3</run_address>
         <size>0x99c</size>
         <input_file_ref idref="fl-18"/>
      </object_component>
      <object_component id="oc-2d4">
         <name>.debug_info</name>
         <load_address>0xa96f</load_address>
         <run_address>0xa96f</run_address>
         <size>0x4f3</size>
         <input_file_ref idref="fl-1a"/>
      </object_component>
      <object_component id="oc-17a">
         <name>.debug_info</name>
         <load_address>0xae62</load_address>
         <run_address>0xae62</run_address>
         <size>0x73e</size>
         <input_file_ref idref="fl-1a"/>
      </object_component>
      <object_component id="oc-dd">
         <name>.debug_info</name>
         <load_address>0xb5a0</load_address>
         <run_address>0xb5a0</run_address>
         <size>0x251</size>
         <input_file_ref idref="fl-1b"/>
      </object_component>
      <object_component id="oc-168">
         <name>.debug_info</name>
         <load_address>0xb7f1</load_address>
         <run_address>0xb7f1</run_address>
         <size>0x13a</size>
         <input_file_ref idref="fl-dc"/>
      </object_component>
      <object_component id="oc-16c">
         <name>.debug_info</name>
         <load_address>0xb92b</load_address>
         <run_address>0xb92b</run_address>
         <size>0x12e</size>
         <input_file_ref idref="fl-dd"/>
      </object_component>
      <object_component id="oc-164">
         <name>.debug_info</name>
         <load_address>0xba59</load_address>
         <run_address>0xba59</run_address>
         <size>0x12c</size>
         <input_file_ref idref="fl-df"/>
      </object_component>
      <object_component id="oc-315">
         <name>.debug_info</name>
         <load_address>0xbb85</load_address>
         <run_address>0xbb85</run_address>
         <size>0x142</size>
         <input_file_ref idref="fl-e0"/>
      </object_component>
      <object_component id="oc-8e">
         <name>.debug_info</name>
         <load_address>0xbcc7</load_address>
         <run_address>0xbcc7</run_address>
         <size>0x2d4</size>
         <input_file_ref idref="fl-e1"/>
      </object_component>
      <object_component id="oc-4f">
         <name>.debug_info</name>
         <load_address>0xbf9b</load_address>
         <run_address>0xbf9b</run_address>
         <size>0x1b5</size>
         <input_file_ref idref="fl-e1"/>
      </object_component>
      <object_component id="oc-89">
         <name>.debug_info</name>
         <load_address>0xc150</load_address>
         <run_address>0xc150</run_address>
         <size>0x46</size>
         <input_file_ref idref="fl-e1"/>
      </object_component>
      <object_component id="oc-c0">
         <name>.debug_info</name>
         <load_address>0xc196</load_address>
         <run_address>0xc196</run_address>
         <size>0x2c</size>
         <input_file_ref idref="fl-e1"/>
      </object_component>
      <object_component id="oc-46">
         <name>.debug_info</name>
         <load_address>0xc1c2</load_address>
         <run_address>0xc1c2</run_address>
         <size>0x2a8</size>
         <input_file_ref idref="fl-e2"/>
      </object_component>
      <object_component id="oc-1e">
         <name>.debug_info</name>
         <load_address>0xc46a</load_address>
         <run_address>0xc46a</run_address>
         <size>0x1ea</size>
         <input_file_ref idref="fl-e2"/>
      </object_component>
      <object_component id="oc-41">
         <name>.debug_info</name>
         <load_address>0xc654</load_address>
         <run_address>0xc654</run_address>
         <size>0x46</size>
         <input_file_ref idref="fl-e2"/>
      </object_component>
      <object_component id="oc-81">
         <name>.debug_info</name>
         <load_address>0xc69a</load_address>
         <run_address>0xc69a</run_address>
         <size>0x2c</size>
         <input_file_ref idref="fl-e2"/>
      </object_component>
      <object_component id="oc-7f">
         <name>.debug_info</name>
         <load_address>0xc6c6</load_address>
         <run_address>0xc6c6</run_address>
         <size>0x29e</size>
         <input_file_ref idref="fl-e3"/>
      </object_component>
      <object_component id="oc-18">
         <name>.debug_info</name>
         <load_address>0xc964</load_address>
         <run_address>0xc964</run_address>
         <size>0x250</size>
         <input_file_ref idref="fl-e3"/>
      </object_component>
      <object_component id="oc-31">
         <name>.debug_info</name>
         <load_address>0xcbb4</load_address>
         <run_address>0xcbb4</run_address>
         <size>0x60</size>
         <input_file_ref idref="fl-e3"/>
      </object_component>
      <object_component id="oc-b9">
         <name>.debug_info</name>
         <load_address>0xcc14</load_address>
         <run_address>0xcc14</run_address>
         <size>0x46</size>
         <input_file_ref idref="fl-e3"/>
      </object_component>
      <object_component id="oc-7a">
         <name>.debug_info</name>
         <load_address>0xcc5a</load_address>
         <run_address>0xcc5a</run_address>
         <size>0x39</size>
         <input_file_ref idref="fl-e3"/>
      </object_component>
      <object_component id="oc-25">
         <name>.debug_info</name>
         <load_address>0xcc93</load_address>
         <run_address>0xcc93</run_address>
         <size>0x10b</size>
         <input_file_ref idref="fl-e4"/>
      </object_component>
      <object_component id="oc-5a">
         <name>.debug_info</name>
         <load_address>0xcd9e</load_address>
         <run_address>0xcd9e</run_address>
         <size>0x1a9</size>
         <input_file_ref idref="fl-e4"/>
      </object_component>
      <object_component id="oc-3b4">
         <name>.debug_info</name>
         <load_address>0xcf47</load_address>
         <run_address>0xcf47</run_address>
         <size>0x115</size>
         <input_file_ref idref="fl-e6"/>
      </object_component>
      <object_component id="oc-3c">
         <name>.debug_info</name>
         <load_address>0xd05c</load_address>
         <run_address>0xd05c</run_address>
         <size>0x119</size>
         <input_file_ref idref="fl-e7"/>
      </object_component>
      <object_component id="oc-90">
         <name>.debug_info</name>
         <load_address>0xd175</load_address>
         <run_address>0xd175</run_address>
         <size>0x147</size>
         <input_file_ref idref="fl-e8"/>
      </object_component>
      <object_component id="oc-253">
         <name>.debug_info</name>
         <load_address>0xd2bc</load_address>
         <run_address>0xd2bc</run_address>
         <size>0x4b3</size>
         <input_file_ref idref="fl-e9"/>
      </object_component>
      <object_component id="oc-119">
         <name>.debug_info</name>
         <load_address>0xd76f</load_address>
         <run_address>0xd76f</run_address>
         <size>0x1a6</size>
         <input_file_ref idref="fl-e9"/>
      </object_component>
      <object_component id="oc-372">
         <name>.debug_info</name>
         <load_address>0xd915</load_address>
         <run_address>0xd915</run_address>
         <size>0x39</size>
         <input_file_ref idref="fl-e9"/>
      </object_component>
      <object_component id="oc-3cc">
         <name>.debug_info</name>
         <load_address>0xd94e</load_address>
         <run_address>0xd94e</run_address>
         <size>0x39</size>
         <input_file_ref idref="fl-e9"/>
      </object_component>
      <object_component id="oc-377">
         <name>.debug_info</name>
         <load_address>0xd987</load_address>
         <run_address>0xd987</run_address>
         <size>0x39</size>
         <input_file_ref idref="fl-e9"/>
      </object_component>
      <object_component id="oc-37c">
         <name>.debug_info</name>
         <load_address>0xd9c0</load_address>
         <run_address>0xd9c0</run_address>
         <size>0xcd</size>
         <input_file_ref idref="fl-e9"/>
      </object_component>
      <object_component id="oc-96">
         <name>.debug_info</name>
         <load_address>0xda8d</load_address>
         <run_address>0xda8d</run_address>
         <size>0x153</size>
         <input_file_ref idref="fl-ea"/>
      </object_component>
      <object_component id="oc-10b">
         <name>.debug_info</name>
         <load_address>0xdbe0</load_address>
         <run_address>0xdbe0</run_address>
         <size>0x122</size>
         <input_file_ref idref="fl-ec"/>
      </object_component>
      <object_component id="oc-2a2">
         <name>.debug_info</name>
         <load_address>0xdd02</load_address>
         <run_address>0xdd02</run_address>
         <size>0x3e4</size>
         <input_file_ref idref="fl-ef"/>
      </object_component>
      <object_component id="oc-326">
         <name>.debug_info</name>
         <load_address>0xe0e6</load_address>
         <run_address>0xe0e6</run_address>
         <size>0x164</size>
         <input_file_ref idref="fl-ef"/>
      </object_component>
      <object_component id="oc-1ae">
         <name>.debug_info</name>
         <load_address>0xe24a</load_address>
         <run_address>0xe24a</run_address>
         <size>0x284</size>
         <input_file_ref idref="fl-ef"/>
      </object_component>
      <object_component id="oc-175">
         <name>.debug_info</name>
         <load_address>0xe4ce</load_address>
         <run_address>0xe4ce</run_address>
         <size>0x2ac</size>
         <input_file_ref idref="fl-ef"/>
      </object_component>
      <object_component id="oc-2e3">
         <name>.debug_info</name>
         <load_address>0xe77a</load_address>
         <run_address>0xe77a</run_address>
         <size>0x2bc</size>
         <input_file_ref idref="fl-ef"/>
      </object_component>
      <object_component id="oc-2dd">
         <name>.debug_info</name>
         <load_address>0xea36</load_address>
         <run_address>0xea36</run_address>
         <size>0x31f</size>
         <input_file_ref idref="fl-ef"/>
      </object_component>
      <object_component id="oc-19c">
         <name>.debug_info</name>
         <load_address>0xed55</load_address>
         <run_address>0xed55</run_address>
         <size>0x29b</size>
         <input_file_ref idref="fl-ef"/>
      </object_component>
      <object_component id="oc-2a7">
         <name>.debug_info</name>
         <load_address>0xeff0</load_address>
         <run_address>0xeff0</run_address>
         <size>0x299</size>
         <input_file_ref idref="fl-ef"/>
      </object_component>
      <object_component id="oc-1c2">
         <name>.debug_info</name>
         <load_address>0xf289</load_address>
         <run_address>0xf289</run_address>
         <size>0x299</size>
         <input_file_ref idref="fl-ef"/>
      </object_component>
      <object_component id="oc-26c">
         <name>.debug_info</name>
         <load_address>0xf522</load_address>
         <run_address>0xf522</run_address>
         <size>0x29f</size>
         <input_file_ref idref="fl-ef"/>
      </object_component>
      <object_component id="oc-272">
         <name>.debug_info</name>
         <load_address>0xf7c1</load_address>
         <run_address>0xf7c1</run_address>
         <size>0x299</size>
         <input_file_ref idref="fl-ef"/>
      </object_component>
      <object_component id="oc-18f">
         <name>.debug_info</name>
         <load_address>0xfa5a</load_address>
         <run_address>0xfa5a</run_address>
         <size>0x2c0</size>
         <input_file_ref idref="fl-ef"/>
      </object_component>
      <object_component id="oc-1b5">
         <name>.debug_info</name>
         <load_address>0xfd1a</load_address>
         <run_address>0xfd1a</run_address>
         <size>0x2a5</size>
         <input_file_ref idref="fl-ef"/>
      </object_component>
      <object_component id="oc-1bb">
         <name>.debug_info</name>
         <load_address>0xffbf</load_address>
         <run_address>0xffbf</run_address>
         <size>0x284</size>
         <input_file_ref idref="fl-ef"/>
      </object_component>
      <object_component id="oc-1c8">
         <name>.debug_info</name>
         <load_address>0x10243</load_address>
         <run_address>0x10243</run_address>
         <size>0x289</size>
         <input_file_ref idref="fl-ef"/>
      </object_component>
      <object_component id="oc-341">
         <name>.debug_info</name>
         <load_address>0x104cc</load_address>
         <run_address>0x104cc</run_address>
         <size>0x26b</size>
         <input_file_ref idref="fl-ef"/>
      </object_component>
      <object_component id="oc-331">
         <name>.debug_info</name>
         <load_address>0x10737</load_address>
         <run_address>0x10737</run_address>
         <size>0x297</size>
         <input_file_ref idref="fl-ef"/>
      </object_component>
      <object_component id="oc-33c">
         <name>.debug_info</name>
         <load_address>0x109ce</load_address>
         <run_address>0x109ce</run_address>
         <size>0xef</size>
         <input_file_ref idref="fl-ef"/>
      </object_component>
      <object_component id="oc-1f2">
         <name>.debug_info</name>
         <load_address>0x10abd</load_address>
         <run_address>0x10abd</run_address>
         <size>0xbb</size>
         <input_file_ref idref="fl-ef"/>
      </object_component>
      <object_component id="oc-38c">
         <name>.debug_info</name>
         <load_address>0x10b78</load_address>
         <run_address>0x10b78</run_address>
         <size>0x3d5</size>
         <input_file_ref idref="fl-f0"/>
      </object_component>
      <object_component id="oc-27b">
         <name>.debug_info</name>
         <load_address>0x10f4d</load_address>
         <run_address>0x10f4d</run_address>
         <size>0x2d7</size>
         <input_file_ref idref="fl-f0"/>
      </object_component>
      <object_component id="oc-386">
         <name>.debug_info</name>
         <load_address>0x11224</load_address>
         <run_address>0x11224</run_address>
         <size>0x257</size>
         <input_file_ref idref="fl-f0"/>
      </object_component>
      <object_component id="oc-275">
         <name>.debug_info</name>
         <load_address>0x1147b</load_address>
         <run_address>0x1147b</run_address>
         <size>0x2f1</size>
         <input_file_ref idref="fl-f0"/>
      </object_component>
      <object_component id="oc-281">
         <name>.debug_info</name>
         <load_address>0x1176c</load_address>
         <run_address>0x1176c</run_address>
         <size>0x287</size>
         <input_file_ref idref="fl-f0"/>
      </object_component>
      <object_component id="oc-293">
         <name>.debug_info</name>
         <load_address>0x119f3</load_address>
         <run_address>0x119f3</run_address>
         <size>0x25d</size>
         <input_file_ref idref="fl-f0"/>
      </object_component>
      <object_component id="oc-287">
         <name>.debug_info</name>
         <load_address>0x11c50</load_address>
         <run_address>0x11c50</run_address>
         <size>0x287</size>
         <input_file_ref idref="fl-f0"/>
      </object_component>
      <object_component id="oc-28d">
         <name>.debug_info</name>
         <load_address>0x11ed7</load_address>
         <run_address>0x11ed7</run_address>
         <size>0x257</size>
         <input_file_ref idref="fl-f0"/>
      </object_component>
      <object_component id="oc-352">
         <name>.debug_info</name>
         <load_address>0x1212e</load_address>
         <run_address>0x1212e</run_address>
         <size>0x3b7</size>
         <input_file_ref idref="fl-f1"/>
      </object_component>
      <object_component id="oc-356">
         <name>.debug_info</name>
         <load_address>0x124e5</load_address>
         <run_address>0x124e5</run_address>
         <size>0x157</size>
         <input_file_ref idref="fl-f1"/>
      </object_component>
      <object_component id="oc-34f">
         <name>.debug_info</name>
         <load_address>0x1263c</load_address>
         <run_address>0x1263c</run_address>
         <size>0x160</size>
         <input_file_ref idref="fl-f1"/>
      </object_component>
      <object_component id="oc-211">
         <name>.debug_info</name>
         <load_address>0x1279c</load_address>
         <run_address>0x1279c</run_address>
         <size>0x2ca</size>
         <input_file_ref idref="fl-f1"/>
      </object_component>
      <object_component id="oc-223">
         <name>.debug_info</name>
         <load_address>0x12a66</load_address>
         <run_address>0x12a66</run_address>
         <size>0x2d2</size>
         <input_file_ref idref="fl-f1"/>
      </object_component>
      <object_component id="oc-32a">
         <name>.debug_info</name>
         <load_address>0x12d38</load_address>
         <run_address>0x12d38</run_address>
         <size>0x396</size>
         <input_file_ref idref="fl-f2"/>
      </object_component>
      <object_component id="oc-1d9">
         <name>.debug_info</name>
         <load_address>0x130ce</load_address>
         <run_address>0x130ce</run_address>
         <size>0x2ff</size>
         <input_file_ref idref="fl-f2"/>
      </object_component>
      <object_component id="oc-1e5">
         <name>.debug_info</name>
         <load_address>0x133cd</load_address>
         <run_address>0x133cd</run_address>
         <size>0x2cd</size>
         <input_file_ref idref="fl-f2"/>
      </object_component>
      <object_component id="oc-1d3">
         <name>.debug_info</name>
         <load_address>0x1369a</load_address>
         <run_address>0x1369a</run_address>
         <size>0x2bf</size>
         <input_file_ref idref="fl-f2"/>
      </object_component>
      <object_component id="oc-1df">
         <name>.debug_info</name>
         <load_address>0x13959</load_address>
         <run_address>0x13959</run_address>
         <size>0x27f</size>
         <input_file_ref idref="fl-f2"/>
      </object_component>
      <object_component id="oc-1ce">
         <name>.debug_info</name>
         <load_address>0x13bd8</load_address>
         <run_address>0x13bd8</run_address>
         <size>0x2bc</size>
         <input_file_ref idref="fl-f2"/>
      </object_component>
      <object_component id="oc-398">
         <name>.debug_info</name>
         <load_address>0x13e94</load_address>
         <run_address>0x13e94</run_address>
         <size>0x3c0</size>
         <input_file_ref idref="fl-f3"/>
      </object_component>
      <object_component id="oc-2bd">
         <name>.debug_info</name>
         <load_address>0x14254</load_address>
         <run_address>0x14254</run_address>
         <size>0x24b</size>
         <input_file_ref idref="fl-f3"/>
      </object_component>
      <object_component id="oc-2ab">
         <name>.debug_info</name>
         <load_address>0x1449f</load_address>
         <run_address>0x1449f</run_address>
         <size>0x24d</size>
         <input_file_ref idref="fl-f3"/>
      </object_component>
      <object_component id="oc-2c3">
         <name>.debug_info</name>
         <load_address>0x146ec</load_address>
         <run_address>0x146ec</run_address>
         <size>0x27f</size>
         <input_file_ref idref="fl-f3"/>
      </object_component>
      <object_component id="oc-2ce">
         <name>.debug_info</name>
         <load_address>0x1496b</load_address>
         <run_address>0x1496b</run_address>
         <size>0x283</size>
         <input_file_ref idref="fl-f3"/>
      </object_component>
      <object_component id="oc-2b7">
         <name>.debug_info</name>
         <load_address>0x14bee</load_address>
         <run_address>0x14bee</run_address>
         <size>0x3e2</size>
         <input_file_ref idref="fl-f3"/>
      </object_component>
      <object_component id="oc-2b0">
         <name>.debug_info</name>
         <load_address>0x14fd0</load_address>
         <run_address>0x14fd0</run_address>
         <size>0x295</size>
         <input_file_ref idref="fl-f3"/>
      </object_component>
      <object_component id="oc-2c8">
         <name>.debug_info</name>
         <load_address>0x15265</load_address>
         <run_address>0x15265</run_address>
         <size>0x24b</size>
         <input_file_ref idref="fl-f3"/>
      </object_component>
      <object_component id="oc-1f7">
         <name>.debug_info</name>
         <load_address>0x154b0</load_address>
         <run_address>0x154b0</run_address>
         <size>0x441</size>
         <input_file_ref idref="fl-f4"/>
      </object_component>
      <object_component id="oc-2d6">
         <name>.debug_info</name>
         <load_address>0x158f1</load_address>
         <run_address>0x158f1</run_address>
         <size>0x156</size>
         <input_file_ref idref="fl-f4"/>
      </object_component>
      <object_component id="oc-193">
         <name>.debug_info</name>
         <load_address>0x15a47</load_address>
         <run_address>0x15a47</run_address>
         <size>0x288</size>
         <input_file_ref idref="fl-f4"/>
      </object_component>
      <object_component id="oc-2f8">
         <name>.debug_info</name>
         <load_address>0x15ccf</load_address>
         <run_address>0x15ccf</run_address>
         <size>0x28c</size>
         <input_file_ref idref="fl-f4"/>
      </object_component>
      <object_component id="oc-186">
         <name>.debug_info</name>
         <load_address>0x15f5b</load_address>
         <run_address>0x15f5b</run_address>
         <size>0x286</size>
         <input_file_ref idref="fl-f4"/>
      </object_component>
      <object_component id="oc-ee">
         <name>.debug_info</name>
         <load_address>0x161e1</load_address>
         <run_address>0x161e1</run_address>
         <size>0x2e4</size>
         <input_file_ref idref="fl-f4"/>
      </object_component>
      <object_component id="oc-17f">
         <name>.debug_info</name>
         <load_address>0x164c5</load_address>
         <run_address>0x164c5</run_address>
         <size>0x2be</size>
         <input_file_ref idref="fl-f4"/>
      </object_component>
      <object_component id="oc-338">
         <name>.debug_info</name>
         <load_address>0x16783</load_address>
         <run_address>0x16783</run_address>
         <size>0x51</size>
         <input_file_ref idref="fl-f4"/>
      </object_component>
      <object_component id="oc-34c">
         <name>.debug_info</name>
         <load_address>0x167d4</load_address>
         <run_address>0x167d4</run_address>
         <size>0x346</size>
         <input_file_ref idref="fl-f5"/>
      </object_component>
      <object_component id="oc-205">
         <name>.debug_info</name>
         <load_address>0x16b1a</load_address>
         <run_address>0x16b1a</run_address>
         <size>0x26a</size>
         <input_file_ref idref="fl-f5"/>
      </object_component>
      <object_component id="oc-20b">
         <name>.debug_info</name>
         <load_address>0x16d84</load_address>
         <run_address>0x16d84</run_address>
         <size>0x280</size>
         <input_file_ref idref="fl-f5"/>
      </object_component>
      <object_component id="oc-217">
         <name>.debug_info</name>
         <load_address>0x17004</load_address>
         <run_address>0x17004</run_address>
         <size>0x230</size>
         <input_file_ref idref="fl-f5"/>
      </object_component>
      <object_component id="oc-21d">
         <name>.debug_info</name>
         <load_address>0x17234</load_address>
         <run_address>0x17234</run_address>
         <size>0x22a</size>
         <input_file_ref idref="fl-f5"/>
      </object_component>
      <object_component id="oc-2f6">
         <name>.debug_info</name>
         <load_address>0x1745e</load_address>
         <run_address>0x1745e</run_address>
         <size>0x3cb</size>
         <input_file_ref idref="fl-f6"/>
      </object_component>
      <object_component id="oc-2f0">
         <name>.debug_info</name>
         <load_address>0x17829</load_address>
         <run_address>0x17829</run_address>
         <size>0x250</size>
         <input_file_ref idref="fl-f6"/>
      </object_component>
      <object_component id="oc-2ea">
         <name>.debug_info</name>
         <load_address>0x17a79</load_address>
         <run_address>0x17a79</run_address>
         <size>0x252</size>
         <input_file_ref idref="fl-f6"/>
      </object_component>
      <object_component id="oc-19f">
         <name>.debug_info</name>
         <load_address>0x17ccb</load_address>
         <run_address>0x17ccb</run_address>
         <size>0x32f</size>
         <input_file_ref idref="fl-f6"/>
      </object_component>
      <object_component id="oc-2fe">
         <name>.debug_info</name>
         <load_address>0x17ffa</load_address>
         <run_address>0x17ffa</run_address>
         <size>0x27c</size>
         <input_file_ref idref="fl-f6"/>
      </object_component>
      <object_component id="oc-305">
         <name>.debug_info</name>
         <load_address>0x18276</load_address>
         <run_address>0x18276</run_address>
         <size>0x256</size>
         <input_file_ref idref="fl-f6"/>
      </object_component>
      <object_component id="oc-40e">
         <name>.debug_info</name>
         <load_address>0x184cc</load_address>
         <run_address>0x184cc</run_address>
         <size>0xbb</size>
      </object_component>
      <object_component id="oc-149">
         <name>.debug_line</name>
         <load_address>0x0</load_address>
         <run_address>0x0</run_address>
         <size>0x1dc</size>
         <input_file_ref idref="fl-2"/>
      </object_component>
      <object_component id="oc-9f">
         <name>.debug_line</name>
         <load_address>0x1dc</load_address>
         <run_address>0x1dc</run_address>
         <size>0x91</size>
         <input_file_ref idref="fl-2"/>
      </object_component>
      <object_component id="oc-157">
         <name>.debug_line</name>
         <load_address>0x26d</load_address>
         <run_address>0x26d</run_address>
         <size>0x40</size>
         <input_file_ref idref="fl-2"/>
      </object_component>
      <object_component id="oc-1ef">
         <name>.debug_line</name>
         <load_address>0x2ad</load_address>
         <run_address>0x2ad</run_address>
         <size>0x50</size>
         <input_file_ref idref="fl-2"/>
      </object_component>
      <object_component id="oc-73">
         <name>.debug_line</name>
         <load_address>0x2fd</load_address>
         <run_address>0x2fd</run_address>
         <size>0x6f</size>
         <input_file_ref idref="fl-2"/>
      </object_component>
      <object_component id="oc-b5">
         <name>.debug_line</name>
         <load_address>0x36c</load_address>
         <run_address>0x36c</run_address>
         <size>0x20</size>
         <input_file_ref idref="fl-2"/>
      </object_component>
      <object_component id="oc-b0">
         <name>.debug_line</name>
         <load_address>0x38c</load_address>
         <run_address>0x38c</run_address>
         <size>0x73</size>
         <input_file_ref idref="fl-2"/>
      </object_component>
      <object_component id="oc-78">
         <name>.debug_line</name>
         <load_address>0x3ff</load_address>
         <run_address>0x3ff</run_address>
         <size>0x70</size>
         <input_file_ref idref="fl-2"/>
      </object_component>
      <object_component id="oc-14d">
         <name>.debug_line</name>
         <load_address>0x46f</load_address>
         <run_address>0x46f</run_address>
         <size>0x41</size>
         <input_file_ref idref="fl-2"/>
      </object_component>
      <object_component id="oc-152">
         <name>.debug_line</name>
         <load_address>0x4b0</load_address>
         <run_address>0x4b0</run_address>
         <size>0x41</size>
         <input_file_ref idref="fl-2"/>
      </object_component>
      <object_component id="oc-23c">
         <name>.debug_line</name>
[...]
      <symbol id="sm-228">
         <name>BMI160_GetDataStatus</name>
         <value>0x1505</value>
         <object_component_ref idref="oc-c9"/>
      </symbol>
      <symbol id="sm-229">
         <name>BMI160_MagXYZGetResult</name>
         <value>0x14bd</value>
         <object_component_ref idref="oc-c9"/>
      </symbol>
      <symbol id="sm-22a">
         <name>BMI160_WriteRegister</name>
         <value>0x1267</value>
         <object_component_ref idref="oc-c9"/>
      </symbol>
      <symbol id="sm-22b">
         <name>BMI160_MultiReadRegister</name>
         <value>0x12bb</value>
         <object_component_ref idref="oc-c9"/>
      </symbol>
      <symbol id="sm-22c">
         <name>BMI160_AccelXYZGetResult</name>
         <value>0x142d</value>
         <object_component_ref idref="oc-c9"/>
      </symbol>
      <symbol id="sm-242">
         <name>LaunchpadButtons_ReadSW2</name>
         <value>0x24c9</value>
         <object_component_ref idref="oc-e1"/>
      </symbol>
      <symbol id="sm-243">
         <name>LaunchpadButtons_ReadSW1</name>
         <value>0x24a9</value>
         <object_component_ref idref="oc-e1"/>
      </symbol>
      <symbol id="sm-244">
         <name>LaunchpadButtons_Init</name>
         <value>0x247d</value>
         <object_component_ref idref="oc-e1"/>
      </symbol>
      <symbol id="sm-265">
         <name>pulse_width</name>
         <value>0x200064d8</value>
      </symbol>
      <symbol id="sm-266">
         <name>LaunchpadLED_Init</name>
         <value>0x1c2d</value>
         <object_component_ref idref="oc-e7"/>
      </symbol>
      <symbol id="sm-267">
         <name>LaunchpadLED_PWMSetDuty</name>
         <value>0x1ce9</value>
         <object_component_ref idref="oc-e7"/>
      </symbol>
      <symbol id="sm-27f">
         <name>OPT3001_WriteRegister</name>
         <value>0x1dad</value>
         <object_component_ref idref="oc-cf"/>
      </symbol>
      <symbol id="sm-280">
         <name>OPT3001_Init</name>
         <value>0x1d99</value>
         <object_component_ref idref="oc-cf"/>
      </symbol>
      <symbol id="sm-281">
         <name>OPT3001_SetHighLimit</name>
         <value>0x1e99</value>
         <object_component_ref idref="oc-cf"/>
      </symbol>
      <symbol id="sm-282">
         <name>OPT3001_GetResult</name>
         <value>0x1e1d</value>
         <object_component_ref idref="oc-cf"/>
      </symbol>
      <symbol id="sm-283">
         <name>OPT3001_GetChipID</name>
         <value>0x1eb9</value>
         <object_component_ref idref="oc-cf"/>
      </symbol>
      <symbol id="sm-284">
         <name>OPT3001_ReadRegister</name>
         <value>0x1def</value>
         <object_component_ref idref="oc-cf"/>
      </symbol>
      <symbol id="sm-285">
         <name>OPT3001_SetLowLimit</name>
         <value>0x1e79</value>
         <object_component_ref idref="oc-cf"/>
      </symbol>
      <symbol id="sm-2cd">
         <name>ST7789_DrawRectangle</name>
         <value>0x8a9</value>
         <object_component_ref idref="oc-d5"/>
      </symbol>
      <symbol id="sm-2ce">
         <name>ST7789_Select</name>
         <value>0x26d</value>
         <object_component_ref idref="oc-d5"/>
      </symbol>
      <symbol id="sm-2cf">
         <name>ST7789_WriteCommand</name>
         <value>0x2a5</value>
         <object_component_ref idref="oc-d5"/>
      </symbol>
      <symbol id="sm-2d0">
         <name>ST7789_DrawVLine</name>
         <value>0x3b3</value>
         <object_component_ref idref="oc-d5"/>
      </symbol>
      <symbol id="sm-2d1">
         <name>ST7789_Fill</name>
         <value>0x7bd</value>
         <object_component_ref idref="oc-d5"/>
      </symbol>
      <symbol id="sm-2d2">
         <name>ST7789_Deselect</name>
         <value>0x27b</value>
         <object_component_ref idref="oc-d5"/>
      </symbol>
      <symbol id="sm-2d3">
         <name>ST7789_Line</name>
         <value>0x4fd</value>
         <object_component_ref idref="oc-d5"/>
      </symbol>
      <symbol id="sm-2d4">
         <name>ST7789_DrawPixel</name>
         <value>0x76b</value>
         <object_component_ref idref="oc-d5"/>
      </symbol>
      <symbol id="sm-2d5">
         <name>ST7789_ReadRegister</name>
         <value>0x2d1</value>
         <object_component_ref idref="oc-d5"/>
      </symbol>
      <symbol id="sm-2d6">
         <name>ST7789_Init</name>
         <value>0x69b</value>
         <object_component_ref idref="oc-d5"/>
      </symbol>
      <symbol id="sm-2d7">
         <name>delay_ms</name>
         <value>0x67d</value>
         <object_component_ref idref="oc-d5"/>
      </symbol>
      <symbol id="sm-2d8">
         <name>ST7789_SetWindow</name>
         <value>0x2e7</value>
         <object_component_ref idref="oc-d5"/>
      </symbol>
      <symbol id="sm-2d9">
         <name>ST7789_SetCommand</name>
         <value>0x297</value>
         <object_component_ref idref="oc-d5"/>
      </symbol>
      <symbol id="sm-2da">
         <name>ST7789_SetData</name>
         <value>0x289</value>
         <object_component_ref idref="oc-d5"/>
      </symbol>
      <symbol id="sm-2db">
         <name>ST7789_DrawHLine</name>
         <value>0x449</value>
         <object_component_ref idref="oc-d5"/>
      </symbol>
      <symbol id="sm-2dc">
         <name>ST7789_DrawLine</name>
         <value>0x7d9</value>
         <object_component_ref idref="oc-d5"/>
      </symbol>
      <symbol id="sm-2dd">
         <name>ST7789_WriteData</name>
         <value>0x2bb</value>
         <object_component_ref idref="oc-d5"/>
      </symbol>
      <symbol id="sm-309">
         <name>I2C_ReadSingle</name>
         <value>0x15c7</value>
         <object_component_ref idref="oc-159"/>
      </symbol>
      <symbol id="sm-30a">
         <name>I2C_WriteSingle</name>
         <value>0x1591</value>
         <object_component_ref idref="oc-159"/>
      </symbol>
      <symbol id="sm-30b">
         <name>I2C_ReadMultiple</name>
         <value>0x16a5</value>
         <object_component_ref idref="oc-159"/>
      </symbol>
      <symbol id="sm-30c">
         <name>I2C_Init</name>
         <value>0x1515</value>
         <object_component_ref idref="oc-159"/>
      </symbol>
      <symbol id="sm-30d">
         <name>I2C_WriteMultiple</name>
         <value>0x15f7</value>
         <object_component_ref idref="oc-159"/>
      </symbol>
      <symbol id="sm-331">
         <name>SPI_ReadMultiple</name>
         <value>0x18a7</value>
         <object_component_ref idref="oc-178"/>
      </symbol>
      <symbol id="sm-332">
         <name>SPI_WriteMultiple</name>
         <value>0x1847</value>
         <object_component_ref idref="oc-178"/>
      </symbol>
      <symbol id="sm-333">
         <name>SPI_WriteSingle</name>
         <value>0x1801</value>
         <object_component_ref idref="oc-178"/>
      </symbol>
      <symbol id="sm-334">
         <name>SPI_ReadSingle</name>
         <value>0x181f</value>
         <object_component_ref idref="oc-178"/>
      </symbol>
      <symbol id="sm-335">
         <name>SPI_Init</name>
         <value>0x1785</value>
         <object_component_ref idref="oc-178"/>
      </symbol>
      <symbol id="sm-345">
         <name>UART_Init</name>
         <value>0x2559</value>
         <object_component_ref idref="oc-db"/>
      </symbol>
      <symbol id="sm-355">
         <name>__aeabi_dmul</name>
         <value>0x1fe9</value>
         <object_component_ref idref="oc-166"/>
      </symbol>
      <symbol id="sm-35f">
         <name>__aeabi_d2iz</name>
         <value>0x269d</value>
         <object_component_ref idref="oc-16b"/>
      </symbol>
      <symbol id="sm-36a">
         <name>__aeabi_i2d</name>
         <value>0x28f9</value>
         <object_component_ref idref="oc-161"/>
      </symbol>
      <symbol id="sm-379">
         <name>__aeabi_uidivmod</name>
         <value>0x2771</value>
         <object_component_ref idref="oc-312"/>
      </symbol>
      <symbol id="sm-37a">
         <name>__aeabi_uidiv</name>
         <value>0x2771</value>
         <object_component_ref idref="oc-312"/>
      </symbol>
      <symbol id="sm-391">
         <name>__TI_zero_init</name>
         <value>0x2b55</value>
         <object_component_ref idref="oc-4d"/>
      </symbol>
      <symbol id="sm-3a8">
         <name>__TI_decompress_none</name>
         <value>0x2b2f</value>
         <object_component_ref idref="oc-1b"/>
      </symbol>
      <symbol id="sm-3cb">
         <name>__TI_decompress_lzss</name>
         <value>0x24f1</value>
         <object_component_ref idref="oc-15"/>
      </symbol>
      <symbol id="sm-3de">
         <name>__stack</name>
         <value>0x200064e8</value>
         <object_component_ref idref="oc-24"/>
      </symbol>
      <symbol id="sm-3df">
         <name>_c_int00_noargs</name>
         <value>0x28c5</value>
         <object_component_ref idref="oc-59"/>
      </symbol>
      <symbol id="sm-3ea">
         <name>__aeabi_idiv0</name>
         <value>0x247b</value>
         <object_component_ref idref="oc-3b2"/>
      </symbol>
      <symbol id="sm-3eb">
         <name>__aeabi_ldiv0</name>
         <value>0x247b</value>
         <object_component_ref idref="oc-3b2"/>
      </symbol>
      <symbol id="sm-406">
         <name>memcpy</name>
         <value>0x2365</value>
         <object_component_ref idref="oc-3b"/>
      </symbol>
      <symbol id="sm-407">
         <name>__aeabi_memcpy</name>
         <value>0x2365</value>
         <object_component_ref idref="oc-3b"/>
      </symbol>
      <symbol id="sm-408">
         <name>__aeabi_memcpy8</name>
         <value>0x2365</value>
         <object_component_ref idref="oc-3b"/>
      </symbol>
      <symbol id="sm-409">
         <name>__aeabi_memcpy4</name>
         <value>0x2365</value>
         <object_component_ref idref="oc-3b"/>
      </symbol>
      <symbol id="sm-418">
         <name>__aeabi_memset</name>
         <value>0x2403</value>
         <object_component_ref idref="oc-8f"/>
      </symbol>
      <symbol id="sm-419">
         <name>memset</name>
         <value>0x2409</value>
         <object_component_ref idref="oc-8f"/>
      </symbol>
      <symbol id="sm-41a">
         <name>__aeabi_memset8</name>
         <value>0x2403</value>
         <object_component_ref idref="oc-8f"/>
      </symbol>
      <symbol id="sm-41b">
         <name>__aeabi_memset4</name>
         <value>0x2403</value>
         <object_component_ref idref="oc-8f"/>
      </symbol>
      <symbol id="sm-41c">
         <name>__aeabi_memclr8</name>
         <value>0x2401</value>
         <object_component_ref idref="oc-8f"/>
      </symbol>
      <symbol id="sm-41d">
         <name>__aeabi_memclr4</name>
         <value>0x2401</value>
         <object_component_ref idref="oc-8f"/>
      </symbol>
      <symbol id="sm-41e">
         <name>__aeabi_memclr</name>
         <value>0x2401</value>
         <object_component_ref idref="oc-8f"/>
      </symbol>
      <symbol id="sm-446">
         <name>__TI_auto_init_nobinit_nopinit</name>
         <value>0x272d</value>
         <object_component_ref idref="oc-116"/>
      </symbol>
      <symbol id="sm-450">
         <name>_system_pre_init</name>
         <value>0x2be5</value>
         <object_component_ref idref="oc-95"/>
      </symbol>
      <symbol id="sm-45c">
         <name>C$$EXIT</name>
         <value>0x2be9</value>
         <object_component_ref idref="oc-10a"/>
      </symbol>
      <symbol id="sm-45d">
         <name>abort</name>
         <value>0x2be9</value>
         <object_component_ref idref="oc-10a"/>
      </symbol>
      <symbol id="sm-4f7">
         <name>GPIOPinTypePWM</name>
         <value>0x2a6f</value>
         <object_component_ref idref="oc-1be"/>
      </symbol>
      <symbol id="sm-4f8">
         <name>GPIOPinConfigure</name>
         <value>0x2605</value>
         <object_component_ref idref="oc-1c4"/>
      </symbol>
      <symbol id="sm-4f9">
         <name>GPIOPinTypeI2CSCL</name>
         <value>0x2a59</value>
         <object_component_ref idref="oc-268"/>
      </symbol>
      <symbol id="sm-4fa">
         <name>GPIOPinTypeI2C</name>
         <value>0x2a43</value>
         <object_component_ref idref="oc-26e"/>
      </symbol>
      <symbol id="sm-4fb">
         <name>GPIOPinTypeGPIOInput</name>
         <value>0x2a2d</value>
         <object_component_ref idref="oc-1b1"/>
      </symbol>
      <symbol id="sm-4fc">
         <name>GPIOPinTypeUART</name>
         <value>0x2a9b</value>
         <object_component_ref idref="oc-198"/>
      </symbol>
      <symbol id="sm-4fd">
         <name>GPIOPinTypeGPIOOutput</name>
         <value>0x29f9</value>
         <object_component_ref idref="oc-18b"/>
      </symbol>
      <symbol id="sm-4fe">
         <name>GPIOPinRead</name>
         <value>0x2bc1</value>
         <object_component_ref idref="oc-1b7"/>
      </symbol>
      <symbol id="sm-4ff">
         <name>GPIODirModeSet</name>
         <value>0x2927</value>
         <object_component_ref idref="oc-2e0"/>
      </symbol>
      <symbol id="sm-500">
         <name>GPIOPinWrite</name>
         <value>0x2bc7</value>
         <object_component_ref idref="oc-172"/>
      </symbol>
      <symbol id="sm-501">
         <name>GPIOPadConfigSet</name>
         <value>0x1ac1</value>
         <object_component_ref idref="oc-2da"/>
      </symbol>
      <symbol id="sm-502">
         <name>GPIOPinTypeSSI</name>
         <value>0x2a85</value>
         <object_component_ref idref="oc-2a3"/>
      </symbol>
      <symbol id="sm-503">
         <name>GPIOUnlockPin</name>
         <value>0x2a15</value>
         <object_component_ref idref="oc-1ab"/>
      </symbol>
      <symbol id="sm-545">
         <name>I2CMasterDataPut</name>
         <value>0x2be1</value>
         <object_component_ref idref="oc-280"/>
      </symbol>
      <symbol id="sm-546">
         <name>I2CMasterInitExpClk</name>
         <value>0x2651</value>
         <object_component_ref idref="oc-274"/>
      </symbol>
      <symbol id="sm-547">
         <name>I2CMasterSlaveAddrSet</name>
         <value>0x2bb1</value>
         <object_component_ref idref="oc-27a"/>
      </symbol>
      <symbol id="sm-548">
         <name>I2CMasterDataGet</name>
         <value>0x2bdd</value>
         <object_component_ref idref="oc-292"/>
      </symbol>
      <symbol id="sm-549">
         <name>I2CMasterControl</name>
         <value>0x2bd9</value>
         <object_component_ref idref="oc-286"/>
      </symbol>
      <symbol id="sm-54a">
         <name>I2CMasterBusy</name>
         <value>0x2ba9</value>
         <object_component_ref idref="oc-28c"/>
      </symbol>
      <symbol id="sm-54b">
         <name>I2CMasterEnable</name>
         <value>0x2b6d</value>
         <object_component_ref idref="oc-385"/>
      </symbol>
      <symbol id="sm-573">
         <name>IntPrioritySet</name>
         <value>0x2955</value>
         <object_component_ref idref="oc-222"/>
      </symbol>
      <symbol id="sm-574">
         <name>IntRegister</name>
         <value>0x285d</value>
         <object_component_ref idref="oc-210"/>
      </symbol>
      <symbol id="sm-575">
         <name>g_pfnRAMVectors</name>
         <value>0x20000000</value>
         <object_component_ref idref="oc-34e"/>
      </symbol>
      <symbol id="sm-5a2">
         <name>PWMGenPeriodSet</name>
         <value>0x2aff</value>
         <object_component_ref idref="oc-1d0"/>
      </symbol>
      <symbol id="sm-5a3">
         <name>PWMPulseWidthSet</name>
         <value>0x29bd</value>
         <object_component_ref idref="oc-1d6"/>
      </symbol>
      <symbol id="sm-5a4">
         <name>PWMOutputState</name>
         <value>0x2aed</value>
         <object_component_ref idref="oc-1e2"/>
      </symbol>
      <symbol id="sm-5a5">
         <name>PWMGenEnable</name>
         <value>0x2b3d</value>
         <object_component_ref idref="oc-1dc"/>
      </symbol>
      <symbol id="sm-5a6">
         <name>PWMGenConfigure</name>
         <value>0x2979</value>
         <object_component_ref idref="oc-1ca"/>
      </symbol>
      <symbol id="sm-5e6">
         <name>SSIDataPut</name>
         <value>0x2b77</value>
         <object_component_ref idref="oc-2c1"/>
      </symbol>
      <symbol id="sm-5e7">
         <name>SSIDataGet</name>
         <value>0x2b49</value>
         <object_component_ref idref="oc-2cd"/>
      </symbol>
      <symbol id="sm-5e8">
         <name>SSIConfigSetExpClk</name>
         <value>0x27b1</value>
         <object_component_ref idref="oc-2b5"/>
      </symbol>
      <symbol id="sm-5e9">
         <name>SSIEnable</name>
         <value>0x2b8b</value>
         <object_component_ref idref="oc-2bb"/>
      </symbol>
      <symbol id="sm-5ea">
         <name>SSIClockSourceSet</name>
         <value>0x2bcd</value>
         <object_component_ref idref="oc-2af"/>
      </symbol>
      <symbol id="sm-5eb">
         <name>SSIBusy</name>
         <value>0x2bb9</value>
         <object_component_ref idref="oc-2c7"/>
      </symbol>
      <symbol id="sm-5ec">
         <name>SSIDisable</name>
         <value>0x2b81</value>
         <object_component_ref idref="oc-2a9"/>
      </symbol>
      <symbol id="sm-655">
         <name>SysCtlPeripheralPresent</name>
         <value>0x27ed</value>
         <object_component_ref idref="oc-2f7"/>
      </symbol>
      <symbol id="sm-656">
         <name>SysCtlClockSet</name>
         <value>0x20e5</value>
         <object_component_ref idref="oc-ed"/>
      </symbol>
      <symbol id="sm-657">
         <name>SysCtlDelay</name>
         <value>0x2bd3</value>
         <object_component_ref idref="oc-184"/>
      </symbol>
      <symbol id="sm-658">
         <name>SysCtlPeripheralEnable</name>
         <value>0x2891</value>
         <object_component_ref idref="oc-185"/>
      </symbol>
      <symbol id="sm-659">
         <name>SysCtlClockGet</name>
         <value>0x1ed1</value>
         <object_component_ref idref="oc-17e"/>
      </symbol>
      <symbol id="sm-65a">
         <name>SysCtlPeripheralReady</name>
         <value>0x2825</value>
         <object_component_ref idref="oc-192"/>
      </symbol>
      <symbol id="sm-687">
         <name>SysTickEnable</name>
         <value>0x2ab1</value>
         <object_component_ref idref="oc-21c"/>
      </symbol>
      <symbol id="sm-688">
         <name>SysTickIntRegister</name>
         <value>0x29dd</value>
         <object_component_ref idref="oc-20a"/>
      </symbol>
      <symbol id="sm-689">
         <name>SysTickIntEnable</name>
         <value>0x2ac5</value>
         <object_component_ref idref="oc-216"/>
      </symbol>
      <symbol id="sm-68a">
         <name>SysTickPeriodSet</name>
         <value>0x2b11</value>
         <object_component_ref idref="oc-204"/>
      </symbol>
      <symbol id="sm-6bd">
         <name>UARTConfigSetExpClk</name>
         <value>0x26e5</value>
         <object_component_ref idref="oc-19e"/>
      </symbol>
      <symbol id="sm-6be">
         <name>UARTDisable</name>
         <value>0x299d</value>
         <object_component_ref idref="oc-2e9"/>
      </symbol>
      <symbol id="sm-6bf">
         <name>UARTCharPut</name>
         <value>0x2b9f</value>
         <object_component_ref idref="oc-2fd"/>
      </symbol>
      <symbol id="sm-6c0">
         <name>UARTEnable</name>
         <value>0x2ad9</value>
         <object_component_ref idref="oc-2ef"/>
      </symbol>
      <symbol id="sm-6c1">
         <name>UARTCharGet</name>
         <value>0x2b95</value>
         <object_component_ref idref="oc-303"/>
      </symbol>
      <symbol id="sm-6c3">
         <name>__TI_static_base__</name>
         <value>0x0</value>
      </symbol>
      <symbol id="sm-6c6">
         <name>__mpu_init</name>
         <value>0x0</value>
      </symbol>
      <symbol id="sm-6c7">
         <name>_system_post_cinit</name>
         <value>0x0</value>
      </symbol>
   </symbol_table>
   <title>Link successful</title>
</link_info>
