******************************************************************************
                  TI ARM Linker PC v20.2.7                     
******************************************************************************
>> Linked Wed Oct 29 18:17:23 2025

OUTPUT FILE NAME:   <Lab4_F2025.out>
ENTRY POINT SYMBOL: "_c_int00_noargs"  address: 00003439


MEMORY CONFIGURATION

         name            origin    length      used     unused   attr    fill
----------------------  --------  ---------  --------  --------  ----  --------
  FLASH                 00000000   00040000  00003a40  0003c5c0  R  X
  SRAM                  20000000   00008000  0000685d  000017a3  RW X


SEGMENT ALLOCATION MAP

run origin  load origin   length   init length attrs members
----------  ----------- ---------- ----------- ----- -------
00000000    00000000    00003a40   00003a40    r-x
  00000000    00000000    0000026c   0000026c    r-- .intvecs
  0000026c    0000026c    000035b8   000035b8    r-x .text
  00003824    00003824    000001dc   000001dc    r-- .const
  00003a00    00003a00    00000040   00000040    r-- .cinit
20000000    20000000    00006861   00000000    rw-
  20000000    20000000    0000026c   00000000    rw- .vtable
  2000026c    2000026c    000063e0   00000000    rw- .bss
  20006650    20006650    00000200   00000000    rw- .stack
  20006850    20006850    00000011   00000000    rw- .data


SECTION ALLOCATION MAP

 output                                  attributes/
section   page    origin      length       input sections
--------  ----  ----------  ----------   ----------------
.intvecs   0    00000000    0000026c     
                  00000000    0000026c     tm4c123gh6pm_startup_ccs.obj (.intvecs)

.text      0    0000026c    000035b8     
                  0000026c    00000734     multimod_ST7789.obj (.text)
                  000009a0    0000068c     G8RTOS_Scheduler.obj (.text)
                  0000102c    000005cc     threads.obj (.text)
                  000015f8    000004a8     uartstdio.obj (.text)
                  00001aa0    000002c8     multimod_BMI160.obj (.text)
                  00001d68    00000278     multimod_i2c.obj (.text)
                  00001fe0    00000238     G8RTOS_IPC.obj (.text)
                  00002218    000001a0     multimod_spi.obj (.text)
                  000023b8    00000178     multimod_LaunchpadLED.obj (.text)
                  00002530    0000016c     driverlib.lib : gpio.obj (.text:GPIOPadConfigSet)
                  0000269c    00000138     multimod_OPT3001.obj (.text)
                  000027d4    00000118     driverlib.lib : sysctl.obj (.text:SysCtlClockGet)
                  000028ec    00000108     multimod_joystick.obj (.text)
                  000029f4    000000fc     rtsv7M4_T_le_v4SPD16_eabi.lib : fd_mul_t2.asm.obj (.text)
                  00002af0    000000f4     driverlib.lib : sysctl.obj (.text:SysCtlClockSet)
                  00002be4    000000e0     lab4_4.obj (.text)
                  00002cc4    000000a8     G8RTOS_Semaphores.obj (.text)
                  00002d6c    0000009c     rtsv7M4_T_le_v4SPD16_eabi.lib : memcpy_t2.asm.obj (.text)
                  00002e08    0000007a     driverlib.lib : adc.obj (.text:ADCSequenceStepConfigure)
                  00002e82    0000007a     rtsv7M4_T_le_v4SPD16_eabi.lib : memset_t2.asm.obj (.text)
                  00002efc    00000068     driverlib.lib : interrupt.obj (.text:IntEnable)
                  00002f64    00000068     rtsv7M4_T_le_v4SPD16_eabi.lib : copy_decompress_lzss.c.obj (.text:decompress:lzss:__TI_decompress_lzss)
                  00002fcc    0000005c     multimod_uart.obj (.text)
                  00003028    00000058     driverlib.lib : gpio.obj (.text:GPIOIntTypeSet)
                  00003080    00000058     multimod_buttons.obj (.text)
                  000030d8    00000050     G8RTOS_SchedulerASM.obj (.text)
                  00003128    0000004e     driverlib.lib : adc.obj (.text:ADCSequenceConfigure)
                  00003176    00000002     rtsv7M4_T_le_v4SPD16_eabi.lib : div0.asm.obj (.text)
                  00003178    0000004c     driverlib.lib : gpio.obj (.text:GPIOPinConfigure)
                  000031c4    0000004c                   : i2c.obj (.text:I2CMasterInitExpClk)
                  00003210    00000048     rtsv7M4_T_le_v4SPD16_eabi.lib : fd_toi_t2.asm.obj (.text)
                  00003258    00000046     driverlib.lib : uart.obj (.text:UARTConfigSetExpClk)
                  0000329e    00000002     --HOLE-- [fill = 0]
                  000032a0    00000044     rtsv7M4_T_le_v4SPD16_eabi.lib : autoinit.c.obj (.text:__TI_auto_init_nobinit_nopinit:__TI_auto_init_nobinit_nopinit)
                  000032e4    00000040                                   : u_divt2.asm.obj (.text)
                  00003324    0000003c     driverlib.lib : ssi.obj (.text:SSIConfigSetExpClk)
                  00003360    00000038                   : sysctl.obj (.text:SysCtlPeripheralPresent)
                  00003398    00000038                   : sysctl.obj (.text:SysCtlPeripheralReady)
                  000033d0    00000034                   : interrupt.obj (.text:IntRegister)
                  00003404    00000034                   : sysctl.obj (.text:SysCtlPeripheralEnable)
                  00003438    00000034     rtsv7M4_T_le_v4SPD16_eabi.lib : boot_cortex_m.c.obj (.text:_c_int00_noargs:_c_int00_noargs)
                  0000346c    0000002e     driverlib.lib : adc.obj (.text:ADCIntStatus)
                  0000349a    0000002e     rtsv7M4_T_le_v4SPD16_eabi.lib : i_tofd_t2.asm.obj (.text)
                  000034c8    0000002c     driverlib.lib : gpio.obj (.text:GPIODirModeSet)
                  000034f4    00000024                   : interrupt.obj (.text:IntPrioritySet)
                  00003518    00000022                   : pwm.obj (.text:PWMGenConfigure)
                  0000353a    00000002     --HOLE-- [fill = 0]
                  0000353c    00000020                   : uart.obj (.text:UARTDisable)
                  0000355c    0000001e                   : adc.obj (.text:ADCSequenceDataGet)
                  0000357a    0000001e                   : pwm.obj (.text:PWMPulseWidthSet)
                  00003598    0000001c                   : systick.obj (.text:SysTickIntRegister)
                  000035b4    0000001a                   : gpio.obj (.text:GPIOPinTypeGPIOOutput)
                  000035ce    00000018                   : adc.obj (.text:ADCProcessorTrigger)
                  000035e6    00000016                   : gpio.obj (.text:GPIOPinTypeADC)
                  000035fc    00000016                   : gpio.obj (.text:GPIOPinTypeGPIOInput)
                  00003612    00000016                   : gpio.obj (.text:GPIOPinTypeI2C)
                  00003628    00000016                   : gpio.obj (.text:GPIOPinTypeI2CSCL)
                  0000363e    00000016                   : gpio.obj (.text:GPIOPinTypePWM)
                  00003654    00000016                   : gpio.obj (.text:GPIOPinTypeSSI)
                  0000366a    00000016                   : gpio.obj (.text:GPIOPinTypeUART)
                  00003680    00000014                   : systick.obj (.text:SysTickEnable)
                  00003694    00000014                   : systick.obj (.text:SysTickIntEnable)
                  000036a8    00000014                   : uart.obj (.text:UARTEnable)
                  000036bc    00000014     rtsv7M4_T_le_v4SPD16_eabi.lib : strcpy.c.obj (.text:strcpy)
                  000036d0    00000012     driverlib.lib : pwm.obj (.text:PWMOutputState)
                  000036e2    00000010                   : pwm.obj (.text:PWMGenPeriodSet)
                  000036f2    00000002     --HOLE-- [fill = 0]
                  000036f4    00000010                   : systick.obj (.text:SysTickPeriodSet)
                  00003704    0000000e                   : adc.obj (.text:ADCIntDisable)
                  00003712    0000000e                   : adc.obj (.text:ADCSequenceDisable)
                  00003720    0000000e                   : adc.obj (.text:ADCSequenceEnable)
                  0000372e    0000000e     G8RTOS_CriticalSection.obj (.text)
                  0000373c    0000000e     driverlib.lib : gpio.obj (.text:GPIOIntDisable)
                  0000374a    0000000e     rtsv7M4_T_le_v4SPD16_eabi.lib : copy_decompress_none.c.obj (.text:decompress:none:__TI_decompress_none)
                  00003758    0000000c     driverlib.lib : gpio.obj (.text:GPIOIntEnable)
                  00003764    0000000c                   : pwm.obj (.text:PWMGenEnable)
                  00003770    0000000c                   : ssi.obj (.text:SSIDataGet)
                  0000377c    0000000c     rtsv7M4_T_le_v4SPD16_eabi.lib : copy_zero_init.c.obj (.text:decompress:ZI:__TI_zero_init)
                  00003788    0000000c     tm4c123gh6pm_startup_ccs.obj (.text)
                  00003794    0000000a     driverlib.lib : adc.obj (.text:ADCIntClear)
                  0000379e    0000000a                   : i2c.obj (.text:I2CMasterEnable)
                  000037a8    0000000a                   : ssi.obj (.text:SSIDataPut)
                  000037b2    0000000a                   : ssi.obj (.text:SSIDisable)
                  000037bc    0000000a                   : ssi.obj (.text:SSIEnable)
                  000037c6    0000000a                   : uart.obj (.text:UARTCharGet)
                  000037d0    0000000a                   : uart.obj (.text:UARTCharPut)
                  000037da    00000008                   : i2c.obj (.text:I2CMasterBusy)
                  000037e2    00000008                   : i2c.obj (.text:I2CMasterSlaveAddrSet)
                  000037ea    00000008                   : ssi.obj (.text:SSIBusy)
                  000037f2    00000006                   : gpio.obj (.text:GPIOIntClear)
                  000037f8    00000006                   : gpio.obj (.text:GPIOPinRead)
                  000037fe    00000006                   : gpio.obj (.text:GPIOPinWrite)
                  00003804    00000006                   : ssi.obj (.text:SSIClockSourceSet)
                  0000380a    00000006                   : sysctl.obj (.text:SysCtlDelay)
                  00003810    00000004                   : i2c.obj (.text:I2CMasterControl)
                  00003814    00000004                   : i2c.obj (.text:I2CMasterDataGet)
                  00003818    00000004                   : i2c.obj (.text:I2CMasterDataPut)
                  0000381c    00000004     rtsv7M4_T_le_v4SPD16_eabi.lib : pre_init.c.obj (.text:_system_pre_init)
                  00003820    00000004                                   : exit.c.obj (.text:abort:abort)

.const     0    00003824    000001dc     
                  00003824    0000009c     driverlib.lib : interrupt.obj (.const:g_pui32Regs)
                  000038c0    00000090                   : gpio.obj (.const:g_pui32GPIOBaseAddrs)
                  00003950    0000006c                   : sysctl.obj (.const:g_pui32Xtals)
                  000039bc    00000014                   : interrupt.obj (.const:g_pui32EnRegs)
                  000039d0    00000012     uartstdio.obj (.const:.string)
                  000039e2    00000002     --HOLE-- [fill = 0]
                  000039e4    0000000c     uartstdio.obj (.const:g_ui32UARTBase)
                  000039f0    0000000c     uartstdio.obj (.const:g_ui32UARTPeriph)
                  000039fc    00000004     uartstdio.obj (.const)

.cinit     0    00003a00    00000040     
                  00003a00    0000000c     (__TI_handler_table)
                  00003a0c    00000009     (.cinit..data.load) [load image, compression = lzss]
                  00003a15    00000003     --HOLE-- [fill = 0]
                  00003a18    00000008     (.cinit..bss.load) [load image, compression = zero_init]
                  00003a20    00000008     (.cinit..vtable.load) [load image, compression = zero_init]
                  00003a28    00000018     (__TI_cinit_table)

.init_array 
*          0    00000000    00000000     UNINITIALIZED

.vtable    0    20000000    0000026c     UNINITIALIZED
                  20000000    0000026c     driverlib.lib : interrupt.obj (.vtable)

.bss       0    2000026c    000063e0     UNINITIALIZED
                  2000026c    00006000     G8RTOS_Scheduler.obj (.bss:threadStacks)
                  2000626c    00000210     G8RTOS_Scheduler.obj (.bss:threadControlBlocks)
                  2000647c    00000150     G8RTOS_IPC.obj (.bss:FIFOs)
                  200065cc    00000048     G8RTOS_Scheduler.obj (.bss:ptcbs)
                  20006614    00000010     G8RTOS_Scheduler.obj (.bss)
                  20006624    00000004     (.common:CurrentlyRunningThread)
                  20006628    00000004     (.common:IBit_State)
                  2000662c    00000004     (.common:SystemTime)
                  20006630    00000004     (.common:pulse_width)
                  20006634    00000004     (.common:sem_I2CA)
                  20006638    00000004     (.common:sem_JOY)
                  2000663c    00000004     (.common:sem_MMB)
                  20006640    00000004     (.common:sem_SPI)
                  20006644    00000004     (.common:sem_SW1)
                  20006648    00000004     (.common:sem_UART)

.data      0    20006850    00000011     UNINITIALIZED
                  20006850    0000000a     threads.obj (.data)
                  2000685a    00000001     G8RTOS_Scheduler.obj (.data)
                  2000685b    00000001     --HOLE--
                  2000685c    00000005     uartstdio.obj (.data)

.stack     0    20006650    00000200     UNINITIALIZED
                  20006650    00000004     rtsv7M4_T_le_v4SPD16_eabi.lib : boot_cortex_m.c.obj (.stack)
                  20006654    000001fc     --HOLE--

__llvm_prf_cnts 
*          0    20000000    00000000     UNINITIALIZED

MODULE SUMMARY

       Module                         code    ro data   rw data
       ------                         ----    -------   -------
    .\
       threads.obj                    1484    0         10     
       uartstdio.obj                  1192    46        5      
       tm4c123gh6pm_startup_ccs.obj   12      620       0      
       lab4_4.obj                     224     0         28     
    +--+------------------------------+-------+---------+---------+
       Total:                         2912    666       43     
                                                               
    .\G8RTOS\src\
       G8RTOS_Scheduler.obj           1676    0         25201  
       G8RTOS_IPC.obj                 568     0         336    
       G8RTOS_Semaphores.obj          168     0         0      
       G8RTOS_SchedulerASM.obj        80      0         0      
       G8RTOS_CriticalSection.obj     14      0         0      
    +--+------------------------------+-------+---------+---------+
       Total:                         2506    0         25537  
                                                               
    .\MultimodDrivers\src\
       multimod_ST7789.obj            1844    0         0      
       multimod_BMI160.obj            712     0         0      
       multimod_i2c.obj               632     0         0      
       multimod_spi.obj               416     0         0      
       multimod_LaunchpadLED.obj      376     0         4      
       multimod_OPT3001.obj           312     0         0      
       multimod_joystick.obj          264     0         0      
       multimod_uart.obj              92      0         0      
       multimod_buttons.obj           88      0         0      
    +--+------------------------------+-------+---------+---------+
       Total:                         4736    0         4      
                                                               
    C:/ti/TivaWare_C_Series-2.2.0.295/driverlib/ccs/Debug/driverlib.lib
       interrupt.obj                  192     176       620    
       gpio.obj                       796     144       0      
       sysctl.obj                     694     108       0      
       adc.obj                        352     0         0      
       uart.obj                       142     0         0      
       ssi.obj                        116     0         0      
       i2c.obj                        114     0         0      
       pwm.obj                        110     0         0      
       systick.obj                    84      0         0      
    +--+------------------------------+-------+---------+---------+
       Total:                         2600    428       620    
                                                               
    C:\ti\ccs1281\ccs\tools\compiler\ti-cgt-arm_20.2.7.LTS\lib\rtsv7M4_T_le_v4SPD16_eabi.lib
       fd_mul_t2.asm.obj              252     0         0      
       memcpy_t2.asm.obj              156     0         0      
       memset_t2.asm.obj              122     0         0      
       copy_decompress_lzss.c.obj     104     0         0      
       fd_toi_t2.asm.obj              72      0         0      
       autoinit.c.obj                 68      0         0      
       u_divt2.asm.obj                64      0         0      
       boot_cortex_m.c.obj            52      0         0      
       i_tofd_t2.asm.obj              46      0         0      
       strcpy.c.obj                   20      0         0      
       copy_decompress_none.c.obj     14      0         0      
       copy_zero_init.c.obj           12      0         0      
       exit.c.obj                     4       0         0      
       pre_init.c.obj                 4       0         0      
       div0.asm.obj                   2       0         0      
    +--+------------------------------+-------+---------+---------+
       Total:                         992     0         0      
                                                               
       Stack:                         0       0         512    
       Linker Generated:              0       61        0      
    +--+------------------------------+-------+---------+---------+
       Grand Total:                   13746   1155      26716  


LINKER GENERATED COPY TABLES

__TI_cinit_table @ 00003a28 records: 3, size/record: 8, table size: 24
	.data: load addr=00003a0c, load size=00000009 bytes, run addr=20006850, run size=00000011 bytes, compression=lzss
	.bss: load addr=00003a18, load size=00000008 bytes, run addr=2000026c, run size=000063e0 bytes, compression=zero_init
	.vtable: load addr=00003a20, load size=00000008 bytes, run addr=20000000, run size=0000026c bytes, compression=zero_init


LINKER GENERATED HANDLER TABLE

__TI_handler_table @ 00003a00 records: 3, size/record: 4, table size: 12
	index: 0, handler: __TI_zero_init
	index: 1, handler: __TI_decompress_lzss
	index: 2, handler: __TI_decompress_none


GLOBAL SYMBOLS: SORTED ALPHABETICALLY BY Name 

address   name                          
-------   ----                          
00003795  ADCIntClear                   
00003705  ADCIntDisable                 
0000346d  ADCIntStatus                  
000035cf  ADCProcessorTrigger           
00003129  ADCSequenceConfigure          
0000355d  ADCSequenceDataGet            
00003713  ADCSequenceDisable            
00003721  ADCSequenceEnable             
00002e09  ADCSequenceStepConfigure      
0000102d  Accel                         
00001b37  BMI160_AccelXGetResult        
00001c81  BMI160_AccelXYZGetResult      
00001b5b  BMI160_AccelYGetResult        
00001b7f  BMI160_AccelZGetResult        
00001d59  BMI160_GetDataStatus          
00001ba3  BMI160_GyroXGetResult         
00001cc9  BMI160_GyroXYZGetResult       
00001bc7  BMI160_GyroYGetResult         
00001beb  BMI160_GyroZGetResult         
00001aa1  BMI160_Init                   
00001c0f  BMI160_MagXGetResult          
00001d11  BMI160_MagXYZGetResult        
00001c35  BMI160_MagYGetResult          
00001c5b  BMI160_MagZGetResult          
00001b0f  BMI160_MultiReadRegister      
00001aeb  BMI160_ReadRegister           
00001abb  BMI160_WriteRegister          
00003821  C$$EXIT                       
00001249  ChildA_Thread                 
00001269  ChildB_Thread                 
20006624  CurrentlyRunningThread        
00003737  EndCriticalSection            
0000116b  FIFOConsumer                  
00001193  FIFOConsumer2                 
0000113f  FIFOProducer                  
00000ae9  G8RTOS_AddThread              
00000cb9  G8RTOS_Add_APeriodicEvent     
00000d2d  G8RTOS_Add_PeriodicEvent      
00000ed3  G8RTOS_GetNumberOfThreads     
00000ecb  G8RTOS_GetThreadID            
00000a2f  G8RTOS_Init                   
00001fe1  G8RTOS_InitFIFO               
00002cc5  G8RTOS_InitSemaphore          
00000e7d  G8RTOS_KillSelf               
00000de3  G8RTOS_KillThread             
00000a49  G8RTOS_Launch                 
00002047  G8RTOS_ReadFIFO               
00000a6d  G8RTOS_Scheduler              
00002d19  G8RTOS_SignalSemaphore        
000030dd  G8RTOS_Start                  
00002cd7  G8RTOS_WaitSemaphore          
000020d1  G8RTOS_WriteFIFO              
00001475  GPIOD_Handler                 
000034c9  GPIODirModeSet                
0000145b  GPIOE_Handler                 
000037f3  GPIOIntClear                  
0000373d  GPIOIntDisable                
00003759  GPIOIntEnable                 
00003029  GPIOIntTypeSet                
00002531  GPIOPadConfigSet              
00003179  GPIOPinConfigure              
000037f9  GPIOPinRead                   
000035e7  GPIOPinTypeADC                
000035fd  GPIOPinTypeGPIOInput          
000035b5  GPIOPinTypeGPIOOutput         
00003613  GPIOPinTypeI2C                
00003629  GPIOPinTypeI2CSCL             
0000363f  GPIOPinTypePWM                
00003655  GPIOPinTypeSSI                
0000366b  GPIOPinTypeUART               
000037ff  GPIOPinWrite                  
00001063  Gyro                          
000037db  I2CMasterBusy                 
00003811  I2CMasterControl              
00003815  I2CMasterDataGet              
00003819  I2CMasterDataPut              
0000379f  I2CMasterEnable               
000031c5  I2CMasterInitExpClk           
000037e3  I2CMasterSlaveAddrSet         
00001d69  I2C_Init                      
00001ef9  I2C_ReadMultiple              
00001e1b  I2C_ReadSingle                
00001e4b  I2C_WriteMultiple             
00001de5  I2C_WriteSingle               
20006628  IBit_State                    
000011bb  Idle_Thread                   
00002efd  IntEnable                     
000034f5  IntPrioritySet                
000033d1  IntRegister                   
0000297f  JOYSTICK_GetPress             
0000298d  JOYSTICK_GetX                 
000029a9  JOYSTICK_GetXY                
0000299b  JOYSTICK_GetY                 
000028ed  JOYSTICK_Init                 
00002949  JOYSTICK_IntEnable            
000023b9  LaunchpadLED_Init             
00002475  LaunchpadLED_PWMSetDuty       
000030b5  MultimodButtons_Get           
00003081  MultimodButtons_Init          
000027bd  OPT3001_GetChipID             
00002721  OPT3001_GetResult             
0000269d  OPT3001_Init                  
000026f3  OPT3001_ReadRegister          
0000279d  OPT3001_SetHighLimit          
0000277d  OPT3001_SetLowLimit           
000026b1  OPT3001_WriteRegister         
000010dd  Opto                          
00001289  PThread1                      
0000129f  PThread2                      
00003519  PWMGenConfigure               
00003765  PWMGenEnable                  
000036e3  PWMGenPeriodSet               
000036d1  PWMOutputState                
0000357b  PWMPulseWidthSet              
000030ff  PendSV_Handler                
00001311  Read_Buttons                  
00001421  Read_JoystickPress            
00003789  ResetISR                      
00002219  SPI_Init                      
0000233b  SPI_ReadMultiple              
000022b3  SPI_ReadSingle                
000022db  SPI_WriteMultiple             
00002295  SPI_WriteSingle               
000037eb  SSIBusy                       
00003805  SSIClockSourceSet             
00003325  SSIConfigSetExpClk            
00003771  SSIDataGet                    
000037a9  SSIDataPut                    
000037b3  SSIDisable                    
000037bd  SSIEnable                     
0000027b  ST7789_Deselect               
00000449  ST7789_DrawHLine              
000007d9  ST7789_DrawLine               
0000076b  ST7789_DrawPixel              
000008a9  ST7789_DrawRectangle          
000003b3  ST7789_DrawVLine              
000007bd  ST7789_Fill                   
0000069b  ST7789_Init                   
000004fd  ST7789_Line                   
000002d1  ST7789_ReadRegister           
0000026d  ST7789_Select                 
00000297  ST7789_SetCommand             
00000289  ST7789_SetData                
000002e7  ST7789_SetWindow              
000002a5  ST7789_WriteCommand           
000002bb  ST7789_WriteData              
20006858  SW1Pressed                    
000011cf  SW1_Event_Handler             
000011bd  SW1_ISR                       
20006859  SW2Pressed                    
0000121b  SW2_Event_Handler             
00001209  SW2_ISR                       
00000ef9  SetInitialStack               
0000372f  StartCriticalSection          
000027d5  SysCtlClockGet                
00002af1  SysCtlClockSet                
0000380b  SysCtlDelay                   
00003405  SysCtlPeripheralEnable        
00003361  SysCtlPeripheralPresent       
00003399  SysCtlPeripheralReady         
00003681  SysTickEnable                 
00003695  SysTickIntEnable              
00003599  SysTickIntRegister            
000036f5  SysTickPeriodSet              
000009cb  SysTick_Handler               
2000662c  SystemTime                    
000037c7  UARTCharGet                   
000037d1  UARTCharPut                   
00003259  UARTConfigSetExpClk           
0000353d  UARTDisable                   
000036a9  UARTEnable                    
000015f9  UARTStdioConfig               
00002fcd  UART_Init                     
00001749  UARTgetc                      
0000168f  UARTgets                      
00001a6b  UARTprintf                    
00001771  UARTvprintf                   
0000163f  UARTwrite                     
20006850  __STACK_END                   
00000200  __STACK_SIZE                  
20006850  __STACK_TOP                   
00003a28  __TI_CINIT_Base               
00003a40  __TI_CINIT_Limit              
00003a00  __TI_Handler_Table_Base       
00003a0c  __TI_Handler_Table_Limit      
000032a1  __TI_auto_init_nobinit_nopinit
00002f65  __TI_decompress_lzss          
0000374b  __TI_decompress_none          
ffffffff  __TI_pprof_out_hndl           
ffffffff  __TI_prof_data_size           
ffffffff  __TI_prof_data_start          
00000000  __TI_static_base__            
0000377d  __TI_zero_init                
00003211  __aeabi_d2iz                  
000029f5  __aeabi_dmul                  
0000349b  __aeabi_i2d                   
00003177  __aeabi_idiv0                 
00003177  __aeabi_ldiv0                 
00002e83  __aeabi_memclr                
00002e83  __aeabi_memclr4               
00002e83  __aeabi_memclr8               
00002d6d  __aeabi_memcpy                
00002d6d  __aeabi_memcpy4               
00002d6d  __aeabi_memcpy8               
00002e85  __aeabi_memset                
00002e85  __aeabi_memset4               
00002e85  __aeabi_memset8               
000032e5  __aeabi_uidiv                 
000032e5  __aeabi_uidivmod              
ffffffff  __binit__                     
ffffffff  __c_args__                    
UNDEFED   __mpu_init                    
20006650  __stack                       
20000000  __start___llvm_prf_cnts       
20000000  __stop___llvm_prf_cnts        
00003439  _c_int00_noargs               
UNDEFED   _system_post_cinit            
0000381d  _system_pre_init              
00003821  abort                         
2000685a  aliveCount                    
ffffffff  binit                         
20006854  data                          
0000067d  delay_ms                      
20000000  g_pfnRAMVectors               
00000000  g_pfnVectors                  
20006853  idle_count                    
20006851  joystick_y                    
20006852  kill_cube                     
00002bf9  main                          
00002d6d  memcpy                        
00002e8b  memset                        
20006850  num_cubes                     
20006630  pulse_width                   
20006634  sem_I2CA                      
20006638  sem_JOY                       
2000663c  sem_MMB                       
20006640  sem_SPI                       
20006644  sem_SW1                       
20006648  sem_UART                      
00000ea1  sleep                         
000036bd  strcpy                        


GLOBAL SYMBOLS: SORTED BY Symbol Address 

address   name                          
-------   ----                          
00000000  __TI_static_base__            
00000000  g_pfnVectors                  
00000200  __STACK_SIZE                  
0000026d  ST7789_Select                 
0000027b  ST7789_Deselect               
00000289  ST7789_SetData                
00000297  ST7789_SetCommand             
000002a5  ST7789_WriteCommand           
000002bb  ST7789_WriteData              
000002d1  ST7789_ReadRegister           
000002e7  ST7789_SetWindow              
000003b3  ST7789_DrawVLine              
00000449  ST7789_DrawHLine              
000004fd  ST7789_Line                   
0000067d  delay_ms                      
0000069b  ST7789_Init                   
0000076b  ST7789_DrawPixel              
000007bd  ST7789_Fill                   
000007d9  ST7789_DrawLine               
000008a9  ST7789_DrawRectangle          
000009cb  SysTick_Handler               
00000a2f  G8RTOS_Init                   
00000a49  G8RTOS_Launch                 
00000a6d  G8RTOS_Scheduler              
00000ae9  G8RTOS_AddThread              
00000cb9  G8RTOS_Add_APeriodicEvent     
00000d2d  G8RTOS_Add_PeriodicEvent      
00000de3  G8RTOS_KillThread             
00000e7d  G8RTOS_KillSelf               
00000ea1  sleep                         
00000ecb  G8RTOS_GetThreadID            
00000ed3  G8RTOS_GetNumberOfThreads     
00000ef9  SetInitialStack               
0000102d  Accel                         
00001063  Gyro                          
000010dd  Opto                          
0000113f  FIFOProducer                  
0000116b  FIFOConsumer                  
00001193  FIFOConsumer2                 
000011bb  Idle_Thread                   
000011bd  SW1_ISR                       
000011cf  SW1_Event_Handler             
00001209  SW2_ISR                       
0000121b  SW2_Event_Handler             
00001249  ChildA_Thread                 
00001269  ChildB_Thread                 
00001289  PThread1                      
0000129f  PThread2                      
00001311  Read_Buttons                  
00001421  Read_JoystickPress            
0000145b  GPIOE_Handler                 
00001475  GPIOD_Handler                 
000015f9  UARTStdioConfig               
0000163f  UARTwrite                     
0000168f  UARTgets                      
00001749  UARTgetc                      
00001771  UARTvprintf                   
00001a6b  UARTprintf                    
00001aa1  BMI160_Init                   
00001abb  BMI160_WriteRegister          
00001aeb  BMI160_ReadRegister           
00001b0f  BMI160_MultiReadRegister      
00001b37  BMI160_AccelXGetResult        
00001b5b  BMI160_AccelYGetResult        
00001b7f  BMI160_AccelZGetResult        
00001ba3  BMI160_GyroXGetResult         
00001bc7  BMI160_GyroYGetResult         
00001beb  BMI160_GyroZGetResult         
00001c0f  BMI160_MagXGetResult          
00001c35  BMI160_MagYGetResult          
00001c5b  BMI160_MagZGetResult          
00001c81  BMI160_AccelXYZGetResult      
00001cc9  BMI160_GyroXYZGetResult       
00001d11  BMI160_MagXYZGetResult        
00001d59  BMI160_GetDataStatus          
00001d69  I2C_Init                      
00001de5  I2C_WriteSingle               
00001e1b  I2C_ReadSingle                
00001e4b  I2C_WriteMultiple             
00001ef9  I2C_ReadMultiple              
00001fe1  G8RTOS_InitFIFO               
00002047  G8RTOS_ReadFIFO               
000020d1  G8RTOS_WriteFIFO              
00002219  SPI_Init                      
00002295  SPI_WriteSingle               
000022b3  SPI_ReadSingle                
000022db  SPI_WriteMultiple             
0000233b  SPI_ReadMultiple              
000023b9  LaunchpadLED_Init             
00002475  LaunchpadLED_PWMSetDuty       
00002531  GPIOPadConfigSet              
0000269d  OPT3001_Init                  
000026b1  OPT3001_WriteRegister         
000026f3  OPT3001_ReadRegister          
00002721  OPT3001_GetResult             
0000277d  OPT3001_SetLowLimit           
0000279d  OPT3001_SetHighLimit          
000027bd  OPT3001_GetChipID             
000027d5  SysCtlClockGet                
000028ed  JOYSTICK_Init                 
00002949  JOYSTICK_IntEnable            
0000297f  JOYSTICK_GetPress             
0000298d  JOYSTICK_GetX                 
0000299b  JOYSTICK_GetY                 
000029a9  JOYSTICK_GetXY                
000029f5  __aeabi_dmul                  
00002af1  SysCtlClockSet                
00002bf9  main                          
00002cc5  G8RTOS_InitSemaphore          
00002cd7  G8RTOS_WaitSemaphore          
00002d19  G8RTOS_SignalSemaphore        
00002d6d  __aeabi_memcpy                
00002d6d  __aeabi_memcpy4               
00002d6d  __aeabi_memcpy8               
00002d6d  memcpy                        
00002e09  ADCSequenceStepConfigure      
00002e83  __aeabi_memclr                
00002e83  __aeabi_memclr4               
00002e83  __aeabi_memclr8               
00002e85  __aeabi_memset                
00002e85  __aeabi_memset4               
00002e85  __aeabi_memset8               
00002e8b  memset                        
00002efd  IntEnable                     
00002f65  __TI_decompress_lzss          
00002fcd  UART_Init                     
00003029  GPIOIntTypeSet                
00003081  MultimodButtons_Init          
000030b5  MultimodButtons_Get           
000030dd  G8RTOS_Start                  
000030ff  PendSV_Handler                
00003129  ADCSequenceConfigure          
00003177  __aeabi_idiv0                 
00003177  __aeabi_ldiv0                 
00003179  GPIOPinConfigure              
000031c5  I2CMasterInitExpClk           
00003211  __aeabi_d2iz                  
00003259  UARTConfigSetExpClk           
000032a1  __TI_auto_init_nobinit_nopinit
000032e5  __aeabi_uidiv                 
000032e5  __aeabi_uidivmod              
00003325  SSIConfigSetExpClk            
00003361  SysCtlPeripheralPresent       
00003399  SysCtlPeripheralReady         
000033d1  IntRegister                   
00003405  SysCtlPeripheralEnable        
00003439  _c_int00_noargs               
0000346d  ADCIntStatus                  
0000349b  __aeabi_i2d                   
000034c9  GPIODirModeSet                
000034f5  IntPrioritySet                
00003519  PWMGenConfigure               
0000353d  UARTDisable                   
0000355d  ADCSequenceDataGet            
0000357b  PWMPulseWidthSet              
00003599  SysTickIntRegister            
000035b5  GPIOPinTypeGPIOOutput         
000035cf  ADCProcessorTrigger           
000035e7  GPIOPinTypeADC                
000035fd  GPIOPinTypeGPIOInput          
00003613  GPIOPinTypeI2C                
00003629  GPIOPinTypeI2CSCL             
0000363f  GPIOPinTypePWM                
00003655  GPIOPinTypeSSI                
0000366b  GPIOPinTypeUART               
00003681  SysTickEnable                 
00003695  SysTickIntEnable              
000036a9  UARTEnable                    
000036bd  strcpy                        
000036d1  PWMOutputState                
000036e3  PWMGenPeriodSet               
000036f5  SysTickPeriodSet              
00003705  ADCIntDisable                 
00003713  ADCSequenceDisable            
00003721  ADCSequenceEnable             
0000372f  StartCriticalSection          
00003737  EndCriticalSection            
0000373d  GPIOIntDisable                
0000374b  __TI_decompress_none          
00003759  GPIOIntEnable                 
00003765  PWMGenEnable                  
00003771  SSIDataGet                    
0000377d  __TI_zero_init                
00003789  ResetISR                      
00003795  ADCIntClear                   
0000379f  I2CMasterEnable               
000037a9  SSIDataPut                    
000037b3  SSIDisable                    
000037bd  SSIEnable                     
000037c7  UARTCharGet                   
000037d1  UARTCharPut                   
000037db  I2CMasterBusy                 
000037e3  I2CMasterSlaveAddrSet         
000037eb  SSIBusy                       
000037f3  GPIOIntClear                  
000037f9  GPIOPinRead                   
000037ff  GPIOPinWrite                  
00003805  SSIClockSourceSet             
0000380b  SysCtlDelay                   
00003811  I2CMasterControl              
00003815  I2CMasterDataGet              
00003819  I2CMasterDataPut              
0000381d  _system_pre_init              
00003821  C$$EXIT                       
00003821  abort                         
00003a00  __TI_Handler_Table_Base       
00003a0c  __TI_Handler_Table_Limit      
00003a28  __TI_CINIT_Base               
00003a40  __TI_CINIT_Limit              
20000000  __start___llvm_prf_cnts       
20000000  __stop___llvm_prf_cnts        
20000000  g_pfnRAMVectors               
20006624  CurrentlyRunningThread        
20006628  IBit_State                    
2000662c  SystemTime                    
20006630  pulse_width                   
20006634  sem_I2CA                      
20006638  sem_JOY                       
2000663c  sem_MMB                       
20006640  sem_SPI                       
20006644  sem_SW1                       
20006648  sem_UART                      
20006650  __stack                       
20006850  __STACK_END                   
20006850  __STACK_TOP                   
20006850  num_cubes                     
20006851  joystick_y                    
20006852  kill_cube                     
20006853  idle_count                    
20006854  data                          
20006858  SW1Pressed                    
20006859  SW2Pressed                    
2000685a  aliveCount                    
ffffffff  __TI_pprof_out_hndl           
ffffffff  __TI_prof_data_size           
ffffffff  __TI_prof_data_start          
ffffffff  __binit__                     
ffffffff  __c_args__                    
ffffffff  binit                         
UNDEFED   __mpu_init                    
UNDEFED   _system_post_cinit            

[241 symbols]
