******************************************************************************
                  TI ARM Linker PC v20.2.7                     
******************************************************************************
>> Linked Tue Oct 28 22:58:20 2025

OUTPUT FILE NAME:   <Lab4_F2025.out>
ENTRY POINT SYMBOL: "_c_int00_noargs"  address: 00002829


MEMORY CONFIGURATION

         name            origin    length      used     unused   attr    fill
----------------------  --------  ---------  --------  --------  ----  --------
  FLASH                 00000000   00040000  00002d32  0003d2ce  R  X
  SRAM                  20000000   00008000  00006851  000017af  RW X


SEGMENT ALLOCATION MAP

run origin  load origin   length   init length attrs members
----------  ----------- ---------- ----------- ----- -------
00000000    00000000    00002d38   00002d38    r-x
  00000000    00000000    0000026c   0000026c    r-- .intvecs
  0000026c    0000026c    000028aa   000028aa    r-x .text
  00002b18    00002b18    000001dc   000001dc    r-- .const
  00002cf8    00002cf8    00000040   00000040    r-- .cinit
20000000    20000000    00006851   00000000    rw-
  20000000    20000000    0000026c   00000000    rw- .vtable
  2000026c    2000026c    000063d4   00000000    rw- .bss
  20006640    20006640    00000200   00000000    rw- .stack
  20006840    20006840    00000011   00000000    rw- .data


SECTION ALLOCATION MAP

 output                                  attributes/
section   page    origin      length       input sections
--------  ----  ----------  ----------   ----------------
.intvecs   0    00000000    0000026c     
                  00000000    0000026c     tm4c123gh6pm_startup_ccs.obj (.intvecs)

.text      0    0000026c    000028aa     
                  0000026c    000006b4     G8RTOS_Scheduler.obj (.text)
                  00000920    000004a8     uartstdio.obj (.text)
                  00000dc8    00000428     threads.obj (.text)
                  000011f0    000002c8     multimod_BMI160.obj (.text)
                  000014b8    00000270     multimod_i2c.obj (.text)
                  00001728    00000238     G8RTOS_IPC.obj (.text)
                  00001960    00000178     multimod_LaunchpadLED.obj (.text)
                  00001ad8    0000016c     driverlib.lib : gpio.obj (.text:GPIOPadConfigSet)
                  00001c44    00000138     multimod_OPT3001.obj (.text)
                  00001d7c    00000118     driverlib.lib : sysctl.obj (.text:SysCtlClockGet)
                  00001e94    000000fc     lab4.obj (.text)
                  00001f90    000000fc     rtsv7M4_T_le_v4SPD16_eabi.lib : fd_mul_t2.asm.obj (.text)
                  0000208c    000000f4     driverlib.lib : sysctl.obj (.text:SysCtlClockSet)
                  00002180    000000a8     G8RTOS_Semaphores.obj (.text)
                  00002228    0000009c     rtsv7M4_T_le_v4SPD16_eabi.lib : memcpy_t2.asm.obj (.text)
                  000022c4    00000090     multimod_LaunchpadButtons.obj (.text)
                  00002354    0000007a     rtsv7M4_T_le_v4SPD16_eabi.lib : memset_t2.asm.obj (.text)
                  000023ce    00000002                                   : div0.asm.obj (.text)
                  000023d0    00000068     driverlib.lib : interrupt.obj (.text:IntEnable)
                  00002438    00000068     rtsv7M4_T_le_v4SPD16_eabi.lib : copy_decompress_lzss.c.obj (.text:decompress:lzss:__TI_decompress_lzss)
                  000024a0    0000005c     multimod_uart.obj (.text)
                  000024fc    00000058     driverlib.lib : gpio.obj (.text:GPIOIntTypeSet)
                  00002554    00000050     G8RTOS_SchedulerASM.obj (.text)
                  000025a4    0000004c     driverlib.lib : gpio.obj (.text:GPIOPinConfigure)
                  000025f0    0000004c                   : i2c.obj (.text:I2CMasterInitExpClk)
                  0000263c    00000048     rtsv7M4_T_le_v4SPD16_eabi.lib : fd_toi_t2.asm.obj (.text)
                  00002684    00000046     driverlib.lib : uart.obj (.text:UARTConfigSetExpClk)
                  000026ca    00000002     --HOLE-- [fill = 0]
                  000026cc    00000044     rtsv7M4_T_le_v4SPD16_eabi.lib : autoinit.c.obj (.text:__TI_auto_init_nobinit_nopinit:__TI_auto_init_nobinit_nopinit)
                  00002710    00000040                                   : u_divt2.asm.obj (.text)
                  00002750    00000038     driverlib.lib : sysctl.obj (.text:SysCtlPeripheralPresent)
                  00002788    00000038                   : sysctl.obj (.text:SysCtlPeripheralReady)
                  000027c0    00000034                   : interrupt.obj (.text:IntRegister)
                  000027f4    00000034                   : sysctl.obj (.text:SysCtlPeripheralEnable)
                  00002828    00000034     rtsv7M4_T_le_v4SPD16_eabi.lib : boot_cortex_m.c.obj (.text:_c_int00_noargs:_c_int00_noargs)
                  0000285c    0000002e                                   : i_tofd_t2.asm.obj (.text)
                  0000288a    0000002c     driverlib.lib : gpio.obj (.text:GPIODirModeSet)
                  000028b6    00000002     --HOLE-- [fill = 0]
                  000028b8    00000024                   : interrupt.obj (.text:IntPrioritySet)
                  000028dc    00000022                   : pwm.obj (.text:PWMGenConfigure)
                  000028fe    00000002     --HOLE-- [fill = 0]
                  00002900    00000020                   : uart.obj (.text:UARTDisable)
                  00002920    0000001e                   : pwm.obj (.text:PWMPulseWidthSet)
                  0000293e    00000002     --HOLE-- [fill = 0]
                  00002940    0000001c                   : systick.obj (.text:SysTickIntRegister)
                  0000295c    00000018                   : gpio.obj (.text:GPIOUnlockPin)
                  00002974    00000016                   : gpio.obj (.text:GPIOPinTypeGPIOInput)
                  0000298a    00000016                   : gpio.obj (.text:GPIOPinTypeI2C)
                  000029a0    00000016                   : gpio.obj (.text:GPIOPinTypeI2CSCL)
                  000029b6    00000016                   : gpio.obj (.text:GPIOPinTypePWM)
                  000029cc    00000016                   : gpio.obj (.text:GPIOPinTypeUART)
                  000029e2    00000002     --HOLE-- [fill = 0]
                  000029e4    00000014                   : systick.obj (.text:SysTickEnable)
                  000029f8    00000014                   : systick.obj (.text:SysTickIntEnable)
                  00002a0c    00000014                   : uart.obj (.text:UARTEnable)
                  00002a20    00000014     rtsv7M4_T_le_v4SPD16_eabi.lib : strcpy.c.obj (.text:strcpy)
                  00002a34    00000012     driverlib.lib : pwm.obj (.text:PWMOutputState)
                  00002a46    00000010                   : pwm.obj (.text:PWMGenPeriodSet)
                  00002a56    00000002     --HOLE-- [fill = 0]
                  00002a58    00000010                   : systick.obj (.text:SysTickPeriodSet)
                  00002a68    0000000e     G8RTOS_CriticalSection.obj (.text)
                  00002a76    0000000e     driverlib.lib : gpio.obj (.text:GPIOIntDisable)
                  00002a84    0000000e     rtsv7M4_T_le_v4SPD16_eabi.lib : copy_decompress_none.c.obj (.text:decompress:none:__TI_decompress_none)
                  00002a92    0000000c     driverlib.lib : gpio.obj (.text:GPIOIntEnable)
                  00002a9e    0000000c                   : pwm.obj (.text:PWMGenEnable)
                  00002aaa    0000000c     rtsv7M4_T_le_v4SPD16_eabi.lib : copy_zero_init.c.obj (.text:decompress:ZI:__TI_zero_init)
                  00002ab6    0000000c     tm4c123gh6pm_startup_ccs.obj (.text)
                  00002ac2    0000000a     driverlib.lib : i2c.obj (.text:I2CMasterEnable)
                  00002acc    0000000a                   : uart.obj (.text:UARTCharGet)
                  00002ad6    0000000a                   : uart.obj (.text:UARTCharPut)
                  00002ae0    00000008                   : i2c.obj (.text:I2CMasterBusy)
                  00002ae8    00000008                   : i2c.obj (.text:I2CMasterSlaveAddrSet)
                  00002af0    00000006                   : gpio.obj (.text:GPIOIntClear)
                  00002af6    00000006                   : gpio.obj (.text:GPIOPinRead)
                  00002afc    00000006                   : sysctl.obj (.text:SysCtlDelay)
                  00002b02    00000004                   : i2c.obj (.text:I2CMasterControl)
                  00002b06    00000004                   : i2c.obj (.text:I2CMasterDataGet)
                  00002b0a    00000004                   : i2c.obj (.text:I2CMasterDataPut)
                  00002b0e    00000004     rtsv7M4_T_le_v4SPD16_eabi.lib : pre_init.c.obj (.text:_system_pre_init)
                  00002b12    00000004                                   : exit.c.obj (.text:abort:abort)

.const     0    00002b18    000001dc     
                  00002b18    0000009c     driverlib.lib : interrupt.obj (.const:g_pui32Regs)
                  00002bb4    00000090                   : gpio.obj (.const:g_pui32GPIOBaseAddrs)
                  00002c44    0000006c                   : sysctl.obj (.const:g_pui32Xtals)
                  00002cb0    00000014                   : interrupt.obj (.const:g_pui32EnRegs)
                  00002cc4    00000012     uartstdio.obj (.const:.string)
                  00002cd6    00000002     --HOLE-- [fill = 0]
                  00002cd8    0000000c     uartstdio.obj (.const:g_ui32UARTBase)
                  00002ce4    0000000c     uartstdio.obj (.const:g_ui32UARTPeriph)
                  00002cf0    00000004     uartstdio.obj (.const)

.cinit     0    00002cf8    00000040     
                  00002cf8    0000000c     (__TI_handler_table)
                  00002d04    00000009     (.cinit..data.load) [load image, compression = lzss]
                  00002d0d    00000003     --HOLE-- [fill = 0]
                  00002d10    00000008     (.cinit..bss.load) [load image, compression = zero_init]
                  00002d18    00000008     (.cinit..vtable.load) [load image, compression = zero_init]
                  00002d20    00000018     (__TI_cinit_table)

.init_array 
*          0    00000000    00000000     UNINITIALIZED

.vtable    0    20000000    0000026c     UNINITIALIZED
                  20000000    0000026c     driverlib.lib : interrupt.obj (.vtable)

.bss       0    2000026c    000063d4     UNINITIALIZED
                  2000026c    00006000     G8RTOS_Scheduler.obj (.bss:threadStacks)
                  2000626c    00000210     G8RTOS_Scheduler.obj (.bss:threadControlBlocks)
                  2000647c    00000150     G8RTOS_IPC.obj (.bss:FIFOs)
                  200065cc    00000048     G8RTOS_Scheduler.obj (.bss:ptcbs)
                  20006614    0000000c     G8RTOS_Scheduler.obj (.bss)
                  20006620    00000004     (.common:CurrentlyRunningThread)
                  20006624    00000004     (.common:IBit_State)
                  20006628    00000004     (.common:SystemTime)
                  2000662c    00000004     (.common:pulse_width)
                  20006630    00000004     (.common:sem_I2CA)
                  20006634    00000004     (.common:sem_SPI)
                  20006638    00000004     (.common:sem_SW1)
                  2000663c    00000004     (.common:sem_UART)

.data      0    20006840    00000011     UNINITIALIZED
                  20006840    0000000a     threads.obj (.data)
                  2000684a    00000001     G8RTOS_Scheduler.obj (.data)
                  2000684b    00000001     --HOLE--
                  2000684c    00000005     uartstdio.obj (.data)

.stack     0    20006640    00000200     UNINITIALIZED
                  20006640    00000004     rtsv7M4_T_le_v4SPD16_eabi.lib : boot_cortex_m.c.obj (.stack)
                  20006644    000001fc     --HOLE--

__llvm_prf_cnts 
*          0    20000000    00000000     UNINITIALIZED

MODULE SUMMARY

       Module                          code    ro data   rw data
       ------                          ----    -------   -------
    .\
       uartstdio.obj                   1192    46        5      
       threads.obj                     1064    0         10     
       tm4c123gh6pm_startup_ccs.obj    12      620       0      
       lab4.obj                        252     0         20     
    +--+-------------------------------+-------+---------+---------+
       Total:                          2520    666       35     
                                                                
    .\G8RTOS\src\
       G8RTOS_Scheduler.obj            1716    0         25197  
       G8RTOS_IPC.obj                  568     0         336    
       G8RTOS_Semaphores.obj           168     0         0      
       G8RTOS_SchedulerASM.obj         80      0         0      
       G8RTOS_CriticalSection.obj      14      0         0      
    +--+-------------------------------+-------+---------+---------+
       Total:                          2546    0         25533  
                                                                
    .\MultimodDrivers\src\
       multimod_BMI160.obj             712     0         0      
       multimod_i2c.obj                624     0         0      
       multimod_LaunchpadLED.obj       376     0         4      
       multimod_OPT3001.obj            312     0         0      
       multimod_LaunchpadButtons.obj   144     0         0      
       multimod_uart.obj               92      0         0      
    +--+-------------------------------+-------+---------+---------+
       Total:                          2260    0         4      
                                                                
    C:/ti/TivaWare_C_Series-2.2.0.295/driverlib/ccs/Debug/driverlib.lib
       interrupt.obj                   192     176       620    
       gpio.obj                        744     144       0      
       sysctl.obj                      694     108       0      
       uart.obj                        142     0         0      
       i2c.obj                         114     0         0      
       pwm.obj                         110     0         0      
       systick.obj                     84      0         0      
    +--+-------------------------------+-------+---------+---------+
       Total:                          2080    428       620    
                                                                
    C:\ti\ccs1281\ccs\tools\compiler\ti-cgt-arm_20.2.7.LTS\lib\rtsv7M4_T_le_v4SPD16_eabi.lib
       fd_mul_t2.asm.obj               252     0         0      
       memcpy_t2.asm.obj               156     0         0      
       memset_t2.asm.obj               122     0         0      
       copy_decompress_lzss.c.obj      104     0         0      
       fd_toi_t2.asm.obj               72      0         0      
       autoinit.c.obj                  68      0         0      
       u_divt2.asm.obj                 64      0         0      
       boot_cortex_m.c.obj             52      0         0      
       i_tofd_t2.asm.obj               46      0         0      
       strcpy.c.obj                    20      0         0      
       copy_decompress_none.c.obj      14      0         0      
       copy_zero_init.c.obj            12      0         0      
       exit.c.obj                      4       0         0      
       pre_init.c.obj                  4       0         0      
       div0.asm.obj                    2       0         0      
    +--+-------------------------------+-------+---------+---------+
       Total:                          992     0         0      
                                                                
       Stack:                          0       0         512    
       Linker Generated:               0       61        0      
    +--+-------------------------------+-------+---------+---------+
       Grand Total:                    10398   1155      26704  


LINKER GENERATED COPY TABLES

__TI_cinit_table @ 00002d20 records: 3, size/record: 8, table size: 24
	.data: load addr=00002d04, load size=00000009 bytes, run addr=20006840, run size=00000011 bytes, compression=lzss
	.bss: load addr=00002d10, load size=00000008 bytes, run addr=2000026c, run size=000063d4 bytes, compression=zero_init
	.vtable: load addr=00002d18, load size=00000008 bytes, run addr=20000000, run size=0000026c bytes, compression=zero_init


LINKER GENERATED HANDLER TABLE

__TI_handler_table @ 00002cf8 records: 3, size/record: 4, table size: 12
	index: 0, handler: __TI_zero_init
	index: 1, handler: __TI_decompress_lzss
	index: 2, handler: __TI_decompress_none


GLOBAL SYMBOLS: SORTED ALPHABETICALLY BY Name 

address   name                          
-------   ----                          
00000dc9  Accel                         
00001287  BMI160_AccelXGetResult        
000013d1  BMI160_AccelXYZGetResult      
000012ab  BMI160_AccelYGetResult        
000012cf  BMI160_AccelZGetResult        
000014a9  BMI160_GetDataStatus          
000012f3  BMI160_GyroXGetResult         
00001419  BMI160_GyroXYZGetResult       
00001317  BMI160_GyroYGetResult         
0000133b  BMI160_GyroZGetResult         
000011f1  BMI160_Init                   
0000135f  BMI160_MagXGetResult          
00001461  BMI160_MagXYZGetResult        
00001385  BMI160_MagYGetResult          
000013ab  BMI160_MagZGetResult          
0000125f  BMI160_MultiReadRegister      
0000123b  BMI160_ReadRegister           
0000120b  BMI160_WriteRegister          
00002b13  C$$EXIT                       
00000fe5  ChildA_Thread                 
00001005  ChildB_Thread                 
20006620  CurrentlyRunningThread        
00002a71  EndCriticalSection            
00000f07  FIFOConsumer                  
00000f2f  FIFOConsumer2                 
00000edb  FIFOProducer                  
000003e5  G8RTOS_AddThread              
000005b1  G8RTOS_Add_APeriodicEvent     
00000625  G8RTOS_Add_PeriodicEvent      
000007c9  G8RTOS_GetNumberOfThreads     
000007bb  G8RTOS_GetThreadID            
0000032d  G8RTOS_Init                   
00001729  G8RTOS_InitFIFO               
00002181  G8RTOS_InitSemaphore          
0000076b  G8RTOS_KillSelf               
000006db  G8RTOS_KillThread             
00000347  G8RTOS_Launch                 
0000178f  G8RTOS_ReadFIFO               
0000036b  G8RTOS_Scheduler              
000021d5  G8RTOS_SignalSemaphore        
00002559  G8RTOS_Start                  
00002193  G8RTOS_WaitSemaphore          
00001819  G8RTOS_WriteFIFO              
0000288b  GPIODirModeSet                
00002af1  GPIOIntClear                  
00002a77  GPIOIntDisable                
00002a93  GPIOIntEnable                 
000024fd  GPIOIntTypeSet                
00001ad9  GPIOPadConfigSet              
000025a5  GPIOPinConfigure              
00002af7  GPIOPinRead                   
00002975  GPIOPinTypeGPIOInput          
0000298b  GPIOPinTypeI2C                
000029a1  GPIOPinTypeI2CSCL             
000029b7  GPIOPinTypePWM                
000029cd  GPIOPinTypeUART               
0000295d  GPIOUnlockPin                 
00000dff  Gyro                          
00002ae1  I2CMasterBusy                 
00002b03  I2CMasterControl              
00002b07  I2CMasterDataGet              
00002b0b  I2CMasterDataPut              
00002ac3  I2CMasterEnable               
000025f1  I2CMasterInitExpClk           
00002ae9  I2CMasterSlaveAddrSet         
000014b9  I2C_Init                      
00001649  I2C_ReadMultiple              
0000156b  I2C_ReadSingle                
0000159b  I2C_WriteMultiple             
00001535  I2C_WriteSingle               
20006624  IBit_State                    
00000f57  Idle_Thread                   
000023d1  IntEnable                     
000028b9  IntPrioritySet                
000027c1  IntRegister                   
000022c5  LaunchpadButtons_Init         
0000230b  LaunchpadButtons_ReadSW1      
0000232b  LaunchpadButtons_ReadSW2      
00001961  LaunchpadLED_Init             
00001a1d  LaunchpadLED_PWMSetDuty       
00001d65  OPT3001_GetChipID             
00001cc9  OPT3001_GetResult             
00001c45  OPT3001_Init                  
00001c9b  OPT3001_ReadRegister          
00001d45  OPT3001_SetHighLimit          
00001d25  OPT3001_SetLowLimit           
00001c59  OPT3001_WriteRegister         
00000e79  Opto                          
00001025  PThread1                      
0000103b  PThread2                      
000028dd  PWMGenConfigure               
00002a9f  PWMGenEnable                  
00002a47  PWMGenPeriodSet               
00002a35  PWMOutputState                
00002921  PWMPulseWidthSet              
0000257b  PendSV_Handler                
00002ab7  ResetISR                      
20006848  SW1Pressed                    
00000f6b  SW1_Event_Handler             
00000f59  SW1_ISR                       
20006849  SW2Pressed                    
00000fb7  SW2_Event_Handler             
00000fa5  SW2_ISR                       
000007ed  SetInitialStack               
00002a69  StartCriticalSection          
00001d7d  SysCtlClockGet                
0000208d  SysCtlClockSet                
00002afd  SysCtlDelay                   
000027f5  SysCtlPeripheralEnable        
00002751  SysCtlPeripheralPresent       
00002789  SysCtlPeripheralReady         
000029e5  SysTickEnable                 
000029f9  SysTickIntEnable              
00002941  SysTickIntRegister            
00002a59  SysTickPeriodSet              
00000297  SysTick_Handler               
20006628  SystemTime                    
00002acd  UARTCharGet                   
00002ad7  UARTCharPut                   
00002685  UARTConfigSetExpClk           
00002901  UARTDisable                   
00002a0d  UARTEnable                    
00000921  UARTStdioConfig               
000024a1  UART_Init                     
00000a71  UARTgetc                      
000009b7  UARTgets                      
00000d93  UARTprintf                    
00000a99  UARTvprintf                   
00000967  UARTwrite                     
20006840  __STACK_END                   
00000200  __STACK_SIZE                  
20006840  __STACK_TOP                   
00002d20  __TI_CINIT_Base               
00002d38  __TI_CINIT_Limit              
00002cf8  __TI_Handler_Table_Base       
00002d04  __TI_Handler_Table_Limit      
000026cd  __TI_auto_init_nobinit_nopinit
00002439  __TI_decompress_lzss          
00002a85  __TI_decompress_none          
ffffffff  __TI_pprof_out_hndl           
ffffffff  __TI_prof_data_size           
ffffffff  __TI_prof_data_start          
00000000  __TI_static_base__            
00002aab  __TI_zero_init                
0000263d  __aeabi_d2iz                  
00001f91  __aeabi_dmul                  
0000285d  __aeabi_i2d                   
000023cf  __aeabi_idiv0                 
000023cf  __aeabi_ldiv0                 
00002355  __aeabi_memclr                
00002355  __aeabi_memclr4               
00002355  __aeabi_memclr8               
00002229  __aeabi_memcpy                
00002229  __aeabi_memcpy4               
00002229  __aeabi_memcpy8               
00002357  __aeabi_memset                
00002357  __aeabi_memset4               
00002357  __aeabi_memset8               
00002711  __aeabi_uidiv                 
00002711  __aeabi_uidivmod              
ffffffff  __binit__                     
ffffffff  __c_args__                    
UNDEFED   __mpu_init                    
20006640  __stack                       
20000000  __start___llvm_prf_cnts       
20000000  __stop___llvm_prf_cnts        
00002829  _c_int00_noargs               
UNDEFED   _system_post_cinit            
00002b0f  _system_pre_init              
00002b13  abort                         
2000684a  aliveCount                    
ffffffff  binit                         
20006844  data                          
20000000  g_pfnRAMVectors               
00000000  g_pfnVectors                  
20006843  idle_count                    
20006841  joystick_y                    
20006842  kill_cube                     
00001ead  main                          
00002229  memcpy                        
0000235d  memset                        
20006840  num_cubes                     
2000662c  pulse_width                   
20006630  sem_I2CA                      
20006634  sem_SPI                       
20006638  sem_SW1                       
2000663c  sem_UART                      
00000791  sleep                         
00002a21  strcpy                        


GLOBAL SYMBOLS: SORTED BY Symbol Address 

address   name                          
-------   ----                          
00000000  __TI_static_base__            
00000000  g_pfnVectors                  
00000200  __STACK_SIZE                  
00000297  SysTick_Handler               
0000032d  G8RTOS_Init                   
00000347  G8RTOS_Launch                 
0000036b  G8RTOS_Scheduler              
000003e5  G8RTOS_AddThread              
000005b1  G8RTOS_Add_APeriodicEvent     
00000625  G8RTOS_Add_PeriodicEvent      
000006db  G8RTOS_KillThread             
0000076b  G8RTOS_KillSelf               
00000791  sleep                         
000007bb  G8RTOS_GetThreadID            
000007c9  G8RTOS_GetNumberOfThreads     
000007ed  SetInitialStack               
00000921  UARTStdioConfig               
00000967  UARTwrite                     
000009b7  UARTgets                      
00000a71  UARTgetc                      
00000a99  UARTvprintf                   
00000d93  UARTprintf                    
00000dc9  Accel                         
00000dff  Gyro                          
00000e79  Opto                          
00000edb  FIFOProducer                  
00000f07  FIFOConsumer                  
00000f2f  FIFOConsumer2                 
00000f57  Idle_Thread                   
00000f59  SW1_ISR                       
00000f6b  SW1_Event_Handler             
00000fa5  SW2_ISR                       
00000fb7  SW2_Event_Handler             
00000fe5  ChildA_Thread                 
00001005  ChildB_Thread                 
00001025  PThread1                      
0000103b  PThread2                      
000011f1  BMI160_Init                   
0000120b  BMI160_WriteRegister          
0000123b  BMI160_ReadRegister           
0000125f  BMI160_MultiReadRegister      
00001287  BMI160_AccelXGetResult        
000012ab  BMI160_AccelYGetResult        
000012cf  BMI160_AccelZGetResult        
000012f3  BMI160_GyroXGetResult         
00001317  BMI160_GyroYGetResult         
0000133b  BMI160_GyroZGetResult         
0000135f  BMI160_MagXGetResult          
00001385  BMI160_MagYGetResult          
000013ab  BMI160_MagZGetResult          
000013d1  BMI160_AccelXYZGetResult      
00001419  BMI160_GyroXYZGetResult       
00001461  BMI160_MagXYZGetResult        
000014a9  BMI160_GetDataStatus          
000014b9  I2C_Init                      
00001535  I2C_WriteSingle               
0000156b  I2C_ReadSingle                
0000159b  I2C_WriteMultiple             
00001649  I2C_ReadMultiple              
00001729  G8RTOS_InitFIFO               
0000178f  G8RTOS_ReadFIFO               
00001819  G8RTOS_WriteFIFO              
00001961  LaunchpadLED_Init             
00001a1d  LaunchpadLED_PWMSetDuty       
00001ad9  GPIOPadConfigSet              
00001c45  OPT3001_Init                  
00001c59  OPT3001_WriteRegister         
00001c9b  OPT3001_ReadRegister          
00001cc9  OPT3001_GetResult             
00001d25  OPT3001_SetLowLimit           
00001d45  OPT3001_SetHighLimit          
00001d65  OPT3001_GetChipID             
00001d7d  SysCtlClockGet                
00001ead  main                          
00001f91  __aeabi_dmul                  
0000208d  SysCtlClockSet                
00002181  G8RTOS_InitSemaphore          
00002193  G8RTOS_WaitSemaphore          
000021d5  G8RTOS_SignalSemaphore        
00002229  __aeabi_memcpy                
00002229  __aeabi_memcpy4               
00002229  __aeabi_memcpy8               
00002229  memcpy                        
000022c5  LaunchpadButtons_Init         
0000230b  LaunchpadButtons_ReadSW1      
0000232b  LaunchpadButtons_ReadSW2      
00002355  __aeabi_memclr                
00002355  __aeabi_memclr4               
00002355  __aeabi_memclr8               
00002357  __aeabi_memset                
00002357  __aeabi_memset4               
00002357  __aeabi_memset8               
0000235d  memset                        
000023cf  __aeabi_idiv0                 
000023cf  __aeabi_ldiv0                 
000023d1  IntEnable                     
00002439  __TI_decompress_lzss          
000024a1  UART_Init                     
000024fd  GPIOIntTypeSet                
00002559  G8RTOS_Start                  
0000257b  PendSV_Handler                
000025a5  GPIOPinConfigure              
000025f1  I2CMasterInitExpClk           
0000263d  __aeabi_d2iz                  
00002685  UARTConfigSetExpClk           
000026cd  __TI_auto_init_nobinit_nopinit
00002711  __aeabi_uidiv                 
00002711  __aeabi_uidivmod              
00002751  SysCtlPeripheralPresent       
00002789  SysCtlPeripheralReady         
000027c1  IntRegister                   
000027f5  SysCtlPeripheralEnable        
00002829  _c_int00_noargs               
0000285d  __aeabi_i2d                   
0000288b  GPIODirModeSet                
000028b9  IntPrioritySet                
000028dd  PWMGenConfigure               
00002901  UARTDisable                   
00002921  PWMPulseWidthSet              
00002941  SysTickIntRegister            
0000295d  GPIOUnlockPin                 
00002975  GPIOPinTypeGPIOInput          
0000298b  GPIOPinTypeI2C                
000029a1  GPIOPinTypeI2CSCL             
000029b7  GPIOPinTypePWM                
000029cd  GPIOPinTypeUART               
000029e5  SysTickEnable                 
000029f9  SysTickIntEnable              
00002a0d  UARTEnable                    
00002a21  strcpy                        
00002a35  PWMOutputState                
00002a47  PWMGenPeriodSet               
00002a59  SysTickPeriodSet              
00002a69  StartCriticalSection          
00002a71  EndCriticalSection            
00002a77  GPIOIntDisable                
00002a85  __TI_decompress_none          
00002a93  GPIOIntEnable                 
00002a9f  PWMGenEnable                  
00002aab  __TI_zero_init                
00002ab7  ResetISR                      
00002ac3  I2CMasterEnable               
00002acd  UARTCharGet                   
00002ad7  UARTCharPut                   
00002ae1  I2CMasterBusy                 
00002ae9  I2CMasterSlaveAddrSet         
00002af1  GPIOIntClear                  
00002af7  GPIOPinRead                   
00002afd  SysCtlDelay                   
00002b03  I2CMasterControl              
00002b07  I2CMasterDataGet              
00002b0b  I2CMasterDataPut              
00002b0f  _system_pre_init              
00002b13  C$$EXIT                       
00002b13  abort                         
00002cf8  __TI_Handler_Table_Base       
00002d04  __TI_Handler_Table_Limit      
00002d20  __TI_CINIT_Base               
00002d38  __TI_CINIT_Limit              
20000000  __start___llvm_prf_cnts       
20000000  __stop___llvm_prf_cnts        
20000000  g_pfnRAMVectors               
20006620  CurrentlyRunningThread        
20006624  IBit_State                    
20006628  SystemTime                    
2000662c  pulse_width                   
20006630  sem_I2CA                      
20006634  sem_SPI                       
20006638  sem_SW1                       
2000663c  sem_UART                      
20006640  __stack                       
20006840  __STACK_END                   
20006840  __STACK_TOP                   
20006840  num_cubes                     
20006841  joystick_y                    
20006842  kill_cube                     
20006843  idle_count                    
20006844  data                          
20006848  SW1Pressed                    
20006849  SW2Pressed                    
2000684a  aliveCount                    
ffffffff  __TI_pprof_out_hndl           
ffffffff  __TI_prof_data_size           
ffffffff  __TI_prof_data_start          
ffffffff  __binit__                     
ffffffff  __c_args__                    
ffffffff  binit                         
UNDEFED   __mpu_init                    
UNDEFED   _system_post_cinit            

[189 symbols]
