******************************************************************************
                  TI ARM Linker PC v20.2.7                     
******************************************************************************
>> Linked Thu Nov  6 12:48:34 2025

OUTPUT FILE NAME:   <Lab4_F2025.out>
ENTRY POINT SYMBOL: "_c_int00_noargs"  address: 00002d25


MEMORY CONFIGURATION

         name            origin    length      used     unused   attr    fill
----------------------  --------  ---------  --------  --------  ----  --------
  FLASH                 00000000   00040000  0000328c  0003cd74  R  X
  SRAM                  20000000   00008000  00006870  00001790  RW X


SEGMENT ALLOCATION MAP

run origin  load origin   length   init length attrs members
----------  ----------- ---------- ----------- ----- -------
00000000    00000000    00003290   00003290    r-x
  00000000    00000000    0000026c   0000026c    r-- .intvecs
  0000026c    0000026c    00002df4   00002df4    r-x .text
  00003060    00003060    000001dc   000001dc    r-- .const
  00003240    00003240    00000050   00000050    r-- .cinit
20000000    20000000    00006875   00000000    rw-
  20000000    20000000    0000026c   00000000    rw- .vtable
  2000026c    2000026c    000063ef   00000000    rw- .bss
  20006660    20006660    00000200   00000000    rw- .stack
  20006860    20006860    00000015   00000000    rw- .data


SECTION ALLOCATION MAP

 output                                  attributes/
section   page    origin      length       input sections
--------  ----  ----------  ----------   ----------------
.intvecs   0    00000000    0000026c     
                  00000000    0000026c     tm4c123gh6pm_startup_ccs.obj (.intvecs)

.text      0    0000026c    00002df4     
                  0000026c    00000734     multimod_ST7789.obj (.text)
                  000009a0    00000730     breakout_threads.obj (.text)
                  000010d0    000006c0     G8RTOS_Scheduler.obj (.text)
                  00001790    000004a8     uartstdio.obj (.text)
                  00001c38    00000278     multimod_i2c.obj (.text)
                  00001eb0    000001a0     multimod_spi.obj (.text)
                  00002050    0000016c     driverlib.lib : gpio.obj (.text:GPIOPadConfigSet)
                  000021bc    00000118                   : sysctl.obj (.text:SysCtlClockGet)
                  000022d4    00000118     lab4_breakout.obj (.text)
                  000023ec    00000108     multimod_joystick.obj (.text)
                  000024f4    000000f4     driverlib.lib : sysctl.obj (.text:SysCtlClockSet)
                  000025e8    000000a8     G8RTOS_Semaphores.obj (.text)
                  00002690    0000009c     rtsv7M4_T_le_v4SPD16_eabi.lib : memcpy_t2.asm.obj (.text)
                  0000272c    0000007a     driverlib.lib : adc.obj (.text:ADCSequenceStepConfigure)
                  000027a6    0000007a     rtsv7M4_T_le_v4SPD16_eabi.lib : memset_t2.asm.obj (.text)
                  00002820    00000068     driverlib.lib : interrupt.obj (.text:IntEnable)
                  00002888    00000068     rtsv7M4_T_le_v4SPD16_eabi.lib : copy_decompress_lzss.c.obj (.text:decompress:lzss:__TI_decompress_lzss)
                  000028f0    00000068     multimod_buttons.obj (.text)
                  00002958    0000005c     multimod_uart.obj (.text)
                  000029b4    00000058     driverlib.lib : gpio.obj (.text:GPIOIntTypeSet)
                  00002a0c    00000050     G8RTOS_SchedulerASM.obj (.text)
                  00002a5c    0000004e     driverlib.lib : adc.obj (.text:ADCSequenceConfigure)
                  00002aaa    00000002     rtsv7M4_T_le_v4SPD16_eabi.lib : div0.asm.obj (.text)
                  00002aac    0000004c     driverlib.lib : gpio.obj (.text:GPIOPinConfigure)
                  00002af8    0000004c                   : i2c.obj (.text:I2CMasterInitExpClk)
                  00002b44    00000046                   : uart.obj (.text:UARTConfigSetExpClk)
                  00002b8a    00000002     --HOLE-- [fill = 0]
                  00002b8c    00000044     rtsv7M4_T_le_v4SPD16_eabi.lib : autoinit.c.obj (.text:__TI_auto_init_nobinit_nopinit:__TI_auto_init_nobinit_nopinit)
                  00002bd0    00000040                                   : u_divt2.asm.obj (.text)
                  00002c10    0000003c     driverlib.lib : ssi.obj (.text:SSIConfigSetExpClk)
                  00002c4c    00000038                   : sysctl.obj (.text:SysCtlPeripheralPresent)
                  00002c84    00000038                   : sysctl.obj (.text:SysCtlPeripheralReady)
                  00002cbc    00000034                   : interrupt.obj (.text:IntRegister)
                  00002cf0    00000034                   : sysctl.obj (.text:SysCtlPeripheralEnable)
                  00002d24    00000034     rtsv7M4_T_le_v4SPD16_eabi.lib : boot_cortex_m.c.obj (.text:_c_int00_noargs:_c_int00_noargs)
                  00002d58    0000002e     driverlib.lib : adc.obj (.text:ADCIntStatus)
                  00002d86    0000002c                   : gpio.obj (.text:GPIODirModeSet)
                  00002db2    00000002     --HOLE-- [fill = 0]
                  00002db4    00000024                   : interrupt.obj (.text:IntPrioritySet)
                  00002dd8    00000020                   : uart.obj (.text:UARTDisable)
                  00002df8    0000001e                   : adc.obj (.text:ADCSequenceDataGet)
                  00002e16    00000002     --HOLE-- [fill = 0]
                  00002e18    0000001c                   : systick.obj (.text:SysTickIntRegister)
                  00002e34    0000001a                   : gpio.obj (.text:GPIOPinTypeGPIOOutput)
                  00002e4e    00000018                   : adc.obj (.text:ADCProcessorTrigger)
                  00002e66    00000016                   : gpio.obj (.text:GPIOPinTypeADC)
                  00002e7c    00000016                   : gpio.obj (.text:GPIOPinTypeGPIOInput)
                  00002e92    00000016                   : gpio.obj (.text:GPIOPinTypeI2C)
                  00002ea8    00000016                   : gpio.obj (.text:GPIOPinTypeI2CSCL)
                  00002ebe    00000016                   : gpio.obj (.text:GPIOPinTypeSSI)
                  00002ed4    00000016                   : gpio.obj (.text:GPIOPinTypeUART)
                  00002eea    00000002     --HOLE-- [fill = 0]
                  00002eec    00000014                   : systick.obj (.text:SysTickEnable)
                  00002f00    00000014                   : systick.obj (.text:SysTickIntEnable)
                  00002f14    00000014                   : uart.obj (.text:UARTEnable)
                  00002f28    00000014     rtsv7M4_T_le_v4SPD16_eabi.lib : strcpy.c.obj (.text:strcpy)
                  00002f3c    00000010     driverlib.lib : systick.obj (.text:SysTickPeriodSet)
                  00002f4c    0000000e                   : adc.obj (.text:ADCIntDisable)
                  00002f5a    0000000e                   : adc.obj (.text:ADCSequenceDisable)
                  00002f68    0000000e                   : adc.obj (.text:ADCSequenceEnable)
                  00002f76    0000000e     G8RTOS_CriticalSection.obj (.text)
                  00002f84    0000000e     driverlib.lib : gpio.obj (.text:GPIOIntDisable)
                  00002f92    0000000e     rtsv7M4_T_le_v4SPD16_eabi.lib : copy_decompress_none.c.obj (.text:decompress:none:__TI_decompress_none)
                  00002fa0    0000000c     driverlib.lib : gpio.obj (.text:GPIOIntEnable)
                  00002fac    0000000c                   : ssi.obj (.text:SSIDataGet)
                  00002fb8    0000000c     rtsv7M4_T_le_v4SPD16_eabi.lib : copy_zero_init.c.obj (.text:decompress:ZI:__TI_zero_init)
                  00002fc4    0000000c     tm4c123gh6pm_startup_ccs.obj (.text)
                  00002fd0    0000000a     driverlib.lib : adc.obj (.text:ADCIntClear)
                  00002fda    0000000a                   : i2c.obj (.text:I2CMasterEnable)
                  00002fe4    0000000a                   : ssi.obj (.text:SSIDataPut)
                  00002fee    0000000a                   : ssi.obj (.text:SSIDisable)
                  00002ff8    0000000a                   : ssi.obj (.text:SSIEnable)
                  00003002    0000000a                   : uart.obj (.text:UARTCharGet)
                  0000300c    0000000a                   : uart.obj (.text:UARTCharPut)
                  00003016    00000008                   : i2c.obj (.text:I2CMasterBusy)
                  0000301e    00000008                   : i2c.obj (.text:I2CMasterSlaveAddrSet)
                  00003026    00000008                   : ssi.obj (.text:SSIBusy)
                  0000302e    00000006                   : gpio.obj (.text:GPIOIntClear)
                  00003034    00000006                   : gpio.obj (.text:GPIOPinRead)
                  0000303a    00000006                   : gpio.obj (.text:GPIOPinWrite)
                  00003040    00000006                   : ssi.obj (.text:SSIClockSourceSet)
                  00003046    00000006                   : sysctl.obj (.text:SysCtlDelay)
                  0000304c    00000004                   : i2c.obj (.text:I2CMasterControl)
                  00003050    00000004                   : i2c.obj (.text:I2CMasterDataGet)
                  00003054    00000004                   : i2c.obj (.text:I2CMasterDataPut)
                  00003058    00000004     rtsv7M4_T_le_v4SPD16_eabi.lib : pre_init.c.obj (.text:_system_pre_init)
                  0000305c    00000004                                   : exit.c.obj (.text:abort:abort)

.const     0    00003060    000001dc     
                  00003060    0000009c     driverlib.lib : interrupt.obj (.const:g_pui32Regs)
                  000030fc    00000090                   : gpio.obj (.const:g_pui32GPIOBaseAddrs)
                  0000318c    0000006c                   : sysctl.obj (.const:g_pui32Xtals)
                  000031f8    00000014                   : interrupt.obj (.const:g_pui32EnRegs)
                  0000320c    00000012     uartstdio.obj (.const:.string)
                  0000321e    00000002     --HOLE-- [fill = 0]
                  00003220    0000000c     uartstdio.obj (.const:g_ui32UARTBase)
                  0000322c    0000000c     uartstdio.obj (.const:g_ui32UARTPeriph)
                  00003238    00000004     uartstdio.obj (.const)

.cinit     0    00003240    00000050     
                  00003240    00000018     (.cinit..data.load) [load image, compression = lzss]
                  00003258    0000000c     (__TI_handler_table)
                  00003264    00000004     --HOLE-- [fill = 0]
                  00003268    00000008     (.cinit..bss.load) [load image, compression = zero_init]
                  00003270    00000008     (.cinit..vtable.load) [load image, compression = zero_init]
                  00003278    00000018     (__TI_cinit_table)

.init_array 
*          0    00000000    00000000     UNINITIALIZED

.vtable    0    20000000    0000026c     UNINITIALIZED
                  20000000    0000026c     driverlib.lib : interrupt.obj (.vtable)

.bss       0    2000026c    000063ef     UNINITIALIZED
                  2000026c    00006000     G8RTOS_Scheduler.obj (.bss:threadStacks)
                  2000626c    00000210     G8RTOS_Scheduler.obj (.bss:threadControlBlocks)
                  2000647c    00000150     breakout_threads.obj (.bss:rect_array)
                  200065cc    00000048     G8RTOS_Scheduler.obj (.bss:ptcbs)
                  20006614    00000010     G8RTOS_Scheduler.obj (.bss)
                  20006624    00000008     breakout_threads.obj (.bss:box)
                  2000662c    00000008     breakout_threads.obj (.bss:rect)
                  20006634    00000004     (.common:CurrentlyRunningThread)
                  20006638    00000004     (.common:IBit_State)
                  2000663c    00000004     (.common:SystemTime)
                  20006640    00000004     (.common:sem_I2CA)
                  20006644    00000004     (.common:sem_JOY)
                  20006648    00000004     (.common:sem_KillCube)
                  2000664c    00000004     (.common:sem_PCA9555)
                  20006650    00000004     (.common:sem_SPI)
                  20006654    00000004     (.common:sem_UART)
                  20006658    00000003     breakout_threads.obj (.bss)

.data      0    20006860    00000015     UNINITIALIZED
                  20006860    0000000c     breakout_threads.obj (.data:color_array)
                  2000686c    00000005     uartstdio.obj (.data)
                  20006871    00000003     breakout_threads.obj (.data)
                  20006874    00000001     G8RTOS_Scheduler.obj (.data)

.stack     0    20006660    00000200     UNINITIALIZED
                  20006660    00000004     rtsv7M4_T_le_v4SPD16_eabi.lib : boot_cortex_m.c.obj (.stack)
                  20006664    000001fc     --HOLE--

__llvm_prf_cnts 
*          0    20000000    00000000     UNINITIALIZED

MODULE SUMMARY

       Module                         code    ro data   rw data
       ------                         ----    -------   -------
    .\
       uartstdio.obj                  1192    46        5      
       tm4c123gh6pm_startup_ccs.obj   12      620       0      
       lab4_breakout.obj              280     0         28     
    +--+------------------------------+-------+---------+---------+
       Total:                         1484    666       33     
                                                               
    .\G8RTOS\src\
       G8RTOS_Scheduler.obj           1728    0         25201  
       G8RTOS_Semaphores.obj          168     0         0      
       G8RTOS_SchedulerASM.obj        80      0         0      
       G8RTOS_CriticalSection.obj     14      0         0      
    +--+------------------------------+-------+---------+---------+
       Total:                         1990    0         25201  
                                                               
    .\MultimodDrivers\src\
       multimod_ST7789.obj            1844    0         0      
       multimod_i2c.obj               632     0         0      
       multimod_spi.obj               416     0         0      
       multimod_joystick.obj          264     0         0      
       multimod_buttons.obj           104     0         0      
       multimod_uart.obj              92      0         0      
    +--+------------------------------+-------+---------+---------+
       Total:                         3352    0         0      
                                                               
    .\Quiz_Practice\
       breakout_threads.obj           1840    0         370    
    +--+------------------------------+-------+---------+---------+
       Total:                         1840    0         370    
                                                               
    C:/ti/TivaWare_C_Series-2.2.0.295/driverlib/ccs/Debug/driverlib.lib
       interrupt.obj                  192     176       620    
       gpio.obj                       774     144       0      
       sysctl.obj                     694     108       0      
       adc.obj                        352     0         0      
       uart.obj                       142     0         0      
       ssi.obj                        116     0         0      
       i2c.obj                        114     0         0      
       systick.obj                    84      0         0      
    +--+------------------------------+-------+---------+---------+
       Total:                         2468    428       620    
                                                               
    C:\ti\ccs1281\ccs\tools\compiler\ti-cgt-arm_20.2.7.LTS\lib\rtsv7M4_T_le_v4SPD16_eabi.lib
       memcpy_t2.asm.obj              156     0         0      
       memset_t2.asm.obj              122     0         0      
       copy_decompress_lzss.c.obj     104     0         0      
       autoinit.c.obj                 68      0         0      
       u_divt2.asm.obj                64      0         0      
       boot_cortex_m.c.obj            52      0         0      
       strcpy.c.obj                   20      0         0      
       copy_decompress_none.c.obj     14      0         0      
       copy_zero_init.c.obj           12      0         0      
       exit.c.obj                     4       0         0      
       pre_init.c.obj                 4       0         0      
       div0.asm.obj                   2       0         0      
    +--+------------------------------+-------+---------+---------+
       Total:                         622     0         0      
                                                               
       Stack:                         0       0         512    
       Linker Generated:              0       76        0      
    +--+------------------------------+-------+---------+---------+
       Grand Total:                   11756   1170      26736  


LINKER GENERATED COPY TABLES

__TI_cinit_table @ 00003278 records: 3, size/record: 8, table size: 24
	.data: load addr=00003240, load size=00000018 bytes, run addr=20006860, run size=00000015 bytes, compression=lzss
	.bss: load addr=00003268, load size=00000008 bytes, run addr=2000026c, run size=000063ef bytes, compression=zero_init
	.vtable: load addr=00003270, load size=00000008 bytes, run addr=20000000, run size=0000026c bytes, compression=zero_init


LINKER GENERATED HANDLER TABLE

__TI_handler_table @ 00003258 records: 3, size/record: 4, table size: 12
	index: 0, handler: __TI_zero_init
	index: 1, handler: __TI_decompress_lzss
	index: 2, handler: __TI_decompress_none


GLOBAL SYMBOLS: SORTED ALPHABETICALLY BY Name 

address   name                          
-------   ----                          
00002fd1  ADCIntClear                   
00002f4d  ADCIntDisable                 
00002d59  ADCIntStatus                  
00002e4f  ADCProcessorTrigger           
00002a5d  ADCSequenceConfigure          
00002df9  ADCSequenceDataGet            
00002f5b  ADCSequenceDisable            
00002f69  ADCSequenceEnable             
0000272d  ADCSequenceStepConfigure      
00000fa5  BK_GPIOD_Handler              
0000106f  BK_GPIOE_Handler              
00000e7d  BK_Init                       
00000ef9  BK_Update                     
00000fbf  Box_Mov                       
0000305d  C$$EXIT                       
20006634  CurrentlyRunningThread        
00002f7f  EndCriticalSection            
00001249  G8RTOS_AddThread              
0000141d  G8RTOS_Add_APeriodicEvent     
00001491  G8RTOS_Add_PeriodicEvent      
00001637  G8RTOS_GetNumberOfThreads     
0000162f  G8RTOS_GetThreadID            
00001191  G8RTOS_Init                   
000025e9  G8RTOS_InitSemaphore          
000015e1  G8RTOS_KillSelf               
00001547  G8RTOS_KillThread             
000011ab  G8RTOS_Launch                 
000011cf  G8RTOS_Scheduler              
0000263d  G8RTOS_SignalSemaphore        
00002a11  G8RTOS_Start                  
000025fb  G8RTOS_WaitSemaphore          
00002d87  GPIODirModeSet                
0000302f  GPIOIntClear                  
00002f85  GPIOIntDisable                
00002fa1  GPIOIntEnable                 
000029b5  GPIOIntTypeSet                
00002051  GPIOPadConfigSet              
00002aad  GPIOPinConfigure              
00003035  GPIOPinRead                   
00002e67  GPIOPinTypeADC                
00002e7d  GPIOPinTypeGPIOInput          
00002e35  GPIOPinTypeGPIOOutput         
00002e93  GPIOPinTypeI2C                
00002ea9  GPIOPinTypeI2CSCL             
00002ebf  GPIOPinTypeSSI                
00002ed5  GPIOPinTypeUART               
0000303b  GPIOPinWrite                  
00000f1d  Get_Joystick_BK               
00003017  I2CMasterBusy                 
0000304d  I2CMasterControl              
00003051  I2CMasterDataGet              
00003055  I2CMasterDataPut              
00002fdb  I2CMasterEnable               
00002af9  I2CMasterInitExpClk           
0000301f  I2CMasterSlaveAddrSet         
00001c39  I2C_Init                      
00001dc9  I2C_ReadMultiple              
00001ceb  I2C_ReadSingle                
00001d1b  I2C_WriteMultiple             
00001cb5  I2C_WriteSingle               
20006638  IBit_State                    
00000e77  Idle_Thread_Breakout          
00002821  IntEnable                     
00002db5  IntPrioritySet                
00002cbd  IntRegister                   
0000247f  JOYSTICK_GetPress             
0000248d  JOYSTICK_GetX                 
000024a9  JOYSTICK_GetXY                
0000249b  JOYSTICK_GetY                 
000023ed  JOYSTICK_Init                 
00002449  JOYSTICK_IntEnable            
00002935  MultimodButtons_Get           
000028f1  MultimodButtons_Init          
00002a33  PendSV_Handler                
00002fc5  ResetISR                      
00000f6d  Restart_BK                    
00001eb1  SPI_Init                      
00001fd3  SPI_ReadMultiple              
00001f4b  SPI_ReadSingle                
00001f73  SPI_WriteMultiple             
00001f2d  SPI_WriteSingle               
00003027  SSIBusy                       
00003041  SSIClockSourceSet             
00002c11  SSIConfigSetExpClk            
00002fad  SSIDataGet                    
00002fe5  SSIDataPut                    
00002fef  SSIDisable                    
00002ff9  SSIEnable                     
0000027b  ST7789_Deselect               
00000449  ST7789_DrawHLine              
000007d9  ST7789_DrawLine               
0000076b  ST7789_DrawPixel              
000008a9  ST7789_DrawRectangle          
000003b3  ST7789_DrawVLine              
000007bd  ST7789_Fill                   
0000069b  ST7789_Init                   
000004fd  ST7789_Line                   
000002d1  ST7789_ReadRegister           
0000026d  ST7789_Select                 
00000297  ST7789_SetCommand             
00000289  ST7789_SetData                
000002e7  ST7789_SetWindow              
000002a5  ST7789_WriteCommand           
000002bb  ST7789_WriteData              
0000165d  SetInitialStack               
00002f77  StartCriticalSection          
000021bd  SysCtlClockGet                
000024f5  SysCtlClockSet                
00003047  SysCtlDelay                   
00002cf1  SysCtlPeripheralEnable        
00002c4d  SysCtlPeripheralPresent       
00002c85  SysCtlPeripheralReady         
00002eed  SysTickEnable                 
00002f01  SysTickIntEnable              
00002e19  SysTickIntRegister            
00002f3d  SysTickPeriodSet              
000010fb  SysTick_Handler               
2000663c  SystemTime                    
00003003  UARTCharGet                   
0000300d  UARTCharPut                   
00002b45  UARTConfigSetExpClk           
00002dd9  UARTDisable                   
00002f15  UARTEnable                    
00001791  UARTStdioConfig               
00002959  UART_Init                     
000018e1  UARTgetc                      
00001827  UARTgets                      
00001c03  UARTprintf                    
00001909  UARTvprintf                   
000017d7  UARTwrite                     
20006860  __STACK_END                   
00000200  __STACK_SIZE                  
20006860  __STACK_TOP                   
00003278  __TI_CINIT_Base               
00003290  __TI_CINIT_Limit              
00003258  __TI_Handler_Table_Base       
00003264  __TI_Handler_Table_Limit      
00002b8d  __TI_auto_init_nobinit_nopinit
00002889  __TI_decompress_lzss          
00002f93  __TI_decompress_none          
ffffffff  __TI_pprof_out_hndl           
ffffffff  __TI_prof_data_size           
ffffffff  __TI_prof_data_start          
00000000  __TI_static_base__            
00002fb9  __TI_zero_init                
00002aab  __aeabi_idiv0                 
00002aab  __aeabi_ldiv0                 
000027a7  __aeabi_memclr                
000027a7  __aeabi_memclr4               
000027a7  __aeabi_memclr8               
00002691  __aeabi_memcpy                
00002691  __aeabi_memcpy4               
00002691  __aeabi_memcpy8               
000027a9  __aeabi_memset                
000027a9  __aeabi_memset4               
000027a9  __aeabi_memset8               
00002bd1  __aeabi_uidiv                 
00002bd1  __aeabi_uidivmod              
ffffffff  __binit__                     
ffffffff  __c_args__                    
UNDEFED   __mpu_init                    
20006660  __stack                       
20000000  __start___llvm_prf_cnts       
20000000  __stop___llvm_prf_cnts        
00002d25  _c_int00_noargs               
UNDEFED   _system_post_cinit            
00003059  _system_pre_init              
0000305d  abort                         
20006874  aliveCount                    
ffffffff  binit                         
00000ae9  check_if_box                  
0000067d  delay_ms                      
000009a1  draw_block_bk                 
00000abb  draw_rect_bottom              
000009d1  draw_segments                 
20000000  g_pfnRAMVectors               
00000000  g_pfnVectors                  
000022e9  main                          
00002691  memcpy                        
000027af  memset                        
20006640  sem_I2CA                      
20006644  sem_JOY                       
20006648  sem_KillCube                  
2000664c  sem_PCA9555                   
20006650  sem_SPI                       
20006654  sem_UART                      
00001605  sleep                         
00002f29  strcpy                        


GLOBAL SYMBOLS: SORTED BY Symbol Address 

address   name                          
-------   ----                          
00000000  __TI_static_base__            
00000000  g_pfnVectors                  
00000200  __STACK_SIZE                  
0000026d  ST7789_Select                 
0000027b  ST7789_Deselect               
00000289  ST7789_SetData                
00000297  ST7789_SetCommand             
000002a5  ST7789_WriteCommand           
000002bb  ST7789_WriteData              
000002d1  ST7789_ReadRegister           
000002e7  ST7789_SetWindow              
000003b3  ST7789_DrawVLine              
00000449  ST7789_DrawHLine              
000004fd  ST7789_Line                   
0000067d  delay_ms                      
0000069b  ST7789_Init                   
0000076b  ST7789_DrawPixel              
000007bd  ST7789_Fill                   
000007d9  ST7789_DrawLine               
000008a9  ST7789_DrawRectangle          
000009a1  draw_block_bk                 
000009d1  draw_segments                 
00000abb  draw_rect_bottom              
00000ae9  check_if_box                  
00000e77  Idle_Thread_Breakout          
00000e7d  BK_Init                       
00000ef9  BK_Update                     
00000f1d  Get_Joystick_BK               
00000f6d  Restart_BK                    
00000fa5  BK_GPIOD_Handler              
00000fbf  Box_Mov                       
0000106f  BK_GPIOE_Handler              
000010fb  SysTick_Handler               
00001191  G8RTOS_Init                   
000011ab  G8RTOS_Launch                 
000011cf  G8RTOS_Scheduler              
00001249  G8RTOS_AddThread              
0000141d  G8RTOS_Add_APeriodicEvent     
00001491  G8RTOS_Add_PeriodicEvent      
00001547  G8RTOS_KillThread             
000015e1  G8RTOS_KillSelf               
00001605  sleep                         
0000162f  G8RTOS_GetThreadID            
00001637  G8RTOS_GetNumberOfThreads     
0000165d  SetInitialStack               
00001791  UARTStdioConfig               
000017d7  UARTwrite                     
00001827  UARTgets                      
000018e1  UARTgetc                      
00001909  UARTvprintf                   
00001c03  UARTprintf                    
00001c39  I2C_Init                      
00001cb5  I2C_WriteSingle               
00001ceb  I2C_ReadSingle                
00001d1b  I2C_WriteMultiple             
00001dc9  I2C_ReadMultiple              
00001eb1  SPI_Init                      
00001f2d  SPI_WriteSingle               
00001f4b  SPI_ReadSingle                
00001f73  SPI_WriteMultiple             
00001fd3  SPI_ReadMultiple              
00002051  GPIOPadConfigSet              
000021bd  SysCtlClockGet                
000022e9  main                          
000023ed  JOYSTICK_Init                 
00002449  JOYSTICK_IntEnable            
0000247f  JOYSTICK_GetPress             
0000248d  JOYSTICK_GetX                 
0000249b  JOYSTICK_GetY                 
000024a9  JOYSTICK_GetXY                
000024f5  SysCtlClockSet                
000025e9  G8RTOS_InitSemaphore          
000025fb  G8RTOS_WaitSemaphore          
0000263d  G8RTOS_SignalSemaphore        
00002691  __aeabi_memcpy                
00002691  __aeabi_memcpy4               
00002691  __aeabi_memcpy8               
00002691  memcpy                        
0000272d  ADCSequenceStepConfigure      
000027a7  __aeabi_memclr                
000027a7  __aeabi_memclr4               
000027a7  __aeabi_memclr8               
000027a9  __aeabi_memset                
000027a9  __aeabi_memset4               
000027a9  __aeabi_memset8               
000027af  memset                        
00002821  IntEnable                     
00002889  __TI_decompress_lzss          
000028f1  MultimodButtons_Init          
00002935  MultimodButtons_Get           
00002959  UART_Init                     
000029b5  GPIOIntTypeSet                
00002a11  G8RTOS_Start                  
00002a33  PendSV_Handler                
00002a5d  ADCSequenceConfigure          
00002aab  __aeabi_idiv0                 
00002aab  __aeabi_ldiv0                 
00002aad  GPIOPinConfigure              
00002af9  I2CMasterInitExpClk           
00002b45  UARTConfigSetExpClk           
00002b8d  __TI_auto_init_nobinit_nopinit
00002bd1  __aeabi_uidiv                 
00002bd1  __aeabi_uidivmod              
00002c11  SSIConfigSetExpClk            
00002c4d  SysCtlPeripheralPresent       
00002c85  SysCtlPeripheralReady         
00002cbd  IntRegister                   
00002cf1  SysCtlPeripheralEnable        
00002d25  _c_int00_noargs               
00002d59  ADCIntStatus                  
00002d87  GPIODirModeSet                
00002db5  IntPrioritySet                
00002dd9  UARTDisable                   
00002df9  ADCSequenceDataGet            
00002e19  SysTickIntRegister            
00002e35  GPIOPinTypeGPIOOutput         
00002e4f  ADCProcessorTrigger           
00002e67  GPIOPinTypeADC                
00002e7d  GPIOPinTypeGPIOInput          
00002e93  GPIOPinTypeI2C                
00002ea9  GPIOPinTypeI2CSCL             
00002ebf  GPIOPinTypeSSI                
00002ed5  GPIOPinTypeUART               
00002eed  SysTickEnable                 
00002f01  SysTickIntEnable              
00002f15  UARTEnable                    
00002f29  strcpy                        
00002f3d  SysTickPeriodSet              
00002f4d  ADCIntDisable                 
00002f5b  ADCSequenceDisable            
00002f69  ADCSequenceEnable             
00002f77  StartCriticalSection          
00002f7f  EndCriticalSection            
00002f85  GPIOIntDisable                
00002f93  __TI_decompress_none          
00002fa1  GPIOIntEnable                 
00002fad  SSIDataGet                    
00002fb9  __TI_zero_init                
00002fc5  ResetISR                      
00002fd1  ADCIntClear                   
00002fdb  I2CMasterEnable               
00002fe5  SSIDataPut                    
00002fef  SSIDisable                    
00002ff9  SSIEnable                     
00003003  UARTCharGet                   
0000300d  UARTCharPut                   
00003017  I2CMasterBusy                 
0000301f  I2CMasterSlaveAddrSet         
00003027  SSIBusy                       
0000302f  GPIOIntClear                  
00003035  GPIOPinRead                   
0000303b  GPIOPinWrite                  
00003041  SSIClockSourceSet             
00003047  SysCtlDelay                   
0000304d  I2CMasterControl              
00003051  I2CMasterDataGet              
00003055  I2CMasterDataPut              
00003059  _system_pre_init              
0000305d  C$$EXIT                       
0000305d  abort                         
00003258  __TI_Handler_Table_Base       
00003264  __TI_Handler_Table_Limit      
00003278  __TI_CINIT_Base               
00003290  __TI_CINIT_Limit              
20000000  __start___llvm_prf_cnts       
20000000  __stop___llvm_prf_cnts        
20000000  g_pfnRAMVectors               
20006634  CurrentlyRunningThread        
20006638  IBit_State                    
2000663c  SystemTime                    
20006640  sem_I2CA                      
20006644  sem_JOY                       
20006648  sem_KillCube                  
2000664c  sem_PCA9555                   
20006650  sem_SPI                       
20006654  sem_UART                      
20006660  __stack                       
20006860  __STACK_END                   
20006860  __STACK_TOP                   
20006874  aliveCount                    
ffffffff  __TI_pprof_out_hndl           
ffffffff  __TI_prof_data_size           
ffffffff  __TI_prof_data_start          
ffffffff  __binit__                     
ffffffff  __c_args__                    
ffffffff  binit                         
UNDEFED   __mpu_init                    
UNDEFED   _system_post_cinit            

[188 symbols]
