******************************************************************************
                  TI ARM Linker PC v20.2.7                     
******************************************************************************
>> Linked Wed Oct 22 02:28:25 2025

OUTPUT FILE NAME:   <Lab4_F2025.out>
ENTRY POINT SYMBOL: "_c_int00_noargs"  address: 00002c49


MEMORY CONFIGURATION

         name            origin    length      used     unused   attr    fill
----------------------  --------  ---------  --------  --------  ----  --------
  FLASH                 00000000   00040000  00003178  0003ce88  R  X
  SRAM                  20000000   00008000  00006845  000017bb  RW X


SEGMENT ALLOCATION MAP

run origin  load origin   length   init length attrs members
----------  ----------- ---------- ----------- ----- -------
00000000    00000000    00003178   00003178    r-x
  00000000    00000000    0000026c   0000026c    r-- .intvecs
  0000026c    0000026c    00002d04   00002d04    r-x .text
  00002f70    00002f70    000001c8   000001c8    r-- .const
  00003138    00003138    00000040   00000040    r-- .cinit
20000000    20000000    00006845   00000000    rw-
  20000000    20000000    0000026c   00000000    rw- .vtable
  2000026c    2000026c    000063cc   00000000    rw- .bss
  20006638    20006638    00000200   00000000    rw- .stack
  20006838    20006838    0000000d   00000000    rw- .data


SECTION ALLOCATION MAP

 output                                  attributes/
section   page    origin      length       input sections
--------  ----  ----------  ----------   ----------------
.intvecs   0    00000000    0000026c     
                  00000000    0000026c     tm4c123gh6pm_startup_ccs.obj (.intvecs)

.text      0    0000026c    00002d04     
                  0000026c    00000734     multimod_ST7789.obj (.text)
                  000009a0    000004a8     uartstdio.obj (.text)
                  00000e48    00000418     G8RTOS_Scheduler.obj (.text)
                  00001260    000002c8     multimod_BMI160.obj (.text)
                  00001528    0000029c     threads.obj (.text)
                  000017c4    00000270     multimod_i2c.obj (.text)
                  00001a34    00000238     G8RTOS_IPC.obj (.text)
                  00001c6c    000001a0     multimod_spi.obj (.text)
                  00001e0c    00000178     multimod_LaunchpadLED.obj (.text)
                  00001f84    0000016c     driverlib.lib : gpio.obj (.text:GPIOPadConfigSet)
                  000020f0    00000138     multimod_OPT3001.obj (.text)
                  00002228    00000118     driverlib.lib : sysctl.obj (.text:SysCtlClockGet)
                  00002340    00000114     lab4_1.obj (.text)
                  00002454    000000fc     rtsv7M4_T_le_v4SPD16_eabi.lib : fd_mul_t2.asm.obj (.text)
                  00002550    000000f4     driverlib.lib : sysctl.obj (.text:SysCtlClockSet)
                  00002644    000000a4     G8RTOS_Semaphores.obj (.text)
                  000026e8    0000009c     rtsv7M4_T_le_v4SPD16_eabi.lib : memcpy_t2.asm.obj (.text)
                  00002784    0000007a                                   : memset_t2.asm.obj (.text)
                  000027fe    00000002                                   : div0.asm.obj (.text)
                  00002800    00000074     multimod_LaunchpadButtons.obj (.text)
                  00002874    00000068     rtsv7M4_T_le_v4SPD16_eabi.lib : copy_decompress_lzss.c.obj (.text:decompress:lzss:__TI_decompress_lzss)
                  000028dc    0000005c     multimod_uart.obj (.text)
                  00002938    00000050     G8RTOS_SchedulerASM.obj (.text)
                  00002988    0000004c     driverlib.lib : gpio.obj (.text:GPIOPinConfigure)
                  000029d4    0000004c                   : i2c.obj (.text:I2CMasterInitExpClk)
                  00002a20    00000048     rtsv7M4_T_le_v4SPD16_eabi.lib : fd_toi_t2.asm.obj (.text)
                  00002a68    00000046     driverlib.lib : uart.obj (.text:UARTConfigSetExpClk)
                  00002aae    00000002     --HOLE-- [fill = 0]
                  00002ab0    00000044     rtsv7M4_T_le_v4SPD16_eabi.lib : autoinit.c.obj (.text:__TI_auto_init_nobinit_nopinit:__TI_auto_init_nobinit_nopinit)
                  00002af4    00000040                                   : u_divt2.asm.obj (.text)
                  00002b34    0000003c     driverlib.lib : ssi.obj (.text:SSIConfigSetExpClk)
                  00002b70    00000038                   : sysctl.obj (.text:SysCtlPeripheralPresent)
                  00002ba8    00000038                   : sysctl.obj (.text:SysCtlPeripheralReady)
                  00002be0    00000034                   : interrupt.obj (.text:IntRegister)
                  00002c14    00000034                   : sysctl.obj (.text:SysCtlPeripheralEnable)
                  00002c48    00000034     rtsv7M4_T_le_v4SPD16_eabi.lib : boot_cortex_m.c.obj (.text:_c_int00_noargs:_c_int00_noargs)
                  00002c7c    0000002e                                   : i_tofd_t2.asm.obj (.text)
                  00002caa    0000002c     driverlib.lib : gpio.obj (.text:GPIODirModeSet)
                  00002cd6    00000002     --HOLE-- [fill = 0]
                  00002cd8    00000024                   : interrupt.obj (.text:IntPrioritySet)
                  00002cfc    00000022                   : pwm.obj (.text:PWMGenConfigure)
                  00002d1e    00000002     --HOLE-- [fill = 0]
                  00002d20    00000020                   : uart.obj (.text:UARTDisable)
                  00002d40    0000001e                   : pwm.obj (.text:PWMPulseWidthSet)
                  00002d5e    00000002     --HOLE-- [fill = 0]
                  00002d60    0000001c                   : systick.obj (.text:SysTickIntRegister)
                  00002d7c    0000001a                   : gpio.obj (.text:GPIOPinTypeGPIOOutput)
                  00002d96    00000002     --HOLE-- [fill = 0]
                  00002d98    00000018                   : gpio.obj (.text:GPIOUnlockPin)
                  00002db0    00000016                   : gpio.obj (.text:GPIOPinTypeGPIOInput)
                  00002dc6    00000016                   : gpio.obj (.text:GPIOPinTypeI2C)
                  00002ddc    00000016                   : gpio.obj (.text:GPIOPinTypeI2CSCL)
                  00002df2    00000016                   : gpio.obj (.text:GPIOPinTypePWM)
                  00002e08    00000016                   : gpio.obj (.text:GPIOPinTypeSSI)
                  00002e1e    00000016                   : gpio.obj (.text:GPIOPinTypeUART)
                  00002e34    00000014                   : systick.obj (.text:SysTickEnable)
                  00002e48    00000014                   : systick.obj (.text:SysTickIntEnable)
                  00002e5c    00000014                   : uart.obj (.text:UARTEnable)
                  00002e70    00000012                   : pwm.obj (.text:PWMOutputState)
                  00002e82    00000010                   : pwm.obj (.text:PWMGenPeriodSet)
                  00002e92    00000002     --HOLE-- [fill = 0]
                  00002e94    00000010                   : systick.obj (.text:SysTickPeriodSet)
                  00002ea4    0000000e     G8RTOS_CriticalSection.obj (.text)
                  00002eb2    0000000e     rtsv7M4_T_le_v4SPD16_eabi.lib : copy_decompress_none.c.obj (.text:decompress:none:__TI_decompress_none)
                  00002ec0    0000000c     driverlib.lib : pwm.obj (.text:PWMGenEnable)
                  00002ecc    0000000c                   : ssi.obj (.text:SSIDataGet)
                  00002ed8    0000000c     rtsv7M4_T_le_v4SPD16_eabi.lib : copy_zero_init.c.obj (.text:decompress:ZI:__TI_zero_init)
                  00002ee4    0000000c     tm4c123gh6pm_startup_ccs.obj (.text)
                  00002ef0    0000000a     driverlib.lib : i2c.obj (.text:I2CMasterEnable)
                  00002efa    0000000a                   : ssi.obj (.text:SSIDataPut)
                  00002f04    0000000a                   : ssi.obj (.text:SSIDisable)
                  00002f0e    0000000a                   : ssi.obj (.text:SSIEnable)
                  00002f18    0000000a                   : uart.obj (.text:UARTCharGet)
                  00002f22    0000000a                   : uart.obj (.text:UARTCharPut)
                  00002f2c    00000008                   : i2c.obj (.text:I2CMasterBusy)
                  00002f34    00000008                   : i2c.obj (.text:I2CMasterSlaveAddrSet)
                  00002f3c    00000008                   : ssi.obj (.text:SSIBusy)
                  00002f44    00000006                   : gpio.obj (.text:GPIOPinRead)
                  00002f4a    00000006                   : gpio.obj (.text:GPIOPinWrite)
                  00002f50    00000006                   : ssi.obj (.text:SSIClockSourceSet)
                  00002f56    00000006                   : sysctl.obj (.text:SysCtlDelay)
                  00002f5c    00000004                   : i2c.obj (.text:I2CMasterControl)
                  00002f60    00000004                   : i2c.obj (.text:I2CMasterDataGet)
                  00002f64    00000004                   : i2c.obj (.text:I2CMasterDataPut)
                  00002f68    00000004     rtsv7M4_T_le_v4SPD16_eabi.lib : pre_init.c.obj (.text:_system_pre_init)
                  00002f6c    00000004                                   : exit.c.obj (.text:abort:abort)

.const     0    00002f70    000001c8     
                  00002f70    0000009c     driverlib.lib : interrupt.obj (.const:g_pui32Regs)
                  0000300c    00000090                   : gpio.obj (.const:g_pui32GPIOBaseAddrs)
                  0000309c    0000006c                   : sysctl.obj (.const:g_pui32Xtals)
                  00003108    00000012     uartstdio.obj (.const:.string)
                  0000311a    00000002     --HOLE-- [fill = 0]
                  0000311c    0000000c     uartstdio.obj (.const:g_ui32UARTBase)
                  00003128    0000000c     uartstdio.obj (.const:g_ui32UARTPeriph)
                  00003134    00000004     uartstdio.obj (.const)

.cinit     0    00003138    00000040     
                  00003138    0000000c     (__TI_handler_table)
                  00003144    00000009     (.cinit..data.load) [load image, compression = lzss]
                  0000314d    00000003     --HOLE-- [fill = 0]
                  00003150    00000008     (.cinit..bss.load) [load image, compression = zero_init]
                  00003158    00000008     (.cinit..vtable.load) [load image, compression = zero_init]
                  00003160    00000018     (__TI_cinit_table)

.init_array 
*          0    00000000    00000000     UNINITIALIZED

.vtable    0    20000000    0000026c     UNINITIALIZED
                  20000000    0000026c     driverlib.lib : interrupt.obj (.vtable)

.bss       0    2000026c    000063cc     UNINITIALIZED
                  2000026c    00006000     G8RTOS_Scheduler.obj (.bss:threadStacks)
                  2000626c    00000210     G8RTOS_Scheduler.obj (.bss:threadControlBlocks)
                  2000647c    00000150     G8RTOS_IPC.obj (.bss:FIFOs)
                  200065cc    00000048     G8RTOS_Scheduler.obj (.bss:pthreadControlBlocks)
                  20006614    00000008     G8RTOS_Scheduler.obj (.bss)
                  2000661c    00000004     (.common:CurrentlyRunningThread)
                  20006620    00000004     (.common:IBit_State)
                  20006624    00000004     (.common:SystemTime)
                  20006628    00000004     (.common:pulse_width)
                  2000662c    00000004     (.common:sem_I2CA)
                  20006630    00000004     (.common:sem_SPI)
                  20006634    00000004     (.common:sem_UART)

.data      0    20006838    0000000d     UNINITIALIZED
                  20006838    00000008     threads.obj (.data)
                  20006840    00000005     uartstdio.obj (.data)

.stack     0    20006638    00000200     UNINITIALIZED
                  20006638    00000004     rtsv7M4_T_le_v4SPD16_eabi.lib : boot_cortex_m.c.obj (.stack)
                  2000663c    000001fc     --HOLE--

__llvm_prf_cnts 
*          0    20000000    00000000     UNINITIALIZED

MODULE SUMMARY

       Module                          code    ro data   rw data
       ------                          ----    -------   -------
    .\
       uartstdio.obj                   1192    46        5      
       threads.obj                     668     0         8      
       tm4c123gh6pm_startup_ccs.obj    12      620       0      
       lab4_1.obj                      276     0         16     
    +--+-------------------------------+-------+---------+---------+
       Total:                          2148    666       29     
                                                                
    .\G8RTOS\src\
       G8RTOS_Scheduler.obj            1048    0         25192  
       G8RTOS_IPC.obj                  568     0         336    
       G8RTOS_Semaphores.obj           164     0         0      
       G8RTOS_SchedulerASM.obj         80      0         0      
       G8RTOS_CriticalSection.obj      14      0         0      
    +--+-------------------------------+-------+---------+---------+
       Total:                          1874    0         25528  
                                                                
    .\MultimodDrivers\src\
       multimod_ST7789.obj             1844    0         0      
       multimod_BMI160.obj             712     0         0      
       multimod_i2c.obj                624     0         0      
       multimod_spi.obj                416     0         0      
       multimod_LaunchpadLED.obj       376     0         4      
       multimod_OPT3001.obj            312     0         0      
       multimod_LaunchpadButtons.obj   116     0         0      
       multimod_uart.obj               92      0         0      
    +--+-------------------------------+-------+---------+---------+
       Total:                          4492    0         4      
                                                                
    C:/ti/TivaWare_C_Series-2.2.0.295/driverlib/ccs/Debug/driverlib.lib
       interrupt.obj                   88      156       620    
       gpio.obj                        678     144       0      
       sysctl.obj                      694     108       0      
       uart.obj                        142     0         0      
       ssi.obj                         116     0         0      
       i2c.obj                         114     0         0      
       pwm.obj                         110     0         0      
       systick.obj                     84      0         0      
    +--+-------------------------------+-------+---------+---------+
       Total:                          2026    408       620    
                                                                
    C:\ti\ccs1281\ccs\tools\compiler\ti-cgt-arm_20.2.7.LTS\lib\rtsv7M4_T_le_v4SPD16_eabi.lib
       fd_mul_t2.asm.obj               252     0         0      
       memcpy_t2.asm.obj               156     0         0      
       memset_t2.asm.obj               122     0         0      
       copy_decompress_lzss.c.obj      104     0         0      
       fd_toi_t2.asm.obj               72      0         0      
       autoinit.c.obj                  68      0         0      
       u_divt2.asm.obj                 64      0         0      
       boot_cortex_m.c.obj             52      0         0      
       i_tofd_t2.asm.obj               46      0         0      
       copy_decompress_none.c.obj      14      0         0      
       copy_zero_init.c.obj            12      0         0      
       exit.c.obj                      4       0         0      
       pre_init.c.obj                  4       0         0      
       div0.asm.obj                    2       0         0      
    +--+-------------------------------+-------+---------+---------+
       Total:                          972     0         0      
                                                                
       Stack:                          0       0         512    
       Linker Generated:               0       61        0      
    +--+-------------------------------+-------+---------+---------+
       Grand Total:                    11512   1135      26693  


LINKER GENERATED COPY TABLES

__TI_cinit_table @ 00003160 records: 3, size/record: 8, table size: 24
	.data: load addr=00003144, load size=00000009 bytes, run addr=20006838, run size=0000000d bytes, compression=lzss
	.bss: load addr=00003150, load size=00000008 bytes, run addr=2000026c, run size=000063cc bytes, compression=zero_init
	.vtable: load addr=00003158, load size=00000008 bytes, run addr=20000000, run size=0000026c bytes, compression=zero_init


LINKER GENERATED HANDLER TABLE

__TI_handler_table @ 00003138 records: 3, size/record: 4, table size: 12
	index: 0, handler: __TI_zero_init
	index: 1, handler: __TI_decompress_lzss
	index: 2, handler: __TI_decompress_none


GLOBAL SYMBOLS: SORTED ALPHABETICALLY BY Name 

address   name                          
-------   ----                          
00001529  Accel                         
000012f7  BMI160_AccelXGetResult        
00001441  BMI160_AccelXYZGetResult      
0000131b  BMI160_AccelYGetResult        
0000133f  BMI160_AccelZGetResult        
00001519  BMI160_GetDataStatus          
00001363  BMI160_GyroXGetResult         
00001489  BMI160_GyroXYZGetResult       
00001387  BMI160_GyroYGetResult         
000013ab  BMI160_GyroZGetResult         
00001261  BMI160_Init                   
000013cf  BMI160_MagXGetResult          
000014d1  BMI160_MagXYZGetResult        
000013f5  BMI160_MagYGetResult          
0000141b  BMI160_MagZGetResult          
000012cf  BMI160_MultiReadRegister      
000012ab  BMI160_ReadRegister           
0000127b  BMI160_WriteRegister          
00002f6d  C$$EXIT                       
2000661c  CurrentlyRunningThread        
00002ead  EndCriticalSection            
00001665  FIFOConsumer                  
0000168d  FIFOConsumer2                 
00001639  FIFOProducer                  
00000f97  G8RTOS_AddThread              
00001099  G8RTOS_Add_APeriodicEvent     
000010ab  G8RTOS_Add_PeriodicEvent      
0000110b  G8RTOS_GetNumberOfThreads     
00001103  G8RTOS_GetThreadID            
00000ec5  G8RTOS_Init                   
00001a35  G8RTOS_InitFIFO               
00002645  G8RTOS_InitSemaphore          
000010d3  G8RTOS_KillSelf               
000010bb  G8RTOS_KillThread             
00000f19  G8RTOS_Launch                 
00001a9b  G8RTOS_ReadFIFO               
00000f3d  G8RTOS_Scheduler              
00002697  G8RTOS_SignalSemaphore        
0000293d  G8RTOS_Start                  
00002657  G8RTOS_WaitSemaphore          
00001b25  G8RTOS_WriteFIFO              
00002cab  GPIODirModeSet                
00001f85  GPIOPadConfigSet              
00002989  GPIOPinConfigure              
00002f45  GPIOPinRead                   
00002db1  GPIOPinTypeGPIOInput          
00002d7d  GPIOPinTypeGPIOOutput         
00002dc7  GPIOPinTypeI2C                
00002ddd  GPIOPinTypeI2CSCL             
00002df3  GPIOPinTypePWM                
00002e09  GPIOPinTypeSSI                
00002e1f  GPIOPinTypeUART               
00002f4b  GPIOPinWrite                  
00002d99  GPIOUnlockPin                 
0000155f  Gyro                          
00002f2d  I2CMasterBusy                 
00002f5d  I2CMasterControl              
00002f61  I2CMasterDataGet              
00002f65  I2CMasterDataPut              
00002ef1  I2CMasterEnable               
000029d5  I2CMasterInitExpClk           
00002f35  I2CMasterSlaveAddrSet         
000017c5  I2C_Init                      
00001955  I2C_ReadMultiple              
00001877  I2C_ReadSingle                
000018a7  I2C_WriteMultiple             
00001841  I2C_WriteSingle               
20006620  IBit_State                    
000016b5  Idle_Thread                   
00002cd9  IntPrioritySet                
00002be1  IntRegister                   
00002801  LaunchpadButtons_Init         
0000282d  LaunchpadButtons_ReadSW1      
0000284d  LaunchpadButtons_ReadSW2      
00001e0d  LaunchpadLED_Init             
00001ec9  LaunchpadLED_PWMSetDuty       
00002211  OPT3001_GetChipID             
00002175  OPT3001_GetResult             
000020f1  OPT3001_Init                  
00002147  OPT3001_ReadRegister          
000021f1  OPT3001_SetHighLimit          
000021d1  OPT3001_SetLowLimit           
00002105  OPT3001_WriteRegister         
000015d7  Opto                          
00002cfd  PWMGenConfigure               
00002ec1  PWMGenEnable                  
00002e83  PWMGenPeriodSet               
00002e71  PWMOutputState                
00002d41  PWMPulseWidthSet              
0000295f  PendSV_Handler                
00002ee5  ResetISR                      
00001c6d  SPI_Init                      
00001d8f  SPI_ReadMultiple              
00001d07  SPI_ReadSingle                
00001d2f  SPI_WriteMultiple             
00001ce9  SPI_WriteSingle               
00002f3d  SSIBusy                       
00002f51  SSIClockSourceSet             
00002b35  SSIConfigSetExpClk            
00002ecd  SSIDataGet                    
00002efb  SSIDataPut                    
00002f05  SSIDisable                    
00002f0f  SSIEnable                     
0000027b  ST7789_Deselect               
00000449  ST7789_DrawHLine              
000007d9  ST7789_DrawLine               
0000076b  ST7789_DrawPixel              
000008a9  ST7789_DrawRectangle          
000003b3  ST7789_DrawVLine              
000007bd  ST7789_Fill                   
0000069b  ST7789_Init                   
000004fd  ST7789_Line                   
000002d1  ST7789_ReadRegister           
0000026d  ST7789_Select                 
00000297  ST7789_SetCommand             
00000289  ST7789_SetData                
000002e7  ST7789_SetWindow              
000002a5  ST7789_WriteCommand           
000002bb  ST7789_WriteData              
00001135  SetInitialStack               
00002ea5  StartCriticalSection          
00002229  SysCtlClockGet                
00002551  SysCtlClockSet                
00002f57  SysCtlDelay                   
00002c15  SysCtlPeripheralEnable        
00002b71  SysCtlPeripheralPresent       
00002ba9  SysCtlPeripheralReady         
00002e35  SysTickEnable                 
00002e49  SysTickIntEnable              
00002d61  SysTickIntRegister            
00002e95  SysTickPeriodSet              
00000e73  SysTick_Handler               
20006624  SystemTime                    
00002f19  UARTCharGet                   
00002f23  UARTCharPut                   
00002a69  UARTConfigSetExpClk           
00002d21  UARTDisable                   
00002e5d  UARTEnable                    
000009a1  UARTStdioConfig               
000028dd  UART_Init                     
00000af1  UARTgetc                      
00000a37  UARTgets                      
00000e13  UARTprintf                    
00000b19  UARTvprintf                   
000009e7  UARTwrite                     
20006838  __STACK_END                   
00000200  __STACK_SIZE                  
20006838  __STACK_TOP                   
00003160  __TI_CINIT_Base               
00003178  __TI_CINIT_Limit              
00003138  __TI_Handler_Table_Base       
00003144  __TI_Handler_Table_Limit      
00002ab1  __TI_auto_init_nobinit_nopinit
00002875  __TI_decompress_lzss          
00002eb3  __TI_decompress_none          
ffffffff  __TI_pprof_out_hndl           
ffffffff  __TI_prof_data_size           
ffffffff  __TI_prof_data_start          
00000000  __TI_static_base__            
00002ed9  __TI_zero_init                
00002a21  __aeabi_d2iz                  
00002455  __aeabi_dmul                  
00002c7d  __aeabi_i2d                   
000027ff  __aeabi_idiv0                 
000027ff  __aeabi_ldiv0                 
00002785  __aeabi_memclr                
00002785  __aeabi_memclr4               
00002785  __aeabi_memclr8               
000026e9  __aeabi_memcpy                
000026e9  __aeabi_memcpy4               
000026e9  __aeabi_memcpy8               
00002787  __aeabi_memset                
00002787  __aeabi_memset4               
00002787  __aeabi_memset8               
00002af5  __aeabi_uidiv                 
00002af5  __aeabi_uidivmod              
ffffffff  __binit__                     
ffffffff  __c_args__                    
UNDEFED   __mpu_init                    
20006638  __stack                       
20000000  __start___llvm_prf_cnts       
20000000  __stop___llvm_prf_cnts        
00002c49  _c_int00_noargs               
UNDEFED   _system_post_cinit            
00002f69  _system_pre_init              
00002f6d  abort                         
ffffffff  binit                         
2000683c  data                          
0000067d  delay_ms                      
20000000  g_pfnRAMVectors               
00000000  g_pfnVectors                  
2000683b  idle_count                    
20006839  joystick_y                    
2000683a  kill_cube                     
0000235d  main                          
000026e9  memcpy                        
0000278d  memset                        
20006838  num_cubes                     
20006628  pulse_width                   
2000662c  sem_I2CA                      
20006630  sem_SPI                       
20006634  sem_UART                      
000010d9  sleep                         


GLOBAL SYMBOLS: SORTED BY Symbol Address 

address   name                          
-------   ----                          
00000000  __TI_static_base__            
00000000  g_pfnVectors                  
00000200  __STACK_SIZE                  
0000026d  ST7789_Select                 
0000027b  ST7789_Deselect               
00000289  ST7789_SetData                
00000297  ST7789_SetCommand             
000002a5  ST7789_WriteCommand           
000002bb  ST7789_WriteData              
000002d1  ST7789_ReadRegister           
000002e7  ST7789_SetWindow              
000003b3  ST7789_DrawVLine              
00000449  ST7789_DrawHLine              
000004fd  ST7789_Line                   
0000067d  delay_ms                      
0000069b  ST7789_Init                   
0000076b  ST7789_DrawPixel              
000007bd  ST7789_Fill                   
000007d9  ST7789_DrawLine               
000008a9  ST7789_DrawRectangle          
000009a1  UARTStdioConfig               
000009e7  UARTwrite                     
00000a37  UARTgets                      
00000af1  UARTgetc                      
00000b19  UARTvprintf                   
00000e13  UARTprintf                    
00000e73  SysTick_Handler               
00000ec5  G8RTOS_Init                   
00000f19  G8RTOS_Launch                 
00000f3d  G8RTOS_Scheduler              
00000f97  G8RTOS_AddThread              
00001099  G8RTOS_Add_APeriodicEvent     
000010ab  G8RTOS_Add_PeriodicEvent      
000010bb  G8RTOS_KillThread             
000010d3  G8RTOS_KillSelf               
000010d9  sleep                         
00001103  G8RTOS_GetThreadID            
0000110b  G8RTOS_GetNumberOfThreads     
00001135  SetInitialStack               
00001261  BMI160_Init                   
0000127b  BMI160_WriteRegister          
000012ab  BMI160_ReadRegister           
000012cf  BMI160_MultiReadRegister      
000012f7  BMI160_AccelXGetResult        
0000131b  BMI160_AccelYGetResult        
0000133f  BMI160_AccelZGetResult        
00001363  BMI160_GyroXGetResult         
00001387  BMI160_GyroYGetResult         
000013ab  BMI160_GyroZGetResult         
000013cf  BMI160_MagXGetResult          
000013f5  BMI160_MagYGetResult          
0000141b  BMI160_MagZGetResult          
00001441  BMI160_AccelXYZGetResult      
00001489  BMI160_GyroXYZGetResult       
000014d1  BMI160_MagXYZGetResult        
00001519  BMI160_GetDataStatus          
00001529  Accel                         
0000155f  Gyro                          
000015d7  Opto                          
00001639  FIFOProducer                  
00001665  FIFOConsumer                  
0000168d  FIFOConsumer2                 
000016b5  Idle_Thread                   
000017c5  I2C_Init                      
00001841  I2C_WriteSingle               
00001877  I2C_ReadSingle                
000018a7  I2C_WriteMultiple             
00001955  I2C_ReadMultiple              
00001a35  G8RTOS_InitFIFO               
00001a9b  G8RTOS_ReadFIFO               
00001b25  G8RTOS_WriteFIFO              
00001c6d  SPI_Init                      
00001ce9  SPI_WriteSingle               
00001d07  SPI_ReadSingle                
00001d2f  SPI_WriteMultiple             
00001d8f  SPI_ReadMultiple              
00001e0d  LaunchpadLED_Init             
00001ec9  LaunchpadLED_PWMSetDuty       
00001f85  GPIOPadConfigSet              
000020f1  OPT3001_Init                  
00002105  OPT3001_WriteRegister         
00002147  OPT3001_ReadRegister          
00002175  OPT3001_GetResult             
000021d1  OPT3001_SetLowLimit           
000021f1  OPT3001_SetHighLimit          
00002211  OPT3001_GetChipID             
00002229  SysCtlClockGet                
0000235d  main                          
00002455  __aeabi_dmul                  
00002551  SysCtlClockSet                
00002645  G8RTOS_InitSemaphore          
00002657  G8RTOS_WaitSemaphore          
00002697  G8RTOS_SignalSemaphore        
000026e9  __aeabi_memcpy                
000026e9  __aeabi_memcpy4               
000026e9  __aeabi_memcpy8               
000026e9  memcpy                        
00002785  __aeabi_memclr                
00002785  __aeabi_memclr4               
00002785  __aeabi_memclr8               
00002787  __aeabi_memset                
00002787  __aeabi_memset4               
00002787  __aeabi_memset8               
0000278d  memset                        
000027ff  __aeabi_idiv0                 
000027ff  __aeabi_ldiv0                 
00002801  LaunchpadButtons_Init         
0000282d  LaunchpadButtons_ReadSW1      
0000284d  LaunchpadButtons_ReadSW2      
00002875  __TI_decompress_lzss          
000028dd  UART_Init                     
0000293d  G8RTOS_Start                  
0000295f  PendSV_Handler                
00002989  GPIOPinConfigure              
000029d5  I2CMasterInitExpClk           
00002a21  __aeabi_d2iz                  
00002a69  UARTConfigSetExpClk           
00002ab1  __TI_auto_init_nobinit_nopinit
00002af5  __aeabi_uidiv                 
00002af5  __aeabi_uidivmod              
00002b35  SSIConfigSetExpClk            
00002b71  SysCtlPeripheralPresent       
00002ba9  SysCtlPeripheralReady         
00002be1  IntRegister                   
00002c15  SysCtlPeripheralEnable        
00002c49  _c_int00_noargs               
00002c7d  __aeabi_i2d                   
00002cab  GPIODirModeSet                
00002cd9  IntPrioritySet                
00002cfd  PWMGenConfigure               
00002d21  UARTDisable                   
00002d41  PWMPulseWidthSet              
00002d61  SysTickIntRegister            
00002d7d  GPIOPinTypeGPIOOutput         
00002d99  GPIOUnlockPin                 
00002db1  GPIOPinTypeGPIOInput          
00002dc7  GPIOPinTypeI2C                
00002ddd  GPIOPinTypeI2CSCL             
00002df3  GPIOPinTypePWM                
00002e09  GPIOPinTypeSSI                
00002e1f  GPIOPinTypeUART               
00002e35  SysTickEnable                 
00002e49  SysTickIntEnable              
00002e5d  UARTEnable                    
00002e71  PWMOutputState                
00002e83  PWMGenPeriodSet               
00002e95  SysTickPeriodSet              
00002ea5  StartCriticalSection          
00002ead  EndCriticalSection            
00002eb3  __TI_decompress_none          
00002ec1  PWMGenEnable                  
00002ecd  SSIDataGet                    
00002ed9  __TI_zero_init                
00002ee5  ResetISR                      
00002ef1  I2CMasterEnable               
00002efb  SSIDataPut                    
00002f05  SSIDisable                    
00002f0f  SSIEnable                     
00002f19  UARTCharGet                   
00002f23  UARTCharPut                   
00002f2d  I2CMasterBusy                 
00002f35  I2CMasterSlaveAddrSet         
00002f3d  SSIBusy                       
00002f45  GPIOPinRead                   
00002f4b  GPIOPinWrite                  
00002f51  SSIClockSourceSet             
00002f57  SysCtlDelay                   
00002f5d  I2CMasterControl              
00002f61  I2CMasterDataGet              
00002f65  I2CMasterDataPut              
00002f69  _system_pre_init              
00002f6d  C$$EXIT                       
00002f6d  abort                         
00003138  __TI_Handler_Table_Base       
00003144  __TI_Handler_Table_Limit      
00003160  __TI_CINIT_Base               
00003178  __TI_CINIT_Limit              
20000000  __start___llvm_prf_cnts       
20000000  __stop___llvm_prf_cnts        
20000000  g_pfnRAMVectors               
2000661c  CurrentlyRunningThread        
20006620  IBit_State                    
20006624  SystemTime                    
20006628  pulse_width                   
2000662c  sem_I2CA                      
20006630  sem_SPI                       
20006634  sem_UART                      
20006638  __stack                       
20006838  __STACK_END                   
20006838  __STACK_TOP                   
20006838  num_cubes                     
20006839  joystick_y                    
2000683a  kill_cube                     
2000683b  idle_count                    
2000683c  data                          
ffffffff  __TI_pprof_out_hndl           
ffffffff  __TI_prof_data_size           
ffffffff  __TI_prof_data_start          
ffffffff  __binit__                     
ffffffff  __c_args__                    
ffffffff  binit                         
UNDEFED   __mpu_init                    
UNDEFED   _system_post_cinit            

[203 symbols]
