******************************************************************************
                  TI ARM Linker PC v20.2.7                     
******************************************************************************
>> Linked Tue Oct 28 12:28:34 2025

OUTPUT FILE NAME:   <Lab4_F2025.out>
ENTRY POINT SYMBOL: "_c_int00_noargs"  address: 0000255d


MEMORY CONFIGURATION

         name            origin    length      used     unused   attr    fill
----------------------  --------  ---------  --------  --------  ----  --------
  FLASH                 00000000   00040000  00002a66  0003d59a  R  X
  SRAM                  20000000   00008000  00006849  000017b7  RW X


SEGMENT ALLOCATION MAP

run origin  load origin   length   init length attrs members
----------  ----------- ---------- ----------- ----- -------
00000000    00000000    00002a68   00002a68    r-x
  00000000    00000000    0000026c   0000026c    r-- .intvecs
  0000026c    0000026c    000025de   000025de    r-x .text
  0000284c    0000284c    000001dc   000001dc    r-- .const
  00002a28    00002a28    00000040   00000040    r-- .cinit
20000000    20000000    00006849   00000000    rw-
  20000000    20000000    0000026c   00000000    rw- .vtable
  2000026c    2000026c    000063cc   00000000    rw- .bss
  20006638    20006638    00000200   00000000    rw- .stack
  20006838    20006838    00000011   00000000    rw- .data


SECTION ALLOCATION MAP

 output                                  attributes/
section   page    origin      length       input sections
--------  ----  ----------  ----------   ----------------
.intvecs   0    00000000    0000026c     
                  00000000    0000026c     tm4c123gh6pm_startup_ccs.obj (.intvecs)

.text      0    0000026c    000025de     
                  0000026c    00000514     G8RTOS_Scheduler.obj (.text)
                  00000780    000004a8     uartstdio.obj (.text)
                  00000c28    00000314     threads.obj (.text)
                  00000f3c    000002c8     multimod_BMI160.obj (.text)
                  00001204    00000270     multimod_i2c.obj (.text)
                  00001474    00000238     G8RTOS_IPC.obj (.text)
                  000016ac    00000178     multimod_LaunchpadLED.obj (.text)
                  00001824    0000016c     driverlib.lib : gpio.obj (.text:GPIOPadConfigSet)
                  00001990    00000138     multimod_OPT3001.obj (.text)
                  00001ac8    00000118     driverlib.lib : sysctl.obj (.text:SysCtlClockGet)
                  00001be0    000000fc     rtsv7M4_T_le_v4SPD16_eabi.lib : fd_mul_t2.asm.obj (.text)
                  00001cdc    000000f4     driverlib.lib : sysctl.obj (.text:SysCtlClockSet)
                  00001dd0    000000e4     lab4.obj (.text)
                  00001eb4    000000a8     G8RTOS_Semaphores.obj (.text)
                  00001f5c    0000009c     rtsv7M4_T_le_v4SPD16_eabi.lib : memcpy_t2.asm.obj (.text)
                  00001ff8    00000090     multimod_LaunchpadButtons.obj (.text)
                  00002088    0000007a     rtsv7M4_T_le_v4SPD16_eabi.lib : memset_t2.asm.obj (.text)
                  00002102    00000002                                   : div0.asm.obj (.text)
                  00002104    00000068     driverlib.lib : interrupt.obj (.text:IntEnable)
                  0000216c    00000068     rtsv7M4_T_le_v4SPD16_eabi.lib : copy_decompress_lzss.c.obj (.text:decompress:lzss:__TI_decompress_lzss)
                  000021d4    0000005c     multimod_uart.obj (.text)
                  00002230    00000058     driverlib.lib : gpio.obj (.text:GPIOIntTypeSet)
                  00002288    00000050     G8RTOS_SchedulerASM.obj (.text)
                  000022d8    0000004c     driverlib.lib : gpio.obj (.text:GPIOPinConfigure)
                  00002324    0000004c                   : i2c.obj (.text:I2CMasterInitExpClk)
                  00002370    00000048     rtsv7M4_T_le_v4SPD16_eabi.lib : fd_toi_t2.asm.obj (.text)
                  000023b8    00000046     driverlib.lib : uart.obj (.text:UARTConfigSetExpClk)
                  000023fe    00000002     --HOLE-- [fill = 0]
                  00002400    00000044     rtsv7M4_T_le_v4SPD16_eabi.lib : autoinit.c.obj (.text:__TI_auto_init_nobinit_nopinit:__TI_auto_init_nobinit_nopinit)
                  00002444    00000040                                   : u_divt2.asm.obj (.text)
                  00002484    00000038     driverlib.lib : sysctl.obj (.text:SysCtlPeripheralPresent)
                  000024bc    00000038                   : sysctl.obj (.text:SysCtlPeripheralReady)
                  000024f4    00000034                   : interrupt.obj (.text:IntRegister)
                  00002528    00000034                   : sysctl.obj (.text:SysCtlPeripheralEnable)
                  0000255c    00000034     rtsv7M4_T_le_v4SPD16_eabi.lib : boot_cortex_m.c.obj (.text:_c_int00_noargs:_c_int00_noargs)
                  00002590    0000002e                                   : i_tofd_t2.asm.obj (.text)
                  000025be    0000002c     driverlib.lib : gpio.obj (.text:GPIODirModeSet)
                  000025ea    00000002     --HOLE-- [fill = 0]
                  000025ec    00000024                   : interrupt.obj (.text:IntPrioritySet)
                  00002610    00000022                   : pwm.obj (.text:PWMGenConfigure)
                  00002632    00000002     --HOLE-- [fill = 0]
                  00002634    00000020                   : uart.obj (.text:UARTDisable)
                  00002654    0000001e                   : pwm.obj (.text:PWMPulseWidthSet)
                  00002672    00000002     --HOLE-- [fill = 0]
                  00002674    0000001c                   : systick.obj (.text:SysTickIntRegister)
                  00002690    00000018                   : gpio.obj (.text:GPIOUnlockPin)
                  000026a8    00000016                   : gpio.obj (.text:GPIOPinTypeGPIOInput)
                  000026be    00000016                   : gpio.obj (.text:GPIOPinTypeI2C)
                  000026d4    00000016                   : gpio.obj (.text:GPIOPinTypeI2CSCL)
                  000026ea    00000016                   : gpio.obj (.text:GPIOPinTypePWM)
                  00002700    00000016                   : gpio.obj (.text:GPIOPinTypeUART)
                  00002716    00000002     --HOLE-- [fill = 0]
                  00002718    00000014                   : systick.obj (.text:SysTickEnable)
                  0000272c    00000014                   : systick.obj (.text:SysTickIntEnable)
                  00002740    00000014                   : uart.obj (.text:UARTEnable)
                  00002754    00000014     rtsv7M4_T_le_v4SPD16_eabi.lib : strcpy.c.obj (.text:strcpy)
                  00002768    00000012     driverlib.lib : pwm.obj (.text:PWMOutputState)
                  0000277a    00000010                   : pwm.obj (.text:PWMGenPeriodSet)
                  0000278a    00000002     --HOLE-- [fill = 0]
                  0000278c    00000010                   : systick.obj (.text:SysTickPeriodSet)
                  0000279c    0000000e     G8RTOS_CriticalSection.obj (.text)
                  000027aa    0000000e     driverlib.lib : gpio.obj (.text:GPIOIntDisable)
                  000027b8    0000000e     rtsv7M4_T_le_v4SPD16_eabi.lib : copy_decompress_none.c.obj (.text:decompress:none:__TI_decompress_none)
                  000027c6    0000000c     driverlib.lib : gpio.obj (.text:GPIOIntEnable)
                  000027d2    0000000c                   : pwm.obj (.text:PWMGenEnable)
                  000027de    0000000c     rtsv7M4_T_le_v4SPD16_eabi.lib : copy_zero_init.c.obj (.text:decompress:ZI:__TI_zero_init)
                  000027ea    0000000c     tm4c123gh6pm_startup_ccs.obj (.text)
                  000027f6    0000000a     driverlib.lib : i2c.obj (.text:I2CMasterEnable)
                  00002800    0000000a                   : uart.obj (.text:UARTCharGet)
                  0000280a    0000000a                   : uart.obj (.text:UARTCharPut)
                  00002814    00000008                   : i2c.obj (.text:I2CMasterBusy)
                  0000281c    00000008                   : i2c.obj (.text:I2CMasterSlaveAddrSet)
                  00002824    00000006                   : gpio.obj (.text:GPIOIntClear)
                  0000282a    00000006                   : gpio.obj (.text:GPIOPinRead)
                  00002830    00000006                   : sysctl.obj (.text:SysCtlDelay)
                  00002836    00000004                   : i2c.obj (.text:I2CMasterControl)
                  0000283a    00000004                   : i2c.obj (.text:I2CMasterDataGet)
                  0000283e    00000004                   : i2c.obj (.text:I2CMasterDataPut)
                  00002842    00000004     rtsv7M4_T_le_v4SPD16_eabi.lib : pre_init.c.obj (.text:_system_pre_init)
                  00002846    00000004                                   : exit.c.obj (.text:abort:abort)

.const     0    0000284c    000001dc     
                  0000284c    0000009c     driverlib.lib : interrupt.obj (.const:g_pui32Regs)
                  000028e8    00000090                   : gpio.obj (.const:g_pui32GPIOBaseAddrs)
                  00002978    0000006c                   : sysctl.obj (.const:g_pui32Xtals)
                  000029e4    00000014                   : interrupt.obj (.const:g_pui32EnRegs)
                  000029f8    00000012     uartstdio.obj (.const:.string)
                  00002a0a    00000002     --HOLE-- [fill = 0]
                  00002a0c    0000000c     uartstdio.obj (.const:g_ui32UARTBase)
                  00002a18    0000000c     uartstdio.obj (.const:g_ui32UARTPeriph)
                  00002a24    00000004     uartstdio.obj (.const)

.cinit     0    00002a28    00000040     
                  00002a28    0000000c     (__TI_handler_table)
                  00002a34    00000009     (.cinit..data.load) [load image, compression = lzss]
                  00002a3d    00000003     --HOLE-- [fill = 0]
                  00002a40    00000008     (.cinit..bss.load) [load image, compression = zero_init]
                  00002a48    00000008     (.cinit..vtable.load) [load image, compression = zero_init]
                  00002a50    00000018     (__TI_cinit_table)

.init_array 
*          0    00000000    00000000     UNINITIALIZED

.vtable    0    20000000    0000026c     UNINITIALIZED
                  20000000    0000026c     driverlib.lib : interrupt.obj (.vtable)

.bss       0    2000026c    000063cc     UNINITIALIZED
                  2000026c    00006000     G8RTOS_Scheduler.obj (.bss:threadStacks)
                  2000626c    00000210     G8RTOS_Scheduler.obj (.bss:threadControlBlocks)
                  2000647c    00000150     G8RTOS_IPC.obj (.bss:FIFOs)
                  200065cc    00000048     G8RTOS_Scheduler.obj (.bss:pthreadControlBlocks)
                  20006614    00000008     G8RTOS_Scheduler.obj (.bss)
                  2000661c    00000004     (.common:CurrentlyRunningThread)
                  20006620    00000004     (.common:IBit_State)
                  20006624    00000004     (.common:SystemTime)
                  20006628    00000004     (.common:pulse_width)
                  2000662c    00000004     (.common:sem_I2CA)
                  20006630    00000004     (.common:sem_SPI)
                  20006634    00000004     (.common:sem_UART)

.data      0    20006838    00000011     UNINITIALIZED
                  20006838    0000000a     threads.obj (.data)
                  20006842    00000001     G8RTOS_Scheduler.obj (.data)
                  20006843    00000001     --HOLE--
                  20006844    00000005     uartstdio.obj (.data)

.stack     0    20006638    00000200     UNINITIALIZED
                  20006638    00000004     rtsv7M4_T_le_v4SPD16_eabi.lib : boot_cortex_m.c.obj (.stack)
                  2000663c    000001fc     --HOLE--

__llvm_prf_cnts 
*          0    20000000    00000000     UNINITIALIZED

MODULE SUMMARY

       Module                          code   ro data   rw data
       ------                          ----   -------   -------
    .\
       uartstdio.obj                   1192   46        5      
       threads.obj                     788    0         10     
       tm4c123gh6pm_startup_ccs.obj    12     620       0      
       lab4.obj                        228    0         16     
    +--+-------------------------------+------+---------+---------+
       Total:                          2220   666       31     
                                                               
    .\G8RTOS\src\
       G8RTOS_Scheduler.obj            1300   0         25193  
       G8RTOS_IPC.obj                  568    0         336    
       G8RTOS_Semaphores.obj           168    0         0      
       G8RTOS_SchedulerASM.obj         80     0         0      
       G8RTOS_CriticalSection.obj      14     0         0      
    +--+-------------------------------+------+---------+---------+
       Total:                          2130   0         25529  
                                                               
    .\MultimodDrivers\src\
       multimod_BMI160.obj             712    0         0      
       multimod_i2c.obj                624    0         0      
       multimod_LaunchpadLED.obj       376    0         4      
       multimod_OPT3001.obj            312    0         0      
       multimod_LaunchpadButtons.obj   144    0         0      
       multimod_uart.obj               92     0         0      
    +--+-------------------------------+------+---------+---------+
       Total:                          2260   0         4      
                                                               
    C:/ti/TivaWare_C_Series-2.2.0.295/driverlib/ccs/Debug/driverlib.lib
       interrupt.obj                   192    176       620    
       gpio.obj                        744    144       0      
       sysctl.obj                      694    108       0      
       uart.obj                        142    0         0      
       i2c.obj                         114    0         0      
       pwm.obj                         110    0         0      
       systick.obj                     84     0         0      
    +--+-------------------------------+------+---------+---------+
       Total:                          2080   428       620    
                                                               
    C:\ti\ccs1281\ccs\tools\compiler\ti-cgt-arm_20.2.7.LTS\lib\rtsv7M4_T_le_v4SPD16_eabi.lib
       fd_mul_t2.asm.obj               252    0         0      
       memcpy_t2.asm.obj               156    0         0      
       memset_t2.asm.obj               122    0         0      
       copy_decompress_lzss.c.obj      104    0         0      
       fd_toi_t2.asm.obj               72     0         0      
       autoinit.c.obj                  68     0         0      
       u_divt2.asm.obj                 64     0         0      
       boot_cortex_m.c.obj             52     0         0      
       i_tofd_t2.asm.obj               46     0         0      
       strcpy.c.obj                    20     0         0      
       copy_decompress_none.c.obj      14     0         0      
       copy_zero_init.c.obj            12     0         0      
       exit.c.obj                      4      0         0      
       pre_init.c.obj                  4      0         0      
       div0.asm.obj                    2      0         0      
    +--+-------------------------------+------+---------+---------+
       Total:                          992    0         0      
                                                               
       Stack:                          0      0         512    
       Linker Generated:               0      61        0      
    +--+-------------------------------+------+---------+---------+
       Grand Total:                    9682   1155      26696  


LINKER GENERATED COPY TABLES

__TI_cinit_table @ 00002a50 records: 3, size/record: 8, table size: 24
	.data: load addr=00002a34, load size=00000009 bytes, run addr=20006838, run size=00000011 bytes, compression=lzss
	.bss: load addr=00002a40, load size=00000008 bytes, run addr=2000026c, run size=000063cc bytes, compression=zero_init
	.vtable: load addr=00002a48, load size=00000008 bytes, run addr=20000000, run size=0000026c bytes, compression=zero_init


LINKER GENERATED HANDLER TABLE

__TI_handler_table @ 00002a28 records: 3, size/record: 4, table size: 12
	index: 0, handler: __TI_zero_init
	index: 1, handler: __TI_decompress_lzss
	index: 2, handler: __TI_decompress_none


GLOBAL SYMBOLS: SORTED ALPHABETICALLY BY Name 

address   name                          
-------   ----                          
00000c29  Accel                         
00000fd3  BMI160_AccelXGetResult        
0000111d  BMI160_AccelXYZGetResult      
00000ff7  BMI160_AccelYGetResult        
0000101b  BMI160_AccelZGetResult        
000011f5  BMI160_GetDataStatus          
0000103f  BMI160_GyroXGetResult         
00001165  BMI160_GyroXYZGetResult       
00001063  BMI160_GyroYGetResult         
00001087  BMI160_GyroZGetResult         
00000f3d  BMI160_Init                   
000010ab  BMI160_MagXGetResult          
000011ad  BMI160_MagXYZGetResult        
000010d1  BMI160_MagYGetResult          
000010f7  BMI160_MagZGetResult          
00000fab  BMI160_MultiReadRegister      
00000f87  BMI160_ReadRegister           
00000f57  BMI160_WriteRegister          
00002847  C$$EXIT                       
2000661c  CurrentlyRunningThread        
000027a5  EndCriticalSection            
00000d65  FIFOConsumer                  
00000d8d  FIFOConsumer2                 
00000d39  FIFOProducer                  
00000393  G8RTOS_AddThread              
000004af  G8RTOS_Add_APeriodicEvent     
0000051d  G8RTOS_Add_PeriodicEvent      
0000062f  G8RTOS_GetNumberOfThreads     
00000627  G8RTOS_GetThreadID            
000002fb  G8RTOS_Init                   
00001475  G8RTOS_InitFIFO               
00001eb5  G8RTOS_InitSemaphore          
000005e5  G8RTOS_KillSelf               
0000054d  G8RTOS_KillThread             
0000030f  G8RTOS_Launch                 
000014db  G8RTOS_ReadFIFO               
00000333  G8RTOS_Scheduler              
00001f09  G8RTOS_SignalSemaphore        
0000228d  G8RTOS_Start                  
00001ec7  G8RTOS_WaitSemaphore          
00001565  G8RTOS_WriteFIFO              
000025bf  GPIODirModeSet                
00002825  GPIOIntClear                  
000027ab  GPIOIntDisable                
000027c7  GPIOIntEnable                 
00002231  GPIOIntTypeSet                
00001825  GPIOPadConfigSet              
000022d9  GPIOPinConfigure              
0000282b  GPIOPinRead                   
000026a9  GPIOPinTypeGPIOInput          
000026bf  GPIOPinTypeI2C                
000026d5  GPIOPinTypeI2CSCL             
000026eb  GPIOPinTypePWM                
00002701  GPIOPinTypeUART               
00002691  GPIOUnlockPin                 
00000c5f  Gyro                          
00002815  I2CMasterBusy                 
00002837  I2CMasterControl              
0000283b  I2CMasterDataGet              
0000283f  I2CMasterDataPut              
000027f7  I2CMasterEnable               
00002325  I2CMasterInitExpClk           
0000281d  I2CMasterSlaveAddrSet         
00001205  I2C_Init                      
00001395  I2C_ReadMultiple              
000012b7  I2C_ReadSingle                
000012e7  I2C_WriteMultiple             
00001281  I2C_WriteSingle               
20006620  IBit_State                    
00000db5  Idle_Thread                   
00002105  IntEnable                     
000025ed  IntPrioritySet                
000024f5  IntRegister                   
00001ff9  LaunchpadButtons_Init         
0000203f  LaunchpadButtons_ReadSW1      
0000205f  LaunchpadButtons_ReadSW2      
000016ad  LaunchpadLED_Init             
00001769  LaunchpadLED_PWMSetDuty       
00001ab1  OPT3001_GetChipID             
00001a15  OPT3001_GetResult             
00001991  OPT3001_Init                  
000019e7  OPT3001_ReadRegister          
00001a91  OPT3001_SetHighLimit          
00001a71  OPT3001_SetLowLimit           
000019a5  OPT3001_WriteRegister         
00000cd7  Opto                          
00002611  PWMGenConfigure               
000027d3  PWMGenEnable                  
0000277b  PWMGenPeriodSet               
00002769  PWMOutputState                
00002655  PWMPulseWidthSet              
000022af  PendSV_Handler                
000027eb  ResetISR                      
20006840  SW1Pressed                    
00000dc9  SW1_Event_Handler             
00000db7  SW1_ISR                       
20006841  SW2Pressed                    
00000e03  SW2_Event_Handler             
00000df1  SW2_ISR                       
00000641  SetInitialStack               
0000279d  StartCriticalSection          
00001ac9  SysCtlClockGet                
00001cdd  SysCtlClockSet                
00002831  SysCtlDelay                   
00002529  SysCtlPeripheralEnable        
00002485  SysCtlPeripheralPresent       
000024bd  SysCtlPeripheralReady         
00002719  SysTickEnable                 
0000272d  SysTickIntEnable              
00002675  SysTickIntRegister            
0000278d  SysTickPeriodSet              
00000297  SysTick_Handler               
20006624  SystemTime                    
00002801  UARTCharGet                   
0000280b  UARTCharPut                   
000023b9  UARTConfigSetExpClk           
00002635  UARTDisable                   
00002741  UARTEnable                    
00000781  UARTStdioConfig               
000021d5  UART_Init                     
000008d1  UARTgetc                      
00000817  UARTgets                      
00000bf3  UARTprintf                    
000008f9  UARTvprintf                   
000007c7  UARTwrite                     
20006838  __STACK_END                   
00000200  __STACK_SIZE                  
20006838  __STACK_TOP                   
00002a50  __TI_CINIT_Base               
00002a68  __TI_CINIT_Limit              
00002a28  __TI_Handler_Table_Base       
00002a34  __TI_Handler_Table_Limit      
00002401  __TI_auto_init_nobinit_nopinit
0000216d  __TI_decompress_lzss          
000027b9  __TI_decompress_none          
ffffffff  __TI_pprof_out_hndl           
ffffffff  __TI_prof_data_size           
ffffffff  __TI_prof_data_start          
00000000  __TI_static_base__            
000027df  __TI_zero_init                
00002371  __aeabi_d2iz                  
00001be1  __aeabi_dmul                  
00002591  __aeabi_i2d                   
00002103  __aeabi_idiv0                 
00002103  __aeabi_ldiv0                 
00002089  __aeabi_memclr                
00002089  __aeabi_memclr4               
00002089  __aeabi_memclr8               
00001f5d  __aeabi_memcpy                
00001f5d  __aeabi_memcpy4               
00001f5d  __aeabi_memcpy8               
0000208b  __aeabi_memset                
0000208b  __aeabi_memset4               
0000208b  __aeabi_memset8               
00002445  __aeabi_uidiv                 
00002445  __aeabi_uidivmod              
ffffffff  __binit__                     
ffffffff  __c_args__                    
UNDEFED   __mpu_init                    
20006638  __stack                       
20000000  __start___llvm_prf_cnts       
20000000  __stop___llvm_prf_cnts        
0000255d  _c_int00_noargs               
UNDEFED   _system_post_cinit            
00002843  _system_pre_init              
00002847  abort                         
20006842  aliveCount                    
ffffffff  binit                         
2000683c  data                          
20000000  g_pfnRAMVectors               
00000000  g_pfnVectors                  
2000683b  idle_count                    
20006839  joystick_y                    
2000683a  kill_cube                     
00001de9  main                          
00001f5d  memcpy                        
00002091  memset                        
20006838  num_cubes                     
20006628  pulse_width                   
2000662c  sem_I2CA                      
20006630  sem_SPI                       
20006634  sem_UART                      
000005fd  sleep                         
00002755  strcpy                        


GLOBAL SYMBOLS: SORTED BY Symbol Address 

address   name                          
-------   ----                          
00000000  __TI_static_base__            
00000000  g_pfnVectors                  
00000200  __STACK_SIZE                  
00000297  SysTick_Handler               
000002fb  G8RTOS_Init                   
0000030f  G8RTOS_Launch                 
00000333  G8RTOS_Scheduler              
00000393  G8RTOS_AddThread              
000004af  G8RTOS_Add_APeriodicEvent     
0000051d  G8RTOS_Add_PeriodicEvent      
0000054d  G8RTOS_KillThread             
000005e5  G8RTOS_KillSelf               
000005fd  sleep                         
00000627  G8RTOS_GetThreadID            
0000062f  G8RTOS_GetNumberOfThreads     
00000641  SetInitialStack               
00000781  UARTStdioConfig               
000007c7  UARTwrite                     
00000817  UARTgets                      
000008d1  UARTgetc                      
000008f9  UARTvprintf                   
00000bf3  UARTprintf                    
00000c29  Accel                         
00000c5f  Gyro                          
00000cd7  Opto                          
00000d39  FIFOProducer                  
00000d65  FIFOConsumer                  
00000d8d  FIFOConsumer2                 
00000db5  Idle_Thread                   
00000db7  SW1_ISR                       
00000dc9  SW1_Event_Handler             
00000df1  SW2_ISR                       
00000e03  SW2_Event_Handler             
00000f3d  BMI160_Init                   
00000f57  BMI160_WriteRegister          
00000f87  BMI160_ReadRegister           
00000fab  BMI160_MultiReadRegister      
00000fd3  BMI160_AccelXGetResult        
00000ff7  BMI160_AccelYGetResult        
0000101b  BMI160_AccelZGetResult        
0000103f  BMI160_GyroXGetResult         
00001063  BMI160_GyroYGetResult         
00001087  BMI160_GyroZGetResult         
000010ab  BMI160_MagXGetResult          
000010d1  BMI160_MagYGetResult          
000010f7  BMI160_MagZGetResult          
0000111d  BMI160_AccelXYZGetResult      
00001165  BMI160_GyroXYZGetResult       
000011ad  BMI160_MagXYZGetResult        
000011f5  BMI160_GetDataStatus          
00001205  I2C_Init                      
00001281  I2C_WriteSingle               
000012b7  I2C_ReadSingle                
000012e7  I2C_WriteMultiple             
00001395  I2C_ReadMultiple              
00001475  G8RTOS_InitFIFO               
000014db  G8RTOS_ReadFIFO               
00001565  G8RTOS_WriteFIFO              
000016ad  LaunchpadLED_Init             
00001769  LaunchpadLED_PWMSetDuty       
00001825  GPIOPadConfigSet              
00001991  OPT3001_Init                  
000019a5  OPT3001_WriteRegister         
000019e7  OPT3001_ReadRegister          
00001a15  OPT3001_GetResult             
00001a71  OPT3001_SetLowLimit           
00001a91  OPT3001_SetHighLimit          
00001ab1  OPT3001_GetChipID             
00001ac9  SysCtlClockGet                
00001be1  __aeabi_dmul                  
00001cdd  SysCtlClockSet                
00001de9  main                          
00001eb5  G8RTOS_InitSemaphore          
00001ec7  G8RTOS_WaitSemaphore          
00001f09  G8RTOS_SignalSemaphore        
00001f5d  __aeabi_memcpy                
00001f5d  __aeabi_memcpy4               
00001f5d  __aeabi_memcpy8               
00001f5d  memcpy                        
00001ff9  LaunchpadButtons_Init         
0000203f  LaunchpadButtons_ReadSW1      
0000205f  LaunchpadButtons_ReadSW2      
00002089  __aeabi_memclr                
00002089  __aeabi_memclr4               
00002089  __aeabi_memclr8               
0000208b  __aeabi_memset                
0000208b  __aeabi_memset4               
0000208b  __aeabi_memset8               
00002091  memset                        
00002103  __aeabi_idiv0                 
00002103  __aeabi_ldiv0                 
00002105  IntEnable                     
0000216d  __TI_decompress_lzss          
000021d5  UART_Init                     
00002231  GPIOIntTypeSet                
0000228d  G8RTOS_Start                  
000022af  PendSV_Handler                
000022d9  GPIOPinConfigure              
00002325  I2CMasterInitExpClk           
00002371  __aeabi_d2iz                  
000023b9  UARTConfigSetExpClk           
00002401  __TI_auto_init_nobinit_nopinit
00002445  __aeabi_uidiv                 
00002445  __aeabi_uidivmod              
00002485  SysCtlPeripheralPresent       
000024bd  SysCtlPeripheralReady         
000024f5  IntRegister                   
00002529  SysCtlPeripheralEnable        
0000255d  _c_int00_noargs               
00002591  __aeabi_i2d                   
000025bf  GPIODirModeSet                
000025ed  IntPrioritySet                
00002611  PWMGenConfigure               
00002635  UARTDisable                   
00002655  PWMPulseWidthSet              
00002675  SysTickIntRegister            
00002691  GPIOUnlockPin                 
000026a9  GPIOPinTypeGPIOInput          
000026bf  GPIOPinTypeI2C                
000026d5  GPIOPinTypeI2CSCL             
000026eb  GPIOPinTypePWM                
00002701  GPIOPinTypeUART               
00002719  SysTickEnable                 
0000272d  SysTickIntEnable              
00002741  UARTEnable                    
00002755  strcpy                        
00002769  PWMOutputState                
0000277b  PWMGenPeriodSet               
0000278d  SysTickPeriodSet              
0000279d  StartCriticalSection          
000027a5  EndCriticalSection            
000027ab  GPIOIntDisable                
000027b9  __TI_decompress_none          
000027c7  GPIOIntEnable                 
000027d3  PWMGenEnable                  
000027df  __TI_zero_init                
000027eb  ResetISR                      
000027f7  I2CMasterEnable               
00002801  UARTCharGet                   
0000280b  UARTCharPut                   
00002815  I2CMasterBusy                 
0000281d  I2CMasterSlaveAddrSet         
00002825  GPIOIntClear                  
0000282b  GPIOPinRead                   
00002831  SysCtlDelay                   
00002837  I2CMasterControl              
0000283b  I2CMasterDataGet              
0000283f  I2CMasterDataPut              
00002843  _system_pre_init              
00002847  C$$EXIT                       
00002847  abort                         
00002a28  __TI_Handler_Table_Base       
00002a34  __TI_Handler_Table_Limit      
00002a50  __TI_CINIT_Base               
00002a68  __TI_CINIT_Limit              
20000000  __start___llvm_prf_cnts       
20000000  __stop___llvm_prf_cnts        
20000000  g_pfnRAMVectors               
2000661c  CurrentlyRunningThread        
20006620  IBit_State                    
20006624  SystemTime                    
20006628  pulse_width                   
2000662c  sem_I2CA                      
20006630  sem_SPI                       
20006634  sem_UART                      
20006638  __stack                       
20006838  __STACK_END                   
20006838  __STACK_TOP                   
20006838  num_cubes                     
20006839  joystick_y                    
2000683a  kill_cube                     
2000683b  idle_count                    
2000683c  data                          
20006840  SW1Pressed                    
20006841  SW2Pressed                    
20006842  aliveCount                    
ffffffff  __TI_pprof_out_hndl           
ffffffff  __TI_prof_data_size           
ffffffff  __TI_prof_data_start          
ffffffff  __binit__                     
ffffffff  __c_args__                    
ffffffff  binit                         
UNDEFED   __mpu_init                    
UNDEFED   _system_post_cinit            

[184 symbols]
