******************************************************************************
                  TI ARM Linker PC v20.2.7                     
******************************************************************************
>> Linked Tue Oct 21 16:35:58 2025

OUTPUT FILE NAME:   <Lab4_F2025.out>
ENTRY POINT SYMBOL: "_c_int00_noargs"  address: 00002965


MEMORY CONFIGURATION

         name            origin    length      used     unused   attr    fill
----------------------  --------  ---------  --------  --------  ----  --------
  FLASH                 00000000   00040000  00002e94  0003d16c  R  X
  SRAM                  20000000   00008000  000066f1  0000190f  RW X


SEGMENT ALLOCATION MAP

run origin  load origin   length   init length attrs members
----------  ----------- ---------- ----------- ----- -------
00000000    00000000    00002e98   00002e98    r-x
  00000000    00000000    0000026c   0000026c    r-- .intvecs
  0000026c    0000026c    00002a20   00002a20    r-x .text
  00002c8c    00002c8c    000001c8   000001c8    r-- .const
  00002e58    00002e58    00000040   00000040    r-- .cinit
20000000    20000000    000066f1   00000000    rw-
  20000000    20000000    0000026c   00000000    rw- .vtable
  2000026c    2000026c    0000627c   00000000    rw- .bss
  200064e8    200064e8    00000200   00000000    rw- .stack
  200066e8    200066e8    00000009   00000000    rw- .data


SECTION ALLOCATION MAP

 output                                  attributes/
section   page    origin      length       input sections
--------  ----  ----------  ----------   ----------------
.intvecs   0    00000000    0000026c     
                  00000000    0000026c     tm4c123gh6pm_startup_ccs.obj (.intvecs)

.text      0    0000026c    00002a20     
                  0000026c    00000734     multimod_ST7789.obj (.text)
                  000009a0    000004a8     uartstdio.obj (.text)
                  00000e48    00000418     G8RTOS_Scheduler.obj (.text)
                  00001260    000002c8     multimod_BMI160.obj (.text)
                  00001528    00000270     multimod_i2c.obj (.text)
                  00001798    0000023c     threads.obj (.text)
                  000019d4    000001a0     multimod_spi.obj (.text)
                  00001b74    00000178     multimod_LaunchpadLED.obj (.text)
                  00001cec    0000016c     driverlib.lib : gpio.obj (.text:GPIOPadConfigSet)
                  00001e58    00000138     multimod_OPT3001.obj (.text)
                  00001f90    00000118     driverlib.lib : sysctl.obj (.text:SysCtlClockGet)
                  000020a8    000000fc     rtsv7M4_T_le_v4SPD16_eabi.lib : fd_mul_t2.asm.obj (.text)
                  000021a4    000000f4     driverlib.lib : sysctl.obj (.text:SysCtlClockSet)
                  00002298    000000c8     lab4_1.obj (.text)
                  00002360    000000a4     G8RTOS_Semaphores.obj (.text)
                  00002404    0000009c     rtsv7M4_T_le_v4SPD16_eabi.lib : memcpy_t2.asm.obj (.text)
                  000024a0    0000007a                                   : memset_t2.asm.obj (.text)
                  0000251a    00000002                                   : div0.asm.obj (.text)
                  0000251c    00000074     multimod_LaunchpadButtons.obj (.text)
                  00002590    00000068     rtsv7M4_T_le_v4SPD16_eabi.lib : copy_decompress_lzss.c.obj (.text:decompress:lzss:__TI_decompress_lzss)
                  000025f8    0000005c     multimod_uart.obj (.text)
                  00002654    00000050     G8RTOS_SchedulerASM.obj (.text)
                  000026a4    0000004c     driverlib.lib : gpio.obj (.text:GPIOPinConfigure)
                  000026f0    0000004c                   : i2c.obj (.text:I2CMasterInitExpClk)
                  0000273c    00000048     rtsv7M4_T_le_v4SPD16_eabi.lib : fd_toi_t2.asm.obj (.text)
                  00002784    00000046     driverlib.lib : uart.obj (.text:UARTConfigSetExpClk)
                  000027ca    00000002     --HOLE-- [fill = 0]
                  000027cc    00000044     rtsv7M4_T_le_v4SPD16_eabi.lib : autoinit.c.obj (.text:__TI_auto_init_nobinit_nopinit:__TI_auto_init_nobinit_nopinit)
                  00002810    00000040                                   : u_divt2.asm.obj (.text)
                  00002850    0000003c     driverlib.lib : ssi.obj (.text:SSIConfigSetExpClk)
                  0000288c    00000038                   : sysctl.obj (.text:SysCtlPeripheralPresent)
                  000028c4    00000038                   : sysctl.obj (.text:SysCtlPeripheralReady)
                  000028fc    00000034                   : interrupt.obj (.text:IntRegister)
                  00002930    00000034                   : sysctl.obj (.text:SysCtlPeripheralEnable)
                  00002964    00000034     rtsv7M4_T_le_v4SPD16_eabi.lib : boot_cortex_m.c.obj (.text:_c_int00_noargs:_c_int00_noargs)
                  00002998    0000002e                                   : i_tofd_t2.asm.obj (.text)
                  000029c6    0000002c     driverlib.lib : gpio.obj (.text:GPIODirModeSet)
                  000029f2    00000002     --HOLE-- [fill = 0]
                  000029f4    00000024                   : interrupt.obj (.text:IntPrioritySet)
                  00002a18    00000022                   : pwm.obj (.text:PWMGenConfigure)
                  00002a3a    00000002     --HOLE-- [fill = 0]
                  00002a3c    00000020                   : uart.obj (.text:UARTDisable)
                  00002a5c    0000001e                   : pwm.obj (.text:PWMPulseWidthSet)
                  00002a7a    00000002     --HOLE-- [fill = 0]
                  00002a7c    0000001c                   : systick.obj (.text:SysTickIntRegister)
                  00002a98    0000001a                   : gpio.obj (.text:GPIOPinTypeGPIOOutput)
                  00002ab2    00000002     --HOLE-- [fill = 0]
                  00002ab4    00000018                   : gpio.obj (.text:GPIOUnlockPin)
                  00002acc    00000016                   : gpio.obj (.text:GPIOPinTypeGPIOInput)
                  00002ae2    00000016                   : gpio.obj (.text:GPIOPinTypeI2C)
                  00002af8    00000016                   : gpio.obj (.text:GPIOPinTypeI2CSCL)
                  00002b0e    00000016                   : gpio.obj (.text:GPIOPinTypePWM)
                  00002b24    00000016                   : gpio.obj (.text:GPIOPinTypeSSI)
                  00002b3a    00000016                   : gpio.obj (.text:GPIOPinTypeUART)
                  00002b50    00000014                   : systick.obj (.text:SysTickEnable)
                  00002b64    00000014                   : systick.obj (.text:SysTickIntEnable)
                  00002b78    00000014                   : uart.obj (.text:UARTEnable)
                  00002b8c    00000012                   : pwm.obj (.text:PWMOutputState)
                  00002b9e    00000010                   : pwm.obj (.text:PWMGenPeriodSet)
                  00002bae    00000002     --HOLE-- [fill = 0]
                  00002bb0    00000010                   : systick.obj (.text:SysTickPeriodSet)
                  00002bc0    0000000e     G8RTOS_CriticalSection.obj (.text)
                  00002bce    0000000e     rtsv7M4_T_le_v4SPD16_eabi.lib : copy_decompress_none.c.obj (.text:decompress:none:__TI_decompress_none)
                  00002bdc    0000000c     driverlib.lib : pwm.obj (.text:PWMGenEnable)
                  00002be8    0000000c                   : ssi.obj (.text:SSIDataGet)
                  00002bf4    0000000c     rtsv7M4_T_le_v4SPD16_eabi.lib : copy_zero_init.c.obj (.text:decompress:ZI:__TI_zero_init)
                  00002c00    0000000c     tm4c123gh6pm_startup_ccs.obj (.text)
                  00002c0c    0000000a     driverlib.lib : i2c.obj (.text:I2CMasterEnable)
                  00002c16    0000000a                   : ssi.obj (.text:SSIDataPut)
                  00002c20    0000000a                   : ssi.obj (.text:SSIDisable)
                  00002c2a    0000000a                   : ssi.obj (.text:SSIEnable)
                  00002c34    0000000a                   : uart.obj (.text:UARTCharGet)
                  00002c3e    0000000a                   : uart.obj (.text:UARTCharPut)
                  00002c48    00000008                   : i2c.obj (.text:I2CMasterBusy)
                  00002c50    00000008                   : i2c.obj (.text:I2CMasterSlaveAddrSet)
                  00002c58    00000008                   : ssi.obj (.text:SSIBusy)
                  00002c60    00000006                   : gpio.obj (.text:GPIOPinRead)
                  00002c66    00000006                   : gpio.obj (.text:GPIOPinWrite)
                  00002c6c    00000006                   : ssi.obj (.text:SSIClockSourceSet)
                  00002c72    00000006                   : sysctl.obj (.text:SysCtlDelay)
                  00002c78    00000004                   : i2c.obj (.text:I2CMasterControl)
                  00002c7c    00000004                   : i2c.obj (.text:I2CMasterDataGet)
                  00002c80    00000004                   : i2c.obj (.text:I2CMasterDataPut)
                  00002c84    00000004     rtsv7M4_T_le_v4SPD16_eabi.lib : pre_init.c.obj (.text:_system_pre_init)
                  00002c88    00000004                                   : exit.c.obj (.text:abort:abort)

.const     0    00002c8c    000001c8     
                  00002c8c    0000009c     driverlib.lib : interrupt.obj (.const:g_pui32Regs)
                  00002d28    00000090                   : gpio.obj (.const:g_pui32GPIOBaseAddrs)
                  00002db8    0000006c                   : sysctl.obj (.const:g_pui32Xtals)
                  00002e24    00000012     uartstdio.obj (.const:.string)
                  00002e36    00000002     --HOLE-- [fill = 0]
                  00002e38    0000000c     uartstdio.obj (.const:g_ui32UARTBase)
                  00002e44    0000000c     uartstdio.obj (.const:g_ui32UARTPeriph)
                  00002e50    00000004     uartstdio.obj (.const)

.cinit     0    00002e58    00000040     
                  00002e58    0000000c     (__TI_handler_table)
                  00002e64    0000000a     (.cinit..data.load) [load image, compression = lzss]
                  00002e6e    00000002     --HOLE-- [fill = 0]
                  00002e70    00000008     (.cinit..bss.load) [load image, compression = zero_init]
                  00002e78    00000008     (.cinit..vtable.load) [load image, compression = zero_init]
                  00002e80    00000018     (__TI_cinit_table)

.init_array 
*          0    00000000    00000000     UNINITIALIZED

.vtable    0    20000000    0000026c     UNINITIALIZED
                  20000000    0000026c     driverlib.lib : interrupt.obj (.vtable)

.bss       0    2000026c    0000627c     UNINITIALIZED
                  2000026c    00006000     G8RTOS_Scheduler.obj (.bss:threadStacks)
                  2000626c    00000210     G8RTOS_Scheduler.obj (.bss:threadControlBlocks)
                  2000647c    00000048     G8RTOS_Scheduler.obj (.bss:pthreadControlBlocks)
                  200064c4    00000008     G8RTOS_Scheduler.obj (.bss)
                  200064cc    00000004     (.common:CurrentlyRunningThread)
                  200064d0    00000004     (.common:IBit_State)
                  200064d4    00000004     (.common:SystemTime)
                  200064d8    00000004     (.common:pulse_width)
                  200064dc    00000004     (.common:sem_I2CA)
                  200064e0    00000004     (.common:sem_SPI)
                  200064e4    00000004     (.common:sem_UART)

.data      0    200066e8    00000009     UNINITIALIZED
                  200066e8    00000005     uartstdio.obj (.data)
                  200066ed    00000004     threads.obj (.data)

.stack     0    200064e8    00000200     UNINITIALIZED
                  200064e8    00000004     rtsv7M4_T_le_v4SPD16_eabi.lib : boot_cortex_m.c.obj (.stack)
                  200064ec    000001fc     --HOLE--

__llvm_prf_cnts 
*          0    20000000    00000000     UNINITIALIZED

MODULE SUMMARY

       Module                          code    ro data   rw data
       ------                          ----    -------   -------
    .\
       uartstdio.obj                   1192    46        5      
       tm4c123gh6pm_startup_ccs.obj    12      620       0      
       threads.obj                     572     0         4      
       lab4_1.obj                      200     0         16     
    +--+-------------------------------+-------+---------+---------+
       Total:                          1976    666       25     
                                                                
    .\G8RTOS\src\
       G8RTOS_Scheduler.obj            1048    0         25192  
       G8RTOS_Semaphores.obj           164     0         0      
       G8RTOS_SchedulerASM.obj         80      0         0      
       G8RTOS_CriticalSection.obj      14      0         0      
    +--+-------------------------------+-------+---------+---------+
       Total:                          1306    0         25192  
                                                                
    .\MultimodDrivers\src\
       multimod_ST7789.obj             1844    0         0      
       multimod_BMI160.obj             712     0         0      
       multimod_i2c.obj                624     0         0      
       multimod_spi.obj                416     0         0      
       multimod_LaunchpadLED.obj       376     0         4      
       multimod_OPT3001.obj            312     0         0      
       multimod_LaunchpadButtons.obj   116     0         0      
       multimod_uart.obj               92      0         0      
    +--+-------------------------------+-------+---------+---------+
       Total:                          4492    0         4      
                                                                
    C:/ti/TivaWare_C_Series-2.2.0.295/driverlib/ccs/Debug/driverlib.lib
       interrupt.obj                   88      156       620    
       gpio.obj                        678     144       0      
       sysctl.obj                      694     108       0      
       uart.obj                        142     0         0      
       ssi.obj                         116     0         0      
       i2c.obj                         114     0         0      
       pwm.obj                         110     0         0      
       systick.obj                     84      0         0      
    +--+-------------------------------+-------+---------+---------+
       Total:                          2026    408       620    
                                                                
    C:\ti\ccs1281\ccs\tools\compiler\ti-cgt-arm_20.2.7.LTS\lib\rtsv7M4_T_le_v4SPD16_eabi.lib
       fd_mul_t2.asm.obj               252     0         0      
       memcpy_t2.asm.obj               156     0         0      
       memset_t2.asm.obj               122     0         0      
       copy_decompress_lzss.c.obj      104     0         0      
       fd_toi_t2.asm.obj               72      0         0      
       autoinit.c.obj                  68      0         0      
       u_divt2.asm.obj                 64      0         0      
       boot_cortex_m.c.obj             52      0         0      
       i_tofd_t2.asm.obj               46      0         0      
       copy_decompress_none.c.obj      14      0         0      
       copy_zero_init.c.obj            12      0         0      
       exit.c.obj                      4       0         0      
       pre_init.c.obj                  4       0         0      
       div0.asm.obj                    2       0         0      
    +--+-------------------------------+-------+---------+---------+
       Total:                          972     0         0      
                                                                
       Stack:                          0       0         512    
       Linker Generated:               0       62        0      
    +--+-------------------------------+-------+---------+---------+
       Grand Total:                    10772   1136      26353  


LINKER GENERATED COPY TABLES

__TI_cinit_table @ 00002e80 records: 3, size/record: 8, table size: 24
	.data: load addr=00002e64, load size=0000000a bytes, run addr=200066e8, run size=00000009 bytes, compression=lzss
	.bss: load addr=00002e70, load size=00000008 bytes, run addr=2000026c, run size=0000627c bytes, compression=zero_init
	.vtable: load addr=00002e78, load size=00000008 bytes, run addr=20000000, run size=0000026c bytes, compression=zero_init


LINKER GENERATED HANDLER TABLE

__TI_handler_table @ 00002e58 records: 3, size/record: 4, table size: 12
	index: 0, handler: __TI_zero_init
	index: 1, handler: __TI_decompress_lzss
	index: 2, handler: __TI_decompress_none


GLOBAL SYMBOLS: SORTED ALPHABETICALLY BY Name 

address   name                          
-------   ----                          
00001799  Accel                         
000012f7  BMI160_AccelXGetResult        
00001441  BMI160_AccelXYZGetResult      
0000131b  BMI160_AccelYGetResult        
0000133f  BMI160_AccelZGetResult        
00001519  BMI160_GetDataStatus          
00001363  BMI160_GyroXGetResult         
00001489  BMI160_GyroXYZGetResult       
00001387  BMI160_GyroYGetResult         
000013ab  BMI160_GyroZGetResult         
00001261  BMI160_Init                   
000013cf  BMI160_MagXGetResult          
000014d1  BMI160_MagXYZGetResult        
000013f5  BMI160_MagYGetResult          
0000141b  BMI160_MagZGetResult          
000012cf  BMI160_MultiReadRegister      
000012ab  BMI160_ReadRegister           
0000127b  BMI160_WriteRegister          
00002c89  C$$EXIT                       
200064cc  CurrentlyRunningThread        
00002bc9  EndCriticalSection            
000018cb  FIFOConsumer                  
000018a9  FIFOProducer                  
00000f97  G8RTOS_AddThread              
00001099  G8RTOS_Add_APeriodicEvent     
000010ab  G8RTOS_Add_PeriodicEvent      
0000110b  G8RTOS_GetNumberOfThreads     
00001103  G8RTOS_GetThreadID            
00000ec5  G8RTOS_Init                   
00002361  G8RTOS_InitSemaphore          
000010d3  G8RTOS_KillSelf               
000010bb  G8RTOS_KillThread             
00000f19  G8RTOS_Launch                 
00000f3d  G8RTOS_Scheduler              
000023b3  G8RTOS_SignalSemaphore        
00002659  G8RTOS_Start                  
00002373  G8RTOS_WaitSemaphore          
000029c7  GPIODirModeSet                
00001ced  GPIOPadConfigSet              
000026a5  GPIOPinConfigure              
00002c61  GPIOPinRead                   
00002acd  GPIOPinTypeGPIOInput          
00002a99  GPIOPinTypeGPIOOutput         
00002ae3  GPIOPinTypeI2C                
00002af9  GPIOPinTypeI2CSCL             
00002b0f  GPIOPinTypePWM                
00002b25  GPIOPinTypeSSI                
00002b3b  GPIOPinTypeUART               
00002c67  GPIOPinWrite                  
00002ab5  GPIOUnlockPin                 
000017cf  Gyro                          
00002c49  I2CMasterBusy                 
00002c79  I2CMasterControl              
00002c7d  I2CMasterDataGet              
00002c81  I2CMasterDataPut              
00002c0d  I2CMasterEnable               
000026f1  I2CMasterInitExpClk           
00002c51  I2CMasterSlaveAddrSet         
00001529  I2C_Init                      
000016b9  I2C_ReadMultiple              
000015db  I2C_ReadSingle                
0000160b  I2C_WriteMultiple             
000015a5  I2C_WriteSingle               
200064d0  IBit_State                    
000018ed  Idle_Thread                   
000029f5  IntPrioritySet                
000028fd  IntRegister                   
0000251d  LaunchpadButtons_Init         
00002549  LaunchpadButtons_ReadSW1      
00002569  LaunchpadButtons_ReadSW2      
00001b75  LaunchpadLED_Init             
00001c31  LaunchpadLED_PWMSetDuty       
00001f79  OPT3001_GetChipID             
00001edd  OPT3001_GetResult             
00001e59  OPT3001_Init                  
00001eaf  OPT3001_ReadRegister          
00001f59  OPT3001_SetHighLimit          
00001f39  OPT3001_SetLowLimit           
00001e6d  OPT3001_WriteRegister         
00001847  Opto                          
00002a19  PWMGenConfigure               
00002bdd  PWMGenEnable                  
00002b9f  PWMGenPeriodSet               
00002b8d  PWMOutputState                
00002a5d  PWMPulseWidthSet              
0000267b  PendSV_Handler                
00002c01  ResetISR                      
000019d5  SPI_Init                      
00001af7  SPI_ReadMultiple              
00001a6f  SPI_ReadSingle                
00001a97  SPI_WriteMultiple             
00001a51  SPI_WriteSingle               
00002c59  SSIBusy                       
00002c6d  SSIClockSourceSet             
00002851  SSIConfigSetExpClk            
00002be9  SSIDataGet                    
00002c17  SSIDataPut                    
00002c21  SSIDisable                    
00002c2b  SSIEnable                     
0000027b  ST7789_Deselect               
00000449  ST7789_DrawHLine              
000007d9  ST7789_DrawLine               
0000076b  ST7789_DrawPixel              
000008a9  ST7789_DrawRectangle          
000003b3  ST7789_DrawVLine              
000007bd  ST7789_Fill                   
0000069b  ST7789_Init                   
000004fd  ST7789_Line                   
000002d1  ST7789_ReadRegister           
0000026d  ST7789_Select                 
00000297  ST7789_SetCommand             
00000289  ST7789_SetData                
000002e7  ST7789_SetWindow              
000002a5  ST7789_WriteCommand           
000002bb  ST7789_WriteData              
00001135  SetInitialStack               
00002bc1  StartCriticalSection          
00001f91  SysCtlClockGet                
000021a5  SysCtlClockSet                
00002c73  SysCtlDelay                   
00002931  SysCtlPeripheralEnable        
0000288d  SysCtlPeripheralPresent       
000028c5  SysCtlPeripheralReady         
00002b51  SysTickEnable                 
00002b65  SysTickIntEnable              
00002a7d  SysTickIntRegister            
00002bb1  SysTickPeriodSet              
00000e73  SysTick_Handler               
200064d4  SystemTime                    
00002c35  UARTCharGet                   
00002c3f  UARTCharPut                   
00002785  UARTConfigSetExpClk           
00002a3d  UARTDisable                   
00002b79  UARTEnable                    
000009a1  UARTStdioConfig               
000025f9  UART_Init                     
00000af1  UARTgetc                      
00000a37  UARTgets                      
00000e13  UARTprintf                    
00000b19  UARTvprintf                   
000009e7  UARTwrite                     
200066e8  __STACK_END                   
00000200  __STACK_SIZE                  
200066e8  __STACK_TOP                   
00002e80  __TI_CINIT_Base               
00002e98  __TI_CINIT_Limit              
00002e58  __TI_Handler_Table_Base       
00002e64  __TI_Handler_Table_Limit      
000027cd  __TI_auto_init_nobinit_nopinit
00002591  __TI_decompress_lzss          
00002bcf  __TI_decompress_none          
ffffffff  __TI_pprof_out_hndl           
ffffffff  __TI_prof_data_size           
ffffffff  __TI_prof_data_start          
00000000  __TI_static_base__            
00002bf5  __TI_zero_init                
0000273d  __aeabi_d2iz                  
000020a9  __aeabi_dmul                  
00002999  __aeabi_i2d                   
0000251b  __aeabi_idiv0                 
0000251b  __aeabi_ldiv0                 
000024a1  __aeabi_memclr                
000024a1  __aeabi_memclr4               
000024a1  __aeabi_memclr8               
00002405  __aeabi_memcpy                
00002405  __aeabi_memcpy4               
00002405  __aeabi_memcpy8               
000024a3  __aeabi_memset                
000024a3  __aeabi_memset4               
000024a3  __aeabi_memset8               
00002811  __aeabi_uidiv                 
00002811  __aeabi_uidivmod              
ffffffff  __binit__                     
ffffffff  __c_args__                    
UNDEFED   __mpu_init                    
200064e8  __stack                       
20000000  __start___llvm_prf_cnts       
20000000  __stop___llvm_prf_cnts        
00002965  _c_int00_noargs               
UNDEFED   _system_post_cinit            
00002c85  _system_pre_init              
00002c89  abort                         
ffffffff  binit                         
0000067d  delay_ms                      
20000000  g_pfnRAMVectors               
00000000  g_pfnVectors                  
200066f0  idle_count                    
200066ee  joystick_y                    
200066ef  kill_cube                     
000022b5  main                          
00002405  memcpy                        
000024a9  memset                        
200066ed  num_cubes                     
200064d8  pulse_width                   
200064dc  sem_I2CA                      
200064e0  sem_SPI                       
200064e4  sem_UART                      
000010d9  sleep                         


GLOBAL SYMBOLS: SORTED BY Symbol Address 

address   name                          
-------   ----                          
00000000  __TI_static_base__            
00000000  g_pfnVectors                  
00000200  __STACK_SIZE                  
0000026d  ST7789_Select                 
0000027b  ST7789_Deselect               
00000289  ST7789_SetData                
00000297  ST7789_SetCommand             
000002a5  ST7789_WriteCommand           
000002bb  ST7789_WriteData              
000002d1  ST7789_ReadRegister           
000002e7  ST7789_SetWindow              
000003b3  ST7789_DrawVLine              
00000449  ST7789_DrawHLine              
000004fd  ST7789_Line                   
0000067d  delay_ms                      
0000069b  ST7789_Init                   
0000076b  ST7789_DrawPixel              
000007bd  ST7789_Fill                   
000007d9  ST7789_DrawLine               
000008a9  ST7789_DrawRectangle          
000009a1  UARTStdioConfig               
000009e7  UARTwrite                     
00000a37  UARTgets                      
00000af1  UARTgetc                      
00000b19  UARTvprintf                   
00000e13  UARTprintf                    
00000e73  SysTick_Handler               
00000ec5  G8RTOS_Init                   
00000f19  G8RTOS_Launch                 
00000f3d  G8RTOS_Scheduler              
00000f97  G8RTOS_AddThread              
00001099  G8RTOS_Add_APeriodicEvent     
000010ab  G8RTOS_Add_PeriodicEvent      
000010bb  G8RTOS_KillThread             
000010d3  G8RTOS_KillSelf               
000010d9  sleep                         
00001103  G8RTOS_GetThreadID            
0000110b  G8RTOS_GetNumberOfThreads     
00001135  SetInitialStack               
00001261  BMI160_Init                   
0000127b  BMI160_WriteRegister          
000012ab  BMI160_ReadRegister           
000012cf  BMI160_MultiReadRegister      
000012f7  BMI160_AccelXGetResult        
0000131b  BMI160_AccelYGetResult        
0000133f  BMI160_AccelZGetResult        
00001363  BMI160_GyroXGetResult         
00001387  BMI160_GyroYGetResult         
000013ab  BMI160_GyroZGetResult         
000013cf  BMI160_MagXGetResult          
000013f5  BMI160_MagYGetResult          
0000141b  BMI160_MagZGetResult          
00001441  BMI160_AccelXYZGetResult      
00001489  BMI160_GyroXYZGetResult       
000014d1  BMI160_MagXYZGetResult        
00001519  BMI160_GetDataStatus          
00001529  I2C_Init                      
000015a5  I2C_WriteSingle               
000015db  I2C_ReadSingle                
0000160b  I2C_WriteMultiple             
000016b9  I2C_ReadMultiple              
00001799  Accel                         
000017cf  Gyro                          
00001847  Opto                          
000018a9  FIFOProducer                  
000018cb  FIFOConsumer                  
000018ed  Idle_Thread                   
000019d5  SPI_Init                      
00001a51  SPI_WriteSingle               
00001a6f  SPI_ReadSingle                
00001a97  SPI_WriteMultiple             
00001af7  SPI_ReadMultiple              
00001b75  LaunchpadLED_Init             
00001c31  LaunchpadLED_PWMSetDuty       
00001ced  GPIOPadConfigSet              
00001e59  OPT3001_Init                  
00001e6d  OPT3001_WriteRegister         
00001eaf  OPT3001_ReadRegister          
00001edd  OPT3001_GetResult             
00001f39  OPT3001_SetLowLimit           
00001f59  OPT3001_SetHighLimit          
00001f79  OPT3001_GetChipID             
00001f91  SysCtlClockGet                
000020a9  __aeabi_dmul                  
000021a5  SysCtlClockSet                
000022b5  main                          
00002361  G8RTOS_InitSemaphore          
00002373  G8RTOS_WaitSemaphore          
000023b3  G8RTOS_SignalSemaphore        
00002405  __aeabi_memcpy                
00002405  __aeabi_memcpy4               
00002405  __aeabi_memcpy8               
00002405  memcpy                        
000024a1  __aeabi_memclr                
000024a1  __aeabi_memclr4               
000024a1  __aeabi_memclr8               
000024a3  __aeabi_memset                
000024a3  __aeabi_memset4               
000024a3  __aeabi_memset8               
000024a9  memset                        
0000251b  __aeabi_idiv0                 
0000251b  __aeabi_ldiv0                 
0000251d  LaunchpadButtons_Init         
00002549  LaunchpadButtons_ReadSW1      
00002569  LaunchpadButtons_ReadSW2      
00002591  __TI_decompress_lzss          
000025f9  UART_Init                     
00002659  G8RTOS_Start                  
0000267b  PendSV_Handler                
000026a5  GPIOPinConfigure              
000026f1  I2CMasterInitExpClk           
0000273d  __aeabi_d2iz                  
00002785  UARTConfigSetExpClk           
000027cd  __TI_auto_init_nobinit_nopinit
00002811  __aeabi_uidiv                 
00002811  __aeabi_uidivmod              
00002851  SSIConfigSetExpClk            
0000288d  SysCtlPeripheralPresent       
000028c5  SysCtlPeripheralReady         
000028fd  IntRegister                   
00002931  SysCtlPeripheralEnable        
00002965  _c_int00_noargs               
00002999  __aeabi_i2d                   
000029c7  GPIODirModeSet                
000029f5  IntPrioritySet                
00002a19  PWMGenConfigure               
00002a3d  UARTDisable                   
00002a5d  PWMPulseWidthSet              
00002a7d  SysTickIntRegister            
00002a99  GPIOPinTypeGPIOOutput         
00002ab5  GPIOUnlockPin                 
00002acd  GPIOPinTypeGPIOInput          
00002ae3  GPIOPinTypeI2C                
00002af9  GPIOPinTypeI2CSCL             
00002b0f  GPIOPinTypePWM                
00002b25  GPIOPinTypeSSI                
00002b3b  GPIOPinTypeUART               
00002b51  SysTickEnable                 
00002b65  SysTickIntEnable              
00002b79  UARTEnable                    
00002b8d  PWMOutputState                
00002b9f  PWMGenPeriodSet               
00002bb1  SysTickPeriodSet              
00002bc1  StartCriticalSection          
00002bc9  EndCriticalSection            
00002bcf  __TI_decompress_none          
00002bdd  PWMGenEnable                  
00002be9  SSIDataGet                    
00002bf5  __TI_zero_init                
00002c01  ResetISR                      
00002c0d  I2CMasterEnable               
00002c17  SSIDataPut                    
00002c21  SSIDisable                    
00002c2b  SSIEnable                     
00002c35  UARTCharGet                   
00002c3f  UARTCharPut                   
00002c49  I2CMasterBusy                 
00002c51  I2CMasterSlaveAddrSet         
00002c59  SSIBusy                       
00002c61  GPIOPinRead                   
00002c67  GPIOPinWrite                  
00002c6d  SSIClockSourceSet             
00002c73  SysCtlDelay                   
00002c79  I2CMasterControl              
00002c7d  I2CMasterDataGet              
00002c81  I2CMasterDataPut              
00002c85  _system_pre_init              
00002c89  C$$EXIT                       
00002c89  abort                         
00002e58  __TI_Handler_Table_Base       
00002e64  __TI_Handler_Table_Limit      
00002e80  __TI_CINIT_Base               
00002e98  __TI_CINIT_Limit              
20000000  __start___llvm_prf_cnts       
20000000  __stop___llvm_prf_cnts        
20000000  g_pfnRAMVectors               
200064cc  CurrentlyRunningThread        
200064d0  IBit_State                    
200064d4  SystemTime                    
200064d8  pulse_width                   
200064dc  sem_I2CA                      
200064e0  sem_SPI                       
200064e4  sem_UART                      
200064e8  __stack                       
200066e8  __STACK_END                   
200066e8  __STACK_TOP                   
200066ed  num_cubes                     
200066ee  joystick_y                    
200066ef  kill_cube                     
200066f0  idle_count                    
ffffffff  __TI_pprof_out_hndl           
ffffffff  __TI_prof_data_size           
ffffffff  __TI_prof_data_start          
ffffffff  __binit__                     
ffffffff  __c_args__                    
ffffffff  binit                         
UNDEFED   __mpu_init                    
UNDEFED   _system_post_cinit            

[198 symbols]
