******************************************************************************
                  TI ARM Linker PC v20.2.7                     
******************************************************************************
>> Linked Tue Oct 28 05:25:09 2025

OUTPUT FILE NAME:   <Lab4_F2025.out>
ENTRY POINT SYMBOL: "_c_int00_noargs"  address: 00002e19


MEMORY CONFIGURATION

         name            origin    length      used     unused   attr    fill
----------------------  --------  ---------  --------  --------  ----  --------
  FLASH                 00000000   00040000  00003390  0003cc70  R  X
  SRAM                  20000000   00008000  00006849  000017b7  RW X


SEGMENT ALLOCATION MAP

run origin  load origin   length   init length attrs members
----------  ----------- ---------- ----------- ----- -------
00000000    00000000    00003390   00003390    r-x
  00000000    00000000    0000026c   0000026c    r-- .intvecs
  0000026c    0000026c    00002f08   00002f08    r-x .text
  00003174    00003174    000001dc   000001dc    r-- .const
  00003350    00003350    00000040   00000040    r-- .cinit
20000000    20000000    00006849   00000000    rw-
  20000000    20000000    0000026c   00000000    rw- .vtable
  2000026c    2000026c    000063cc   00000000    rw- .bss
  20006638    20006638    00000200   00000000    rw- .stack
  20006838    20006838    00000011   00000000    rw- .data


SECTION ALLOCATION MAP

 output                                  attributes/
section   page    origin      length       input sections
--------  ----  ----------  ----------   ----------------
.intvecs   0    00000000    0000026c     
                  00000000    0000026c     tm4c123gh6pm_startup_ccs.obj (.intvecs)

.text      0    0000026c    00002f08     
                  0000026c    00000734     multimod_ST7789.obj (.text)
                  000009a0    00000514     G8RTOS_Scheduler.obj (.text)
                  00000eb4    000004a8     uartstdio.obj (.text)
                  0000135c    000002d0     threads.obj (.text)
                  0000162c    000002c8     multimod_BMI160.obj (.text)
                  000018f4    00000270     multimod_i2c.obj (.text)
                  00001b64    00000238     G8RTOS_IPC.obj (.text)
                  00001d9c    000001a0     multimod_spi.obj (.text)
                  00001f3c    00000178     multimod_LaunchpadLED.obj (.text)
                  000020b4    0000016c     driverlib.lib : gpio.obj (.text:GPIOPadConfigSet)
                  00002220    00000138     multimod_OPT3001.obj (.text)
                  00002358    00000118     driverlib.lib : sysctl.obj (.text:SysCtlClockGet)
                  00002470    000000fc     rtsv7M4_T_le_v4SPD16_eabi.lib : fd_mul_t2.asm.obj (.text)
                  0000256c    000000f4     driverlib.lib : sysctl.obj (.text:SysCtlClockSet)
                  00002660    000000d8     lab4.obj (.text)
                  00002738    000000a4     G8RTOS_Semaphores.obj (.text)
                  000027dc    0000009c     rtsv7M4_T_le_v4SPD16_eabi.lib : memcpy_t2.asm.obj (.text)
                  00002878    00000090     multimod_LaunchpadButtons.obj (.text)
                  00002908    0000007a     rtsv7M4_T_le_v4SPD16_eabi.lib : memset_t2.asm.obj (.text)
                  00002982    00000002                                   : div0.asm.obj (.text)
                  00002984    00000068     driverlib.lib : interrupt.obj (.text:IntEnable)
                  000029ec    00000068     rtsv7M4_T_le_v4SPD16_eabi.lib : copy_decompress_lzss.c.obj (.text:decompress:lzss:__TI_decompress_lzss)
                  00002a54    0000005c     multimod_uart.obj (.text)
                  00002ab0    00000058     driverlib.lib : gpio.obj (.text:GPIOIntTypeSet)
                  00002b08    00000050     G8RTOS_SchedulerASM.obj (.text)
                  00002b58    0000004c     driverlib.lib : gpio.obj (.text:GPIOPinConfigure)
                  00002ba4    0000004c                   : i2c.obj (.text:I2CMasterInitExpClk)
                  00002bf0    00000048     rtsv7M4_T_le_v4SPD16_eabi.lib : fd_toi_t2.asm.obj (.text)
                  00002c38    00000046     driverlib.lib : uart.obj (.text:UARTConfigSetExpClk)
                  00002c7e    00000002     --HOLE-- [fill = 0]
                  00002c80    00000044     rtsv7M4_T_le_v4SPD16_eabi.lib : autoinit.c.obj (.text:__TI_auto_init_nobinit_nopinit:__TI_auto_init_nobinit_nopinit)
                  00002cc4    00000040                                   : u_divt2.asm.obj (.text)
                  00002d04    0000003c     driverlib.lib : ssi.obj (.text:SSIConfigSetExpClk)
                  00002d40    00000038                   : sysctl.obj (.text:SysCtlPeripheralPresent)
                  00002d78    00000038                   : sysctl.obj (.text:SysCtlPeripheralReady)
                  00002db0    00000034                   : interrupt.obj (.text:IntRegister)
                  00002de4    00000034                   : sysctl.obj (.text:SysCtlPeripheralEnable)
                  00002e18    00000034     rtsv7M4_T_le_v4SPD16_eabi.lib : boot_cortex_m.c.obj (.text:_c_int00_noargs:_c_int00_noargs)
                  00002e4c    0000002e                                   : i_tofd_t2.asm.obj (.text)
                  00002e7a    0000002c     driverlib.lib : gpio.obj (.text:GPIODirModeSet)
                  00002ea6    00000002     --HOLE-- [fill = 0]
                  00002ea8    00000024                   : interrupt.obj (.text:IntPrioritySet)
                  00002ecc    00000022                   : pwm.obj (.text:PWMGenConfigure)
                  00002eee    00000002     --HOLE-- [fill = 0]
                  00002ef0    00000020                   : uart.obj (.text:UARTDisable)
                  00002f10    0000001e                   : pwm.obj (.text:PWMPulseWidthSet)
                  00002f2e    00000002     --HOLE-- [fill = 0]
                  00002f30    0000001c                   : systick.obj (.text:SysTickIntRegister)
                  00002f4c    0000001a                   : gpio.obj (.text:GPIOPinTypeGPIOOutput)
                  00002f66    00000002     --HOLE-- [fill = 0]
                  00002f68    00000018                   : gpio.obj (.text:GPIOUnlockPin)
                  00002f80    00000016                   : gpio.obj (.text:GPIOPinTypeGPIOInput)
                  00002f96    00000016                   : gpio.obj (.text:GPIOPinTypeI2C)
                  00002fac    00000016                   : gpio.obj (.text:GPIOPinTypeI2CSCL)
                  00002fc2    00000016                   : gpio.obj (.text:GPIOPinTypePWM)
                  00002fd8    00000016                   : gpio.obj (.text:GPIOPinTypeSSI)
                  00002fee    00000016                   : gpio.obj (.text:GPIOPinTypeUART)
                  00003004    00000014                   : systick.obj (.text:SysTickEnable)
                  00003018    00000014                   : systick.obj (.text:SysTickIntEnable)
                  0000302c    00000014                   : uart.obj (.text:UARTEnable)
                  00003040    00000014     rtsv7M4_T_le_v4SPD16_eabi.lib : strcpy.c.obj (.text:strcpy)
                  00003054    00000012     driverlib.lib : pwm.obj (.text:PWMOutputState)
                  00003066    00000010                   : pwm.obj (.text:PWMGenPeriodSet)
                  00003076    00000002     --HOLE-- [fill = 0]
                  00003078    00000010                   : systick.obj (.text:SysTickPeriodSet)
                  00003088    0000000e     G8RTOS_CriticalSection.obj (.text)
                  00003096    0000000e     driverlib.lib : gpio.obj (.text:GPIOIntDisable)
                  000030a4    0000000e     rtsv7M4_T_le_v4SPD16_eabi.lib : copy_decompress_none.c.obj (.text:decompress:none:__TI_decompress_none)
                  000030b2    0000000c     driverlib.lib : gpio.obj (.text:GPIOIntEnable)
                  000030be    0000000c                   : pwm.obj (.text:PWMGenEnable)
                  000030ca    0000000c                   : ssi.obj (.text:SSIDataGet)
                  000030d6    0000000c     rtsv7M4_T_le_v4SPD16_eabi.lib : copy_zero_init.c.obj (.text:decompress:ZI:__TI_zero_init)
                  000030e2    0000000c     tm4c123gh6pm_startup_ccs.obj (.text)
                  000030ee    0000000a     driverlib.lib : i2c.obj (.text:I2CMasterEnable)
                  000030f8    0000000a                   : ssi.obj (.text:SSIDataPut)
                  00003102    0000000a                   : ssi.obj (.text:SSIDisable)
                  0000310c    0000000a                   : ssi.obj (.text:SSIEnable)
                  00003116    0000000a                   : uart.obj (.text:UARTCharGet)
                  00003120    0000000a                   : uart.obj (.text:UARTCharPut)
                  0000312a    00000008                   : i2c.obj (.text:I2CMasterBusy)
                  00003132    00000008                   : i2c.obj (.text:I2CMasterSlaveAddrSet)
                  0000313a    00000008                   : ssi.obj (.text:SSIBusy)
                  00003142    00000006                   : gpio.obj (.text:GPIOIntClear)
                  00003148    00000006                   : gpio.obj (.text:GPIOPinRead)
                  0000314e    00000006                   : gpio.obj (.text:GPIOPinWrite)
                  00003154    00000006                   : ssi.obj (.text:SSIClockSourceSet)
                  0000315a    00000006                   : sysctl.obj (.text:SysCtlDelay)
                  00003160    00000004                   : i2c.obj (.text:I2CMasterControl)
                  00003164    00000004                   : i2c.obj (.text:I2CMasterDataGet)
                  00003168    00000004                   : i2c.obj (.text:I2CMasterDataPut)
                  0000316c    00000004     rtsv7M4_T_le_v4SPD16_eabi.lib : pre_init.c.obj (.text:_system_pre_init)
                  00003170    00000004                                   : exit.c.obj (.text:abort:abort)

.const     0    00003174    000001dc     
                  00003174    0000009c     driverlib.lib : interrupt.obj (.const:g_pui32Regs)
                  00003210    00000090                   : gpio.obj (.const:g_pui32GPIOBaseAddrs)
                  000032a0    0000006c                   : sysctl.obj (.const:g_pui32Xtals)
                  0000330c    00000014                   : interrupt.obj (.const:g_pui32EnRegs)
                  00003320    00000012     uartstdio.obj (.const:.string)
                  00003332    00000002     --HOLE-- [fill = 0]
                  00003334    0000000c     uartstdio.obj (.const:g_ui32UARTBase)
                  00003340    0000000c     uartstdio.obj (.const:g_ui32UARTPeriph)
                  0000334c    00000004     uartstdio.obj (.const)

.cinit     0    00003350    00000040     
                  00003350    0000000c     (__TI_handler_table)
                  0000335c    00000009     (.cinit..data.load) [load image, compression = lzss]
                  00003365    00000003     --HOLE-- [fill = 0]
                  00003368    00000008     (.cinit..bss.load) [load image, compression = zero_init]
                  00003370    00000008     (.cinit..vtable.load) [load image, compression = zero_init]
                  00003378    00000018     (__TI_cinit_table)

.init_array 
*          0    00000000    00000000     UNINITIALIZED

.vtable    0    20000000    0000026c     UNINITIALIZED
                  20000000    0000026c     driverlib.lib : interrupt.obj (.vtable)

.bss       0    2000026c    000063cc     UNINITIALIZED
                  2000026c    00006000     G8RTOS_Scheduler.obj (.bss:threadStacks)
                  2000626c    00000210     G8RTOS_Scheduler.obj (.bss:threadControlBlocks)
                  2000647c    00000150     G8RTOS_IPC.obj (.bss:FIFOs)
                  200065cc    00000048     G8RTOS_Scheduler.obj (.bss:pthreadControlBlocks)
                  20006614    00000008     G8RTOS_Scheduler.obj (.bss)
                  2000661c    00000004     (.common:CurrentlyRunningThread)
                  20006620    00000004     (.common:IBit_State)
                  20006624    00000004     (.common:SystemTime)
                  20006628    00000004     (.common:pulse_width)
                  2000662c    00000004     (.common:sem_I2CA)
                  20006630    00000004     (.common:sem_SPI)
                  20006634    00000004     (.common:sem_UART)

.data      0    20006838    00000011     UNINITIALIZED
                  20006838    00000009     threads.obj (.data)
                  20006841    00000001     G8RTOS_Scheduler.obj (.data)
                  20006842    00000002     --HOLE--
                  20006844    00000005     uartstdio.obj (.data)

.stack     0    20006638    00000200     UNINITIALIZED
                  20006638    00000004     rtsv7M4_T_le_v4SPD16_eabi.lib : boot_cortex_m.c.obj (.stack)
                  2000663c    000001fc     --HOLE--

__llvm_prf_cnts 
*          0    20000000    00000000     UNINITIALIZED

MODULE SUMMARY

       Module                          code    ro data   rw data
       ------                          ----    -------   -------
    .\
       uartstdio.obj                   1192    46        5      
       threads.obj                     720     0         9      
       tm4c123gh6pm_startup_ccs.obj    12      620       0      
       lab4.obj                        216     0         16     
    +--+-------------------------------+-------+---------+---------+
       Total:                          2140    666       30     
                                                                
    .\G8RTOS\src\
       G8RTOS_Scheduler.obj            1300    0         25193  
       G8RTOS_IPC.obj                  568     0         336    
       G8RTOS_Semaphores.obj           164     0         0      
       G8RTOS_SchedulerASM.obj         80      0         0      
       G8RTOS_CriticalSection.obj      14      0         0      
    +--+-------------------------------+-------+---------+---------+
       Total:                          2126    0         25529  
                                                                
    .\MultimodDrivers\src\
       multimod_ST7789.obj             1844    0         0      
       multimod_BMI160.obj             712     0         0      
       multimod_i2c.obj                624     0         0      
       multimod_spi.obj                416     0         0      
       multimod_LaunchpadLED.obj       376     0         4      
       multimod_OPT3001.obj            312     0         0      
       multimod_LaunchpadButtons.obj   144     0         0      
       multimod_uart.obj               92      0         0      
    +--+-------------------------------+-------+---------+---------+
       Total:                          4520    0         4      
                                                                
    C:/ti/TivaWare_C_Series-2.2.0.295/driverlib/ccs/Debug/driverlib.lib
       interrupt.obj                   192     176       620    
       gpio.obj                        798     144       0      
       sysctl.obj                      694     108       0      
       uart.obj                        142     0         0      
       ssi.obj                         116     0         0      
       i2c.obj                         114     0         0      
       pwm.obj                         110     0         0      
       systick.obj                     84      0         0      
    +--+-------------------------------+-------+---------+---------+
       Total:                          2250    428       620    
                                                                
    C:\ti\ccs1281\ccs\tools\compiler\ti-cgt-arm_20.2.7.LTS\lib\rtsv7M4_T_le_v4SPD16_eabi.lib
       fd_mul_t2.asm.obj               252     0         0      
       memcpy_t2.asm.obj               156     0         0      
       memset_t2.asm.obj               122     0         0      
       copy_decompress_lzss.c.obj      104     0         0      
       fd_toi_t2.asm.obj               72      0         0      
       autoinit.c.obj                  68      0         0      
       u_divt2.asm.obj                 64      0         0      
       boot_cortex_m.c.obj             52      0         0      
       i_tofd_t2.asm.obj               46      0         0      
       strcpy.c.obj                    20      0         0      
       copy_decompress_none.c.obj      14      0         0      
       copy_zero_init.c.obj            12      0         0      
       exit.c.obj                      4       0         0      
       pre_init.c.obj                  4       0         0      
       div0.asm.obj                    2       0         0      
    +--+-------------------------------+-------+---------+---------+
       Total:                          992     0         0      
                                                                
       Stack:                          0       0         512    
       Linker Generated:               0       61        0      
    +--+-------------------------------+-------+---------+---------+
       Grand Total:                    12028   1155      26695  


LINKER GENERATED COPY TABLES

__TI_cinit_table @ 00003378 records: 3, size/record: 8, table size: 24
	.data: load addr=0000335c, load size=00000009 bytes, run addr=20006838, run size=00000011 bytes, compression=lzss
	.bss: load addr=00003368, load size=00000008 bytes, run addr=2000026c, run size=000063cc bytes, compression=zero_init
	.vtable: load addr=00003370, load size=00000008 bytes, run addr=20000000, run size=0000026c bytes, compression=zero_init


LINKER GENERATED HANDLER TABLE

__TI_handler_table @ 00003350 records: 3, size/record: 4, table size: 12
	index: 0, handler: __TI_zero_init
	index: 1, handler: __TI_decompress_lzss
	index: 2, handler: __TI_decompress_none


GLOBAL SYMBOLS: SORTED ALPHABETICALLY BY Name 

address   name                          
-------   ----                          
0000135d  Accel                         
000016c3  BMI160_AccelXGetResult        
0000180d  BMI160_AccelXYZGetResult      
000016e7  BMI160_AccelYGetResult        
0000170b  BMI160_AccelZGetResult        
000018e5  BMI160_GetDataStatus          
0000172f  BMI160_GyroXGetResult         
00001855  BMI160_GyroXYZGetResult       
00001753  BMI160_GyroYGetResult         
00001777  BMI160_GyroZGetResult         
0000162d  BMI160_Init                   
0000179b  BMI160_MagXGetResult          
0000189d  BMI160_MagXYZGetResult        
000017c1  BMI160_MagYGetResult          
000017e7  BMI160_MagZGetResult          
0000169b  BMI160_MultiReadRegister      
00001677  BMI160_ReadRegister           
00001647  BMI160_WriteRegister          
00003171  C$$EXIT                       
2000661c  CurrentlyRunningThread        
00003091  EndCriticalSection            
00001499  FIFOConsumer                  
000014c1  FIFOConsumer2                 
0000146d  FIFOProducer                  
00000ac7  G8RTOS_AddThread              
00000be3  G8RTOS_Add_APeriodicEvent     
00000c51  G8RTOS_Add_PeriodicEvent      
00000d63  G8RTOS_GetNumberOfThreads     
00000d5b  G8RTOS_GetThreadID            
00000a2f  G8RTOS_Init                   
00001b65  G8RTOS_InitFIFO               
00002739  G8RTOS_InitSemaphore          
00000d19  G8RTOS_KillSelf               
00000c81  G8RTOS_KillThread             
00000a43  G8RTOS_Launch                 
00001bcb  G8RTOS_ReadFIFO               
00000a67  G8RTOS_Scheduler              
0000278b  G8RTOS_SignalSemaphore        
00002b0d  G8RTOS_Start                  
0000274b  G8RTOS_WaitSemaphore          
00001c55  G8RTOS_WriteFIFO              
00002e7b  GPIODirModeSet                
00003143  GPIOIntClear                  
00003097  GPIOIntDisable                
000030b3  GPIOIntEnable                 
00002ab1  GPIOIntTypeSet                
000020b5  GPIOPadConfigSet              
00002b59  GPIOPinConfigure              
00003149  GPIOPinRead                   
00002f81  GPIOPinTypeGPIOInput          
00002f4d  GPIOPinTypeGPIOOutput         
00002f97  GPIOPinTypeI2C                
00002fad  GPIOPinTypeI2CSCL             
00002fc3  GPIOPinTypePWM                
00002fd9  GPIOPinTypeSSI                
00002fef  GPIOPinTypeUART               
0000314f  GPIOPinWrite                  
00002f69  GPIOUnlockPin                 
00001393  Gyro                          
0000312b  I2CMasterBusy                 
00003161  I2CMasterControl              
00003165  I2CMasterDataGet              
00003169  I2CMasterDataPut              
000030ef  I2CMasterEnable               
00002ba5  I2CMasterInitExpClk           
00003133  I2CMasterSlaveAddrSet         
000018f5  I2C_Init                      
00001a85  I2C_ReadMultiple              
000019a7  I2C_ReadSingle                
000019d7  I2C_WriteMultiple             
00001971  I2C_WriteSingle               
20006620  IBit_State                    
000014e9  Idle_Thread                   
00002985  IntEnable                     
00002ea9  IntPrioritySet                
00002db1  IntRegister                   
00002879  LaunchpadButtons_Init         
000028bf  LaunchpadButtons_ReadSW1      
000028df  LaunchpadButtons_ReadSW2      
00001f3d  LaunchpadLED_Init             
00001ff9  LaunchpadLED_PWMSetDuty       
00002341  OPT3001_GetChipID             
000022a5  OPT3001_GetResult             
00002221  OPT3001_Init                  
00002277  OPT3001_ReadRegister          
00002321  OPT3001_SetHighLimit          
00002301  OPT3001_SetLowLimit           
00002235  OPT3001_WriteRegister         
0000140b  Opto                          
00002ecd  PWMGenConfigure               
000030bf  PWMGenEnable                  
00003067  PWMGenPeriodSet               
00003055  PWMOutputState                
00002f11  PWMPulseWidthSet              
00002b2f  PendSV_Handler                
000030e3  ResetISR                      
00001d9d  SPI_Init                      
00001ebf  SPI_ReadMultiple              
00001e37  SPI_ReadSingle                
00001e5f  SPI_WriteMultiple             
00001e19  SPI_WriteSingle               
0000313b  SSIBusy                       
00003155  SSIClockSourceSet             
00002d05  SSIConfigSetExpClk            
000030cb  SSIDataGet                    
000030f9  SSIDataPut                    
00003103  SSIDisable                    
0000310d  SSIEnable                     
0000027b  ST7789_Deselect               
00000449  ST7789_DrawHLine              
000007d9  ST7789_DrawLine               
0000076b  ST7789_DrawPixel              
000008a9  ST7789_DrawRectangle          
000003b3  ST7789_DrawVLine              
000007bd  ST7789_Fill                   
0000069b  ST7789_Init                   
000004fd  ST7789_Line                   
000002d1  ST7789_ReadRegister           
0000026d  ST7789_Select                 
00000297  ST7789_SetCommand             
00000289  ST7789_SetData                
000002e7  ST7789_SetWindow              
000002a5  ST7789_WriteCommand           
000002bb  ST7789_WriteData              
20006840  SW1Pressed                    
0000150f  SW1_Event_Handler             
000014eb  SW1_ISR                       
00000d75  SetInitialStack               
00003089  StartCriticalSection          
00002359  SysCtlClockGet                
0000256d  SysCtlClockSet                
0000315b  SysCtlDelay                   
00002de5  SysCtlPeripheralEnable        
00002d41  SysCtlPeripheralPresent       
00002d79  SysCtlPeripheralReady         
00003005  SysTickEnable                 
00003019  SysTickIntEnable              
00002f31  SysTickIntRegister            
00003079  SysTickPeriodSet              
000009cb  SysTick_Handler               
20006624  SystemTime                    
00003117  UARTCharGet                   
00003121  UARTCharPut                   
00002c39  UARTConfigSetExpClk           
00002ef1  UARTDisable                   
0000302d  UARTEnable                    
00000eb5  UARTStdioConfig               
00002a55  UART_Init                     
00001005  UARTgetc                      
00000f4b  UARTgets                      
00001327  UARTprintf                    
0000102d  UARTvprintf                   
00000efb  UARTwrite                     
20006838  __STACK_END                   
00000200  __STACK_SIZE                  
20006838  __STACK_TOP                   
00003378  __TI_CINIT_Base               
00003390  __TI_CINIT_Limit              
00003350  __TI_Handler_Table_Base       
0000335c  __TI_Handler_Table_Limit      
00002c81  __TI_auto_init_nobinit_nopinit
000029ed  __TI_decompress_lzss          
000030a5  __TI_decompress_none          
ffffffff  __TI_pprof_out_hndl           
ffffffff  __TI_prof_data_size           
ffffffff  __TI_prof_data_start          
00000000  __TI_static_base__            
000030d7  __TI_zero_init                
00002bf1  __aeabi_d2iz                  
00002471  __aeabi_dmul                  
00002e4d  __aeabi_i2d                   
00002983  __aeabi_idiv0                 
00002983  __aeabi_ldiv0                 
00002909  __aeabi_memclr                
00002909  __aeabi_memclr4               
00002909  __aeabi_memclr8               
000027dd  __aeabi_memcpy                
000027dd  __aeabi_memcpy4               
000027dd  __aeabi_memcpy8               
0000290b  __aeabi_memset                
0000290b  __aeabi_memset4               
0000290b  __aeabi_memset8               
00002cc5  __aeabi_uidiv                 
00002cc5  __aeabi_uidivmod              
ffffffff  __binit__                     
ffffffff  __c_args__                    
UNDEFED   __mpu_init                    
20006638  __stack                       
20000000  __start___llvm_prf_cnts       
20000000  __stop___llvm_prf_cnts        
00002e19  _c_int00_noargs               
UNDEFED   _system_post_cinit            
0000316d  _system_pre_init              
00003171  abort                         
20006841  aliveCount                    
ffffffff  binit                         
2000683c  data                          
0000067d  delay_ms                      
20000000  g_pfnRAMVectors               
00000000  g_pfnVectors                  
2000683b  idle_count                    
20006839  joystick_y                    
2000683a  kill_cube                     
0000267d  main                          
000027dd  memcpy                        
00002911  memset                        
20006838  num_cubes                     
20006628  pulse_width                   
2000662c  sem_I2CA                      
20006630  sem_SPI                       
20006634  sem_UART                      
00000d31  sleep                         
00003041  strcpy                        


GLOBAL SYMBOLS: SORTED BY Symbol Address 

address   name                          
-------   ----                          
00000000  __TI_static_base__            
00000000  g_pfnVectors                  
00000200  __STACK_SIZE                  
0000026d  ST7789_Select                 
0000027b  ST7789_Deselect               
00000289  ST7789_SetData                
00000297  ST7789_SetCommand             
000002a5  ST7789_WriteCommand           
000002bb  ST7789_WriteData              
000002d1  ST7789_ReadRegister           
000002e7  ST7789_SetWindow              
000003b3  ST7789_DrawVLine              
00000449  ST7789_DrawHLine              
000004fd  ST7789_Line                   
0000067d  delay_ms                      
0000069b  ST7789_Init                   
0000076b  ST7789_DrawPixel              
000007bd  ST7789_Fill                   
000007d9  ST7789_DrawLine               
000008a9  ST7789_DrawRectangle          
000009cb  SysTick_Handler               
00000a2f  G8RTOS_Init                   
00000a43  G8RTOS_Launch                 
00000a67  G8RTOS_Scheduler              
00000ac7  G8RTOS_AddThread              
00000be3  G8RTOS_Add_APeriodicEvent     
00000c51  G8RTOS_Add_PeriodicEvent      
00000c81  G8RTOS_KillThread             
00000d19  G8RTOS_KillSelf               
00000d31  sleep                         
00000d5b  G8RTOS_GetThreadID            
00000d63  G8RTOS_GetNumberOfThreads     
00000d75  SetInitialStack               
00000eb5  UARTStdioConfig               
00000efb  UARTwrite                     
00000f4b  UARTgets                      
00001005  UARTgetc                      
0000102d  UARTvprintf                   
00001327  UARTprintf                    
0000135d  Accel                         
00001393  Gyro                          
0000140b  Opto                          
0000146d  FIFOProducer                  
00001499  FIFOConsumer                  
000014c1  FIFOConsumer2                 
000014e9  Idle_Thread                   
000014eb  SW1_ISR                       
0000150f  SW1_Event_Handler             
0000162d  BMI160_Init                   
00001647  BMI160_WriteRegister          
00001677  BMI160_ReadRegister           
0000169b  BMI160_MultiReadRegister      
000016c3  BMI160_AccelXGetResult        
000016e7  BMI160_AccelYGetResult        
0000170b  BMI160_AccelZGetResult        
0000172f  BMI160_GyroXGetResult         
00001753  BMI160_GyroYGetResult         
00001777  BMI160_GyroZGetResult         
0000179b  BMI160_MagXGetResult          
000017c1  BMI160_MagYGetResult          
000017e7  BMI160_MagZGetResult          
0000180d  BMI160_AccelXYZGetResult      
00001855  BMI160_GyroXYZGetResult       
0000189d  BMI160_MagXYZGetResult        
000018e5  BMI160_GetDataStatus          
000018f5  I2C_Init                      
00001971  I2C_WriteSingle               
000019a7  I2C_ReadSingle                
000019d7  I2C_WriteMultiple             
00001a85  I2C_ReadMultiple              
00001b65  G8RTOS_InitFIFO               
00001bcb  G8RTOS_ReadFIFO               
00001c55  G8RTOS_WriteFIFO              
00001d9d  SPI_Init                      
00001e19  SPI_WriteSingle               
00001e37  SPI_ReadSingle                
00001e5f  SPI_WriteMultiple             
00001ebf  SPI_ReadMultiple              
00001f3d  LaunchpadLED_Init             
00001ff9  LaunchpadLED_PWMSetDuty       
000020b5  GPIOPadConfigSet              
00002221  OPT3001_Init                  
00002235  OPT3001_WriteRegister         
00002277  OPT3001_ReadRegister          
000022a5  OPT3001_GetResult             
00002301  OPT3001_SetLowLimit           
00002321  OPT3001_SetHighLimit          
00002341  OPT3001_GetChipID             
00002359  SysCtlClockGet                
00002471  __aeabi_dmul                  
0000256d  SysCtlClockSet                
0000267d  main                          
00002739  G8RTOS_InitSemaphore          
0000274b  G8RTOS_WaitSemaphore          
0000278b  G8RTOS_SignalSemaphore        
000027dd  __aeabi_memcpy                
000027dd  __aeabi_memcpy4               
000027dd  __aeabi_memcpy8               
000027dd  memcpy                        
00002879  LaunchpadButtons_Init         
000028bf  LaunchpadButtons_ReadSW1      
000028df  LaunchpadButtons_ReadSW2      
00002909  __aeabi_memclr                
00002909  __aeabi_memclr4               
00002909  __aeabi_memclr8               
0000290b  __aeabi_memset                
0000290b  __aeabi_memset4               
0000290b  __aeabi_memset8               
00002911  memset                        
00002983  __aeabi_idiv0                 
00002983  __aeabi_ldiv0                 
00002985  IntEnable                     
000029ed  __TI_decompress_lzss          
00002a55  UART_Init                     
00002ab1  GPIOIntTypeSet                
00002b0d  G8RTOS_Start                  
00002b2f  PendSV_Handler                
00002b59  GPIOPinConfigure              
00002ba5  I2CMasterInitExpClk           
00002bf1  __aeabi_d2iz                  
00002c39  UARTConfigSetExpClk           
00002c81  __TI_auto_init_nobinit_nopinit
00002cc5  __aeabi_uidiv                 
00002cc5  __aeabi_uidivmod              
00002d05  SSIConfigSetExpClk            
00002d41  SysCtlPeripheralPresent       
00002d79  SysCtlPeripheralReady         
00002db1  IntRegister                   
00002de5  SysCtlPeripheralEnable        
00002e19  _c_int00_noargs               
00002e4d  __aeabi_i2d                   
00002e7b  GPIODirModeSet                
00002ea9  IntPrioritySet                
00002ecd  PWMGenConfigure               
00002ef1  UARTDisable                   
00002f11  PWMPulseWidthSet              
00002f31  SysTickIntRegister            
00002f4d  GPIOPinTypeGPIOOutput         
00002f69  GPIOUnlockPin                 
00002f81  GPIOPinTypeGPIOInput          
00002f97  GPIOPinTypeI2C                
00002fad  GPIOPinTypeI2CSCL             
00002fc3  GPIOPinTypePWM                
00002fd9  GPIOPinTypeSSI                
00002fef  GPIOPinTypeUART               
00003005  SysTickEnable                 
00003019  SysTickIntEnable              
0000302d  UARTEnable                    
00003041  strcpy                        
00003055  PWMOutputState                
00003067  PWMGenPeriodSet               
00003079  SysTickPeriodSet              
00003089  StartCriticalSection          
00003091  EndCriticalSection            
00003097  GPIOIntDisable                
000030a5  __TI_decompress_none          
000030b3  GPIOIntEnable                 
000030bf  PWMGenEnable                  
000030cb  SSIDataGet                    
000030d7  __TI_zero_init                
000030e3  ResetISR                      
000030ef  I2CMasterEnable               
000030f9  SSIDataPut                    
00003103  SSIDisable                    
0000310d  SSIEnable                     
00003117  UARTCharGet                   
00003121  UARTCharPut                   
0000312b  I2CMasterBusy                 
00003133  I2CMasterSlaveAddrSet         
0000313b  SSIBusy                       
00003143  GPIOIntClear                  
00003149  GPIOPinRead                   
0000314f  GPIOPinWrite                  
00003155  SSIClockSourceSet             
0000315b  SysCtlDelay                   
00003161  I2CMasterControl              
00003165  I2CMasterDataGet              
00003169  I2CMasterDataPut              
0000316d  _system_pre_init              
00003171  C$$EXIT                       
00003171  abort                         
00003350  __TI_Handler_Table_Base       
0000335c  __TI_Handler_Table_Limit      
00003378  __TI_CINIT_Base               
00003390  __TI_CINIT_Limit              
20000000  __start___llvm_prf_cnts       
20000000  __stop___llvm_prf_cnts        
20000000  g_pfnRAMVectors               
2000661c  CurrentlyRunningThread        
20006620  IBit_State                    
20006624  SystemTime                    
20006628  pulse_width                   
2000662c  sem_I2CA                      
20006630  sem_SPI                       
20006634  sem_UART                      
20006638  __stack                       
20006838  __STACK_END                   
20006838  __STACK_TOP                   
20006838  num_cubes                     
20006839  joystick_y                    
2000683a  kill_cube                     
2000683b  idle_count                    
2000683c  data                          
20006840  SW1Pressed                    
20006841  aliveCount                    
ffffffff  __TI_pprof_out_hndl           
ffffffff  __TI_prof_data_size           
ffffffff  __TI_prof_data_start          
ffffffff  __binit__                     
ffffffff  __c_args__                    
ffffffff  binit                         
UNDEFED   __mpu_init                    
UNDEFED   _system_post_cinit            

[213 symbols]
