******************************************************************************
                  TI ARM Linker PC v20.2.7                     
******************************************************************************
>> Linked Thu Nov  6 05:54:36 2025

OUTPUT FILE NAME:   <Lab4_F2025.out>
ENTRY POINT SYMBOL: "_c_int00_noargs"  address: 00002935


MEMORY CONFIGURATION

         name            origin    length      used     unused   attr    fill
----------------------  --------  ---------  --------  --------  ----  --------
  FLASH                 00000000   00040000  00002e9c  0003d164  R  X
  SRAM                  20000000   00008000  00006818  000017e8  RW X


SEGMENT ALLOCATION MAP

run origin  load origin   length   init length attrs members
----------  ----------- ---------- ----------- ----- -------
00000000    00000000    00002ea0   00002ea0    r-x
  00000000    00000000    0000026c   0000026c    r-- .intvecs
  0000026c    0000026c    00002a04   00002a04    r-x .text
  00002c70    00002c70    000001dc   000001dc    r-- .const
  00002e50    00002e50    00000050   00000050    r-- .cinit
20000000    20000000    0000681c   00000000    rw-
  20000000    20000000    0000026c   00000000    rw- .vtable
  2000026c    2000026c    00006398   00000000    rw- .bss
  20006608    20006608    00000200   00000000    rw- .stack
  20006808    20006808    00000014   00000000    rw- .data


SECTION ALLOCATION MAP

 output                                  attributes/
section   page    origin      length       input sections
--------  ----  ----------  ----------   ----------------
.intvecs   0    00000000    0000026c     
                  00000000    0000026c     tm4c123gh6pm_startup_ccs.obj (.intvecs)

.text      0    0000026c    00002a04     
                  0000026c    00000734     multimod_ST7789.obj (.text)
                  000009a0    000006c0     G8RTOS_Scheduler.obj (.text)
                  00001060    000004a8     uartstdio.obj (.text)
                  00001508    00000340     breakout_threads.obj (.text)
                  00001848    00000278     multimod_i2c.obj (.text)
                  00001ac0    000001a0     multimod_spi.obj (.text)
                  00001c60    0000016c     driverlib.lib : gpio.obj (.text:GPIOPadConfigSet)
                  00001dcc    00000118                   : sysctl.obj (.text:SysCtlClockGet)
                  00001ee4    00000118     lab4_breakout.obj (.text)
                  00001ffc    00000108     multimod_joystick.obj (.text)
                  00002104    000000f4     driverlib.lib : sysctl.obj (.text:SysCtlClockSet)
                  000021f8    000000a8     G8RTOS_Semaphores.obj (.text)
                  000022a0    0000009c     rtsv7M4_T_le_v4SPD16_eabi.lib : memcpy_t2.asm.obj (.text)
                  0000233c    0000007a     driverlib.lib : adc.obj (.text:ADCSequenceStepConfigure)
                  000023b6    0000007a     rtsv7M4_T_le_v4SPD16_eabi.lib : memset_t2.asm.obj (.text)
                  00002430    00000068     driverlib.lib : interrupt.obj (.text:IntEnable)
                  00002498    00000068     rtsv7M4_T_le_v4SPD16_eabi.lib : copy_decompress_lzss.c.obj (.text:decompress:lzss:__TI_decompress_lzss)
                  00002500    00000068     multimod_buttons.obj (.text)
                  00002568    0000005c     multimod_uart.obj (.text)
                  000025c4    00000058     driverlib.lib : gpio.obj (.text:GPIOIntTypeSet)
                  0000261c    00000050     G8RTOS_SchedulerASM.obj (.text)
                  0000266c    0000004e     driverlib.lib : adc.obj (.text:ADCSequenceConfigure)
                  000026ba    00000002     rtsv7M4_T_le_v4SPD16_eabi.lib : div0.asm.obj (.text)
                  000026bc    0000004c     driverlib.lib : gpio.obj (.text:GPIOPinConfigure)
                  00002708    0000004c                   : i2c.obj (.text:I2CMasterInitExpClk)
                  00002754    00000046                   : uart.obj (.text:UARTConfigSetExpClk)
                  0000279a    00000002     --HOLE-- [fill = 0]
                  0000279c    00000044     rtsv7M4_T_le_v4SPD16_eabi.lib : autoinit.c.obj (.text:__TI_auto_init_nobinit_nopinit:__TI_auto_init_nobinit_nopinit)
                  000027e0    00000040                                   : u_divt2.asm.obj (.text)
                  00002820    0000003c     driverlib.lib : ssi.obj (.text:SSIConfigSetExpClk)
                  0000285c    00000038                   : sysctl.obj (.text:SysCtlPeripheralPresent)
                  00002894    00000038                   : sysctl.obj (.text:SysCtlPeripheralReady)
                  000028cc    00000034                   : interrupt.obj (.text:IntRegister)
                  00002900    00000034                   : sysctl.obj (.text:SysCtlPeripheralEnable)
                  00002934    00000034     rtsv7M4_T_le_v4SPD16_eabi.lib : boot_cortex_m.c.obj (.text:_c_int00_noargs:_c_int00_noargs)
                  00002968    0000002e     driverlib.lib : adc.obj (.text:ADCIntStatus)
                  00002996    0000002c                   : gpio.obj (.text:GPIODirModeSet)
                  000029c2    00000002     --HOLE-- [fill = 0]
                  000029c4    00000024                   : interrupt.obj (.text:IntPrioritySet)
                  000029e8    00000020                   : uart.obj (.text:UARTDisable)
                  00002a08    0000001e                   : adc.obj (.text:ADCSequenceDataGet)
                  00002a26    00000002     --HOLE-- [fill = 0]
                  00002a28    0000001c                   : systick.obj (.text:SysTickIntRegister)
                  00002a44    0000001a                   : gpio.obj (.text:GPIOPinTypeGPIOOutput)
                  00002a5e    00000018                   : adc.obj (.text:ADCProcessorTrigger)
                  00002a76    00000016                   : gpio.obj (.text:GPIOPinTypeADC)
                  00002a8c    00000016                   : gpio.obj (.text:GPIOPinTypeGPIOInput)
                  00002aa2    00000016                   : gpio.obj (.text:GPIOPinTypeI2C)
                  00002ab8    00000016                   : gpio.obj (.text:GPIOPinTypeI2CSCL)
                  00002ace    00000016                   : gpio.obj (.text:GPIOPinTypeSSI)
                  00002ae4    00000016                   : gpio.obj (.text:GPIOPinTypeUART)
                  00002afa    00000002     --HOLE-- [fill = 0]
                  00002afc    00000014                   : systick.obj (.text:SysTickEnable)
                  00002b10    00000014                   : systick.obj (.text:SysTickIntEnable)
                  00002b24    00000014                   : uart.obj (.text:UARTEnable)
                  00002b38    00000014     rtsv7M4_T_le_v4SPD16_eabi.lib : strcpy.c.obj (.text:strcpy)
                  00002b4c    00000010     driverlib.lib : systick.obj (.text:SysTickPeriodSet)
                  00002b5c    0000000e                   : adc.obj (.text:ADCIntDisable)
                  00002b6a    0000000e                   : adc.obj (.text:ADCSequenceDisable)
                  00002b78    0000000e                   : adc.obj (.text:ADCSequenceEnable)
                  00002b86    0000000e     G8RTOS_CriticalSection.obj (.text)
                  00002b94    0000000e     driverlib.lib : gpio.obj (.text:GPIOIntDisable)
                  00002ba2    0000000e     rtsv7M4_T_le_v4SPD16_eabi.lib : copy_decompress_none.c.obj (.text:decompress:none:__TI_decompress_none)
                  00002bb0    0000000c     driverlib.lib : gpio.obj (.text:GPIOIntEnable)
                  00002bbc    0000000c                   : ssi.obj (.text:SSIDataGet)
                  00002bc8    0000000c     rtsv7M4_T_le_v4SPD16_eabi.lib : copy_zero_init.c.obj (.text:decompress:ZI:__TI_zero_init)
                  00002bd4    0000000c     tm4c123gh6pm_startup_ccs.obj (.text)
                  00002be0    0000000a     driverlib.lib : adc.obj (.text:ADCIntClear)
                  00002bea    0000000a                   : i2c.obj (.text:I2CMasterEnable)
                  00002bf4    0000000a                   : ssi.obj (.text:SSIDataPut)
                  00002bfe    0000000a                   : ssi.obj (.text:SSIDisable)
                  00002c08    0000000a                   : ssi.obj (.text:SSIEnable)
                  00002c12    0000000a                   : uart.obj (.text:UARTCharGet)
                  00002c1c    0000000a                   : uart.obj (.text:UARTCharPut)
                  00002c26    00000008                   : i2c.obj (.text:I2CMasterBusy)
                  00002c2e    00000008                   : i2c.obj (.text:I2CMasterSlaveAddrSet)
                  00002c36    00000008                   : ssi.obj (.text:SSIBusy)
                  00002c3e    00000006                   : gpio.obj (.text:GPIOIntClear)
                  00002c44    00000006                   : gpio.obj (.text:GPIOPinRead)
                  00002c4a    00000006                   : gpio.obj (.text:GPIOPinWrite)
                  00002c50    00000006                   : ssi.obj (.text:SSIClockSourceSet)
                  00002c56    00000006                   : sysctl.obj (.text:SysCtlDelay)
                  00002c5c    00000004                   : i2c.obj (.text:I2CMasterControl)
                  00002c60    00000004                   : i2c.obj (.text:I2CMasterDataGet)
                  00002c64    00000004                   : i2c.obj (.text:I2CMasterDataPut)
                  00002c68    00000004     rtsv7M4_T_le_v4SPD16_eabi.lib : pre_init.c.obj (.text:_system_pre_init)
                  00002c6c    00000004                                   : exit.c.obj (.text:abort:abort)

.const     0    00002c70    000001dc     
                  00002c70    0000009c     driverlib.lib : interrupt.obj (.const:g_pui32Regs)
                  00002d0c    00000090                   : gpio.obj (.const:g_pui32GPIOBaseAddrs)
                  00002d9c    0000006c                   : sysctl.obj (.const:g_pui32Xtals)
                  00002e08    00000014                   : interrupt.obj (.const:g_pui32EnRegs)
                  00002e1c    00000012     uartstdio.obj (.const:.string)
                  00002e2e    00000002     --HOLE-- [fill = 0]
                  00002e30    0000000c     uartstdio.obj (.const:g_ui32UARTBase)
                  00002e3c    0000000c     uartstdio.obj (.const:g_ui32UARTPeriph)
                  00002e48    00000004     uartstdio.obj (.const)

.cinit     0    00002e50    00000050     
                  00002e50    00000018     (.cinit..data.load) [load image, compression = lzss]
                  00002e68    0000000c     (__TI_handler_table)
                  00002e74    00000004     --HOLE-- [fill = 0]
                  00002e78    00000008     (.cinit..bss.load) [load image, compression = zero_init]
                  00002e80    00000008     (.cinit..vtable.load) [load image, compression = zero_init]
                  00002e88    00000018     (__TI_cinit_table)

.init_array 
*          0    00000000    00000000     UNINITIALIZED

.vtable    0    20000000    0000026c     UNINITIALIZED
                  20000000    0000026c     driverlib.lib : interrupt.obj (.vtable)

.bss       0    2000026c    00006398     UNINITIALIZED
                  2000026c    00006000     G8RTOS_Scheduler.obj (.bss:threadStacks)
                  2000626c    00000210     G8RTOS_Scheduler.obj (.bss:threadControlBlocks)
                  2000647c    000000fc     breakout_threads.obj (.bss:rect_array)
                  20006578    00000048     G8RTOS_Scheduler.obj (.bss:ptcbs)
                  200065c0    00000010     G8RTOS_Scheduler.obj (.bss)
                  200065d0    00000006     breakout_threads.obj (.bss:box)
                  200065d6    00000006     breakout_threads.obj (.bss:rect)
                  200065dc    00000004     breakout_threads.obj (.bss)
                  200065e0    00000004     (.common:CurrentlyRunningThread)
                  200065e4    00000004     (.common:IBit_State)
                  200065e8    00000004     (.common:SystemTime)
                  200065ec    00000004     (.common:sem_I2CA)
                  200065f0    00000004     (.common:sem_JOY)
                  200065f4    00000004     (.common:sem_KillCube)
                  200065f8    00000004     (.common:sem_PCA9555)
                  200065fc    00000004     (.common:sem_SPI)
                  20006600    00000004     (.common:sem_UART)

.data      0    20006808    00000014     UNINITIALIZED
                  20006808    0000000c     breakout_threads.obj (.data:color_array)
                  20006814    00000005     uartstdio.obj (.data)
                  20006819    00000002     breakout_threads.obj (.data)
                  2000681b    00000001     G8RTOS_Scheduler.obj (.data)

.stack     0    20006608    00000200     UNINITIALIZED
                  20006608    00000004     rtsv7M4_T_le_v4SPD16_eabi.lib : boot_cortex_m.c.obj (.stack)
                  2000660c    000001fc     --HOLE--

__llvm_prf_cnts 
*          0    20000000    00000000     UNINITIALIZED

MODULE SUMMARY

       Module                         code    ro data   rw data
       ------                         ----    -------   -------
    .\
       uartstdio.obj                  1192    46        5      
       tm4c123gh6pm_startup_ccs.obj   12      620       0      
       lab4_breakout.obj              280     0         28     
    +--+------------------------------+-------+---------+---------+
       Total:                         1484    666       33     
                                                               
    .\G8RTOS\src\
       G8RTOS_Scheduler.obj           1728    0         25201  
       G8RTOS_Semaphores.obj          168     0         0      
       G8RTOS_SchedulerASM.obj        80      0         0      
       G8RTOS_CriticalSection.obj     14      0         0      
    +--+------------------------------+-------+---------+---------+
       Total:                         1990    0         25201  
                                                               
    .\MultimodDrivers\src\
       multimod_ST7789.obj            1844    0         0      
       multimod_i2c.obj               632     0         0      
       multimod_spi.obj               416     0         0      
       multimod_joystick.obj          264     0         0      
       multimod_buttons.obj           104     0         0      
       multimod_uart.obj              92      0         0      
    +--+------------------------------+-------+---------+---------+
       Total:                         3352    0         0      
                                                               
    .\Quiz_Practice\
       breakout_threads.obj           832     0         282    
    +--+------------------------------+-------+---------+---------+
       Total:                         832     0         282    
                                                               
    C:/ti/TivaWare_C_Series-2.2.0.295/driverlib/ccs/Debug/driverlib.lib
       interrupt.obj                  192     176       620    
       gpio.obj                       774     144       0      
       sysctl.obj                     694     108       0      
       adc.obj                        352     0         0      
       uart.obj                       142     0         0      
       ssi.obj                        116     0         0      
       i2c.obj                        114     0         0      
       systick.obj                    84      0         0      
    +--+------------------------------+-------+---------+---------+
       Total:                         2468    428       620    
                                                               
    C:\ti\ccs1281\ccs\tools\compiler\ti-cgt-arm_20.2.7.LTS\lib\rtsv7M4_T_le_v4SPD16_eabi.lib
       memcpy_t2.asm.obj              156     0         0      
       memset_t2.asm.obj              122     0         0      
       copy_decompress_lzss.c.obj     104     0         0      
       autoinit.c.obj                 68      0         0      
       u_divt2.asm.obj                64      0         0      
       boot_cortex_m.c.obj            52      0         0      
       strcpy.c.obj                   20      0         0      
       copy_decompress_none.c.obj     14      0         0      
       copy_zero_init.c.obj           12      0         0      
       exit.c.obj                     4       0         0      
       pre_init.c.obj                 4       0         0      
       div0.asm.obj                   2       0         0      
    +--+------------------------------+-------+---------+---------+
       Total:                         622     0         0      
                                                               
       Stack:                         0       0         512    
       Linker Generated:              0       76        0      
    +--+------------------------------+-------+---------+---------+
       Grand Total:                   10748   1170      26648  


LINKER GENERATED COPY TABLES

__TI_cinit_table @ 00002e88 records: 3, size/record: 8, table size: 24
	.data: load addr=00002e50, load size=00000018 bytes, run addr=20006808, run size=00000014 bytes, compression=lzss
	.bss: load addr=00002e78, load size=00000008 bytes, run addr=2000026c, run size=00006398 bytes, compression=zero_init
	.vtable: load addr=00002e80, load size=00000008 bytes, run addr=20000000, run size=0000026c bytes, compression=zero_init


LINKER GENERATED HANDLER TABLE

__TI_handler_table @ 00002e68 records: 3, size/record: 4, table size: 12
	index: 0, handler: __TI_zero_init
	index: 1, handler: __TI_decompress_lzss
	index: 2, handler: __TI_decompress_none


GLOBAL SYMBOLS: SORTED ALPHABETICALLY BY Name 

address   name                          
-------   ----                          
00002be1  ADCIntClear                   
00002b5d  ADCIntDisable                 
00002969  ADCIntStatus                  
00002a5f  ADCProcessorTrigger           
0000266d  ADCSequenceConfigure          
00002a09  ADCSequenceDataGet            
00002b6b  ADCSequenceDisable            
00002b79  ADCSequenceEnable             
0000233d  ADCSequenceStepConfigure      
0000171d  BK_GPIOD_Handler              
000017e7  BK_GPIOE_Handler              
0000166d  BK_Init                       
000016c9  BK_Update                     
00001737  Box_Mov                       
00002c6d  C$$EXIT                       
200065e0  CurrentlyRunningThread        
00002b8f  EndCriticalSection            
00000b19  G8RTOS_AddThread              
00000ced  G8RTOS_Add_APeriodicEvent     
00000d61  G8RTOS_Add_PeriodicEvent      
00000f07  G8RTOS_GetNumberOfThreads     
00000eff  G8RTOS_GetThreadID            
00000a61  G8RTOS_Init                   
000021f9  G8RTOS_InitSemaphore          
00000eb1  G8RTOS_KillSelf               
00000e17  G8RTOS_KillThread             
00000a7b  G8RTOS_Launch                 
00000a9f  G8RTOS_Scheduler              
0000224d  G8RTOS_SignalSemaphore        
00002621  G8RTOS_Start                  
0000220b  G8RTOS_WaitSemaphore          
00002997  GPIODirModeSet                
00002c3f  GPIOIntClear                  
00002b95  GPIOIntDisable                
00002bb1  GPIOIntEnable                 
000025c5  GPIOIntTypeSet                
00001c61  GPIOPadConfigSet              
000026bd  GPIOPinConfigure              
00002c45  GPIOPinRead                   
00002a77  GPIOPinTypeADC                
00002a8d  GPIOPinTypeGPIOInput          
00002a45  GPIOPinTypeGPIOOutput         
00002aa3  GPIOPinTypeI2C                
00002ab9  GPIOPinTypeI2CSCL             
00002acf  GPIOPinTypeSSI                
00002ae5  GPIOPinTypeUART               
00002c4b  GPIOPinWrite                  
000016d7  Get_Joystick_BK               
00002c27  I2CMasterBusy                 
00002c5d  I2CMasterControl              
00002c61  I2CMasterDataGet              
00002c65  I2CMasterDataPut              
00002beb  I2CMasterEnable               
00002709  I2CMasterInitExpClk           
00002c2f  I2CMasterSlaveAddrSet         
00001849  I2C_Init                      
000019d9  I2C_ReadMultiple              
000018fb  I2C_ReadSingle                
0000192b  I2C_WriteMultiple             
000018c5  I2C_WriteSingle               
200065e4  IBit_State                    
0000166b  Idle_Thread_Breakout          
00002431  IntEnable                     
000029c5  IntPrioritySet                
000028cd  IntRegister                   
0000208f  JOYSTICK_GetPress             
0000209d  JOYSTICK_GetX                 
000020b9  JOYSTICK_GetXY                
000020ab  JOYSTICK_GetY                 
00001ffd  JOYSTICK_Init                 
00002059  JOYSTICK_IntEnable            
00002545  MultimodButtons_Get           
00002501  MultimodButtons_Init          
00002643  PendSV_Handler                
00002bd5  ResetISR                      
000016eb  Restart_BK                    
00001ac1  SPI_Init                      
00001be3  SPI_ReadMultiple              
00001b5b  SPI_ReadSingle                
00001b83  SPI_WriteMultiple             
00001b3d  SPI_WriteSingle               
00002c37  SSIBusy                       
00002c51  SSIClockSourceSet             
00002821  SSIConfigSetExpClk            
00002bbd  SSIDataGet                    
00002bf5  SSIDataPut                    
00002bff  SSIDisable                    
00002c09  SSIEnable                     
0000027b  ST7789_Deselect               
00000449  ST7789_DrawHLine              
000007d9  ST7789_DrawLine               
0000076b  ST7789_DrawPixel              
000008a9  ST7789_DrawRectangle          
000003b3  ST7789_DrawVLine              
000007bd  ST7789_Fill                   
0000069b  ST7789_Init                   
000004fd  ST7789_Line                   
000002d1  ST7789_ReadRegister           
0000026d  ST7789_Select                 
00000297  ST7789_SetCommand             
00000289  ST7789_SetData                
000002e7  ST7789_SetWindow              
000002a5  ST7789_WriteCommand           
000002bb  ST7789_WriteData              
00000f2d  SetInitialStack               
00002b87  StartCriticalSection          
00001dcd  SysCtlClockGet                
00002105  SysCtlClockSet                
00002c57  SysCtlDelay                   
00002901  SysCtlPeripheralEnable        
0000285d  SysCtlPeripheralPresent       
00002895  SysCtlPeripheralReady         
00002afd  SysTickEnable                 
00002b11  SysTickIntEnable              
00002a29  SysTickIntRegister            
00002b4d  SysTickPeriodSet              
000009cb  SysTick_Handler               
200065e8  SystemTime                    
00002c13  UARTCharGet                   
00002c1d  UARTCharPut                   
00002755  UARTConfigSetExpClk           
000029e9  UARTDisable                   
00002b25  UARTEnable                    
00001061  UARTStdioConfig               
00002569  UART_Init                     
000011b1  UARTgetc                      
000010f7  UARTgets                      
000014d3  UARTprintf                    
000011d9  UARTvprintf                   
000010a7  UARTwrite                     
20006808  __STACK_END                   
00000200  __STACK_SIZE                  
20006808  __STACK_TOP                   
00002e88  __TI_CINIT_Base               
00002ea0  __TI_CINIT_Limit              
00002e68  __TI_Handler_Table_Base       
00002e74  __TI_Handler_Table_Limit      
0000279d  __TI_auto_init_nobinit_nopinit
00002499  __TI_decompress_lzss          
00002ba3  __TI_decompress_none          
ffffffff  __TI_pprof_out_hndl           
ffffffff  __TI_prof_data_size           
ffffffff  __TI_prof_data_start          
00000000  __TI_static_base__            
00002bc9  __TI_zero_init                
000026bb  __aeabi_idiv0                 
000026bb  __aeabi_ldiv0                 
000023b7  __aeabi_memclr                
000023b7  __aeabi_memclr4               
000023b7  __aeabi_memclr8               
000022a1  __aeabi_memcpy                
000022a1  __aeabi_memcpy4               
000022a1  __aeabi_memcpy8               
000023b9  __aeabi_memset                
000023b9  __aeabi_memset4               
000023b9  __aeabi_memset8               
000027e1  __aeabi_uidiv                 
000027e1  __aeabi_uidivmod              
ffffffff  __binit__                     
ffffffff  __c_args__                    
UNDEFED   __mpu_init                    
20006608  __stack                       
20000000  __start___llvm_prf_cnts       
20000000  __stop___llvm_prf_cnts        
00002935  _c_int00_noargs               
UNDEFED   _system_post_cinit            
00002c69  _system_pre_init              
00002c6d  abort                         
2000681b  aliveCount                    
ffffffff  binit                         
0000067d  delay_ms                      
00001509  draw_block_bk                 
00001611  draw_rect_bottom              
00001539  draw_segments                 
20000000  g_pfnRAMVectors               
00000000  g_pfnVectors                  
00001ef9  main                          
000022a1  memcpy                        
000023bf  memset                        
200065ec  sem_I2CA                      
200065f0  sem_JOY                       
200065f4  sem_KillCube                  
200065f8  sem_PCA9555                   
200065fc  sem_SPI                       
20006600  sem_UART                      
00000ed5  sleep                         
00002b39  strcpy                        


GLOBAL SYMBOLS: SORTED BY Symbol Address 

address   name                          
-------   ----                          
00000000  __TI_static_base__            
00000000  g_pfnVectors                  
00000200  __STACK_SIZE                  
0000026d  ST7789_Select                 
0000027b  ST7789_Deselect               
00000289  ST7789_SetData                
00000297  ST7789_SetCommand             
000002a5  ST7789_WriteCommand           
000002bb  ST7789_WriteData              
000002d1  ST7789_ReadRegister           
000002e7  ST7789_SetWindow              
000003b3  ST7789_DrawVLine              
00000449  ST7789_DrawHLine              
000004fd  ST7789_Line                   
0000067d  delay_ms                      
0000069b  ST7789_Init                   
0000076b  ST7789_DrawPixel              
000007bd  ST7789_Fill                   
000007d9  ST7789_DrawLine               
000008a9  ST7789_DrawRectangle          
000009cb  SysTick_Handler               
00000a61  G8RTOS_Init                   
00000a7b  G8RTOS_Launch                 
00000a9f  G8RTOS_Scheduler              
00000b19  G8RTOS_AddThread              
00000ced  G8RTOS_Add_APeriodicEvent     
00000d61  G8RTOS_Add_PeriodicEvent      
00000e17  G8RTOS_KillThread             
00000eb1  G8RTOS_KillSelf               
00000ed5  sleep                         
00000eff  G8RTOS_GetThreadID            
00000f07  G8RTOS_GetNumberOfThreads     
00000f2d  SetInitialStack               
00001061  UARTStdioConfig               
000010a7  UARTwrite                     
000010f7  UARTgets                      
000011b1  UARTgetc                      
000011d9  UARTvprintf                   
000014d3  UARTprintf                    
00001509  draw_block_bk                 
00001539  draw_segments                 
00001611  draw_rect_bottom              
0000166b  Idle_Thread_Breakout          
0000166d  BK_Init                       
000016c9  BK_Update                     
000016d7  Get_Joystick_BK               
000016eb  Restart_BK                    
0000171d  BK_GPIOD_Handler              
00001737  Box_Mov                       
000017e7  BK_GPIOE_Handler              
00001849  I2C_Init                      
000018c5  I2C_WriteSingle               
000018fb  I2C_ReadSingle                
0000192b  I2C_WriteMultiple             
000019d9  I2C_ReadMultiple              
00001ac1  SPI_Init                      
00001b3d  SPI_WriteSingle               
00001b5b  SPI_ReadSingle                
00001b83  SPI_WriteMultiple             
00001be3  SPI_ReadMultiple              
00001c61  GPIOPadConfigSet              
00001dcd  SysCtlClockGet                
00001ef9  main                          
00001ffd  JOYSTICK_Init                 
00002059  JOYSTICK_IntEnable            
0000208f  JOYSTICK_GetPress             
0000209d  JOYSTICK_GetX                 
000020ab  JOYSTICK_GetY                 
000020b9  JOYSTICK_GetXY                
00002105  SysCtlClockSet                
000021f9  G8RTOS_InitSemaphore          
0000220b  G8RTOS_WaitSemaphore          
0000224d  G8RTOS_SignalSemaphore        
000022a1  __aeabi_memcpy                
000022a1  __aeabi_memcpy4               
000022a1  __aeabi_memcpy8               
000022a1  memcpy                        
0000233d  ADCSequenceStepConfigure      
000023b7  __aeabi_memclr                
000023b7  __aeabi_memclr4               
000023b7  __aeabi_memclr8               
000023b9  __aeabi_memset                
000023b9  __aeabi_memset4               
000023b9  __aeabi_memset8               
000023bf  memset                        
00002431  IntEnable                     
00002499  __TI_decompress_lzss          
00002501  MultimodButtons_Init          
00002545  MultimodButtons_Get           
00002569  UART_Init                     
000025c5  GPIOIntTypeSet                
00002621  G8RTOS_Start                  
00002643  PendSV_Handler                
0000266d  ADCSequenceConfigure          
000026bb  __aeabi_idiv0                 
000026bb  __aeabi_ldiv0                 
000026bd  GPIOPinConfigure              
00002709  I2CMasterInitExpClk           
00002755  UARTConfigSetExpClk           
0000279d  __TI_auto_init_nobinit_nopinit
000027e1  __aeabi_uidiv                 
000027e1  __aeabi_uidivmod              
00002821  SSIConfigSetExpClk            
0000285d  SysCtlPeripheralPresent       
00002895  SysCtlPeripheralReady         
000028cd  IntRegister                   
00002901  SysCtlPeripheralEnable        
00002935  _c_int00_noargs               
00002969  ADCIntStatus                  
00002997  GPIODirModeSet                
000029c5  IntPrioritySet                
000029e9  UARTDisable                   
00002a09  ADCSequenceDataGet            
00002a29  SysTickIntRegister            
00002a45  GPIOPinTypeGPIOOutput         
00002a5f  ADCProcessorTrigger           
00002a77  GPIOPinTypeADC                
00002a8d  GPIOPinTypeGPIOInput          
00002aa3  GPIOPinTypeI2C                
00002ab9  GPIOPinTypeI2CSCL             
00002acf  GPIOPinTypeSSI                
00002ae5  GPIOPinTypeUART               
00002afd  SysTickEnable                 
00002b11  SysTickIntEnable              
00002b25  UARTEnable                    
00002b39  strcpy                        
00002b4d  SysTickPeriodSet              
00002b5d  ADCIntDisable                 
00002b6b  ADCSequenceDisable            
00002b79  ADCSequenceEnable             
00002b87  StartCriticalSection          
00002b8f  EndCriticalSection            
00002b95  GPIOIntDisable                
00002ba3  __TI_decompress_none          
00002bb1  GPIOIntEnable                 
00002bbd  SSIDataGet                    
00002bc9  __TI_zero_init                
00002bd5  ResetISR                      
00002be1  ADCIntClear                   
00002beb  I2CMasterEnable               
00002bf5  SSIDataPut                    
00002bff  SSIDisable                    
00002c09  SSIEnable                     
00002c13  UARTCharGet                   
00002c1d  UARTCharPut                   
00002c27  I2CMasterBusy                 
00002c2f  I2CMasterSlaveAddrSet         
00002c37  SSIBusy                       
00002c3f  GPIOIntClear                  
00002c45  GPIOPinRead                   
00002c4b  GPIOPinWrite                  
00002c51  SSIClockSourceSet             
00002c57  SysCtlDelay                   
00002c5d  I2CMasterControl              
00002c61  I2CMasterDataGet              
00002c65  I2CMasterDataPut              
00002c69  _system_pre_init              
00002c6d  C$$EXIT                       
00002c6d  abort                         
00002e68  __TI_Handler_Table_Base       
00002e74  __TI_Handler_Table_Limit      
00002e88  __TI_CINIT_Base               
00002ea0  __TI_CINIT_Limit              
20000000  __start___llvm_prf_cnts       
20000000  __stop___llvm_prf_cnts        
20000000  g_pfnRAMVectors               
200065e0  CurrentlyRunningThread        
200065e4  IBit_State                    
200065e8  SystemTime                    
200065ec  sem_I2CA                      
200065f0  sem_JOY                       
200065f4  sem_KillCube                  
200065f8  sem_PCA9555                   
200065fc  sem_SPI                       
20006600  sem_UART                      
20006608  __stack                       
20006808  __STACK_END                   
20006808  __STACK_TOP                   
2000681b  aliveCount                    
ffffffff  __TI_pprof_out_hndl           
ffffffff  __TI_prof_data_size           
ffffffff  __TI_prof_data_start          
ffffffff  __binit__                     
ffffffff  __c_args__                    
ffffffff  binit                         
UNDEFED   __mpu_init                    
UNDEFED   _system_post_cinit            

[187 symbols]
