******************************************************************************
                  TI ARM Linker PC v20.2.7                     
******************************************************************************
>> Linked Thu Oct 30 07:03:35 2025

OUTPUT FILE NAME:   <Lab4_F2025.out>
ENTRY POINT SYMBOL: "_c_int00_noargs"  address: 00004b51


MEMORY CONFIGURATION

         name            origin    length      used     unused   attr    fill
----------------------  --------  ---------  --------  --------  ----  --------
  FLASH                 00000000   00040000  0000523e  0003adc2  R  X
  SRAM                  20000000   00008000  000069f4  0000160c  RW X


SEGMENT ALLOCATION MAP

run origin  load origin   length   init length attrs members
----------  ----------- ---------- ----------- ----- -------
00000000    00000000    00005240   00005240    r-x
  00000000    00000000    0000026c   0000026c    r-- .intvecs
  0000026c    0000026c    00004d7e   00004d7e    r-x .text
  00004fec    00004fec    000001f4   000001f4    r-- .const
  000051e0    000051e0    00000060   00000060    r-- .cinit
20000000    20000000    000069f4   00000000    rw-
  20000000    20000000    0000026c   00000000    rw- .vtable
  2000026c    2000026c    0000651c   00000000    rw- .bss
  20006788    20006788    00000200   00000000    rw- .stack
  20006988    20006988    0000006c   00000000    rw- .data


SECTION ALLOCATION MAP

 output                                  attributes/
section   page    origin      length       input sections
--------  ----  ----------  ----------   ----------------
.intvecs   0    00000000    0000026c     
                  00000000    0000026c     tm4c123gh6pm_startup_ccs.obj (.intvecs)

.text      0    0000026c    00004d7e     
                  0000026c    00000c70     threads.obj (.text)
                  00000edc    00000734     multimod_ST7789.obj (.text)
                  00001610    000006c0     G8RTOS_Scheduler.obj (.text)
                  00001cd0    0000058c     rtsv7M4_T_le_v4SPD16_eabi.lib : e_powf.c.obj (.text:powf)
                  0000225c    000004a8     uartstdio.obj (.text)
                  00002704    00000338     quaternions.obj (.text)
                  00002a3c    000002c8     multimod_BMI160.obj (.text)
                  00002d04    00000294     linalg.obj (.text)
                  00002f98    00000278     multimod_i2c.obj (.text)
                  00003210    00000268     cube.obj (.text)
                  00003478    00000238     G8RTOS_IPC.obj (.text)
                  000036b0    000001a0     multimod_spi.obj (.text)
                  00003850    00000178     multimod_LaunchpadLED.obj (.text)
                  000039c8    0000016c     driverlib.lib : gpio.obj (.text:GPIOPadConfigSet)
                  00003b34    00000138     multimod_OPT3001.obj (.text)
                  00003c6c    00000118     driverlib.lib : sysctl.obj (.text:SysCtlClockGet)
                  00003d84    0000010c     lab4_4.obj (.text)
                  00003e90    00000108     multimod_joystick.obj (.text)
                  00003f98    000000fc     rtsv7M4_T_le_v4SPD16_eabi.lib : fd_mul_t2.asm.obj (.text)
                  00004094    000000f4     driverlib.lib : sysctl.obj (.text:SysCtlClockSet)
                  00004188    000000d0     rtsv7M4_T_le_v4SPD16_eabi.lib : s_scalbnf.c.obj (.text:scalbnf)
                  00004258    000000a8     G8RTOS_Semaphores.obj (.text)
                  00004300    0000009c     rtsv7M4_T_le_v4SPD16_eabi.lib : memcpy_t2.asm.obj (.text)
                  0000439c    00000086                                   : fd_cmp_t2.asm.obj (.text:__aeabi_cdcmple)
                  00004422    0000007a     driverlib.lib : adc.obj (.text:ADCSequenceStepConfigure)
                  0000449c    0000007a     rtsv7M4_T_le_v4SPD16_eabi.lib : memset_t2.asm.obj (.text)
                  00004516    00000002                                   : _lock.c.obj (.text:_nop)
                  00004518    00000068     driverlib.lib : interrupt.obj (.text:IntEnable)
                  00004580    00000068     rtsv7M4_T_le_v4SPD16_eabi.lib : copy_decompress_lzss.c.obj (.text:decompress:lzss:__TI_decompress_lzss)
                  000045e8    00000068     multimod_buttons.obj (.text)
                  00004650    0000005c     multimod_uart.obj (.text)
                  000046ac    00000058     driverlib.lib : gpio.obj (.text:GPIOIntTypeSet)
                  00004704    00000050     G8RTOS_SchedulerASM.obj (.text)
                  00004754    0000004e     driverlib.lib : adc.obj (.text:ADCSequenceConfigure)
                  000047a2    00000002     rtsv7M4_T_le_v4SPD16_eabi.lib : div0.asm.obj (.text)
                  000047a4    0000004c     driverlib.lib : gpio.obj (.text:GPIOPinConfigure)
                  000047f0    0000004c                   : i2c.obj (.text:I2CMasterInitExpClk)
                  0000483c    00000048     rtsv7M4_T_le_v4SPD16_eabi.lib : hosttime.c.obj (.text:HOSTtime)
                  00004884    00000048                                   : fd_toi_t2.asm.obj (.text)
                  000048cc    00000046     driverlib.lib : uart.obj (.text:UARTConfigSetExpClk)
                  00004912    00000002     --HOLE-- [fill = 0]
                  00004914    00000044     rtsv7M4_T_le_v4SPD16_eabi.lib : autoinit.c.obj (.text:__TI_auto_init_nobinit_nopinit:__TI_auto_init_nobinit_nopinit)
                  00004958    00000040                                   : u_divt2.asm.obj (.text)
                  00004998    0000003c     driverlib.lib : ssi.obj (.text:SSIConfigSetExpClk)
                  000049d4    00000038                   : sysctl.obj (.text:SysCtlPeripheralPresent)
                  00004a0c    00000038                   : sysctl.obj (.text:SysCtlPeripheralReady)
                  00004a44    00000038     rtsv7M4_T_le_v4SPD16_eabi.lib : trgmsg.c.obj (.text:__TI_writemsg)
                  00004a7c    00000038                                   : fs_tod_t2.asm.obj (.text)
                  00004ab4    00000034     driverlib.lib : interrupt.obj (.text:IntRegister)
                  00004ae8    00000034                   : sysctl.obj (.text:SysCtlPeripheralEnable)
                  00004b1c    00000034     rtsv7M4_T_le_v4SPD16_eabi.lib : trgmsg.c.obj (.text:__TI_readmsg)
                  00004b50    00000034                                   : boot_cortex_m.c.obj (.text:_c_int00_noargs:_c_int00_noargs)
                  00004b84    00000034                                   : rand.c.obj (.text:rand)
                  00004bb8    0000002e     driverlib.lib : adc.obj (.text:ADCIntStatus)
                  00004be6    0000002e     rtsv7M4_T_le_v4SPD16_eabi.lib : i_tofd_t2.asm.obj (.text)
                  00004c14    0000002c     driverlib.lib : gpio.obj (.text:GPIODirModeSet)
                  00004c40    00000028     rtsv7M4_T_le_v4SPD16_eabi.lib : e_sqrtf.c.obj (.text:sqrtf)
                  00004c68    00000024     driverlib.lib : interrupt.obj (.text:IntPrioritySet)
                  00004c8c    00000024     rtsv7M4_T_le_v4SPD16_eabi.lib : rand.c.obj (.text:srand)
                  00004cb0    00000022     driverlib.lib : pwm.obj (.text:PWMGenConfigure)
                  00004cd2    00000002     --HOLE-- [fill = 0]
                  00004cd4    00000020                   : uart.obj (.text:UARTDisable)
                  00004cf4    0000001e                   : adc.obj (.text:ADCSequenceDataGet)
                  00004d12    0000001e                   : pwm.obj (.text:PWMPulseWidthSet)
                  00004d30    0000001c                   : systick.obj (.text:SysTickIntRegister)
                  00004d4c    0000001a                   : gpio.obj (.text:GPIOPinTypeGPIOOutput)
                  00004d66    00000018                   : adc.obj (.text:ADCProcessorTrigger)
                  00004d7e    00000018     rtsv7M4_T_le_v4SPD16_eabi.lib : s_copysignf.c.obj (.text:copysignf)
                  00004d96    00000016     driverlib.lib : gpio.obj (.text:GPIOPinTypeADC)
                  00004dac    00000016                   : gpio.obj (.text:GPIOPinTypeGPIOInput)
                  00004dc2    00000016                   : gpio.obj (.text:GPIOPinTypeI2C)
                  00004dd8    00000016                   : gpio.obj (.text:GPIOPinTypeI2CSCL)
                  00004dee    00000016                   : gpio.obj (.text:GPIOPinTypePWM)
                  00004e04    00000016                   : gpio.obj (.text:GPIOPinTypeSSI)
                  00004e1a    00000016                   : gpio.obj (.text:GPIOPinTypeUART)
                  00004e30    00000014                   : systick.obj (.text:SysTickEnable)
                  00004e44    00000014                   : systick.obj (.text:SysTickIntEnable)
                  00004e58    00000014                   : uart.obj (.text:UARTEnable)
                  00004e6c    00000014     rtsv7M4_T_le_v4SPD16_eabi.lib : strcpy.c.obj (.text:strcpy)
                  00004e80    00000012     driverlib.lib : pwm.obj (.text:PWMOutputState)
                  00004e92    00000010                   : pwm.obj (.text:PWMGenPeriodSet)
                  00004ea2    00000002     --HOLE-- [fill = 0]
                  00004ea4    00000010                   : systick.obj (.text:SysTickPeriodSet)
                  00004eb4    0000000e                   : adc.obj (.text:ADCIntDisable)
                  00004ec2    0000000e                   : adc.obj (.text:ADCSequenceDisable)
                  00004ed0    0000000e                   : adc.obj (.text:ADCSequenceEnable)
                  00004ede    0000000e     G8RTOS_CriticalSection.obj (.text)
                  00004eec    0000000e     driverlib.lib : gpio.obj (.text:GPIOIntDisable)
                  00004efa    0000000e     rtsv7M4_T_le_v4SPD16_eabi.lib : time.c.obj (.text:__time32)
                  00004f08    0000000e                                   : copy_decompress_none.c.obj (.text:decompress:none:__TI_decompress_none)
                  00004f16    0000000c     driverlib.lib : gpio.obj (.text:GPIOIntEnable)
                  00004f22    0000000c                   : pwm.obj (.text:PWMGenEnable)
                  00004f2e    0000000c                   : ssi.obj (.text:SSIDataGet)
                  00004f3a    0000000c     rtsv7M4_T_le_v4SPD16_eabi.lib : copy_zero_init.c.obj (.text:decompress:ZI:__TI_zero_init)
                  00004f46    0000000c     tm4c123gh6pm_startup_ccs.obj (.text)
                  00004f52    0000000a     driverlib.lib : adc.obj (.text:ADCIntClear)
                  00004f5c    0000000a                   : i2c.obj (.text:I2CMasterEnable)
                  00004f66    0000000a                   : ssi.obj (.text:SSIDataPut)
                  00004f70    0000000a                   : ssi.obj (.text:SSIDisable)
                  00004f7a    0000000a                   : ssi.obj (.text:SSIEnable)
                  00004f84    0000000a                   : uart.obj (.text:UARTCharGet)
                  00004f8e    0000000a                   : uart.obj (.text:UARTCharPut)
                  00004f98    00000008                   : i2c.obj (.text:I2CMasterBusy)
                  00004fa0    00000008                   : i2c.obj (.text:I2CMasterSlaveAddrSet)
                  00004fa8    00000008                   : ssi.obj (.text:SSIBusy)
                  00004fb0    00000008     rtsv7M4_T_le_v4SPD16_eabi.lib : errno.c.obj (.text:__aeabi_errno_addr)
                  00004fb8    00000006     driverlib.lib : gpio.obj (.text:GPIOIntClear)
                  00004fbe    00000006                   : gpio.obj (.text:GPIOPinRead)
                  00004fc4    00000006                   : gpio.obj (.text:GPIOPinWrite)
                  00004fca    00000006                   : ssi.obj (.text:SSIClockSourceSet)
                  00004fd0    00000006                   : sysctl.obj (.text:SysCtlDelay)
                  00004fd6    00000004                   : i2c.obj (.text:I2CMasterControl)
                  00004fda    00000004                   : i2c.obj (.text:I2CMasterDataGet)
                  00004fde    00000004                   : i2c.obj (.text:I2CMasterDataPut)
                  00004fe2    00000004     rtsv7M4_T_le_v4SPD16_eabi.lib : pre_init.c.obj (.text:_system_pre_init)
                  00004fe6    00000004                                   : exit.c.obj (.text:abort:abort)

.const     0    00004fec    000001f4     
                  00004fec    0000009c     driverlib.lib : interrupt.obj (.const:g_pui32Regs)
                  00005088    00000090                   : gpio.obj (.const:g_pui32GPIOBaseAddrs)
                  00005118    0000006c                   : sysctl.obj (.const:g_pui32Xtals)
                  00005184    00000018     rtsv7M4_T_le_v4SPD16_eabi.lib : e_powf.c.obj (.const:$O1$$)
                  0000519c    00000014     driverlib.lib : interrupt.obj (.const:g_pui32EnRegs)
                  000051b0    00000012     uartstdio.obj (.const:.string)
                  000051c2    00000002     --HOLE-- [fill = 0]
                  000051c4    0000000c     uartstdio.obj (.const:g_ui32UARTBase)
                  000051d0    0000000c     uartstdio.obj (.const:g_ui32UARTPeriph)
                  000051dc    00000004     uartstdio.obj (.const)

.cinit     0    000051e0    00000060     
                  000051e0    00000027     (.cinit..data.load) [load image, compression = lzss]
                  00005207    00000001     --HOLE-- [fill = 0]
                  00005208    0000000c     (__TI_handler_table)
                  00005214    00000004     --HOLE-- [fill = 0]
                  00005218    00000008     (.cinit..bss.load) [load image, compression = zero_init]
                  00005220    00000008     (.cinit..vtable.load) [load image, compression = zero_init]
                  00005228    00000018     (__TI_cinit_table)

.init_array 
*          0    00000000    00000000     UNINITIALIZED

.vtable    0    20000000    0000026c     UNINITIALIZED
                  20000000    0000026c     driverlib.lib : interrupt.obj (.vtable)

.bss       0    2000026c    0000651c     UNINITIALIZED
                  2000026c    00006000     G8RTOS_Scheduler.obj (.bss:threadStacks)
                  2000626c    00000210     G8RTOS_Scheduler.obj (.bss:threadControlBlocks)
                  2000647c    00000150     G8RTOS_IPC.obj (.bss:FIFOs)
                  200065cc    00000120     rtsv7M4_T_le_v4SPD16_eabi.lib : trgmsg.c.obj (.bss:_CIOBUF_)
                  200066ec    00000048     G8RTOS_Scheduler.obj (.bss:ptcbs)
                  20006734    00000010     G8RTOS_Scheduler.obj (.bss)
                  20006744    00000010     (.common:world_camera_frame_rot_offset)
                  20006754    00000008     (.common:parmbuf)
                  2000675c    00000004     (.common:CurrentlyRunningThread)
                  20006760    00000004     (.common:IBit_State)
                  20006764    00000004     (.common:SystemTime)
                  20006768    00000004     (.common:pulse_width)
                  2000676c    00000004     (.common:sem_I2CA)
                  20006770    00000004     (.common:sem_JOY)
                  20006774    00000004     (.common:sem_KillCube)
                  20006778    00000004     (.common:sem_PCA9555)
                  2000677c    00000004     (.common:sem_SPI)
                  20006780    00000004     (.common:sem_SW1)
                  20006784    00000004     (.common:sem_UART)

.data      0    20006988    0000006c     UNINITIALIZED
                  20006988    00000012     threads.obj (.data)
                  2000699a    00000001     G8RTOS_Scheduler.obj (.data)
                  2000699b    00000001     --HOLE--
                  2000699c    00000010     threads.obj (.data:world_camera_frame_offset)
                  200069ac    00000010     threads.obj (.data:world_camera_pos)
                  200069bc    00000010     threads.obj (.data:world_view_rot)
                  200069cc    00000010     threads.obj (.data:world_view_rot_inverse)
                  200069dc    00000008     rtsv7M4_T_le_v4SPD16_eabi.lib : _lock.c.obj (.data:$O1$$)
                  200069e4    00000005     uartstdio.obj (.data)
                  200069e9    00000003     --HOLE--
                  200069ec    00000004     rtsv7M4_T_le_v4SPD16_eabi.lib : errno.c.obj (.data)
                  200069f0    00000004                                   : rand.c.obj (.data)

.stack     0    20006788    00000200     UNINITIALIZED
                  20006788    00000004     rtsv7M4_T_le_v4SPD16_eabi.lib : boot_cortex_m.c.obj (.stack)
                  2000678c    000001fc     --HOLE--

__llvm_prf_cnts 
*          0    20000000    00000000     UNINITIALIZED

MODULE SUMMARY

       Module                         code    ro data   rw data
       ------                         ----    -------   -------
    .\
       threads.obj                    3184    0         98     
       uartstdio.obj                  1192    46        5      
       tm4c123gh6pm_startup_ccs.obj   12      620       0      
       lab4_4.obj                     268     0         32     
    +--+------------------------------+-------+---------+---------+
       Total:                         4656    666       135    
                                                               
    .\G8RTOS\src\
       G8RTOS_Scheduler.obj           1728    0         25201  
       G8RTOS_IPC.obj                 568     0         336    
       G8RTOS_Semaphores.obj          168     0         0      
       G8RTOS_SchedulerASM.obj        80      0         0      
       G8RTOS_CriticalSection.obj     14      0         0      
    +--+------------------------------+-------+---------+---------+
       Total:                         2558    0         25537  
                                                               
    .\MiscFunctions\LinAlg\src\
       quaternions.obj                824     0         0      
       linalg.obj                     660     0         0      
    +--+------------------------------+-------+---------+---------+
       Total:                         1484    0         0      
                                                               
    .\MiscFunctions\Shapes\src\
       cube.obj                       616     0         0      
    +--+------------------------------+-------+---------+---------+
       Total:                         616     0         0      
                                                               
    .\MultimodDrivers\src\
       multimod_ST7789.obj            1844    0         0      
       multimod_BMI160.obj            712     0         0      
       multimod_i2c.obj               632     0         0      
       multimod_spi.obj               416     0         0      
       multimod_LaunchpadLED.obj      376     0         4      
       multimod_OPT3001.obj           312     0         0      
       multimod_joystick.obj          264     0         0      
       multimod_buttons.obj           104     0         0      
       multimod_uart.obj              92      0         0      
    +--+------------------------------+-------+---------+---------+
       Total:                         4752    0         4      
                                                               
    C:/ti/TivaWare_C_Series-2.2.0.295/driverlib/ccs/Debug/driverlib.lib
       interrupt.obj                  192     176       620    
       gpio.obj                       796     144       0      
       sysctl.obj                     694     108       0      
       adc.obj                        352     0         0      
       uart.obj                       142     0         0      
       ssi.obj                        116     0         0      
       i2c.obj                        114     0         0      
       pwm.obj                        110     0         0      
       systick.obj                    84      0         0      
    +--+------------------------------+-------+---------+---------+
       Total:                         2600    428       620    
                                                               
    C:\ti\ccs1281\ccs\tools\compiler\ti-cgt-arm_20.2.7.LTS\lib\rtsv7M4_T_le_v4SPD16_eabi.lib
       e_powf.c.obj                   1420    24        0      
       trgmsg.c.obj                   108     0         288    
       fd_mul_t2.asm.obj              252     0         0      
       s_scalbnf.c.obj                208     0         0      
       memcpy_t2.asm.obj              156     0         0      
       fd_cmp_t2.asm.obj              134     0         0      
       memset_t2.asm.obj              122     0         0      
       copy_decompress_lzss.c.obj     104     0         0      
       rand.c.obj                     88      0         4      
       fd_toi_t2.asm.obj              72      0         0      
       hosttime.c.obj                 72      0         0      
       autoinit.c.obj                 68      0         0      
       u_divt2.asm.obj                64      0         0      
       fs_tod_t2.asm.obj              56      0         0      
       boot_cortex_m.c.obj            52      0         0      
       i_tofd_t2.asm.obj              46      0         0      
       e_sqrtf.c.obj                  40      0         0      
       s_copysignf.c.obj              24      0         0      
       strcpy.c.obj                   20      0         0      
       copy_decompress_none.c.obj     14      0         0      
       time.c.obj                     14      0         0      
       copy_zero_init.c.obj           12      0         0      
       errno.c.obj                    8       0         4      
       _lock.c.obj                    2       0         8      
       hostopen.c.obj                 0       0         8      
       exit.c.obj                     4       0         0      
       pre_init.c.obj                 4       0         0      
       div0.asm.obj                   2       0         0      
    +--+------------------------------+-------+---------+---------+
       Total:                         3166    24        312    
                                                               
       Stack:                         0       0         512    
       Linker Generated:              0       91        0      
    +--+------------------------------+-------+---------+---------+
       Grand Total:                   19832   1209      27120  


LINKER GENERATED COPY TABLES

__TI_cinit_table @ 00005228 records: 3, size/record: 8, table size: 24
	.data: load addr=000051e0, load size=00000027 bytes, run addr=20006988, run size=0000006c bytes, compression=lzss
	.bss: load addr=00005218, load size=00000008 bytes, run addr=2000026c, run size=0000651c bytes, compression=zero_init
	.vtable: load addr=00005220, load size=00000008 bytes, run addr=20000000, run size=0000026c bytes, compression=zero_init


LINKER GENERATED HANDLER TABLE

__TI_handler_table @ 00005208 records: 3, size/record: 4, table size: 12
	index: 0, handler: __TI_zero_init
	index: 1, handler: __TI_decompress_lzss
	index: 2, handler: __TI_decompress_none


GLOBAL SYMBOLS: SORTED ALPHABETICALLY BY Name 

address   name                          
-------   ----                          
00004f53  ADCIntClear                   
00004eb5  ADCIntDisable                 
00004bb9  ADCIntStatus                  
00004d67  ADCProcessorTrigger           
00004755  ADCSequenceConfigure          
00004cf5  ADCSequenceDataGet            
00004ec3  ADCSequenceDisable            
00004ed1  ADCSequenceEnable             
00004423  ADCSequenceStepConfigure      
000009d1  Accel                         
00002ad3  BMI160_AccelXGetResult        
00002c1d  BMI160_AccelXYZGetResult      
00002af7  BMI160_AccelYGetResult        
00002b1b  BMI160_AccelZGetResult        
00002cf5  BMI160_GetDataStatus          
00002b3f  BMI160_GyroXGetResult         
00002c65  BMI160_GyroXYZGetResult       
00002b63  BMI160_GyroYGetResult         
00002b87  BMI160_GyroZGetResult         
00002a3d  BMI160_Init                   
00002bab  BMI160_MagXGetResult          
00002cad  BMI160_MagXYZGetResult        
00002bd1  BMI160_MagYGetResult          
00002bf7  BMI160_MagZGetResult          
00002aab  BMI160_MultiReadRegister      
00002a87  BMI160_ReadRegister           
00002a57  BMI160_WriteRegister          
00004fe7  C$$EXIT                       
00004a73  C$$IO$$                       
0000026f  CamMove_Thread                
00000c79  ChildA_Thread                 
00000cb9  ChildB_Thread                 
00003211  Cube_Generate                 
00000315  Cube_Thread                   
2000675c  CurrentlyRunningThread        
00004ee7  EndCriticalSection            
00000b41  FIFOConsumer                  
00000b81  FIFOConsumer2                 
00000b09  FIFOProducer                  
00001789  G8RTOS_AddThread              
0000195d  G8RTOS_Add_APeriodicEvent     
000019d1  G8RTOS_Add_PeriodicEvent      
00001b77  G8RTOS_GetNumberOfThreads     
00001b6f  G8RTOS_GetThreadID            
000016d1  G8RTOS_Init                   
00003479  G8RTOS_InitFIFO               
00004259  G8RTOS_InitSemaphore          
00001b21  G8RTOS_KillSelf               
00001a87  G8RTOS_KillThread             
000016eb  G8RTOS_Launch                 
000034df  G8RTOS_ReadFIFO               
0000170f  G8RTOS_Scheduler              
000042ad  G8RTOS_SignalSemaphore        
00004709  G8RTOS_Start                  
0000426b  G8RTOS_WaitSemaphore          
00003569  G8RTOS_WriteFIFO              
000009b1  GPIOD_Handler                 
00004c15  GPIODirModeSet                
00000997  GPIOE_Handler                 
00004fb9  GPIOIntClear                  
00004eed  GPIOIntDisable                
00004f17  GPIOIntEnable                 
000046ad  GPIOIntTypeSet                
000039c9  GPIOPadConfigSet              
000047a5  GPIOPinConfigure              
00004fbf  GPIOPinRead                   
00004d97  GPIOPinTypeADC                
00004dad  GPIOPinTypeGPIOInput          
00004d4d  GPIOPinTypeGPIOOutput         
00004dc3  GPIOPinTypeI2C                
00004dd9  GPIOPinTypeI2CSCL             
00004def  GPIOPinTypePWM                
00004e05  GPIOPinTypeSSI                
00004e1b  GPIOPinTypeUART               
00004fc5  GPIOPinWrite                  
00000987  Get_Joystick                  
00000a0d  Gyro                          
0000483d  HOSTtime                      
00004f99  I2CMasterBusy                 
00004fd7  I2CMasterControl              
00004fdb  I2CMasterDataGet              
00004fdf  I2CMasterDataPut              
00004f5d  I2CMasterEnable               
000047f1  I2CMasterInitExpClk           
00004fa1  I2CMasterSlaveAddrSet         
00002f99  I2C_Init                      
00003129  I2C_ReadMultiple              
0000304b  I2C_ReadSingle                
0000307b  I2C_WriteMultiple             
00003015  I2C_WriteSingle               
20006760  IBit_State                    
0000026d  Idle_Thread                   
00004519  IntEnable                     
00004c69  IntPrioritySet                
00004ab5  IntRegister                   
00003f23  JOYSTICK_GetPress             
00003f31  JOYSTICK_GetX                 
00003f4d  JOYSTICK_GetXY                
00003f3f  JOYSTICK_GetY                 
00003e91  JOYSTICK_Init                 
00003eed  JOYSTICK_IntEnable            
00000d39  LCDThread                     
00003851  LaunchpadLED_Init             
0000390d  LaunchpadLED_PWMSetDuty       
0000462d  MultimodButtons_Get           
000045e9  MultimodButtons_Init          
00003c55  OPT3001_GetChipID             
00003bb9  OPT3001_GetResult             
00003b35  OPT3001_Init                  
00003b8b  OPT3001_ReadRegister          
00003c35  OPT3001_SetHighLimit          
00003c15  OPT3001_SetLowLimit           
00003b49  OPT3001_WriteRegister         
00000aa1  Opto                          
00000cd9  PThread1                      
00000d1d  PThread2                      
00004cb1  PWMGenConfigure               
00004f23  PWMGenEnable                  
00004e93  PWMGenPeriodSet               
00004e81  PWMOutputState                
00004d13  PWMPulseWidthSet              
0000472b  PendSV_Handler                
00000953  Print_WorldCoords             
00002705  Quat_Add                      
000029cb  Quat_GetInverse               
00002963  Quat_GetMag                   
0000276b  Quat_Mul                      
000028f7  Quat_Normalize                
00002891  Quat_Sub                      
0000075d  Read_Buttons                  
00000919  Read_JoystickPress            
00004f47  ResetISR                      
000036b1  SPI_Init                      
000037d3  SPI_ReadMultiple              
0000374b  SPI_ReadSingle                
00003773  SPI_WriteMultiple             
0000372d  SPI_WriteSingle               
00004fa9  SSIBusy                       
00004fcb  SSIClockSourceSet             
00004999  SSIConfigSetExpClk            
00004f2f  SSIDataGet                    
00004f67  SSIDataPut                    
00004f71  SSIDisable                    
00004f7b  SSIEnable                     
00000eeb  ST7789_Deselect               
000010b9  ST7789_DrawHLine              
00001449  ST7789_DrawLine               
000013db  ST7789_DrawPixel              
00001519  ST7789_DrawRectangle          
00001023  ST7789_DrawVLine              
0000142d  ST7789_Fill                   
0000130b  ST7789_Init                   
0000116d  ST7789_Line                   
00000f41  ST7789_ReadRegister           
00000edd  ST7789_Select                 
00000f07  ST7789_SetCommand             
00000ef9  ST7789_SetData                
00000f57  ST7789_SetWindow              
00000f15  ST7789_WriteCommand           
00000f2b  ST7789_WriteData              
20006998  SW1Pressed                    
00000be7  SW1_Event_Handler             
00000bad  SW1_ISR                       
20006999  SW2Pressed                    
00000c51  SW2_Event_Handler             
00000c21  SW2_ISR                       
00001b9d  SetInitialStack               
00004edf  StartCriticalSection          
00003c6d  SysCtlClockGet                
00004095  SysCtlClockSet                
00004fd1  SysCtlDelay                   
00004ae9  SysCtlPeripheralEnable        
000049d5  SysCtlPeripheralPresent       
00004a0d  SysCtlPeripheralReady         
00004e31  SysTickEnable                 
00004e45  SysTickIntEnable              
00004d31  SysTickIntRegister            
00004ea5  SysTickPeriodSet              
0000163b  SysTick_Handler               
20006764  SystemTime                    
00004f85  UARTCharGet                   
00004f8f  UARTCharPut                   
000048cd  UARTConfigSetExpClk           
00004cd5  UARTDisable                   
00004e59  UARTEnable                    
0000225d  UARTStdioConfig               
00004651  UART_Init                     
000023ad  UARTgetc                      
000022f3  UARTgets                      
000026cf  UARTprintf                    
000023d5  UARTvprintf                   
000022a3  UARTwrite                     
200065cc  __CIOBUF_                     
20006988  __STACK_END                   
00000200  __STACK_SIZE                  
20006988  __STACK_TOP                   
00005228  __TI_CINIT_Base               
00005240  __TI_CINIT_Limit              
00005208  __TI_Handler_Table_Base       
00005214  __TI_Handler_Table_Limit      
00004915  __TI_auto_init_nobinit_nopinit
00004581  __TI_decompress_lzss          
00004f09  __TI_decompress_none          
ffffffff  __TI_pprof_out_hndl           
ffffffff  __TI_prof_data_size           
ffffffff  __TI_prof_data_start          
00004b1d  __TI_readmsg                  
00000000  __TI_static_base__            
00004a45  __TI_writemsg                 
00004f3b  __TI_zero_init                
0000439d  __aeabi_cdcmpeq               
0000439d  __aeabi_cdcmple               
00004885  __aeabi_d2iz                  
00003f99  __aeabi_dmul                  
00004fb1  __aeabi_errno_addr            
00004a7d  __aeabi_f2d                   
00004be7  __aeabi_i2d                   
000047a3  __aeabi_idiv0                 
000047a3  __aeabi_ldiv0                 
0000449d  __aeabi_memclr                
0000449d  __aeabi_memclr4               
0000449d  __aeabi_memclr8               
00004301  __aeabi_memcpy                
00004301  __aeabi_memcpy4               
00004301  __aeabi_memcpy8               
0000449f  __aeabi_memset                
0000449f  __aeabi_memset4               
0000449f  __aeabi_memset8               
00004959  __aeabi_uidiv                 
00004959  __aeabi_uidivmod              
ffffffff  __binit__                     
ffffffff  __c_args__                    
UNDEFED   __mpu_init                    
20006788  __stack                       
20000000  __start___llvm_prf_cnts       
20000000  __stop___llvm_prf_cnts        
00004efb  __time32                      
00004b51  _c_int00_noargs               
200069dc  _lock                         
00004517  _nop                          
UNDEFED   _system_post_cinit            
00004fe3  _system_pre_init              
200069e0  _unlock                       
00004fe7  abort                         
2000699a  aliveCount                    
ffffffff  binit                         
00004d7f  copysignf                     
20006990  cube_id                       
2000698c  data                          
000012ed  delay_ms                      
200069ec  errno                         
20000000  g_pfnRAMVectors               
00000000  g_pfnVectors                  
00002a03  getRotatedQuat                
00002d2b  getViewOnScreen               
00002d05  getViewRelative               
2000698b  idle_count                    
00002e15  interpolatePoints             
20006989  joystick_y                    
2000698a  kill_cube                     
00004189  ldexpf                        
00003d99  main                          
00004301  memcpy                        
000044a5  memset                        
20006988  num_cubes                     
20006754  parmbuf                       
00001cd1  powf                          
20006768  pulse_width                   
00004b85  rand                          
00004189  scalbnf                       
2000676c  sem_I2CA                      
20006770  sem_JOY                       
20006774  sem_KillCube                  
20006778  sem_PCA9555                   
2000677c  sem_SPI                       
20006780  sem_SW1                       
20006784  sem_UART                      
00001b45  sleep                         
00004c41  sqrtf                         
00004c8d  srand                         
00004e6d  strcpy                        
00004efb  time                          
20006994  val                           
2000699c  world_camera_frame_offset     
20006744  world_camera_frame_rot_offset 
200069ac  world_camera_pos              
200069bc  world_view_rot                
200069cc  world_view_rot_inverse        


GLOBAL SYMBOLS: SORTED BY Symbol Address 

address   name                          
-------   ----                          
00000000  __TI_static_base__            
00000000  g_pfnVectors                  
00000200  __STACK_SIZE                  
0000026d  Idle_Thread                   
0000026f  CamMove_Thread                
00000315  Cube_Thread                   
0000075d  Read_Buttons                  
00000919  Read_JoystickPress            
00000953  Print_WorldCoords             
00000987  Get_Joystick                  
00000997  GPIOE_Handler                 
000009b1  GPIOD_Handler                 
000009d1  Accel                         
00000a0d  Gyro                          
00000aa1  Opto                          
00000b09  FIFOProducer                  
00000b41  FIFOConsumer                  
00000b81  FIFOConsumer2                 
00000bad  SW1_ISR                       
00000be7  SW1_Event_Handler             
00000c21  SW2_ISR                       
00000c51  SW2_Event_Handler             
00000c79  ChildA_Thread                 
00000cb9  ChildB_Thread                 
00000cd9  PThread1                      
00000d1d  PThread2                      
00000d39  LCDThread                     
00000edd  ST7789_Select                 
00000eeb  ST7789_Deselect               
00000ef9  ST7789_SetData                
00000f07  ST7789_SetCommand             
00000f15  ST7789_WriteCommand           
00000f2b  ST7789_WriteData              
00000f41  ST7789_ReadRegister           
00000f57  ST7789_SetWindow              
00001023  ST7789_DrawVLine              
000010b9  ST7789_DrawHLine              
0000116d  ST7789_Line                   
000012ed  delay_ms                      
0000130b  ST7789_Init                   
000013db  ST7789_DrawPixel              
0000142d  ST7789_Fill                   
00001449  ST7789_DrawLine               
00001519  ST7789_DrawRectangle          
0000163b  SysTick_Handler               
000016d1  G8RTOS_Init                   
000016eb  G8RTOS_Launch                 
0000170f  G8RTOS_Scheduler              
00001789  G8RTOS_AddThread              
0000195d  G8RTOS_Add_APeriodicEvent     
000019d1  G8RTOS_Add_PeriodicEvent      
00001a87  G8RTOS_KillThread             
00001b21  G8RTOS_KillSelf               
00001b45  sleep                         
00001b6f  G8RTOS_GetThreadID            
00001b77  G8RTOS_GetNumberOfThreads     
00001b9d  SetInitialStack               
00001cd1  powf                          
0000225d  UARTStdioConfig               
000022a3  UARTwrite                     
000022f3  UARTgets                      
000023ad  UARTgetc                      
000023d5  UARTvprintf                   
000026cf  UARTprintf                    
00002705  Quat_Add                      
0000276b  Quat_Mul                      
00002891  Quat_Sub                      
000028f7  Quat_Normalize                
00002963  Quat_GetMag                   
000029cb  Quat_GetInverse               
00002a03  getRotatedQuat                
00002a3d  BMI160_Init                   
00002a57  BMI160_WriteRegister          
00002a87  BMI160_ReadRegister           
00002aab  BMI160_MultiReadRegister      
00002ad3  BMI160_AccelXGetResult        
00002af7  BMI160_AccelYGetResult        
00002b1b  BMI160_AccelZGetResult        
00002b3f  BMI160_GyroXGetResult         
00002b63  BMI160_GyroYGetResult         
00002b87  BMI160_GyroZGetResult         
00002bab  BMI160_MagXGetResult          
00002bd1  BMI160_MagYGetResult          
00002bf7  BMI160_MagZGetResult          
00002c1d  BMI160_AccelXYZGetResult      
00002c65  BMI160_GyroXYZGetResult       
00002cad  BMI160_MagXYZGetResult        
00002cf5  BMI160_GetDataStatus          
00002d05  getViewRelative               
00002d2b  getViewOnScreen               
00002e15  interpolatePoints             
00002f99  I2C_Init                      
00003015  I2C_WriteSingle               
0000304b  I2C_ReadSingle                
0000307b  I2C_WriteMultiple             
00003129  I2C_ReadMultiple              
00003211  Cube_Generate                 
00003479  G8RTOS_InitFIFO               
000034df  G8RTOS_ReadFIFO               
00003569  G8RTOS_WriteFIFO              
000036b1  SPI_Init                      
0000372d  SPI_WriteSingle               
0000374b  SPI_ReadSingle                
00003773  SPI_WriteMultiple             
000037d3  SPI_ReadMultiple              
00003851  LaunchpadLED_Init             
0000390d  LaunchpadLED_PWMSetDuty       
000039c9  GPIOPadConfigSet              
00003b35  OPT3001_Init                  
00003b49  OPT3001_WriteRegister         
00003b8b  OPT3001_ReadRegister          
00003bb9  OPT3001_GetResult             
00003c15  OPT3001_SetLowLimit           
00003c35  OPT3001_SetHighLimit          
00003c55  OPT3001_GetChipID             
00003c6d  SysCtlClockGet                
00003d99  main                          
00003e91  JOYSTICK_Init                 
00003eed  JOYSTICK_IntEnable            
00003f23  JOYSTICK_GetPress             
00003f31  JOYSTICK_GetX                 
00003f3f  JOYSTICK_GetY                 
00003f4d  JOYSTICK_GetXY                
00003f99  __aeabi_dmul                  
00004095  SysCtlClockSet                
00004189  ldexpf                        
00004189  scalbnf                       
00004259  G8RTOS_InitSemaphore          
0000426b  G8RTOS_WaitSemaphore          
000042ad  G8RTOS_SignalSemaphore        
00004301  __aeabi_memcpy                
00004301  __aeabi_memcpy4               
00004301  __aeabi_memcpy8               
00004301  memcpy                        
0000439d  __aeabi_cdcmpeq               
0000439d  __aeabi_cdcmple               
00004423  ADCSequenceStepConfigure      
0000449d  __aeabi_memclr                
0000449d  __aeabi_memclr4               
0000449d  __aeabi_memclr8               
0000449f  __aeabi_memset                
0000449f  __aeabi_memset4               
0000449f  __aeabi_memset8               
000044a5  memset                        
00004517  _nop                          
00004519  IntEnable                     
00004581  __TI_decompress_lzss          
000045e9  MultimodButtons_Init          
0000462d  MultimodButtons_Get           
00004651  UART_Init                     
000046ad  GPIOIntTypeSet                
00004709  G8RTOS_Start                  
0000472b  PendSV_Handler                
00004755  ADCSequenceConfigure          
000047a3  __aeabi_idiv0                 
000047a3  __aeabi_ldiv0                 
000047a5  GPIOPinConfigure              
000047f1  I2CMasterInitExpClk           
0000483d  HOSTtime                      
00004885  __aeabi_d2iz                  
000048cd  UARTConfigSetExpClk           
00004915  __TI_auto_init_nobinit_nopinit
00004959  __aeabi_uidiv                 
00004959  __aeabi_uidivmod              
00004999  SSIConfigSetExpClk            
000049d5  SysCtlPeripheralPresent       
00004a0d  SysCtlPeripheralReady         
00004a45  __TI_writemsg                 
00004a73  C$$IO$$                       
00004a7d  __aeabi_f2d                   
00004ab5  IntRegister                   
00004ae9  SysCtlPeripheralEnable        
00004b1d  __TI_readmsg                  
00004b51  _c_int00_noargs               
00004b85  rand                          
00004bb9  ADCIntStatus                  
00004be7  __aeabi_i2d                   
00004c15  GPIODirModeSet                
00004c41  sqrtf                         
00004c69  IntPrioritySet                
00004c8d  srand                         
00004cb1  PWMGenConfigure               
00004cd5  UARTDisable                   
00004cf5  ADCSequenceDataGet            
00004d13  PWMPulseWidthSet              
00004d31  SysTickIntRegister            
00004d4d  GPIOPinTypeGPIOOutput         
00004d67  ADCProcessorTrigger           
00004d7f  copysignf                     
00004d97  GPIOPinTypeADC                
00004dad  GPIOPinTypeGPIOInput          
00004dc3  GPIOPinTypeI2C                
00004dd9  GPIOPinTypeI2CSCL             
00004def  GPIOPinTypePWM                
00004e05  GPIOPinTypeSSI                
00004e1b  GPIOPinTypeUART               
00004e31  SysTickEnable                 
00004e45  SysTickIntEnable              
00004e59  UARTEnable                    
00004e6d  strcpy                        
00004e81  PWMOutputState                
00004e93  PWMGenPeriodSet               
00004ea5  SysTickPeriodSet              
00004eb5  ADCIntDisable                 
00004ec3  ADCSequenceDisable            
00004ed1  ADCSequenceEnable             
00004edf  StartCriticalSection          
00004ee7  EndCriticalSection            
00004eed  GPIOIntDisable                
00004efb  __time32                      
00004efb  time                          
00004f09  __TI_decompress_none          
00004f17  GPIOIntEnable                 
00004f23  PWMGenEnable                  
00004f2f  SSIDataGet                    
00004f3b  __TI_zero_init                
00004f47  ResetISR                      
00004f53  ADCIntClear                   
00004f5d  I2CMasterEnable               
00004f67  SSIDataPut                    
00004f71  SSIDisable                    
00004f7b  SSIEnable                     
00004f85  UARTCharGet                   
00004f8f  UARTCharPut                   
00004f99  I2CMasterBusy                 
00004fa1  I2CMasterSlaveAddrSet         
00004fa9  SSIBusy                       
00004fb1  __aeabi_errno_addr            
00004fb9  GPIOIntClear                  
00004fbf  GPIOPinRead                   
00004fc5  GPIOPinWrite                  
00004fcb  SSIClockSourceSet             
00004fd1  SysCtlDelay                   
00004fd7  I2CMasterControl              
00004fdb  I2CMasterDataGet              
00004fdf  I2CMasterDataPut              
00004fe3  _system_pre_init              
00004fe7  C$$EXIT                       
00004fe7  abort                         
00005208  __TI_Handler_Table_Base       
00005214  __TI_Handler_Table_Limit      
00005228  __TI_CINIT_Base               
00005240  __TI_CINIT_Limit              
20000000  __start___llvm_prf_cnts       
20000000  __stop___llvm_prf_cnts        
20000000  g_pfnRAMVectors               
200065cc  __CIOBUF_                     
20006744  world_camera_frame_rot_offset 
20006754  parmbuf                       
2000675c  CurrentlyRunningThread        
20006760  IBit_State                    
20006764  SystemTime                    
20006768  pulse_width                   
2000676c  sem_I2CA                      
20006770  sem_JOY                       
20006774  sem_KillCube                  
20006778  sem_PCA9555                   
2000677c  sem_SPI                       
20006780  sem_SW1                       
20006784  sem_UART                      
20006788  __stack                       
20006988  __STACK_END                   
20006988  __STACK_TOP                   
20006988  num_cubes                     
20006989  joystick_y                    
2000698a  kill_cube                     
2000698b  idle_count                    
2000698c  data                          
20006990  cube_id                       
20006994  val                           
20006998  SW1Pressed                    
20006999  SW2Pressed                    
2000699a  aliveCount                    
2000699c  world_camera_frame_offset     
200069ac  world_camera_pos              
200069bc  world_view_rot                
200069cc  world_view_rot_inverse        
200069dc  _lock                         
200069e0  _unlock                       
200069ec  errno                         
ffffffff  __TI_pprof_out_hndl           
ffffffff  __TI_prof_data_size           
ffffffff  __TI_prof_data_start          
ffffffff  __binit__                     
ffffffff  __c_args__                    
ffffffff  binit                         
UNDEFED   __mpu_init                    
UNDEFED   _system_post_cinit            

[288 symbols]
