******************************************************************************
                  TI ARM Linker PC v20.2.7                     
******************************************************************************
>> Linked Thu Nov  6 15:43:30 2025

OUTPUT FILE NAME:   <Lab4_F2025.out>
ENTRY POINT SYMBOL: "_c_int00_noargs"  address: 00002a61


MEMORY CONFIGURATION

         name            origin    length      used     unused   attr    fill
----------------------  --------  ---------  --------  --------  ----  --------
  FLASH                 00000000   00040000  00002ff4  0003d00c  R  X
  SRAM                  20000000   00008000  00006730  000018d0  RW X


SEGMENT ALLOCATION MAP

run origin  load origin   length   init length attrs members
----------  ----------- ---------- ----------- ----- -------
00000000    00000000    00002ff8   00002ff8    r-x
  00000000    00000000    0000026c   0000026c    r-- .intvecs
  0000026c    0000026c    00002b64   00002b64    r-x .text
  00002dd0    00002dd0    000001dc   000001dc    r-- .const
  00002fb0    00002fb0    00000048   00000048    r-- .cinit
20000000    20000000    00006734   00000000    rw-
  20000000    20000000    0000026c   00000000    rw- .vtable
  2000026c    2000026c    000062b0   00000000    rw- .bss
  20006520    20006520    00000200   00000000    rw- .stack
  20006720    20006720    00000014   00000000    rw- .data


SECTION ALLOCATION MAP

 output                                  attributes/
section   page    origin      length       input sections
--------  ----  ----------  ----------   ----------------
.intvecs   0    00000000    0000026c     
                  00000000    0000026c     tm4c123gh6pm_startup_ccs.obj (.intvecs)

.text      0    0000026c    00002b64     
                  0000026c    00000734     multimod_ST7789.obj (.text)
                  000009a0    000006c0     G8RTOS_Scheduler.obj (.text)
                  00001060    000004b8     frogger_threads.obj (.text)
                  00001518    000004a8     uartstdio.obj (.text)
                  000019c0    00000278     multimod_i2c.obj (.text)
                  00001c38    000001a0     multimod_spi.obj (.text)
                  00001dd8    0000016c     driverlib.lib : gpio.obj (.text:GPIOPadConfigSet)
                  00001f44    00000118                   : sysctl.obj (.text:SysCtlClockGet)
                  0000205c    00000108     multimod_joystick.obj (.text)
                  00002164    000000f4     driverlib.lib : sysctl.obj (.text:SysCtlClockSet)
                  00002258    000000cc     frogger.obj (.text)
                  00002324    000000a8     G8RTOS_Semaphores.obj (.text)
                  000023cc    0000009c     rtsv7M4_T_le_v4SPD16_eabi.lib : memcpy_t2.asm.obj (.text)
                  00002468    0000007a     driverlib.lib : adc.obj (.text:ADCSequenceStepConfigure)
                  000024e2    0000007a     rtsv7M4_T_le_v4SPD16_eabi.lib : memset_t2.asm.obj (.text)
                  0000255c    00000068     driverlib.lib : interrupt.obj (.text:IntEnable)
                  000025c4    00000068     rtsv7M4_T_le_v4SPD16_eabi.lib : copy_decompress_lzss.c.obj (.text:decompress:lzss:__TI_decompress_lzss)
                  0000262c    00000068     multimod_buttons.obj (.text)
                  00002694    0000005c     multimod_uart.obj (.text)
                  000026f0    00000058     driverlib.lib : gpio.obj (.text:GPIOIntTypeSet)
                  00002748    00000050     G8RTOS_SchedulerASM.obj (.text)
                  00002798    0000004e     driverlib.lib : adc.obj (.text:ADCSequenceConfigure)
                  000027e6    00000002     rtsv7M4_T_le_v4SPD16_eabi.lib : _lock.c.obj (.text:_nop)
                  000027e8    0000004c     driverlib.lib : gpio.obj (.text:GPIOPinConfigure)
                  00002834    0000004c                   : i2c.obj (.text:I2CMasterInitExpClk)
                  00002880    00000046                   : uart.obj (.text:UARTConfigSetExpClk)
                  000028c6    00000002     rtsv7M4_T_le_v4SPD16_eabi.lib : div0.asm.obj (.text)
                  000028c8    00000044                                   : autoinit.c.obj (.text:__TI_auto_init_nobinit_nopinit:__TI_auto_init_nobinit_nopinit)
                  0000290c    00000040                                   : u_divt2.asm.obj (.text)
                  0000294c    0000003c     driverlib.lib : ssi.obj (.text:SSIConfigSetExpClk)
                  00002988    00000038                   : sysctl.obj (.text:SysCtlPeripheralPresent)
                  000029c0    00000038                   : sysctl.obj (.text:SysCtlPeripheralReady)
                  000029f8    00000034                   : interrupt.obj (.text:IntRegister)
                  00002a2c    00000034                   : sysctl.obj (.text:SysCtlPeripheralEnable)
                  00002a60    00000034     rtsv7M4_T_le_v4SPD16_eabi.lib : boot_cortex_m.c.obj (.text:_c_int00_noargs:_c_int00_noargs)
                  00002a94    00000034                                   : rand.c.obj (.text:rand)
                  00002ac8    0000002e     driverlib.lib : adc.obj (.text:ADCIntStatus)
                  00002af6    0000002c                   : gpio.obj (.text:GPIODirModeSet)
                  00002b22    00000002     --HOLE-- [fill = 0]
                  00002b24    00000024                   : interrupt.obj (.text:IntPrioritySet)
                  00002b48    00000020                   : uart.obj (.text:UARTDisable)
                  00002b68    0000001e                   : adc.obj (.text:ADCSequenceDataGet)
                  00002b86    00000002     --HOLE-- [fill = 0]
                  00002b88    0000001c                   : systick.obj (.text:SysTickIntRegister)
                  00002ba4    0000001a                   : gpio.obj (.text:GPIOPinTypeGPIOOutput)
                  00002bbe    00000018                   : adc.obj (.text:ADCProcessorTrigger)
                  00002bd6    00000016                   : gpio.obj (.text:GPIOPinTypeADC)
                  00002bec    00000016                   : gpio.obj (.text:GPIOPinTypeGPIOInput)
                  00002c02    00000016                   : gpio.obj (.text:GPIOPinTypeI2C)
                  00002c18    00000016                   : gpio.obj (.text:GPIOPinTypeI2CSCL)
                  00002c2e    00000016                   : gpio.obj (.text:GPIOPinTypeSSI)
                  00002c44    00000016                   : gpio.obj (.text:GPIOPinTypeUART)
                  00002c5a    00000002     --HOLE-- [fill = 0]
                  00002c5c    00000014                   : systick.obj (.text:SysTickEnable)
                  00002c70    00000014                   : systick.obj (.text:SysTickIntEnable)
                  00002c84    00000014                   : uart.obj (.text:UARTEnable)
                  00002c98    00000014     rtsv7M4_T_le_v4SPD16_eabi.lib : strcpy.c.obj (.text:strcpy)
                  00002cac    00000010     driverlib.lib : systick.obj (.text:SysTickPeriodSet)
                  00002cbc    0000000e                   : adc.obj (.text:ADCIntDisable)
                  00002cca    0000000e                   : adc.obj (.text:ADCSequenceDisable)
                  00002cd8    0000000e                   : adc.obj (.text:ADCSequenceEnable)
                  00002ce6    0000000e     G8RTOS_CriticalSection.obj (.text)
                  00002cf4    0000000e     driverlib.lib : gpio.obj (.text:GPIOIntDisable)
                  00002d02    0000000e     rtsv7M4_T_le_v4SPD16_eabi.lib : copy_decompress_none.c.obj (.text:decompress:none:__TI_decompress_none)
                  00002d10    0000000c     driverlib.lib : gpio.obj (.text:GPIOIntEnable)
                  00002d1c    0000000c                   : ssi.obj (.text:SSIDataGet)
                  00002d28    0000000c     rtsv7M4_T_le_v4SPD16_eabi.lib : copy_zero_init.c.obj (.text:decompress:ZI:__TI_zero_init)
                  00002d34    0000000c     tm4c123gh6pm_startup_ccs.obj (.text)
                  00002d40    0000000a     driverlib.lib : adc.obj (.text:ADCIntClear)
                  00002d4a    0000000a                   : i2c.obj (.text:I2CMasterEnable)
                  00002d54    0000000a                   : ssi.obj (.text:SSIDataPut)
                  00002d5e    0000000a                   : ssi.obj (.text:SSIDisable)
                  00002d68    0000000a                   : ssi.obj (.text:SSIEnable)
                  00002d72    0000000a                   : uart.obj (.text:UARTCharGet)
                  00002d7c    0000000a                   : uart.obj (.text:UARTCharPut)
                  00002d86    00000008                   : i2c.obj (.text:I2CMasterBusy)
                  00002d8e    00000008                   : i2c.obj (.text:I2CMasterSlaveAddrSet)
                  00002d96    00000008                   : ssi.obj (.text:SSIBusy)
                  00002d9e    00000006                   : gpio.obj (.text:GPIOIntClear)
                  00002da4    00000006                   : gpio.obj (.text:GPIOPinRead)
                  00002daa    00000006                   : gpio.obj (.text:GPIOPinWrite)
                  00002db0    00000006                   : ssi.obj (.text:SSIClockSourceSet)
                  00002db6    00000006                   : sysctl.obj (.text:SysCtlDelay)
                  00002dbc    00000004                   : i2c.obj (.text:I2CMasterControl)
                  00002dc0    00000004                   : i2c.obj (.text:I2CMasterDataGet)
                  00002dc4    00000004                   : i2c.obj (.text:I2CMasterDataPut)
                  00002dc8    00000004     rtsv7M4_T_le_v4SPD16_eabi.lib : pre_init.c.obj (.text:_system_pre_init)
                  00002dcc    00000004                                   : exit.c.obj (.text:abort:abort)

.const     0    00002dd0    000001dc     
                  00002dd0    0000009c     driverlib.lib : interrupt.obj (.const:g_pui32Regs)
                  00002e6c    00000090                   : gpio.obj (.const:g_pui32GPIOBaseAddrs)
                  00002efc    0000006c                   : sysctl.obj (.const:g_pui32Xtals)
                  00002f68    00000014                   : interrupt.obj (.const:g_pui32EnRegs)
                  00002f7c    00000012     uartstdio.obj (.const:.string)
                  00002f8e    00000002     --HOLE-- [fill = 0]
                  00002f90    0000000c     uartstdio.obj (.const:g_ui32UARTBase)
                  00002f9c    0000000c     uartstdio.obj (.const:g_ui32UARTPeriph)
                  00002fa8    00000004     uartstdio.obj (.const)

.cinit     0    00002fb0    00000048     
                  00002fb0    00000011     (.cinit..data.load) [load image, compression = lzss]
                  00002fc1    00000003     --HOLE-- [fill = 0]
                  00002fc4    0000000c     (__TI_handler_table)
                  00002fd0    00000008     (.cinit..bss.load) [load image, compression = zero_init]
                  00002fd8    00000008     (.cinit..vtable.load) [load image, compression = zero_init]
                  00002fe0    00000018     (__TI_cinit_table)

.init_array 
*          0    00000000    00000000     UNINITIALIZED

.vtable    0    20000000    0000026c     UNINITIALIZED
                  20000000    0000026c     driverlib.lib : interrupt.obj (.vtable)

.bss       0    2000026c    000062b0     UNINITIALIZED
                  2000026c    00006000     G8RTOS_Scheduler.obj (.bss:threadStacks)
                  2000626c    00000210     G8RTOS_Scheduler.obj (.bss:threadControlBlocks)
                  2000647c    00000048     G8RTOS_Scheduler.obj (.bss:ptcbs)
                  200064c4    00000010     G8RTOS_Scheduler.obj (.bss)
                  200064d4    00000010     frogger_threads.obj (.bss:safe)
                  200064e4    0000000c     frogger_threads.obj (.bss)
                  200064f0    00000008     frogger_threads.obj (.bss:frog)
                  200064f8    00000004     (.common:CurrentlyRunningThread)
                  200064fc    00000004     (.common:IBit_State)
                  20006500    00000004     (.common:SystemTime)
                  20006504    00000004     (.common:sem_I2CA)
                  20006508    00000004     (.common:sem_JOY)
                  2000650c    00000004     (.common:sem_KillCube)
                  20006510    00000004     (.common:sem_PCA9555)
                  20006514    00000004     (.common:sem_SPI)
                  20006518    00000004     (.common:sem_UART)

.data      0    20006720    00000014     UNINITIALIZED
                  20006720    00000008     rtsv7M4_T_le_v4SPD16_eabi.lib : _lock.c.obj (.data:$O1$$)
                  20006728    00000005     uartstdio.obj (.data)
                  2000672d    00000002     frogger_threads.obj (.data)
                  2000672f    00000001     G8RTOS_Scheduler.obj (.data)
                  20006730    00000004     rtsv7M4_T_le_v4SPD16_eabi.lib : rand.c.obj (.data)

.stack     0    20006520    00000200     UNINITIALIZED
                  20006520    00000004     rtsv7M4_T_le_v4SPD16_eabi.lib : boot_cortex_m.c.obj (.stack)
                  20006524    000001fc     --HOLE--

__llvm_prf_cnts 
*          0    20000000    00000000     UNINITIALIZED

MODULE SUMMARY

       Module                         code    ro data   rw data
       ------                         ----    -------   -------
    .\
       uartstdio.obj                  1192    46        5      
       tm4c123gh6pm_startup_ccs.obj   12      620       0      
       frogger.obj                    204     0         28     
    +--+------------------------------+-------+---------+---------+
       Total:                         1408    666       33     
                                                               
    .\G8RTOS\src\
       G8RTOS_Scheduler.obj           1728    0         25201  
       G8RTOS_Semaphores.obj          168     0         0      
       G8RTOS_SchedulerASM.obj        80      0         0      
       G8RTOS_CriticalSection.obj     14      0         0      
    +--+------------------------------+-------+---------+---------+
       Total:                         1990    0         25201  
                                                               
    .\MultimodDrivers\src\
       multimod_ST7789.obj            1844    0         0      
       multimod_i2c.obj               632     0         0      
       multimod_spi.obj               416     0         0      
       multimod_joystick.obj          264     0         0      
       multimod_buttons.obj           104     0         0      
       multimod_uart.obj              92      0         0      
    +--+------------------------------+-------+---------+---------+
       Total:                         3352    0         0      
                                                               
    .\Quiz_Practice\
       frogger_threads.obj            1208    0         38     
    +--+------------------------------+-------+---------+---------+
       Total:                         1208    0         38     
                                                               
    C:/ti/TivaWare_C_Series-2.2.0.295/driverlib/ccs/Debug/driverlib.lib
       interrupt.obj                  192     176       620    
       gpio.obj                       774     144       0      
       sysctl.obj                     694     108       0      
       adc.obj                        352     0         0      
       uart.obj                       142     0         0      
       ssi.obj                        116     0         0      
       i2c.obj                        114     0         0      
       systick.obj                    84      0         0      
    +--+------------------------------+-------+---------+---------+
       Total:                         2468    428       620    
                                                               
    C:\ti\ccs1281\ccs\tools\compiler\ti-cgt-arm_20.2.7.LTS\lib\rtsv7M4_T_le_v4SPD16_eabi.lib
       memcpy_t2.asm.obj              156     0         0      
       memset_t2.asm.obj              122     0         0      
       copy_decompress_lzss.c.obj     104     0         0      
       autoinit.c.obj                 68      0         0      
       u_divt2.asm.obj                64      0         0      
       rand.c.obj                     52      0         4      
       boot_cortex_m.c.obj            52      0         0      
       strcpy.c.obj                   20      0         0      
       copy_decompress_none.c.obj     14      0         0      
       copy_zero_init.c.obj           12      0         0      
       _lock.c.obj                    2       0         8      
       exit.c.obj                     4       0         0      
       pre_init.c.obj                 4       0         0      
       div0.asm.obj                   2       0         0      
    +--+------------------------------+-------+---------+---------+
       Total:                         676     0         12     
                                                               
       Stack:                         0       0         512    
       Linker Generated:              0       69        0      
    +--+------------------------------+-------+---------+---------+
       Grand Total:                   11102   1163      26416  


LINKER GENERATED COPY TABLES

__TI_cinit_table @ 00002fe0 records: 3, size/record: 8, table size: 24
	.data: load addr=00002fb0, load size=00000011 bytes, run addr=20006720, run size=00000014 bytes, compression=lzss
	.bss: load addr=00002fd0, load size=00000008 bytes, run addr=2000026c, run size=000062b0 bytes, compression=zero_init
	.vtable: load addr=00002fd8, load size=00000008 bytes, run addr=20000000, run size=0000026c bytes, compression=zero_init


LINKER GENERATED HANDLER TABLE

__TI_handler_table @ 00002fc4 records: 3, size/record: 4, table size: 12
	index: 0, handler: __TI_zero_init
	index: 1, handler: __TI_decompress_lzss
	index: 2, handler: __TI_decompress_none


GLOBAL SYMBOLS: SORTED ALPHABETICALLY BY Name 

address   name                          
-------   ----                          
00002d41  ADCIntClear                   
00002cbd  ADCIntDisable                 
00002ac9  ADCIntStatus                  
00002bbf  ADCProcessorTrigger           
00002799  ADCSequenceConfigure          
00002b69  ADCSequenceDataGet            
00002ccb  ADCSequenceDisable            
00002cd9  ADCSequenceEnable             
00002469  ADCSequenceStepConfigure      
00002dcd  C$$EXIT                       
200064f8  CurrentlyRunningThread        
00002cef  EndCriticalSection            
000013ed  Frog_Mov                      
000013c1  Frogger_GPIOD_Handler         
0000149d  Frogger_GPIOE_Handler         
00001207  Frogger_Init                  
00000b19  G8RTOS_AddThread              
00000ced  G8RTOS_Add_APeriodicEvent     
00000d61  G8RTOS_Add_PeriodicEvent      
00000f07  G8RTOS_GetNumberOfThreads     
00000eff  G8RTOS_GetThreadID            
00000a61  G8RTOS_Init                   
00002325  G8RTOS_InitSemaphore          
00000eb1  G8RTOS_KillSelf               
00000e17  G8RTOS_KillThread             
00000a7b  G8RTOS_Launch                 
00000a9f  G8RTOS_Scheduler              
00002379  G8RTOS_SignalSemaphore        
0000274d  G8RTOS_Start                  
00002337  G8RTOS_WaitSemaphore          
00002af7  GPIODirModeSet                
00002d9f  GPIOIntClear                  
00002cf5  GPIOIntDisable                
00002d11  GPIOIntEnable                 
000026f1  GPIOIntTypeSet                
00001dd9  GPIOPadConfigSet              
000027e9  GPIOPinConfigure              
00002da5  GPIOPinRead                   
00002bd7  GPIOPinTypeADC                
00002bed  GPIOPinTypeGPIOInput          
00002ba5  GPIOPinTypeGPIOOutput         
00002c03  GPIOPinTypeI2C                
00002c19  GPIOPinTypeI2CSCL             
00002c2f  GPIOPinTypeSSI                
00002c45  GPIOPinTypeUART               
00002dab  GPIOPinWrite                  
000012c1  Get_Joystick_Frogger          
00002d87  I2CMasterBusy                 
00002dbd  I2CMasterControl              
00002dc1  I2CMasterDataGet              
00002dc5  I2CMasterDataPut              
00002d4b  I2CMasterEnable               
00002835  I2CMasterInitExpClk           
00002d8f  I2CMasterSlaveAddrSet         
000019c1  I2C_Init                      
00001b51  I2C_ReadMultiple              
00001a73  I2C_ReadSingle                
00001aa3  I2C_WriteMultiple             
00001a3d  I2C_WriteSingle               
200064fc  IBit_State                    
00001205  Idle_Thread_Frogger           
0000255d  IntEnable                     
00002b25  IntPrioritySet                
000029f9  IntRegister                   
000020ef  JOYSTICK_GetPress             
000020fd  JOYSTICK_GetX                 
00002119  JOYSTICK_GetXY                
0000210b  JOYSTICK_GetY                 
0000205d  JOYSTICK_Init                 
000020b9  JOYSTICK_IntEnable            
0000125f  Move_Frog                     
00002671  MultimodButtons_Get           
0000262d  MultimodButtons_Init          
0000276f  PendSV_Handler                
00002d35  ResetISR                      
00001c39  SPI_Init                      
00001d5b  SPI_ReadMultiple              
00001cd3  SPI_ReadSingle                
00001cfb  SPI_WriteMultiple             
00001cb5  SPI_WriteSingle               
00002d97  SSIBusy                       
00002db1  SSIClockSourceSet             
0000294d  SSIConfigSetExpClk            
00002d1d  SSIDataGet                    
00002d55  SSIDataPut                    
00002d5f  SSIDisable                    
00002d69  SSIEnable                     
0000027b  ST7789_Deselect               
00000449  ST7789_DrawHLine              
000007d9  ST7789_DrawLine               
0000076b  ST7789_DrawPixel              
000008a9  ST7789_DrawRectangle          
000003b3  ST7789_DrawVLine              
000007bd  ST7789_Fill                   
0000069b  ST7789_Init                   
000004fd  ST7789_Line                   
000002d1  ST7789_ReadRegister           
0000026d  ST7789_Select                 
00000297  ST7789_SetCommand             
00000289  ST7789_SetData                
000002e7  ST7789_SetWindow              
000002a5  ST7789_WriteCommand           
000002bb  ST7789_WriteData              
00000f2d  SetInitialStack               
00002ce7  StartCriticalSection          
00001f45  SysCtlClockGet                
00002165  SysCtlClockSet                
00002db7  SysCtlDelay                   
00002a2d  SysCtlPeripheralEnable        
00002989  SysCtlPeripheralPresent       
000029c1  SysCtlPeripheralReady         
00002c5d  SysTickEnable                 
00002c71  SysTickIntEnable              
00002b89  SysTickIntRegister            
00002cad  SysTickPeriodSet              
000009cb  SysTick_Handler               
20006500  SystemTime                    
00002d73  UARTCharGet                   
00002d7d  UARTCharPut                   
00002881  UARTConfigSetExpClk           
00002b49  UARTDisable                   
00002c85  UARTEnable                    
00001519  UARTStdioConfig               
00002695  UART_Init                     
00001669  UARTgetc                      
000015af  UARTgets                      
0000198b  UARTprintf                    
00001691  UARTvprintf                   
0000155f  UARTwrite                     
20006720  __STACK_END                   
00000200  __STACK_SIZE                  
20006720  __STACK_TOP                   
00002fe0  __TI_CINIT_Base               
00002ff8  __TI_CINIT_Limit              
00002fc4  __TI_Handler_Table_Base       
00002fd0  __TI_Handler_Table_Limit      
000028c9  __TI_auto_init_nobinit_nopinit
000025c5  __TI_decompress_lzss          
00002d03  __TI_decompress_none          
ffffffff  __TI_pprof_out_hndl           
ffffffff  __TI_prof_data_size           
ffffffff  __TI_prof_data_start          
00000000  __TI_static_base__            
00002d29  __TI_zero_init                
000028c7  __aeabi_idiv0                 
000028c7  __aeabi_ldiv0                 
000024e3  __aeabi_memclr                
000024e3  __aeabi_memclr4               
000024e3  __aeabi_memclr8               
000023cd  __aeabi_memcpy                
000023cd  __aeabi_memcpy4               
000023cd  __aeabi_memcpy8               
000024e5  __aeabi_memset                
000024e5  __aeabi_memset4               
000024e5  __aeabi_memset8               
0000290d  __aeabi_uidiv                 
0000290d  __aeabi_uidivmod              
ffffffff  __binit__                     
ffffffff  __c_args__                    
UNDEFED   __mpu_init                    
20006520  __stack                       
20000000  __start___llvm_prf_cnts       
20000000  __stop___llvm_prf_cnts        
00002a61  _c_int00_noargs               
20006720  _lock                         
000027e7  _nop                          
UNDEFED   _system_post_cinit            
00002dc9  _system_pre_init              
20006724  _unlock                       
00002dcd  abort                         
2000672f  aliveCount                    
ffffffff  binit                         
0000067d  delay_ms                      
20000000  g_pfnRAMVectors               
00000000  g_pfnVectors                  
0000226d  main                          
000023cd  memcpy                        
000024eb  memset                        
00002a95  rand                          
20006504  sem_I2CA                      
20006508  sem_JOY                       
2000650c  sem_KillCube                  
20006510  sem_PCA9555                   
20006514  sem_SPI                       
20006518  sem_UART                      
00000ed5  sleep                         
00002c99  strcpy                        


GLOBAL SYMBOLS: SORTED BY Symbol Address 

address   name                          
-------   ----                          
00000000  __TI_static_base__            
00000000  g_pfnVectors                  
00000200  __STACK_SIZE                  
0000026d  ST7789_Select                 
0000027b  ST7789_Deselect               
00000289  ST7789_SetData                
00000297  ST7789_SetCommand             
000002a5  ST7789_WriteCommand           
000002bb  ST7789_WriteData              
000002d1  ST7789_ReadRegister           
000002e7  ST7789_SetWindow              
000003b3  ST7789_DrawVLine              
00000449  ST7789_DrawHLine              
000004fd  ST7789_Line                   
0000067d  delay_ms                      
0000069b  ST7789_Init                   
0000076b  ST7789_DrawPixel              
000007bd  ST7789_Fill                   
000007d9  ST7789_DrawLine               
000008a9  ST7789_DrawRectangle          
000009cb  SysTick_Handler               
00000a61  G8RTOS_Init                   
00000a7b  G8RTOS_Launch                 
00000a9f  G8RTOS_Scheduler              
00000b19  G8RTOS_AddThread              
00000ced  G8RTOS_Add_APeriodicEvent     
00000d61  G8RTOS_Add_PeriodicEvent      
00000e17  G8RTOS_KillThread             
00000eb1  G8RTOS_KillSelf               
00000ed5  sleep                         
00000eff  G8RTOS_GetThreadID            
00000f07  G8RTOS_GetNumberOfThreads     
00000f2d  SetInitialStack               
00001205  Idle_Thread_Frogger           
00001207  Frogger_Init                  
0000125f  Move_Frog                     
000012c1  Get_Joystick_Frogger          
000013c1  Frogger_GPIOD_Handler         
000013ed  Frog_Mov                      
0000149d  Frogger_GPIOE_Handler         
00001519  UARTStdioConfig               
0000155f  UARTwrite                     
000015af  UARTgets                      
00001669  UARTgetc                      
00001691  UARTvprintf                   
0000198b  UARTprintf                    
000019c1  I2C_Init                      
00001a3d  I2C_WriteSingle               
00001a73  I2C_ReadSingle                
00001aa3  I2C_WriteMultiple             
00001b51  I2C_ReadMultiple              
00001c39  SPI_Init                      
00001cb5  SPI_WriteSingle               
00001cd3  SPI_ReadSingle                
00001cfb  SPI_WriteMultiple             
00001d5b  SPI_ReadMultiple              
00001dd9  GPIOPadConfigSet              
00001f45  SysCtlClockGet                
0000205d  JOYSTICK_Init                 
000020b9  JOYSTICK_IntEnable            
000020ef  JOYSTICK_GetPress             
000020fd  JOYSTICK_GetX                 
0000210b  JOYSTICK_GetY                 
00002119  JOYSTICK_GetXY                
00002165  SysCtlClockSet                
0000226d  main                          
00002325  G8RTOS_InitSemaphore          
00002337  G8RTOS_WaitSemaphore          
00002379  G8RTOS_SignalSemaphore        
000023cd  __aeabi_memcpy                
000023cd  __aeabi_memcpy4               
000023cd  __aeabi_memcpy8               
000023cd  memcpy                        
00002469  ADCSequenceStepConfigure      
000024e3  __aeabi_memclr                
000024e3  __aeabi_memclr4               
000024e3  __aeabi_memclr8               
000024e5  __aeabi_memset                
000024e5  __aeabi_memset4               
000024e5  __aeabi_memset8               
000024eb  memset                        
0000255d  IntEnable                     
000025c5  __TI_decompress_lzss          
0000262d  MultimodButtons_Init          
00002671  MultimodButtons_Get           
00002695  UART_Init                     
000026f1  GPIOIntTypeSet                
0000274d  G8RTOS_Start                  
0000276f  PendSV_Handler                
00002799  ADCSequenceConfigure          
000027e7  _nop                          
000027e9  GPIOPinConfigure              
00002835  I2CMasterInitExpClk           
00002881  UARTConfigSetExpClk           
000028c7  __aeabi_idiv0                 
000028c7  __aeabi_ldiv0                 
000028c9  __TI_auto_init_nobinit_nopinit
0000290d  __aeabi_uidiv                 
0000290d  __aeabi_uidivmod              
0000294d  SSIConfigSetExpClk            
00002989  SysCtlPeripheralPresent       
000029c1  SysCtlPeripheralReady         
000029f9  IntRegister                   
00002a2d  SysCtlPeripheralEnable        
00002a61  _c_int00_noargs               
00002a95  rand                          
00002ac9  ADCIntStatus                  
00002af7  GPIODirModeSet                
00002b25  IntPrioritySet                
00002b49  UARTDisable                   
00002b69  ADCSequenceDataGet            
00002b89  SysTickIntRegister            
00002ba5  GPIOPinTypeGPIOOutput         
00002bbf  ADCProcessorTrigger           
00002bd7  GPIOPinTypeADC                
00002bed  GPIOPinTypeGPIOInput          
00002c03  GPIOPinTypeI2C                
00002c19  GPIOPinTypeI2CSCL             
00002c2f  GPIOPinTypeSSI                
00002c45  GPIOPinTypeUART               
00002c5d  SysTickEnable                 
00002c71  SysTickIntEnable              
00002c85  UARTEnable                    
00002c99  strcpy                        
00002cad  SysTickPeriodSet              
00002cbd  ADCIntDisable                 
00002ccb  ADCSequenceDisable            
00002cd9  ADCSequenceEnable             
00002ce7  StartCriticalSection          
00002cef  EndCriticalSection            
00002cf5  GPIOIntDisable                
00002d03  __TI_decompress_none          
00002d11  GPIOIntEnable                 
00002d1d  SSIDataGet                    
00002d29  __TI_zero_init                
00002d35  ResetISR                      
00002d41  ADCIntClear                   
00002d4b  I2CMasterEnable               
00002d55  SSIDataPut                    
00002d5f  SSIDisable                    
00002d69  SSIEnable                     
00002d73  UARTCharGet                   
00002d7d  UARTCharPut                   
00002d87  I2CMasterBusy                 
00002d8f  I2CMasterSlaveAddrSet         
00002d97  SSIBusy                       
00002d9f  GPIOIntClear                  
00002da5  GPIOPinRead                   
00002dab  GPIOPinWrite                  
00002db1  SSIClockSourceSet             
00002db7  SysCtlDelay                   
00002dbd  I2CMasterControl              
00002dc1  I2CMasterDataGet              
00002dc5  I2CMasterDataPut              
00002dc9  _system_pre_init              
00002dcd  C$$EXIT                       
00002dcd  abort                         
00002fc4  __TI_Handler_Table_Base       
00002fd0  __TI_Handler_Table_Limit      
00002fe0  __TI_CINIT_Base               
00002ff8  __TI_CINIT_Limit              
20000000  __start___llvm_prf_cnts       
20000000  __stop___llvm_prf_cnts        
20000000  g_pfnRAMVectors               
200064f8  CurrentlyRunningThread        
200064fc  IBit_State                    
20006500  SystemTime                    
20006504  sem_I2CA                      
20006508  sem_JOY                       
2000650c  sem_KillCube                  
20006510  sem_PCA9555                   
20006514  sem_SPI                       
20006518  sem_UART                      
20006520  __stack                       
20006720  __STACK_END                   
20006720  __STACK_TOP                   
20006720  _lock                         
20006724  _unlock                       
2000672f  aliveCount                    
ffffffff  __TI_pprof_out_hndl           
ffffffff  __TI_prof_data_size           
ffffffff  __TI_prof_data_start          
ffffffff  __binit__                     
ffffffff  __c_args__                    
ffffffff  binit                         
UNDEFED   __mpu_init                    
UNDEFED   _system_post_cinit            

[187 symbols]
