<?xml version="1.0" encoding="ISO-8859-1" ?>
<link_info>
   <banner>TI ARM Linker PC v20.2.7.LTS</banner>
   <copyright>Copyright (c) 1996-2018 Texas Instruments Incorporated</copyright>
   <link_time>0x6901ce2f</link_time>
   <link_errors>0x0</link_errors>
   <output_file>Lab4_F2025.out</output_file>
   <entry_point>
      <name>_c_int00_noargs</name>
      <address>0x28e9</address>
   </entry_point>
   <input_file_list>
      <input_file id="fl-2">
         <path>.\</path>
         <kind>object</kind>
         <file>lab4_4.obj</file>
         <name>lab4_4.obj</name>
      </input_file>
      <input_file id="fl-3">
         <path>.\</path>
         <kind>object</kind>
         <file>threads.obj</file>
         <name>threads.obj</name>
      </input_file>
      <input_file id="fl-4">
         <path>.\</path>
         <kind>object</kind>
         <file>tm4c123gh6pm_startup_ccs.obj</file>
         <name>tm4c123gh6pm_startup_ccs.obj</name>
      </input_file>
      <input_file id="fl-5">
         <path>.\</path>
         <kind>object</kind>
         <file>uartstdio.obj</file>
         <name>uartstdio.obj</name>
      </input_file>
      <input_file id="fl-6">
         <path>.\G8RTOS\src\</path>
         <kind>object</kind>
         <file>G8RTOS_CriticalSection.obj</file>
         <name>G8RTOS_CriticalSection.obj</name>
      </input_file>
      <input_file id="fl-7">
         <path>.\G8RTOS\src\</path>
         <kind>object</kind>
         <file>G8RTOS_IPC.obj</file>
         <name>G8RTOS_IPC.obj</name>
      </input_file>
      <input_file id="fl-8">
         <path>.\G8RTOS\src\</path>
         <kind>object</kind>
         <file>G8RTOS_Scheduler.obj</file>
         <name>G8RTOS_Scheduler.obj</name>
      </input_file>
      <input_file id="fl-9">
         <path>.\G8RTOS\src\</path>
         <kind>object</kind>
         <file>G8RTOS_SchedulerASM.obj</file>
         <name>G8RTOS_SchedulerASM.obj</name>
      </input_file>
      <input_file id="fl-a">
         <path>.\G8RTOS\src\</path>
         <kind>object</kind>
         <file>G8RTOS_Semaphores.obj</file>
         <name>G8RTOS_Semaphores.obj</name>
      </input_file>
      <input_file id="fl-b">
         <path>.\MiscFunctions\LinAlg\src\</path>
         <kind>object</kind>
         <file>linalg.obj</file>
         <name>linalg.obj</name>
      </input_file>
      <input_file id="fl-c">
         <path>.\MiscFunctions\LinAlg\src\</path>
         <kind>object</kind>
         <file>quaternions.obj</file>
         <name>quaternions.obj</name>
      </input_file>
      <input_file id="fl-d">
         <path>.\MiscFunctions\LinAlg\src\</path>
         <kind>object</kind>
         <file>vect3d.obj</file>
         <name>vect3d.obj</name>
      </input_file>
      <input_file id="fl-e">
         <path>.\MiscFunctions\Shapes\src\</path>
         <kind>object</kind>
         <file>cube.obj</file>
         <name>cube.obj</name>
      </input_file>
      <input_file id="fl-f">
         <path>.\MultimodDrivers\src\</path>
         <kind>object</kind>
         <file>multimod_BME280.obj</file>
         <name>multimod_BME280.obj</name>
      </input_file>
      <input_file id="fl-10">
         <path>.\MultimodDrivers\src\</path>
         <kind>object</kind>
         <file>multimod_BMI160.obj</file>
         <name>multimod_BMI160.obj</name>
      </input_file>
      <input_file id="fl-11">
         <path>.\MultimodDrivers\src\</path>
         <kind>object</kind>
         <file>multimod_LaunchpadButtons.obj</file>
         <name>multimod_LaunchpadButtons.obj</name>
      </input_file>
      <input_file id="fl-12">
         <path>.\MultimodDrivers\src\</path>
         <kind>object</kind>
         <file>multimod_LaunchpadLED.obj</file>
         <name>multimod_LaunchpadLED.obj</name>
      </input_file>
      <input_file id="fl-13">
         <path>.\MultimodDrivers\src\</path>
         <kind>object</kind>
         <file>multimod_OPT3001.obj</file>
         <name>multimod_OPT3001.obj</name>
      </input_file>
      <input_file id="fl-14">
         <path>.\MultimodDrivers\src\</path>
         <kind>object</kind>
         <file>multimod_PCA9555.obj</file>
         <name>multimod_PCA9555.obj</name>
      </input_file>
      <input_file id="fl-15">
         <path>.\MultimodDrivers\src\</path>
         <kind>object</kind>
         <file>multimod_PCA9956b.obj</file>
         <name>multimod_PCA9956b.obj</name>
      </input_file>
      <input_file id="fl-16">
         <path>.\MultimodDrivers\src\</path>
         <kind>object</kind>
         <file>multimod_ST7789.obj</file>
         <name>multimod_ST7789.obj</name>
      </input_file>
      <input_file id="fl-17">
         <path>.\MultimodDrivers\src\</path>
         <kind>object</kind>
         <file>multimod_buttons.obj</file>
         <name>multimod_buttons.obj</name>
      </input_file>
      <input_file id="fl-18">
         <path>.\MultimodDrivers\src\</path>
         <kind>object</kind>
         <file>multimod_i2c.obj</file>
         <name>multimod_i2c.obj</name>
      </input_file>
      <input_file id="fl-19">
         <path>.\MultimodDrivers\src\</path>
         <kind>object</kind>
         <file>multimod_joystick.obj</file>
         <name>multimod_joystick.obj</name>
      </input_file>
      <input_file id="fl-1a">
         <path>.\MultimodDrivers\src\</path>
         <kind>object</kind>
         <file>multimod_spi.obj</file>
         <name>multimod_spi.obj</name>
      </input_file>
      <input_file id="fl-1b">
         <path>.\MultimodDrivers\src\</path>
         <kind>object</kind>
         <file>multimod_uart.obj</file>
         <name>multimod_uart.obj</name>
      </input_file>
      <input_file id="fl-21">
         <kind>object</kind>
         <file>&lt;internal&gt;</file>
         <name>&lt;internal&gt;</name>
      </input_file>
      <input_file id="fl-d7">
         <path>C:\ti\ccs1281\ccs\tools\compiler\ti-cgt-arm_20.2.7.LTS\lib\</path>
         <kind>archive</kind>
         <file>rtsv7M4_T_le_v4SPD16_eabi.lib</file>
         <name>e_powf.c.obj</name>
      </input_file>
      <input_file id="fl-d8">
         <path>C:\ti\ccs1281\ccs\tools\compiler\ti-cgt-arm_20.2.7.LTS\lib\</path>
         <kind>archive</kind>
         <file>rtsv7M4_T_le_v4SPD16_eabi.lib</file>
         <name>e_sqrtf.c.obj</name>
      </input_file>
      <input_file id="fl-d9">
         <path>C:\ti\ccs1281\ccs\tools\compiler\ti-cgt-arm_20.2.7.LTS\lib\</path>
         <kind>archive</kind>
         <file>rtsv7M4_T_le_v4SPD16_eabi.lib</file>
         <name>s_scalbnf.c.obj</name>
      </input_file>
      <input_file id="fl-da">
         <path>C:\ti\ccs1281\ccs\tools\compiler\ti-cgt-arm_20.2.7.LTS\lib\</path>
         <kind>archive</kind>
         <file>rtsv7M4_T_le_v4SPD16_eabi.lib</file>
         <name>s_copysignf.c.obj</name>
      </input_file>
      <input_file id="fl-db">
         <path>C:\ti\ccs1281\ccs\tools\compiler\ti-cgt-arm_20.2.7.LTS\lib\</path>
         <kind>archive</kind>
         <file>rtsv7M4_T_le_v4SPD16_eabi.lib</file>
         <name>fd_cmp_t2.asm.obj</name>
      </input_file>
      <input_file id="fl-dc">
         <path>C:\ti\ccs1281\ccs\tools\compiler\ti-cgt-arm_20.2.7.LTS\lib\</path>
         <kind>archive</kind>
         <file>rtsv7M4_T_le_v4SPD16_eabi.lib</file>
         <name>fd_mul_t2.asm.obj</name>
      </input_file>
      <input_file id="fl-dd">
         <path>C:\ti\ccs1281\ccs\tools\compiler\ti-cgt-arm_20.2.7.LTS\lib\</path>
         <kind>archive</kind>
         <file>rtsv7M4_T_le_v4SPD16_eabi.lib</file>
         <name>fd_toi_t2.asm.obj</name>
      </input_file>
      <input_file id="fl-de">
         <path>C:\ti\ccs1281\ccs\tools\compiler\ti-cgt-arm_20.2.7.LTS\lib\</path>
         <kind>archive</kind>
         <file>rtsv7M4_T_le_v4SPD16_eabi.lib</file>
         <name>fs_tod_t2.asm.obj</name>
      </input_file>
      <input_file id="fl-df">
         <path>C:\ti\ccs1281\ccs\tools\compiler\ti-cgt-arm_20.2.7.LTS\lib\</path>
         <kind>archive</kind>
         <file>rtsv7M4_T_le_v4SPD16_eabi.lib</file>
         <name>i_tofd_t2.asm.obj</name>
      </input_file>
      <input_file id="fl-e0">
         <path>C:\ti\ccs1281\ccs\tools\compiler\ti-cgt-arm_20.2.7.LTS\lib\</path>
         <kind>archive</kind>
         <file>rtsv7M4_T_le_v4SPD16_eabi.lib</file>
         <name>u_divt2.asm.obj</name>
      </input_file>
      <input_file id="fl-e1">
         <path>C:\ti\ccs1281\ccs\tools\compiler\ti-cgt-arm_20.2.7.LTS\lib\</path>
         <kind>archive</kind>
         <file>rtsv7M4_T_le_v4SPD16_eabi.lib</file>
         <name>copy_zero_init.c.obj</name>
      </input_file>
      <input_file id="fl-e2">
         <path>C:\ti\ccs1281\ccs\tools\compiler\ti-cgt-arm_20.2.7.LTS\lib\</path>
         <kind>archive</kind>
         <file>rtsv7M4_T_le_v4SPD16_eabi.lib</file>
         <name>copy_decompress_none.c.obj</name>
      </input_file>
      <input_file id="fl-e3">
         <path>C:\ti\ccs1281\ccs\tools\compiler\ti-cgt-arm_20.2.7.LTS\lib\</path>
         <kind>archive</kind>
         <file>rtsv7M4_T_le_v4SPD16_eabi.lib</file>
         <name>copy_decompress_lzss.c.obj</name>
      </input_file>
      <input_file id="fl-e4">
         <path>C:\ti\ccs1281\ccs\tools\compiler\ti-cgt-arm_20.2.7.LTS\lib\</path>
         <kind>archive</kind>
         <file>rtsv7M4_T_le_v4SPD16_eabi.lib</file>
         <name>strcpy.c.obj</name>
      </input_file>
      <input_file id="fl-e5">
         <path>C:\ti\ccs1281\ccs\tools\compiler\ti-cgt-arm_20.2.7.LTS\lib\</path>
         <kind>archive</kind>
         <file>rtsv7M4_T_le_v4SPD16_eabi.lib</file>
         <name>boot_cortex_m.c.obj</name>
      </input_file>
      <input_file id="fl-e6">
         <path>C:\ti\ccs1281\ccs\tools\compiler\ti-cgt-arm_20.2.7.LTS\lib\</path>
         <kind>archive</kind>
         <file>rtsv7M4_T_le_v4SPD16_eabi.lib</file>
         <name>errno.c.obj</name>
      </input_file>
      <input_file id="fl-e7">
         <path>C:\ti\ccs1281\ccs\tools\compiler\ti-cgt-arm_20.2.7.LTS\lib\</path>
         <kind>archive</kind>
         <file>rtsv7M4_T_le_v4SPD16_eabi.lib</file>
         <name>div0.asm.obj</name>
      </input_file>
      <input_file id="fl-e8">
         <path>C:\ti\ccs1281\ccs\tools\compiler\ti-cgt-arm_20.2.7.LTS\lib\</path>
         <kind>archive</kind>
         <file>rtsv7M4_T_le_v4SPD16_eabi.lib</file>
         <name>memcpy_t2.asm.obj</name>
      </input_file>
      <input_file id="fl-e9">
         <path>C:\ti\ccs1281\ccs\tools\compiler\ti-cgt-arm_20.2.7.LTS\lib\</path>
         <kind>archive</kind>
         <file>rtsv7M4_T_le_v4SPD16_eabi.lib</file>
         <name>memset_t2.asm.obj</name>
      </input_file>
      <input_file id="fl-ea">
         <path>C:\ti\ccs1281\ccs\tools\compiler\ti-cgt-arm_20.2.7.LTS\lib\</path>
         <kind>archive</kind>
         <file>rtsv7M4_T_le_v4SPD16_eabi.lib</file>
         <name>autoinit.c.obj</name>
      </input_file>
      <input_file id="fl-eb">
         <path>C:\ti\ccs1281\ccs\tools\compiler\ti-cgt-arm_20.2.7.LTS\lib\</path>
         <kind>archive</kind>
         <file>rtsv7M4_T_le_v4SPD16_eabi.lib</file>
         <name>pre_init.c.obj</name>
      </input_file>
      <input_file id="fl-ec">
         <path>C:\ti\ccs1281\ccs\tools\compiler\ti-cgt-arm_20.2.7.LTS\lib\</path>
         <kind>archive</kind>
         <file>rtsv7M4_T_le_v4SPD16_eabi.lib</file>
         <name>cpy_tbl.c.obj</name>
      </input_file>
      <input_file id="fl-ed">
         <path>C:\ti\ccs1281\ccs\tools\compiler\ti-cgt-arm_20.2.7.LTS\lib\</path>
         <kind>archive</kind>
         <file>rtsv7M4_T_le_v4SPD16_eabi.lib</file>
         <name>exit.c.obj</name>
      </input_file>
      <input_file id="fl-ee">
         <path>C:\ti\ccs1281\ccs\tools\compiler\ti-cgt-arm_20.2.7.LTS\lib\</path>
         <kind>archive</kind>
         <file>rtsv7M4_T_le_v4SPD16_eabi.lib</file>
         <name>_lock.c.obj</name>
      </input_file>
      <input_file id="fl-ef">
         <path>C:\ti\ccs1281\ccs\tools\compiler\ti-cgt-arm_20.2.7.LTS\lib\</path>
         <kind>archive</kind>
         <file>rtsv7M4_T_le_v4SPD16_eabi.lib</file>
         <name>args_main.c.obj</name>
      </input_file>
      <input_file id="fl-f0">
         <path>C:\ti\TivaWare_C_Series-2.2.0.295\driverlib\ccs\Debug\</path>
         <kind>archive</kind>
         <file>driverlib.lib</file>
         <name>gpio.obj</name>
      </input_file>
      <input_file id="fl-f1">
         <path>C:\ti\TivaWare_C_Series-2.2.0.295\driverlib\ccs\Debug\</path>
         <kind>archive</kind>
         <file>driverlib.lib</file>
         <name>i2c.obj</name>
      </input_file>
      <input_file id="fl-f2">
         <path>C:\ti\TivaWare_C_Series-2.2.0.295\driverlib\ccs\Debug\</path>
         <kind>archive</kind>
         <file>driverlib.lib</file>
         <name>interrupt.obj</name>
      </input_file>
      <input_file id="fl-f3">
         <path>C:\ti\TivaWare_C_Series-2.2.0.295\driverlib\ccs\Debug\</path>
         <kind>archive</kind>
         <file>driverlib.lib</file>
         <name>pwm.obj</name>
      </input_file>
      <input_file id="fl-f4">
         <path>C:\ti\TivaWare_C_Series-2.2.0.295\driverlib\ccs\Debug\</path>
         <kind>archive</kind>
         <file>driverlib.lib</file>
         <name>ssi.obj</name>
      </input_file>
      <input_file id="fl-f5">
         <path>C:\ti\TivaWare_C_Series-2.2.0.295\driverlib\ccs\Debug\</path>
         <kind>archive</kind>
         <file>driverlib.lib</file>
         <name>sysctl.obj</name>
      </input_file>
      <input_file id="fl-f6">
         <path>C:\ti\TivaWare_C_Series-2.2.0.295\driverlib\ccs\Debug\</path>
         <kind>archive</kind>
         <file>driverlib.lib</file>
         <name>systick.obj</name>
      </input_file>
      <input_file id="fl-f7">
         <path>C:\ti\TivaWare_C_Series-2.2.0.295\driverlib\ccs\Debug\</path>
         <kind>archive</kind>
         <file>driverlib.lib</file>
         <name>uart.obj</name>
      </input_file>
      <input_file id="fl-f8">
         <path>C:\ti\TivaWare_C_Series-2.2.0.295\driverlib\ccs\Debug\</path>
         <kind>archive</kind>
         <file>driverlib.lib</file>
         <name>cpu.obj</name>
      </input_file>
   </input_file_list>
   <object_component_list>
      <object_component id="oc-12">
         <name>.intvecs</name>
         <load_address>0x0</load_address>
         <run_address>0x0</run_address>
         <size>0x26c</size>
         <input_file_ref idref="fl-4"/>
      </object_component>
      <object_component id="oc-32">
         <name>.text</name>
         <load_address>0x26c</load_address>
         <run_address>0x26c</run_address>
         <size>0x688</size>
         <input_file_ref idref="fl-8"/>
      </object_component>
      <object_component id="oc-19a">
         <name>.text</name>
         <load_address>0x8f4</load_address>
         <run_address>0x8f4</run_address>
         <size>0x508</size>
         <input_file_ref idref="fl-3"/>
      </object_component>
      <object_component id="oc-210">
         <name>.text</name>
         <load_address>0xdfc</load_address>
         <run_address>0xdfc</run_address>
         <size>0x4a8</size>
         <input_file_ref idref="fl-5"/>
      </object_component>
      <object_component id="oc-16a">
         <name>.text</name>
         <load_address>0x12a4</load_address>
         <run_address>0x12a4</run_address>
         <size>0x2c8</size>
         <input_file_ref idref="fl-10"/>
      </object_component>
      <object_component id="oc-217">
         <name>.text</name>
         <load_address>0x156c</load_address>
         <run_address>0x156c</run_address>
         <size>0x278</size>
         <input_file_ref idref="fl-18"/>
      </object_component>
      <object_component id="oc-29e">
         <name>.text</name>
         <load_address>0x17e4</load_address>
         <run_address>0x17e4</run_address>
         <size>0x238</size>
         <input_file_ref idref="fl-7"/>
      </object_component>
      <object_component id="oc-17c">
         <name>.text</name>
         <load_address>0x1a1c</load_address>
         <run_address>0x1a1c</run_address>
         <size>0x178</size>
         <input_file_ref idref="fl-12"/>
      </object_component>
      <object_component id="oc-2dd">
         <name>.text:GPIOPadConfigSet</name>
         <load_address>0x1b94</load_address>
         <run_address>0x1b94</run_address>
         <size>0x16c</size>
         <input_file_ref idref="fl-f0"/>
      </object_component>
      <object_component id="oc-170">
         <name>.text</name>
         <load_address>0x1d00</load_address>
         <run_address>0x1d00</run_address>
         <size>0x138</size>
         <input_file_ref idref="fl-13"/>
      </object_component>
      <object_component id="oc-7d">
         <name>.text:SysCtlClockGet</name>
         <load_address>0x1e38</load_address>
         <run_address>0x1e38</run_address>
         <size>0x118</size>
         <input_file_ref idref="fl-f5"/>
      </object_component>
      <object_component id="oc-224">
         <name>.text</name>
         <load_address>0x1f50</load_address>
         <run_address>0x1f50</run_address>
         <size>0xfc</size>
         <input_file_ref idref="fl-dc"/>
      </object_component>
      <object_component id="oc-188">
         <name>.text:SysCtlClockSet</name>
         <load_address>0x204c</load_address>
         <run_address>0x204c</run_address>
         <size>0xf4</size>
         <input_file_ref idref="fl-f5"/>
      </object_component>
      <object_component id="oc-18e">
         <name>.text</name>
         <load_address>0x2140</load_address>
         <run_address>0x2140</run_address>
         <size>0xa8</size>
         <input_file_ref idref="fl-a"/>
      </object_component>
      <object_component id="oc-10a">
         <name>.text</name>
         <load_address>0x21e8</load_address>
         <run_address>0x21e8</run_address>
         <size>0xa8</size>
         <input_file_ref idref="fl-2"/>
      </object_component>
      <object_component id="oc-46">
         <name>.text</name>
         <load_address>0x2290</load_address>
         <run_address>0x2290</run_address>
         <size>0x9c</size>
         <input_file_ref idref="fl-e8"/>
      </object_component>
      <object_component id="oc-176">
         <name>.text</name>
         <load_address>0x232c</load_address>
         <run_address>0x232c</run_address>
         <size>0x90</size>
         <input_file_ref idref="fl-11"/>
      </object_component>
      <object_component id="oc-fe">
         <name>.text</name>
         <load_address>0x23bc</load_address>
         <run_address>0x23bc</run_address>
         <size>0x7a</size>
         <input_file_ref idref="fl-e9"/>
      </object_component>
      <object_component id="oc-3a1">
         <name>.text</name>
         <load_address>0x2436</load_address>
         <run_address>0x2436</run_address>
         <size>0x2</size>
         <input_file_ref idref="fl-e7"/>
      </object_component>
      <object_component id="oc-bc">
         <name>.text:IntEnable</name>
         <load_address>0x2438</load_address>
         <run_address>0x2438</run_address>
         <size>0x68</size>
         <input_file_ref idref="fl-f2"/>
      </object_component>
      <object_component id="oc-15">
         <name>.text:decompress:lzss:__TI_decompress_lzss</name>
         <load_address>0x24a0</load_address>
         <run_address>0x24a0</run_address>
         <size>0x68</size>
         <input_file_ref idref="fl-e3"/>
      </object_component>
      <object_component id="oc-164">
         <name>.text</name>
         <load_address>0x2508</load_address>
         <run_address>0x2508</run_address>
         <size>0x5c</size>
         <input_file_ref idref="fl-1b"/>
      </object_component>
      <object_component id="oc-248">
         <name>.text:GPIOIntTypeSet</name>
         <load_address>0x2564</load_address>
         <run_address>0x2564</run_address>
         <size>0x58</size>
         <input_file_ref idref="fl-f0"/>
      </object_component>
      <object_component id="oc-182">
         <name>.text</name>
         <load_address>0x25bc</load_address>
         <run_address>0x25bc</run_address>
         <size>0x58</size>
         <input_file_ref idref="fl-17"/>
      </object_component>
      <object_component id="oc-2d">
         <name>.text</name>
         <load_address>0x2614</load_address>
         <run_address>0x2614</run_address>
         <size>0x50</size>
         <input_file_ref idref="fl-9"/>
      </object_component>
      <object_component id="oc-261">
         <name>.text:GPIOPinConfigure</name>
         <load_address>0x2664</load_address>
         <run_address>0x2664</run_address>
         <size>0x4c</size>
         <input_file_ref idref="fl-f0"/>
      </object_component>
      <object_component id="oc-328">
         <name>.text:I2CMasterInitExpClk</name>
         <load_address>0x26b0</load_address>
         <run_address>0x26b0</run_address>
         <size>0x4c</size>
         <input_file_ref idref="fl-f1"/>
      </object_component>
      <object_component id="oc-229">
         <name>.text</name>
         <load_address>0x26fc</load_address>
         <run_address>0x26fc</run_address>
         <size>0x48</size>
         <input_file_ref idref="fl-dd"/>
      </object_component>
      <object_component id="oc-20a">
         <name>.text:UARTConfigSetExpClk</name>
         <load_address>0x2744</load_address>
         <run_address>0x2744</run_address>
         <size>0x46</size>
         <input_file_ref idref="fl-f7"/>
      </object_component>
      <object_component id="oc-1ad">
         <name>.text:__TI_auto_init_nobinit_nopinit:__TI_auto_init_nobinit_nopinit</name>
         <load_address>0x278c</load_address>
         <run_address>0x278c</run_address>
         <size>0x44</size>
         <input_file_ref idref="fl-ea"/>
      </object_component>
      <object_component id="oc-30d">
         <name>.text</name>
         <load_address>0x27d0</load_address>
         <run_address>0x27d0</run_address>
         <size>0x40</size>
         <input_file_ref idref="fl-e0"/>
      </object_component>
      <object_component id="oc-2f2">
         <name>.text:SysCtlPeripheralPresent</name>
         <load_address>0x2810</load_address>
         <run_address>0x2810</run_address>
         <size>0x38</size>
         <input_file_ref idref="fl-f5"/>
      </object_component>
      <object_component id="oc-1fe">
         <name>.text:SysCtlPeripheralReady</name>
         <load_address>0x2848</load_address>
         <run_address>0x2848</run_address>
         <size>0x38</size>
         <input_file_ref idref="fl-f5"/>
      </object_component>
      <object_component id="oc-8f">
         <name>.text:IntRegister</name>
         <load_address>0x2880</load_address>
         <run_address>0x2880</run_address>
         <size>0x34</size>
         <input_file_ref idref="fl-f2"/>
      </object_component>
      <object_component id="oc-1f8">
         <name>.text:SysCtlPeripheralEnable</name>
         <load_address>0x28b4</load_address>
         <run_address>0x28b4</run_address>
         <size>0x34</size>
         <input_file_ref idref="fl-f5"/>
      </object_component>
      <object_component id="oc-64">
         <name>.text:_c_int00_noargs:_c_int00_noargs</name>
         <load_address>0x28e8</load_address>
         <run_address>0x28e8</run_address>
         <size>0x34</size>
         <input_file_ref idref="fl-e5"/>
      </object_component>
      <object_component id="oc-21f">
         <name>.text</name>
         <load_address>0x291c</load_address>
         <run_address>0x291c</run_address>
         <size>0x2e</size>
         <input_file_ref idref="fl-df"/>
      </object_component>
      <object_component id="oc-2d7">
         <name>.text:GPIODirModeSet</name>
         <load_address>0x294a</load_address>
         <run_address>0x294a</run_address>
         <size>0x2c</size>
         <input_file_ref idref="fl-f0"/>
      </object_component>
      <object_component id="oc-a1">
         <name>.text:IntPrioritySet</name>
         <load_address>0x2978</load_address>
         <run_address>0x2978</run_address>
         <size>0x24</size>
         <input_file_ref idref="fl-f2"/>
      </object_component>
      <object_component id="oc-267">
         <name>.text:PWMGenConfigure</name>
         <load_address>0x299c</load_address>
         <run_address>0x299c</run_address>
         <size>0x22</size>
         <input_file_ref idref="fl-f3"/>
      </object_component>
      <object_component id="oc-2e4">
         <name>.text:UARTDisable</name>
         <load_address>0x29c0</load_address>
         <run_address>0x29c0</run_address>
         <size>0x20</size>
         <input_file_ref idref="fl-f7"/>
      </object_component>
      <object_component id="oc-273">
         <name>.text:PWMPulseWidthSet</name>
         <load_address>0x29e0</load_address>
         <run_address>0x29e0</run_address>
         <size>0x1e</size>
         <input_file_ref idref="fl-f3"/>
      </object_component>
      <object_component id="oc-89">
         <name>.text:SysTickIntRegister</name>
         <load_address>0x2a00</load_address>
         <run_address>0x2a00</run_address>
         <size>0x1c</size>
         <input_file_ref idref="fl-f6"/>
      </object_component>
      <object_component id="oc-230">
         <name>.text:GPIOUnlockPin</name>
         <load_address>0x2a1c</load_address>
         <run_address>0x2a1c</run_address>
         <size>0x18</size>
         <input_file_ref idref="fl-f0"/>
      </object_component>
      <object_component id="oc-236">
         <name>.text:GPIOPinTypeGPIOInput</name>
         <load_address>0x2a34</load_address>
         <run_address>0x2a34</run_address>
         <size>0x16</size>
         <input_file_ref idref="fl-f0"/>
      </object_component>
      <object_component id="oc-322">
         <name>.text:GPIOPinTypeI2C</name>
         <load_address>0x2a4a</load_address>
         <run_address>0x2a4a</run_address>
         <size>0x16</size>
         <input_file_ref idref="fl-f0"/>
      </object_component>
      <object_component id="oc-31c">
         <name>.text:GPIOPinTypeI2CSCL</name>
         <load_address>0x2a60</load_address>
         <run_address>0x2a60</run_address>
         <size>0x16</size>
         <input_file_ref idref="fl-f0"/>
      </object_component>
      <object_component id="oc-25b">
         <name>.text:GPIOPinTypePWM</name>
         <load_address>0x2a76</load_address>
         <run_address>0x2a76</run_address>
         <size>0x16</size>
         <input_file_ref idref="fl-f0"/>
      </object_component>
      <object_component id="oc-204">
         <name>.text:GPIOPinTypeUART</name>
         <load_address>0x2a8c</load_address>
         <run_address>0x2a8c</run_address>
         <size>0x16</size>
         <input_file_ref idref="fl-f0"/>
      </object_component>
      <object_component id="oc-9b">
         <name>.text:SysTickEnable</name>
         <load_address>0x2aa4</load_address>
         <run_address>0x2aa4</run_address>
         <size>0x14</size>
         <input_file_ref idref="fl-f6"/>
      </object_component>
      <object_component id="oc-95">
         <name>.text:SysTickIntEnable</name>
         <load_address>0x2ab8</load_address>
         <run_address>0x2ab8</run_address>
         <size>0x14</size>
         <input_file_ref idref="fl-f6"/>
      </object_component>
      <object_component id="oc-2ea">
         <name>.text:UARTEnable</name>
         <load_address>0x2acc</load_address>
         <run_address>0x2acc</run_address>
         <size>0x14</size>
         <input_file_ref idref="fl-f7"/>
      </object_component>
      <object_component id="oc-b0">
         <name>.text:strcpy</name>
         <load_address>0x2ae0</load_address>
         <run_address>0x2ae0</run_address>
         <size>0x14</size>
         <input_file_ref idref="fl-e4"/>
      </object_component>
      <object_component id="oc-27f">
         <name>.text:PWMOutputState</name>
         <load_address>0x2af4</load_address>
         <run_address>0x2af4</run_address>
         <size>0x12</size>
         <input_file_ref idref="fl-f3"/>
      </object_component>
      <object_component id="oc-26d">
         <name>.text:PWMGenPeriodSet</name>
         <load_address>0x2b06</load_address>
         <run_address>0x2b06</run_address>
         <size>0x10</size>
         <input_file_ref idref="fl-f3"/>
      </object_component>
      <object_component id="oc-83">
         <name>.text:SysTickPeriodSet</name>
         <load_address>0x2b18</load_address>
         <run_address>0x2b18</run_address>
         <size>0x10</size>
         <input_file_ref idref="fl-f6"/>
      </object_component>
      <object_component id="oc-ab">
         <name>.text</name>
         <load_address>0x2b28</load_address>
         <run_address>0x2b28</run_address>
         <size>0xe</size>
         <input_file_ref idref="fl-6"/>
      </object_component>
      <object_component id="oc-23c">
         <name>.text:GPIOIntDisable</name>
         <load_address>0x2b36</load_address>
         <run_address>0x2b36</run_address>
         <size>0xe</size>
         <input_file_ref idref="fl-f0"/>
      </object_component>
      <object_component id="oc-1b">
         <name>.text:decompress:none:__TI_decompress_none</name>
         <load_address>0x2b44</load_address>
         <run_address>0x2b44</run_address>
         <size>0xe</size>
         <input_file_ref idref="fl-e2"/>
      </object_component>
      <object_component id="oc-24e">
         <name>.text:GPIOIntEnable</name>
         <load_address>0x2b52</load_address>
         <run_address>0x2b52</run_address>
         <size>0xc</size>
         <input_file_ref idref="fl-f0"/>
      </object_component>
      <object_component id="oc-279">
         <name>.text:PWMGenEnable</name>
         <load_address>0x2b5e</load_address>
         <run_address>0x2b5e</run_address>
         <size>0xc</size>
         <input_file_ref idref="fl-f3"/>
      </object_component>
      <object_component id="oc-58">
         <name>.text:decompress:ZI:__TI_zero_init</name>
         <load_address>0x2b6a</load_address>
         <run_address>0x2b6a</run_address>
         <size>0xc</size>
         <input_file_ref idref="fl-e1"/>
      </object_component>
      <object_component id="oc-27">
         <name>.text</name>
         <load_address>0x2b76</load_address>
         <run_address>0x2b76</run_address>
         <size>0xc</size>
         <input_file_ref idref="fl-4"/>
      </object_component>
      <object_component id="oc-3ae">
         <name>.text:I2CMasterEnable</name>
         <load_address>0x2b82</load_address>
         <run_address>0x2b82</run_address>
         <size>0xa</size>
         <input_file_ref idref="fl-f1"/>
      </object_component>
      <object_component id="oc-2fe">
         <name>.text:UARTCharGet</name>
         <load_address>0x2b8c</load_address>
         <run_address>0x2b8c</run_address>
         <size>0xa</size>
         <input_file_ref idref="fl-f7"/>
      </object_component>
      <object_component id="oc-2f8">
         <name>.text:UARTCharPut</name>
         <load_address>0x2b96</load_address>
         <run_address>0x2b96</run_address>
         <size>0xa</size>
         <input_file_ref idref="fl-f7"/>
      </object_component>
      <object_component id="oc-340">
         <name>.text:I2CMasterBusy</name>
         <load_address>0x2ba0</load_address>
         <run_address>0x2ba0</run_address>
         <size>0x8</size>
         <input_file_ref idref="fl-f1"/>
      </object_component>
      <object_component id="oc-32e">
         <name>.text:I2CMasterSlaveAddrSet</name>
         <load_address>0x2ba8</load_address>
         <run_address>0x2ba8</run_address>
         <size>0x8</size>
         <input_file_ref idref="fl-f1"/>
      </object_component>
      <object_component id="oc-242">
         <name>.text:GPIOIntClear</name>
         <load_address>0x2bb0</load_address>
         <run_address>0x2bb0</run_address>
         <size>0x6</size>
         <input_file_ref idref="fl-f0"/>
      </object_component>
      <object_component id="oc-254">
         <name>.text:GPIOPinRead</name>
         <load_address>0x2bb6</load_address>
         <run_address>0x2bb6</run_address>
         <size>0x6</size>
         <input_file_ref idref="fl-f0"/>
      </object_component>
      <object_component id="oc-28f">
         <name>.text:SysCtlDelay</name>
         <load_address>0x2bbc</load_address>
         <run_address>0x2bbc</run_address>
         <size>0x6</size>
         <input_file_ref idref="fl-f5"/>
      </object_component>
      <object_component id="oc-33a">
         <name>.text:I2CMasterControl</name>
         <load_address>0x2bc2</load_address>
         <run_address>0x2bc2</run_address>
         <size>0x4</size>
         <input_file_ref idref="fl-f1"/>
      </object_component>
      <object_component id="oc-346">
         <name>.text:I2CMasterDataGet</name>
         <load_address>0x2bc6</load_address>
         <run_address>0x2bc6</run_address>
         <size>0x4</size>
         <input_file_ref idref="fl-f1"/>
      </object_component>
      <object_component id="oc-334">
         <name>.text:I2CMasterDataPut</name>
         <load_address>0x2bca</load_address>
         <run_address>0x2bca</run_address>
         <size>0x4</size>
         <input_file_ref idref="fl-f1"/>
      </object_component>
      <object_component id="oc-104">
         <name>.text:_system_pre_init</name>
         <load_address>0x2bce</load_address>
         <run_address>0x2bce</run_address>
         <size>0x4</size>
         <input_file_ref idref="fl-eb"/>
      </object_component>
      <object_component id="oc-1a1">
         <name>.text:abort:abort</name>
         <load_address>0x2bd2</load_address>
         <run_address>0x2bd2</run_address>
         <size>0x4</size>
         <input_file_ref idref="fl-ed"/>
      </object_component>
      <object_component id="oc-136">
         <name>.const:g_pui32Regs</name>
         <load_address>0x2bd8</load_address>
         <run_address>0x2bd8</run_address>
         <size>0x9c</size>
         <input_file_ref idref="fl-f2"/>
      </object_component>
      <object_component id="oc-35d">
         <name>.const:g_pui32GPIOBaseAddrs</name>
         <load_address>0x2c74</load_address>
         <run_address>0x2c74</run_address>
         <size>0x90</size>
         <input_file_ref idref="fl-f0"/>
      </object_component>
      <object_component id="oc-123">
         <name>.const:g_pui32Xtals</name>
         <load_address>0x2d04</load_address>
         <run_address>0x2d04</run_address>
         <size>0x6c</size>
         <input_file_ref idref="fl-f5"/>
      </object_component>
      <object_component id="oc-143">
         <name>.const:g_pui32EnRegs</name>
         <load_address>0x2d70</load_address>
         <run_address>0x2d70</run_address>
         <size>0x14</size>
         <input_file_ref idref="fl-f2"/>
      </object_component>
      <object_component id="oc-3a7">
         <name>.const:.string</name>
         <load_address>0x2d84</load_address>
         <run_address>0x2d84</run_address>
         <size>0x12</size>
         <input_file_ref idref="fl-5"/>
      </object_component>
      <object_component id="oc-30a">
         <name>.const:g_ui32UARTBase</name>
         <load_address>0x2d98</load_address>
         <run_address>0x2d98</run_address>
         <size>0xc</size>
         <input_file_ref idref="fl-5"/>
      </object_component>
      <object_component id="oc-304">
         <name>.const:g_ui32UARTPeriph</name>
         <load_address>0x2da4</load_address>
         <run_address>0x2da4</run_address>
         <size>0xc</size>
         <input_file_ref idref="fl-5"/>
      </object_component>
      <object_component id="oc-312">
         <name>.const</name>
         <load_address>0x2db0</load_address>
         <run_address>0x2db0</run_address>
         <size>0x4</size>
         <input_file_ref idref="fl-5"/>
      </object_component>
      <object_component id="oc-408">
         <name>__TI_handler_table</name>
         <load_address>0x2db8</load_address>
         <run_address>0x2db8</run_address>
         <size>0xc</size>
      </object_component>
      <object_component id="oc-40b">
         <name>.cinit..data.load</name>
         <load_address>0x2dc4</load_address>
         <run_address>0x2dc4</run_address>
         <size>0x9</size>
      </object_component>
      <object_component id="oc-40c">
         <name>.cinit..bss.load</name>
         <load_address>0x2dd0</load_address>
         <run_address>0x2dd0</run_address>
         <size>0x8</size>
      </object_component>
      <object_component id="oc-40a">
         <name>.cinit..vtable.load</name>
         <load_address>0x2dd8</load_address>
         <run_address>0x2dd8</run_address>
         <size>0x8</size>
      </object_component>
      <object_component id="oc-409">
         <name>__TI_cinit_table</name>
         <load_address>0x2de0</load_address>
         <run_address>0x2de0</run_address>
         <size>0x18</size>
      </object_component>
      <object_component id="oc-12f">
         <name>.vtable</name>
         <uninitialized>true</uninitialized>
         <run_address>0x20000000</run_address>
         <size>0x26c</size>
         <input_file_ref idref="fl-f2"/>
      </object_component>
      <object_component id="oc-2a4">
         <name>.data</name>
         <load_address>0x20006848</load_address>
         <run_address>0x20006848</run_address>
         <size>0xa</size>
         <input_file_ref idref="fl-3"/>
      </object_component>
      <object_component id="oc-307">
         <name>.data</name>
         <load_address>0x20006854</load_address>
         <run_address>0x20006854</run_address>
         <size>0x5</size>
         <input_file_ref idref="fl-5"/>
      </object_component>
      <object_component id="oc-c7">
         <name>.data</name>
         <load_address>0x20006852</load_address>
         <run_address>0x20006852</run_address>
         <size>0x1</size>
         <input_file_ref idref="fl-8"/>
      </object_component>
      <object_component id="oc-369">
         <name>.bss:FIFOs</name>
         <uninitialized>true</uninitialized>
         <run_address>0x2000647c</run_address>
         <size>0x150</size>
         <input_file_ref idref="fl-7"/>
      </object_component>
      <object_component id="oc-b9">
         <name>.bss:threadControlBlocks</name>
         <uninitialized>true</uninitialized>
         <run_address>0x2000626c</run_address>
         <size>0x210</size>
         <input_file_ref idref="fl-8"/>
      </object_component>
      <object_component id="oc-ca">
         <name>.bss:threadStacks</name>
         <uninitialized>true</uninitialized>
         <run_address>0x2000026c</run_address>
         <size>0x6000</size>
         <input_file_ref idref="fl-8"/>
      </object_component>
      <object_component id="oc-a8">
         <name>.bss:ptcbs</name>
         <uninitialized>true</uninitialized>
         <run_address>0x200065cc</run_address>
         <size>0x48</size>
         <input_file_ref idref="fl-8"/>
      </object_component>
      <object_component id="oc-b6">
         <name>.bss</name>
         <uninitialized>true</uninitialized>
         <run_address>0x20006614</run_address>
         <size>0xc</size>
         <input_file_ref idref="fl-8"/>
      </object_component>
      <object_component id="oc-c2">
         <name>.common:IBit_State</name>
         <uninitialized>true</uninitialized>
         <run_address>0x20006624</run_address>
         <size>0x4</size>
      </object_component>
      <object_component id="oc-194">
         <name>.common:sem_UART</name>
         <uninitialized>true</uninitialized>
         <run_address>0x20006640</run_address>
         <size>0x4</size>
      </object_component>
      <object_component id="oc-197">
         <name>.common:sem_I2CA</name>
         <uninitialized>true</uninitialized>
         <run_address>0x20006630</run_address>
         <size>0x4</size>
      </object_component>
      <object_component id="oc-198">
         <name>.common:sem_SPI</name>
         <uninitialized>true</uninitialized>
         <run_address>0x20006638</run_address>
         <size>0x4</size>
      </object_component>
      <object_component id="oc-2a7">
         <name>.common:sem_SW1</name>
         <uninitialized>true</uninitialized>
         <run_address>0x2000663c</run_address>
         <size>0x4</size>
      </object_component>
      <object_component id="oc-199">
         <name>.common:sem_MMB</name>
         <uninitialized>true</uninitialized>
         <run_address>0x20006634</run_address>
         <size>0x4</size>
      </object_component>
      <object_component id="oc-a7">
         <name>.common:SystemTime</name>
         <uninitialized>true</uninitialized>
         <run_address>0x20006628</run_address>
         <size>0x4</size>
      </object_component>
      <object_component id="oc-79">
         <name>.common:CurrentlyRunningThread</name>
         <uninitialized>true</uninitialized>
         <run_address>0x20006620</run_address>
         <size>0x4</size>
      </object_component>
      <object_component id="oc-285">
         <name>.common:pulse_width</name>
         <uninitialized>true</uninitialized>
         <run_address>0x2000662c</run_address>
         <size>0x4</size>
      </object_component>
      <object_component id="oc-24">
         <name>.stack</name>
         <uninitialized>true</uninitialized>
         <run_address>0x20006648</run_address>
         <size>0x4</size>
         <input_file_ref idref="fl-e5"/>
      </object_component>
      <object_component id="oc-40e">
         <name>.stack</name>
         <uninitialized>true</uninitialized>
         <run_address>0x20006648</run_address>
         <size>0x0</size>
      </object_component>
      <object_component id="oc-c3">
         <name>.debug_info</name>
         <load_address>0x0</load_address>
         <run_address>0x0</run_address>
         <size>0x5fc</size>
         <input_file_ref idref="fl-2"/>
      </object_component>
      <object_component id="oc-10d">
         <name>.debug_info</name>
         <load_address>0x5fc</load_address>
         <run_address>0x5fc</run_address>
         <size>0x317</size>
         <input_file_ref idref="fl-2"/>
      </object_component>
      <object_component id="oc-d3">
         <name>.debug_info</name>
         <load_address>0x913</load_address>
         <run_address>0x913</run_address>
         <size>0x7e</size>
         <input_file_ref idref="fl-2"/>
      </object_component>
      <object_component id="oc-289">
         <name>.debug_info</name>
         <load_address>0x991</load_address>
         <run_address>0x991</run_address>
         <size>0x51</size>
         <input_file_ref idref="fl-2"/>
      </object_component>
      <object_component id="oc-e4">
         <name>.debug_info</name>
         <load_address>0x9e2</load_address>
         <run_address>0x9e2</run_address>
         <size>0x26b</size>
         <input_file_ref idref="fl-2"/>
      </object_component>
      <object_component id="oc-d8">
         <name>.debug_info</name>
         <load_address>0xc4d</load_address>
         <run_address>0xc4d</run_address>
         <size>0x8b</size>
         <input_file_ref idref="fl-2"/>
      </object_component>
      <object_component id="oc-14f">
         <name>.debug_info</name>
         <load_address>0xcd8</load_address>
         <run_address>0xcd8</run_address>
         <size>0x2a4</size>
         <input_file_ref idref="fl-2"/>
      </object_component>
      <object_component id="oc-ce">
         <name>.debug_info</name>
         <load_address>0xf7c</load_address>
         <run_address>0xf7c</run_address>
         <size>0xbb</size>
         <input_file_ref idref="fl-2"/>
      </object_component>
      <object_component id="oc-dd">
         <name>.debug_info</name>
         <load_address>0x1037</load_address>
         <run_address>0x1037</run_address>
         <size>0x1a2</size>
         <input_file_ref idref="fl-2"/>
      </object_component>
      <object_component id="oc-11e">
         <name>.debug_info</name>
         <load_address>0x11d9</load_address>
         <run_address>0x11d9</run_address>
         <size>0x4e</size>
         <input_file_ref idref="fl-2"/>
      </object_component>
      <object_component id="oc-195">
         <name>.debug_info</name>
         <load_address>0x1227</load_address>
         <run_address>0x1227</run_address>
         <size>0x6fb</size>
         <input_file_ref idref="fl-3"/>
      </object_component>
      <object_component id="oc-2a5">
         <name>.debug_info</name>
         <load_address>0x1922</load_address>
         <run_address>0x1922</run_address>
         <size>0x1c1</size>
         <input_file_ref idref="fl-3"/>
      </object_component>
      <object_component id="oc-19b">
         <name>.debug_info</name>
         <load_address>0x1ae3</load_address>
         <run_address>0x1ae3</run_address>
         <size>0xfc1</size>
         <input_file_ref idref="fl-3"/>
      </object_component>
      <object_component id="oc-299">
         <name>.debug_info</name>
         <load_address>0x2aa4</load_address>
         <run_address>0x2aa4</run_address>
         <size>0x8a</size>
         <input_file_ref idref="fl-3"/>
      </object_component>
      <object_component id="oc-317">
         <name>.debug_info</name>
         <load_address>0x2b2e</load_address>
         <run_address>0x2b2e</run_address>
         <size>0x2c</size>
         <input_file_ref idref="fl-3"/>
      </object_component>
      <object_component id="oc-294">
         <name>.debug_info</name>
         <load_address>0x2b5a</load_address>
         <run_address>0x2b5a</run_address>
         <size>0x35</size>
         <input_file_ref idref="fl-3"/>
      </object_component>
      <object_component id="oc-3a">
         <name>.debug_info</name>
         <load_address>0x2b8f</load_address>
         <run_address>0x2b8f</run_address>
         <size>0x313</size>
         <input_file_ref idref="fl-4"/>
      </object_component>
      <object_component id="oc-13">
         <name>.debug_info</name>
         <load_address>0x2ea2</load_address>
         <run_address>0x2ea2</run_address>
         <size>0x108</size>
         <input_file_ref idref="fl-4"/>
      </object_component>
      <object_component id="oc-28">
         <name>.debug_info</name>
         <load_address>0x2faa</load_address>
         <run_address>0x2faa</run_address>
         <size>0x284</size>
         <input_file_ref idref="fl-4"/>
      </object_component>
      <object_component id="oc-41">
         <name>.debug_info</name>
         <load_address>0x322e</load_address>
         <run_address>0x322e</run_address>
         <size>0x84</size>
         <input_file_ref idref="fl-4"/>
      </object_component>
      <object_component id="oc-316">
         <name>.debug_info</name>
         <load_address>0x32b2</load_address>
         <run_address>0x32b2</run_address>
         <size>0x3fd</size>
         <input_file_ref idref="fl-5"/>
      </object_component>
      <object_component id="oc-308">
         <name>.debug_info</name>
         <load_address>0x36af</load_address>
         <run_address>0x36af</run_address>
         <size>0xf4</size>
         <input_file_ref idref="fl-5"/>
      </object_component>
      <object_component id="oc-313">
         <name>.debug_info</name>
         <load_address>0x37a3</load_address>
         <run_address>0x37a3</run_address>
         <size>0xee</size>
         <input_file_ref idref="fl-5"/>
      </object_component>
      <object_component id="oc-30b">
         <name>.debug_info</name>
         <load_address>0x3891</load_address>
         <run_address>0x3891</run_address>
         <size>0xfc</size>
         <input_file_ref idref="fl-5"/>
      </object_component>
      <object_component id="oc-305">
         <name>.debug_info</name>
         <load_address>0x398d</load_address>
         <run_address>0x398d</run_address>
         <size>0x100</size>
         <input_file_ref idref="fl-5"/>
      </object_component>
      <object_component id="oc-212">
         <name>.debug_info</name>
         <load_address>0x3a8d</load_address>
         <run_address>0x3a8d</run_address>
         <size>0x79d</size>
         <input_file_ref idref="fl-5"/>
      </object_component>
      <object_component id="oc-ad">
         <name>.debug_info</name>
         <load_address>0x422a</load_address>
         <run_address>0x422a</run_address>
         <size>0x168</size>
         <input_file_ref idref="fl-6"/>
      </object_component>
      <object_component id="oc-3c3">
         <name>.debug_info</name>
         <load_address>0x4392</load_address>
         <run_address>0x4392</run_address>
         <size>0x3a9</size>
         <input_file_ref idref="fl-7"/>
      </object_component>
      <object_component id="oc-36a">
         <name>.debug_info</name>
         <load_address>0x473b</load_address>
         <run_address>0x473b</run_address>
         <size>0xf6</size>
         <input_file_ref idref="fl-7"/>
      </object_component>
      <object_component id="oc-2a2">
         <name>.debug_info</name>
         <load_address>0x4831</load_address>
         <run_address>0x4831</run_address>
         <size>0x4a0</size>
         <input_file_ref idref="fl-7"/>
      </object_component>
      <object_component id="oc-3da">
         <name>.debug_info</name>
         <load_address>0x4cd1</load_address>
         <run_address>0x4cd1</run_address>
         <size>0xb2</size>
         <input_file_ref idref="fl-7"/>
      </object_component>
      <object_component id="oc-7a">
         <name>.debug_info</name>
         <load_address>0x4d83</load_address>
         <run_address>0x4d83</run_address>
         <size>0x5bf</size>
         <input_file_ref idref="fl-8"/>
      </object_component>
      <object_component id="oc-ba">
         <name>.debug_info</name>
         <load_address>0x5342</load_address>
         <run_address>0x5342</run_address>
         <size>0x118</size>
         <input_file_ref idref="fl-8"/>
      </object_component>
      <object_component id="oc-cb">
         <name>.debug_info</name>
         <load_address>0x545a</load_address>
         <run_address>0x545a</run_address>
         <size>0x10a</size>
         <input_file_ref idref="fl-8"/>
      </object_component>
      <object_component id="oc-a9">
         <name>.debug_info</name>
         <load_address>0x5564</load_address>
         <run_address>0x5564</run_address>
         <size>0xfc</size>
         <input_file_ref idref="fl-8"/>
      </object_component>
      <object_component id="oc-b7">
         <name>.debug_info</name>
         <load_address>0x5660</load_address>
         <run_address>0x5660</run_address>
         <size>0x16e</size>
         <input_file_ref idref="fl-8"/>
      </object_component>
      <object_component id="oc-c8">
         <name>.debug_info</name>
         <load_address>0x57ce</load_address>
         <run_address>0x57ce</run_address>
         <size>0x107</size>
         <input_file_ref idref="fl-8"/>
      </object_component>
      <object_component id="oc-34">
         <name>.debug_info</name>
         <load_address>0x58d5</load_address>
         <run_address>0x58d5</run_address>
         <size>0xf29</size>
         <input_file_ref idref="fl-8"/>
      </object_component>
      <object_component id="oc-2e">
         <name>.debug_info</name>
         <load_address>0x67fe</load_address>
         <run_address>0x67fe</run_address>
         <size>0x164</size>
         <input_file_ref idref="fl-9"/>
      </object_component>
      <object_component id="oc-c5">
         <name>.debug_info</name>
         <load_address>0x6962</load_address>
         <run_address>0x6962</run_address>
         <size>0x38a</size>
         <input_file_ref idref="fl-a"/>
      </object_component>
      <object_component id="oc-18f">
         <name>.debug_info</name>
         <load_address>0x6cec</load_address>
         <run_address>0x6cec</run_address>
         <size>0x3a7</size>
         <input_file_ref idref="fl-a"/>
      </object_component>
      <object_component id="oc-21e">
         <name>.debug_info</name>
         <load_address>0x7093</load_address>
         <run_address>0x7093</run_address>
         <size>0x3d5</size>
         <input_file_ref idref="fl-10"/>
      </object_component>
      <object_component id="oc-16b">
         <name>.debug_info</name>
         <load_address>0x7468</load_address>
         <run_address>0x7468</run_address>
         <size>0x11ab</size>
         <input_file_ref idref="fl-10"/>
      </object_component>
      <object_component id="oc-178">
         <name>.debug_info</name>
         <load_address>0x8613</load_address>
         <run_address>0x8613</run_address>
         <size>0x41e</size>
         <input_file_ref idref="fl-11"/>
      </object_component>
      <object_component id="oc-286">
         <name>.debug_info</name>
         <load_address>0x8a31</load_address>
         <run_address>0x8a31</run_address>
         <size>0x4c2</size>
         <input_file_ref idref="fl-12"/>
      </object_component>
      <object_component id="oc-180">
         <name>.debug_info</name>
         <load_address>0x8ef3</load_address>
         <run_address>0x8ef3</run_address>
         <size>0x4af</size>
         <input_file_ref idref="fl-12"/>
      </object_component>
      <object_component id="oc-22f">
         <name>.debug_info</name>
         <load_address>0x93a2</load_address>
         <run_address>0x93a2</run_address>
         <size>0x399</size>
         <input_file_ref idref="fl-13"/>
      </object_component>
      <object_component id="oc-171">
         <name>.debug_info</name>
         <load_address>0x973b</load_address>
         <run_address>0x973b</run_address>
         <size>0x7c9</size>
         <input_file_ref idref="fl-13"/>
      </object_component>
      <object_component id="oc-184">
         <name>.debug_info</name>
         <load_address>0x9f04</load_address>
         <run_address>0x9f04</run_address>
         <size>0x2e2</size>
         <input_file_ref idref="fl-17"/>
      </object_component>
      <object_component id="oc-34d">
         <name>.debug_info</name>
         <load_address>0xa1e6</load_address>
         <run_address>0xa1e6</run_address>
         <size>0x501</size>
         <input_file_ref idref="fl-18"/>
      </object_component>
      <object_component id="oc-21a">
         <name>.debug_info</name>
         <load_address>0xa6e7</load_address>
         <run_address>0xa6e7</run_address>
         <size>0x99c</size>
         <input_file_ref idref="fl-18"/>
      </object_component>
      <object_component id="oc-165">
         <name>.debug_info</name>
         <load_address>0xb083</load_address>
         <run_address>0xb083</run_address>
         <size>0x251</size>
         <input_file_ref idref="fl-1b"/>
      </object_component>
      <object_component id="oc-227">
         <name>.debug_info</name>
         <load_address>0xb2d4</load_address>
         <run_address>0xb2d4</run_address>
         <size>0x13a</size>
         <input_file_ref idref="fl-dc"/>
      </object_component>
      <object_component id="oc-22a">
         <name>.debug_info</name>
         <load_address>0xb40e</load_address>
         <run_address>0xb40e</run_address>
         <size>0x12e</size>
         <input_file_ref idref="fl-dd"/>
      </object_component>
      <object_component id="oc-220">
         <name>.debug_info</name>
         <load_address>0xb53c</load_address>
         <run_address>0xb53c</run_address>
         <size>0x12c</size>
         <input_file_ref idref="fl-df"/>
      </object_component>
      <object_component id="oc-30e">
         <name>.debug_info</name>
         <load_address>0xb668</load_address>
         <run_address>0xb668</run_address>
         <size>0x142</size>
         <input_file_ref idref="fl-e0"/>
      </object_component>
      <object_component id="oc-fd">
         <name>.debug_info</name>
         <load_address>0xb7aa</load_address>
         <run_address>0xb7aa</run_address>
         <size>0x2d4</size>
         <input_file_ref idref="fl-e1"/>
      </object_component>
      <object_component id="oc-59">
         <name>.debug_info</name>
         <load_address>0xba7e</load_address>
         <run_address>0xba7e</run_address>
         <size>0x1b5</size>
         <input_file_ref idref="fl-e1"/>
      </object_component>
      <object_component id="oc-f8">
         <name>.debug_info</name>
         <load_address>0xbc33</load_address>
         <run_address>0xbc33</run_address>
         <size>0x46</size>
         <input_file_ref idref="fl-e1"/>
      </object_component>
      <object_component id="oc-15b">
         <name>.debug_info</name>
         <load_address>0xbc79</load_address>
         <run_address>0xbc79</run_address>
         <size>0x2c</size>
         <input_file_ref idref="fl-e1"/>
      </object_component>
      <object_component id="oc-51">
         <name>.debug_info</name>
         <load_address>0xbca5</load_address>
         <run_address>0xbca5</run_address>
         <size>0x2a8</size>
         <input_file_ref idref="fl-e2"/>
      </object_component>
      <object_component id="oc-1e">
         <name>.debug_info</name>
         <load_address>0xbf4d</load_address>
         <run_address>0xbf4d</run_address>
         <size>0x1ea</size>
         <input_file_ref idref="fl-e2"/>
      </object_component>
      <object_component id="oc-4c">
         <name>.debug_info</name>
         <load_address>0xc137</load_address>
         <run_address>0xc137</run_address>
         <size>0x46</size>
         <input_file_ref idref="fl-e2"/>
      </object_component>
      <object_component id="oc-f0">
         <name>.debug_info</name>
         <load_address>0xc17d</load_address>
         <run_address>0xc17d</run_address>
         <size>0x2c</size>
         <input_file_ref idref="fl-e2"/>
      </object_component>
      <object_component id="oc-ee">
         <name>.debug_info</name>
         <load_address>0xc1a9</load_address>
         <run_address>0xc1a9</run_address>
         <size>0x29e</size>
         <input_file_ref idref="fl-e3"/>
      </object_component>
      <object_component id="oc-17">
         <name>.debug_info</name>
         <load_address>0xc447</load_address>
         <run_address>0xc447</run_address>
         <size>0x250</size>
         <input_file_ref idref="fl-e3"/>
      </object_component>
      <object_component id="oc-3c">
         <name>.debug_info</name>
         <load_address>0xc697</load_address>
         <run_address>0xc697</run_address>
         <size>0x60</size>
         <input_file_ref idref="fl-e3"/>
      </object_component>
      <object_component id="oc-154">
         <name>.debug_info</name>
         <load_address>0xc6f7</load_address>
         <run_address>0xc6f7</run_address>
         <size>0x46</size>
         <input_file_ref idref="fl-e3"/>
      </object_component>
      <object_component id="oc-e9">
         <name>.debug_info</name>
         <load_address>0xc73d</load_address>
         <run_address>0xc73d</run_address>
         <size>0x39</size>
         <input_file_ref idref="fl-e3"/>
      </object_component>
      <object_component id="oc-13e">
         <name>.debug_info</name>
         <load_address>0xc776</load_address>
         <run_address>0xc776</run_address>
         <size>0x2a4</size>
         <input_file_ref idref="fl-e4"/>
      </object_component>
      <object_component id="oc-b4">
         <name>.debug_info</name>
         <load_address>0xca1a</load_address>
         <run_address>0xca1a</run_address>
         <size>0x24d</size>
         <input_file_ref idref="fl-e4"/>
      </object_component>
      <object_component id="oc-25">
         <name>.debug_info</name>
         <load_address>0xcc67</load_address>
         <run_address>0xcc67</run_address>
         <size>0x10b</size>
         <input_file_ref idref="fl-e5"/>
      </object_component>
      <object_component id="oc-65">
         <name>.debug_info</name>
         <load_address>0xcd72</load_address>
         <run_address>0xcd72</run_address>
         <size>0x1a9</size>
         <input_file_ref idref="fl-e5"/>
      </object_component>
      <object_component id="oc-3a2">
         <name>.debug_info</name>
         <load_address>0xcf1b</load_address>
         <run_address>0xcf1b</run_address>
         <size>0x115</size>
         <input_file_ref idref="fl-e7"/>
      </object_component>
      <object_component id="oc-47">
         <name>.debug_info</name>
         <load_address>0xd030</load_address>
         <run_address>0xd030</run_address>
         <size>0x119</size>
         <input_file_ref idref="fl-e8"/>
      </object_component>
      <object_component id="oc-ff">
         <name>.debug_info</name>
         <load_address>0xd149</load_address>
         <run_address>0xd149</run_address>
         <size>0x147</size>
         <input_file_ref idref="fl-e9"/>
      </object_component>
      <object_component id="oc-2b4">
         <name>.debug_info</name>
         <load_address>0xd290</load_address>
         <run_address>0xd290</run_address>
         <size>0x4b3</size>
         <input_file_ref idref="fl-ea"/>
      </object_component>
      <object_component id="oc-1ae">
         <name>.debug_info</name>
         <load_address>0xd743</load_address>
         <run_address>0xd743</run_address>
         <size>0x1a6</size>
         <input_file_ref idref="fl-ea"/>
      </object_component>
      <object_component id="oc-37f">
         <name>.debug_info</name>
         <load_address>0xd8e9</load_address>
         <run_address>0xd8e9</run_address>
         <size>0x39</size>
         <input_file_ref idref="fl-ea"/>
      </object_component>
      <object_component id="oc-3c8">
         <name>.debug_info</name>
         <load_address>0xd922</load_address>
         <run_address>0xd922</run_address>
         <size>0x39</size>
         <input_file_ref idref="fl-ea"/>
      </object_component>
      <object_component id="oc-384">
         <name>.debug_info</name>
         <load_address>0xd95b</load_address>
         <run_address>0xd95b</run_address>
         <size>0x39</size>
         <input_file_ref idref="fl-ea"/>
      </object_component>
      <object_component id="oc-389">
         <name>.debug_info</name>
         <load_address>0xd994</load_address>
         <run_address>0xd994</run_address>
         <size>0xcd</size>
         <input_file_ref idref="fl-ea"/>
      </object_component>
      <object_component id="oc-105">
         <name>.debug_info</name>
         <load_address>0xda61</load_address>
         <run_address>0xda61</run_address>
         <size>0x153</size>
         <input_file_ref idref="fl-eb"/>
      </object_component>
      <object_component id="oc-1a2">
         <name>.debug_info</name>
         <load_address>0xdbb4</load_address>
         <run_address>0xdbb4</run_address>
         <size>0x122</size>
         <input_file_ref idref="fl-ed"/>
      </object_component>
      <object_component id="oc-2d4">
         <name>.debug_info</name>
         <load_address>0xdcd6</load_address>
         <run_address>0xdcd6</run_address>
         <size>0x3e4</size>
         <input_file_ref idref="fl-f0"/>
      </object_component>
      <object_component id="oc-35e">
         <name>.debug_info</name>
         <load_address>0xe0ba</load_address>
         <run_address>0xe0ba</run_address>
         <size>0x164</size>
         <input_file_ref idref="fl-f0"/>
      </object_component>
      <object_component id="oc-234">
         <name>.debug_info</name>
         <load_address>0xe21e</load_address>
         <run_address>0xe21e</run_address>
         <size>0x284</size>
         <input_file_ref idref="fl-f0"/>
      </object_component>
      <object_component id="oc-2db">
         <name>.debug_info</name>
         <load_address>0xe4a2</load_address>
         <run_address>0xe4a2</run_address>
         <size>0x2bc</size>
         <input_file_ref idref="fl-f0"/>
      </object_component>
      <object_component id="oc-2e1">
         <name>.debug_info</name>
         <load_address>0xe75e</load_address>
         <run_address>0xe75e</run_address>
         <size>0x31f</size>
         <input_file_ref idref="fl-f0"/>
      </object_component>
      <object_component id="oc-208">
         <name>.debug_info</name>
         <load_address>0xea7d</load_address>
         <run_address>0xea7d</run_address>
         <size>0x29b</size>
         <input_file_ref idref="fl-f0"/>
      </object_component>
      <object_component id="oc-25f">
         <name>.debug_info</name>
         <load_address>0xed18</load_address>
         <run_address>0xed18</run_address>
         <size>0x299</size>
         <input_file_ref idref="fl-f0"/>
      </object_component>
      <object_component id="oc-320">
         <name>.debug_info</name>
         <load_address>0xefb1</load_address>
         <run_address>0xefb1</run_address>
         <size>0x29f</size>
         <input_file_ref idref="fl-f0"/>
      </object_component>
      <object_component id="oc-326">
         <name>.debug_info</name>
         <load_address>0xf250</load_address>
         <run_address>0xf250</run_address>
         <size>0x299</size>
         <input_file_ref idref="fl-f0"/>
      </object_component>
      <object_component id="oc-23a">
         <name>.debug_info</name>
         <load_address>0xf4e9</load_address>
         <run_address>0xf4e9</run_address>
         <size>0x2a5</size>
         <input_file_ref idref="fl-f0"/>
      </object_component>
      <object_component id="oc-256">
         <name>.debug_info</name>
         <load_address>0xf78e</load_address>
         <run_address>0xf78e</run_address>
         <size>0x284</size>
         <input_file_ref idref="fl-f0"/>
      </object_component>
      <object_component id="oc-263">
         <name>.debug_info</name>
         <load_address>0xfa12</load_address>
         <run_address>0xfa12</run_address>
         <size>0x289</size>
         <input_file_ref idref="fl-f0"/>
      </object_component>
      <object_component id="oc-24a">
         <name>.debug_info</name>
         <load_address>0xfc9b</load_address>
         <run_address>0xfc9b</run_address>
         <size>0x2c4</size>
         <input_file_ref idref="fl-f0"/>
      </object_component>
      <object_component id="oc-250">
         <name>.debug_info</name>
         <load_address>0xff5f</load_address>
         <run_address>0xff5f</run_address>
         <size>0x298</size>
         <input_file_ref idref="fl-f0"/>
      </object_component>
      <object_component id="oc-23e">
         <name>.debug_info</name>
         <load_address>0x101f7</load_address>
         <run_address>0x101f7</run_address>
         <size>0x29a</size>
         <input_file_ref idref="fl-f0"/>
      </object_component>
      <object_component id="oc-244">
         <name>.debug_info</name>
         <load_address>0x10491</load_address>
         <run_address>0x10491</run_address>
         <size>0x296</size>
         <input_file_ref idref="fl-f0"/>
      </object_component>
      <object_component id="oc-1e9">
         <name>.debug_info</name>
         <load_address>0x10727</load_address>
         <run_address>0x10727</run_address>
         <size>0x26b</size>
         <input_file_ref idref="fl-f0"/>
      </object_component>
      <object_component id="oc-1e2">
         <name>.debug_info</name>
         <load_address>0x10992</load_address>
         <run_address>0x10992</run_address>
         <size>0x297</size>
         <input_file_ref idref="fl-f0"/>
      </object_component>
      <object_component id="oc-2cf">
         <name>.debug_info</name>
         <load_address>0x10c29</load_address>
         <run_address>0x10c29</run_address>
         <size>0xef</size>
         <input_file_ref idref="fl-f0"/>
      </object_component>
      <object_component id="oc-127">
         <name>.debug_info</name>
         <load_address>0x10d18</load_address>
         <run_address>0x10d18</run_address>
         <size>0xbb</size>
         <input_file_ref idref="fl-f0"/>
      </object_component>
      <object_component id="oc-3b5">
         <name>.debug_info</name>
         <load_address>0x10dd3</load_address>
         <run_address>0x10dd3</run_address>
         <size>0x3d5</size>
         <input_file_ref idref="fl-f1"/>
      </object_component>
      <object_component id="oc-32f">
         <name>.debug_info</name>
         <load_address>0x111a8</load_address>
         <run_address>0x111a8</run_address>
         <size>0x2d7</size>
         <input_file_ref idref="fl-f1"/>
      </object_component>
      <object_component id="oc-3af">
         <name>.debug_info</name>
         <load_address>0x1147f</load_address>
         <run_address>0x1147f</run_address>
         <size>0x257</size>
         <input_file_ref idref="fl-f1"/>
      </object_component>
      <object_component id="oc-32a">
         <name>.debug_info</name>
         <load_address>0x116d6</load_address>
         <run_address>0x116d6</run_address>
         <size>0x2f1</size>
         <input_file_ref idref="fl-f1"/>
      </object_component>
      <object_component id="oc-336">
         <name>.debug_info</name>
         <load_address>0x119c7</load_address>
         <run_address>0x119c7</run_address>
         <size>0x287</size>
         <input_file_ref idref="fl-f1"/>
      </object_component>
      <object_component id="oc-348">
         <name>.debug_info</name>
         <load_address>0x11c4e</load_address>
         <run_address>0x11c4e</run_address>
         <size>0x25d</size>
         <input_file_ref idref="fl-f1"/>
      </object_component>
      <object_component id="oc-33c">
         <name>.debug_info</name>
         <load_address>0x11eab</load_address>
         <run_address>0x11eab</run_address>
         <size>0x287</size>
         <input_file_ref idref="fl-f1"/>
      </object_component>
      <object_component id="oc-342">
         <name>.debug_info</name>
         <load_address>0x12132</load_address>
         <run_address>0x12132</run_address>
         <size>0x257</size>
         <input_file_ref idref="fl-f1"/>
      </object_component>
      <object_component id="oc-133">
         <name>.debug_info</name>
         <load_address>0x12389</load_address>
         <run_address>0x12389</run_address>
         <size>0x3b7</size>
         <input_file_ref idref="fl-f2"/>
      </object_component>
      <object_component id="oc-137">
         <name>.debug_info</name>
         <load_address>0x12740</load_address>
         <run_address>0x12740</run_address>
         <size>0x157</size>
         <input_file_ref idref="fl-f2"/>
      </object_component>
      <object_component id="oc-144">
         <name>.debug_info</name>
         <load_address>0x12897</load_address>
         <run_address>0x12897</run_address>
         <size>0x15b</size>
         <input_file_ref idref="fl-f2"/>
      </object_component>
      <object_component id="oc-130">
         <name>.debug_info</name>
         <load_address>0x129f2</load_address>
         <run_address>0x129f2</run_address>
         <size>0x160</size>
         <input_file_ref idref="fl-f2"/>
      </object_component>
      <object_component id="oc-92">
         <name>.debug_info</name>
         <load_address>0x12b52</load_address>
         <run_address>0x12b52</run_address>
         <size>0x2ca</size>
         <input_file_ref idref="fl-f2"/>
      </object_component>
      <object_component id="oc-a4">
         <name>.debug_info</name>
         <load_address>0x12e1c</load_address>
         <run_address>0x12e1c</run_address>
         <size>0x2d2</size>
         <input_file_ref idref="fl-f2"/>
      </object_component>
      <object_component id="oc-be">
         <name>.debug_info</name>
         <load_address>0x130ee</load_address>
         <run_address>0x130ee</run_address>
         <size>0x271</size>
         <input_file_ref idref="fl-f2"/>
      </object_component>
      <object_component id="oc-362">
         <name>.debug_info</name>
         <load_address>0x1335f</load_address>
         <run_address>0x1335f</run_address>
         <size>0x396</size>
         <input_file_ref idref="fl-f3"/>
      </object_component>
      <object_component id="oc-275">
         <name>.debug_info</name>
         <load_address>0x136f5</load_address>
         <run_address>0x136f5</run_address>
         <size>0x2ff</size>
         <input_file_ref idref="fl-f3"/>
      </object_component>
      <object_component id="oc-281">
         <name>.debug_info</name>
         <load_address>0x139f4</load_address>
         <run_address>0x139f4</run_address>
         <size>0x2cd</size>
         <input_file_ref idref="fl-f3"/>
      </object_component>
      <object_component id="oc-270">
         <name>.debug_info</name>
         <load_address>0x13cc1</load_address>
         <run_address>0x13cc1</run_address>
         <size>0x2bf</size>
         <input_file_ref idref="fl-f3"/>
      </object_component>
      <object_component id="oc-27b">
         <name>.debug_info</name>
         <load_address>0x13f80</load_address>
         <run_address>0x13f80</run_address>
         <size>0x27f</size>
         <input_file_ref idref="fl-f3"/>
      </object_component>
      <object_component id="oc-269">
         <name>.debug_info</name>
         <load_address>0x141ff</load_address>
         <run_address>0x141ff</run_address>
         <size>0x2bc</size>
         <input_file_ref idref="fl-f3"/>
      </object_component>
      <object_component id="oc-1e1">
         <name>.debug_info</name>
         <load_address>0x144bb</load_address>
         <run_address>0x144bb</run_address>
         <size>0x441</size>
         <input_file_ref idref="fl-f5"/>
      </object_component>
      <object_component id="oc-124">
         <name>.debug_info</name>
         <load_address>0x148fc</load_address>
         <run_address>0x148fc</run_address>
         <size>0x156</size>
         <input_file_ref idref="fl-f5"/>
      </object_component>
      <object_component id="oc-1ff">
         <name>.debug_info</name>
         <load_address>0x14a52</load_address>
         <run_address>0x14a52</run_address>
         <size>0x288</size>
         <input_file_ref idref="fl-f5"/>
      </object_component>
      <object_component id="oc-2f3">
         <name>.debug_info</name>
         <load_address>0x14cda</load_address>
         <run_address>0x14cda</run_address>
         <size>0x28c</size>
         <input_file_ref idref="fl-f5"/>
      </object_component>
      <object_component id="oc-1f9">
         <name>.debug_info</name>
         <load_address>0x14f66</load_address>
         <run_address>0x14f66</run_address>
         <size>0x286</size>
         <input_file_ref idref="fl-f5"/>
      </object_component>
      <object_component id="oc-18a">
         <name>.debug_info</name>
         <load_address>0x151ec</load_address>
         <run_address>0x151ec</run_address>
         <size>0x2e4</size>
         <input_file_ref idref="fl-f5"/>
      </object_component>
      <object_component id="oc-7f">
         <name>.debug_info</name>
         <load_address>0x154d0</load_address>
         <run_address>0x154d0</run_address>
         <size>0x2be</size>
         <input_file_ref idref="fl-f5"/>
      </object_component>
      <object_component id="oc-2cb">
         <name>.debug_info</name>
         <load_address>0x1578e</load_address>
         <run_address>0x1578e</run_address>
         <size>0x51</size>
         <input_file_ref idref="fl-f5"/>
      </object_component>
      <object_component id="oc-12d">
         <name>.debug_info</name>
         <load_address>0x157df</load_address>
         <run_address>0x157df</run_address>
         <size>0x346</size>
         <input_file_ref idref="fl-f6"/>
      </object_component>
      <object_component id="oc-84">
         <name>.debug_info</name>
         <load_address>0x15b25</load_address>
         <run_address>0x15b25</run_address>
         <size>0x26a</size>
         <input_file_ref idref="fl-f6"/>
      </object_component>
      <object_component id="oc-8c">
         <name>.debug_info</name>
         <load_address>0x15d8f</load_address>
         <run_address>0x15d8f</run_address>
         <size>0x280</size>
         <input_file_ref idref="fl-f6"/>
      </object_component>
      <object_component id="oc-98">
         <name>.debug_info</name>
         <load_address>0x1600f</load_address>
         <run_address>0x1600f</run_address>
         <size>0x230</size>
         <input_file_ref idref="fl-f6"/>
      </object_component>
      <object_component id="oc-9c">
         <name>.debug_info</name>
         <load_address>0x1623f</load_address>
         <run_address>0x1623f</run_address>
         <size>0x22a</size>
         <input_file_ref idref="fl-f6"/>
      </object_component>
      <object_component id="oc-2f1">
         <name>.debug_info</name>
         <load_address>0x16469</load_address>
         <run_address>0x16469</run_address>
         <size>0x3cb</size>
         <input_file_ref idref="fl-f7"/>
      </object_component>
      <object_component id="oc-2eb">
         <name>.debug_info</name>
         <load_address>0x16834</load_address>
         <run_address>0x16834</run_address>
         <size>0x250</size>
         <input_file_ref idref="fl-f7"/>
      </object_component>
      <object_component id="oc-2e5">
         <name>.debug_info</name>
         <load_address>0x16a84</load_address>
         <run_address>0x16a84</run_address>
         <size>0x252</size>
         <input_file_ref idref="fl-f7"/>
      </object_component>
      <object_component id="oc-20b">
         <name>.debug_info</name>
         <load_address>0x16cd6</load_address>
         <run_address>0x16cd6</run_address>
         <size>0x32f</size>
         <input_file_ref idref="fl-f7"/>
      </object_component>
      <object_component id="oc-2f9">
         <name>.debug_info</name>
         <load_address>0x17005</load_address>
         <run_address>0x17005</run_address>
         <size>0x27c</size>
         <input_file_ref idref="fl-f7"/>
      </object_component>
      <object_component id="oc-2ff">
         <name>.debug_info</name>
         <load_address>0x17281</load_address>
         <run_address>0x17281</run_address>
         <size>0x256</size>
         <input_file_ref idref="fl-f7"/>
      </object_component>
      <object_component id="oc-40f">
         <name>.debug_info</name>
         <load_address>0x174d7</load_address>
         <run_address>0x174d7</run_address>
         <size>0xbb</size>
      </object_component>
      <object_component id="oc-148">
         <name>.debug_line</name>
         <load_address>0x0</load_address>
         <run_address>0x0</run_address>
         <size>0x1dd</size>
         <input_file_ref idref="fl-2"/>
      </object_component>
      <object_component id="oc-10c">
         <name>.debug_line</name>
         <load_address>0x1dd</load_address>
         <run_address>0x1dd</run_address>
         <size>0x92</size>
         <input_file_ref idref="fl-2"/>
      </object_component>
      <object_component id="oc-d6">
         <name>.debug_line</name>
         <load_address>0x26f</load_address>
         <run_address>0x26f</run_address>
         <size>0x40</size>
         <input_file_ref idref="fl-2"/>
      </object_component>
      <object_component id="oc-28c">
         <name>.debug_line</name>
         <load_address>0x2af</load_address>
         <run_address>0x2af</run_address>
         <size>0x50</size>
         <input_file_ref idref="fl-2"/>
      </object_component>
      <object_component id="oc-e7">
         <name>.debug_line</name>
         <load_address>0x2ff</load_address>
         <run_address>0x2ff</run_address>
         <size>0x6f</size>
         <input_file_ref idref="fl-2"/>
      </object_component>
      <object_component id="oc-db">
         <name>.debug_line</name>
         <load_address>0x36e</load_address>
         <run_address>0x36e</run_address>
         <size>0x20</size>
[...]
      </symbol>
      <symbol id="sm-265">
         <name>G8RTOS_KillSelf</name>
         <value>0x741</value>
         <object_component_ref idref="oc-32"/>
      </symbol>
      <symbol id="sm-266">
         <name>aliveCount</name>
         <value>0x20006852</value>
         <object_component_ref idref="oc-c7"/>
      </symbol>
      <symbol id="sm-267">
         <name>G8RTOS_Launch</name>
         <value>0x315</value>
         <object_component_ref idref="oc-32"/>
      </symbol>
      <symbol id="sm-268">
         <name>G8RTOS_GetNumberOfThreads</name>
         <value>0x79d</value>
         <object_component_ref idref="oc-32"/>
      </symbol>
      <symbol id="sm-269">
         <name>SetInitialStack</name>
         <value>0x7c1</value>
         <object_component_ref idref="oc-32"/>
      </symbol>
      <symbol id="sm-26a">
         <name>sleep</name>
         <value>0x765</value>
         <object_component_ref idref="oc-32"/>
      </symbol>
      <symbol id="sm-275">
         <name>PendSV_Handler</name>
         <value>0x263b</value>
         <object_component_ref idref="oc-2d"/>
      </symbol>
      <symbol id="sm-276">
         <name>G8RTOS_Start</name>
         <value>0x2619</value>
         <object_component_ref idref="oc-2d"/>
      </symbol>
      <symbol id="sm-28f">
         <name>G8RTOS_SignalSemaphore</name>
         <value>0x2195</value>
         <object_component_ref idref="oc-18e"/>
      </symbol>
      <symbol id="sm-290">
         <name>G8RTOS_WaitSemaphore</name>
         <value>0x2153</value>
         <object_component_ref idref="oc-18e"/>
      </symbol>
      <symbol id="sm-291">
         <name>G8RTOS_InitSemaphore</name>
         <value>0x2141</value>
         <object_component_ref idref="oc-18e"/>
      </symbol>
      <symbol id="sm-2c1">
         <name>BMI160_AccelYGetResult</name>
         <value>0x135f</value>
         <object_component_ref idref="oc-16a"/>
      </symbol>
      <symbol id="sm-2c2">
         <name>BMI160_GyroYGetResult</name>
         <value>0x13cb</value>
         <object_component_ref idref="oc-16a"/>
      </symbol>
      <symbol id="sm-2c3">
         <name>BMI160_MagXGetResult</name>
         <value>0x1413</value>
         <object_component_ref idref="oc-16a"/>
      </symbol>
      <symbol id="sm-2c4">
         <name>BMI160_MagZGetResult</name>
         <value>0x145f</value>
         <object_component_ref idref="oc-16a"/>
      </symbol>
      <symbol id="sm-2c5">
         <name>BMI160_AccelXGetResult</name>
         <value>0x133b</value>
         <object_component_ref idref="oc-16a"/>
      </symbol>
      <symbol id="sm-2c6">
         <name>BMI160_AccelZGetResult</name>
         <value>0x1383</value>
         <object_component_ref idref="oc-16a"/>
      </symbol>
      <symbol id="sm-2c7">
         <name>BMI160_GyroZGetResult</name>
         <value>0x13ef</value>
         <object_component_ref idref="oc-16a"/>
      </symbol>
      <symbol id="sm-2c8">
         <name>BMI160_GyroXGetResult</name>
         <value>0x13a7</value>
         <object_component_ref idref="oc-16a"/>
      </symbol>
      <symbol id="sm-2c9">
         <name>BMI160_Init</name>
         <value>0x12a5</value>
         <object_component_ref idref="oc-16a"/>
      </symbol>
      <symbol id="sm-2ca">
         <name>BMI160_MagYGetResult</name>
         <value>0x1439</value>
         <object_component_ref idref="oc-16a"/>
      </symbol>
      <symbol id="sm-2cb">
         <name>BMI160_ReadRegister</name>
         <value>0x12ef</value>
         <object_component_ref idref="oc-16a"/>
      </symbol>
      <symbol id="sm-2cc">
         <name>BMI160_GyroXYZGetResult</name>
         <value>0x14cd</value>
         <object_component_ref idref="oc-16a"/>
      </symbol>
      <symbol id="sm-2cd">
         <name>BMI160_GetDataStatus</name>
         <value>0x155d</value>
         <object_component_ref idref="oc-16a"/>
      </symbol>
      <symbol id="sm-2ce">
         <name>BMI160_MagXYZGetResult</name>
         <value>0x1515</value>
         <object_component_ref idref="oc-16a"/>
      </symbol>
      <symbol id="sm-2cf">
         <name>BMI160_WriteRegister</name>
         <value>0x12bf</value>
         <object_component_ref idref="oc-16a"/>
      </symbol>
      <symbol id="sm-2d0">
         <name>BMI160_MultiReadRegister</name>
         <value>0x1313</value>
         <object_component_ref idref="oc-16a"/>
      </symbol>
      <symbol id="sm-2d1">
         <name>BMI160_AccelXYZGetResult</name>
         <value>0x1485</value>
         <object_component_ref idref="oc-16a"/>
      </symbol>
      <symbol id="sm-2e7">
         <name>LaunchpadButtons_ReadSW2</name>
         <value>0x2393</value>
         <object_component_ref idref="oc-176"/>
      </symbol>
      <symbol id="sm-2e8">
         <name>LaunchpadButtons_ReadSW1</name>
         <value>0x2373</value>
         <object_component_ref idref="oc-176"/>
      </symbol>
      <symbol id="sm-2e9">
         <name>LaunchpadButtons_Init</name>
         <value>0x232d</value>
         <object_component_ref idref="oc-176"/>
      </symbol>
      <symbol id="sm-30a">
         <name>pulse_width</name>
         <value>0x2000662c</value>
      </symbol>
      <symbol id="sm-30b">
         <name>LaunchpadLED_Init</name>
         <value>0x1a1d</value>
         <object_component_ref idref="oc-17c"/>
      </symbol>
      <symbol id="sm-30c">
         <name>LaunchpadLED_PWMSetDuty</name>
         <value>0x1ad9</value>
         <object_component_ref idref="oc-17c"/>
      </symbol>
      <symbol id="sm-324">
         <name>OPT3001_WriteRegister</name>
         <value>0x1d15</value>
         <object_component_ref idref="oc-170"/>
      </symbol>
      <symbol id="sm-325">
         <name>OPT3001_Init</name>
         <value>0x1d01</value>
         <object_component_ref idref="oc-170"/>
      </symbol>
      <symbol id="sm-326">
         <name>OPT3001_SetHighLimit</name>
         <value>0x1e01</value>
         <object_component_ref idref="oc-170"/>
      </symbol>
      <symbol id="sm-327">
         <name>OPT3001_GetResult</name>
         <value>0x1d85</value>
         <object_component_ref idref="oc-170"/>
      </symbol>
      <symbol id="sm-328">
         <name>OPT3001_GetChipID</name>
         <value>0x1e21</value>
         <object_component_ref idref="oc-170"/>
      </symbol>
      <symbol id="sm-329">
         <name>OPT3001_ReadRegister</name>
         <value>0x1d57</value>
         <object_component_ref idref="oc-170"/>
      </symbol>
      <symbol id="sm-32a">
         <name>OPT3001_SetLowLimit</name>
         <value>0x1de1</value>
         <object_component_ref idref="oc-170"/>
      </symbol>
      <symbol id="sm-33d">
         <name>MultimodButtons_Get</name>
         <value>0x25f1</value>
         <object_component_ref idref="oc-182"/>
      </symbol>
      <symbol id="sm-33e">
         <name>MultimodButtons_Init</name>
         <value>0x25bd</value>
         <object_component_ref idref="oc-182"/>
      </symbol>
      <symbol id="sm-36b">
         <name>I2C_ReadSingle</name>
         <value>0x161f</value>
         <object_component_ref idref="oc-217"/>
      </symbol>
      <symbol id="sm-36c">
         <name>I2C_WriteSingle</name>
         <value>0x15e9</value>
         <object_component_ref idref="oc-217"/>
      </symbol>
      <symbol id="sm-36d">
         <name>I2C_ReadMultiple</name>
         <value>0x16fd</value>
         <object_component_ref idref="oc-217"/>
      </symbol>
      <symbol id="sm-36e">
         <name>I2C_Init</name>
         <value>0x156d</value>
         <object_component_ref idref="oc-217"/>
      </symbol>
      <symbol id="sm-36f">
         <name>I2C_WriteMultiple</name>
         <value>0x164f</value>
         <object_component_ref idref="oc-217"/>
      </symbol>
      <symbol id="sm-381">
         <name>UART_Init</name>
         <value>0x2509</value>
         <object_component_ref idref="oc-164"/>
      </symbol>
      <symbol id="sm-391">
         <name>__aeabi_dmul</name>
         <value>0x1f51</value>
         <object_component_ref idref="oc-224"/>
      </symbol>
      <symbol id="sm-39b">
         <name>__aeabi_d2iz</name>
         <value>0x26fd</value>
         <object_component_ref idref="oc-229"/>
      </symbol>
      <symbol id="sm-3a6">
         <name>__aeabi_i2d</name>
         <value>0x291d</value>
         <object_component_ref idref="oc-21f"/>
      </symbol>
      <symbol id="sm-3b5">
         <name>__aeabi_uidivmod</name>
         <value>0x27d1</value>
         <object_component_ref idref="oc-30d"/>
      </symbol>
      <symbol id="sm-3b6">
         <name>__aeabi_uidiv</name>
         <value>0x27d1</value>
         <object_component_ref idref="oc-30d"/>
      </symbol>
      <symbol id="sm-3cd">
         <name>__TI_zero_init</name>
         <value>0x2b6b</value>
         <object_component_ref idref="oc-58"/>
      </symbol>
      <symbol id="sm-3e4">
         <name>__TI_decompress_none</name>
         <value>0x2b45</value>
         <object_component_ref idref="oc-1b"/>
      </symbol>
      <symbol id="sm-407">
         <name>__TI_decompress_lzss</name>
         <value>0x24a1</value>
         <object_component_ref idref="oc-15"/>
      </symbol>
      <symbol id="sm-415">
         <name>strcpy</name>
         <value>0x2ae1</value>
         <object_component_ref idref="oc-b0"/>
      </symbol>
      <symbol id="sm-428">
         <name>__stack</name>
         <value>0x20006648</value>
         <object_component_ref idref="oc-24"/>
      </symbol>
      <symbol id="sm-429">
         <name>_c_int00_noargs</name>
         <value>0x28e9</value>
         <object_component_ref idref="oc-64"/>
      </symbol>
      <symbol id="sm-434">
         <name>__aeabi_idiv0</name>
         <value>0x2437</value>
         <object_component_ref idref="oc-3a1"/>
      </symbol>
      <symbol id="sm-435">
         <name>__aeabi_ldiv0</name>
         <value>0x2437</value>
         <object_component_ref idref="oc-3a1"/>
      </symbol>
      <symbol id="sm-450">
         <name>memcpy</name>
         <value>0x2291</value>
         <object_component_ref idref="oc-46"/>
      </symbol>
      <symbol id="sm-451">
         <name>__aeabi_memcpy</name>
         <value>0x2291</value>
         <object_component_ref idref="oc-46"/>
      </symbol>
      <symbol id="sm-452">
         <name>__aeabi_memcpy8</name>
         <value>0x2291</value>
         <object_component_ref idref="oc-46"/>
      </symbol>
      <symbol id="sm-453">
         <name>__aeabi_memcpy4</name>
         <value>0x2291</value>
         <object_component_ref idref="oc-46"/>
      </symbol>
      <symbol id="sm-462">
         <name>__aeabi_memset</name>
         <value>0x23bf</value>
         <object_component_ref idref="oc-fe"/>
      </symbol>
      <symbol id="sm-463">
         <name>memset</name>
         <value>0x23c5</value>
         <object_component_ref idref="oc-fe"/>
      </symbol>
      <symbol id="sm-464">
         <name>__aeabi_memset8</name>
         <value>0x23bf</value>
         <object_component_ref idref="oc-fe"/>
      </symbol>
      <symbol id="sm-465">
         <name>__aeabi_memset4</name>
         <value>0x23bf</value>
         <object_component_ref idref="oc-fe"/>
      </symbol>
      <symbol id="sm-466">
         <name>__aeabi_memclr8</name>
         <value>0x23bd</value>
         <object_component_ref idref="oc-fe"/>
      </symbol>
      <symbol id="sm-467">
         <name>__aeabi_memclr4</name>
         <value>0x23bd</value>
         <object_component_ref idref="oc-fe"/>
      </symbol>
      <symbol id="sm-468">
         <name>__aeabi_memclr</name>
         <value>0x23bd</value>
         <object_component_ref idref="oc-fe"/>
      </symbol>
      <symbol id="sm-490">
         <name>__TI_auto_init_nobinit_nopinit</name>
         <value>0x278d</value>
         <object_component_ref idref="oc-1ad"/>
      </symbol>
      <symbol id="sm-49a">
         <name>_system_pre_init</name>
         <value>0x2bcf</value>
         <object_component_ref idref="oc-104"/>
      </symbol>
      <symbol id="sm-4a6">
         <name>C$$EXIT</name>
         <value>0x2bd3</value>
         <object_component_ref idref="oc-1a1"/>
      </symbol>
      <symbol id="sm-4a7">
         <name>abort</name>
         <value>0x2bd3</value>
         <object_component_ref idref="oc-1a1"/>
      </symbol>
      <symbol id="sm-549">
         <name>GPIOPinTypePWM</name>
         <value>0x2a77</value>
         <object_component_ref idref="oc-25b"/>
      </symbol>
      <symbol id="sm-54a">
         <name>GPIOPinConfigure</name>
         <value>0x2665</value>
         <object_component_ref idref="oc-261"/>
      </symbol>
      <symbol id="sm-54b">
         <name>GPIOPinTypeI2CSCL</name>
         <value>0x2a61</value>
         <object_component_ref idref="oc-31c"/>
      </symbol>
      <symbol id="sm-54c">
         <name>GPIOIntDisable</name>
         <value>0x2b37</value>
         <object_component_ref idref="oc-23c"/>
      </symbol>
      <symbol id="sm-54d">
         <name>GPIOIntEnable</name>
         <value>0x2b53</value>
         <object_component_ref idref="oc-24e"/>
      </symbol>
      <symbol id="sm-54e">
         <name>GPIOPinTypeI2C</name>
         <value>0x2a4b</value>
         <object_component_ref idref="oc-322"/>
      </symbol>
      <symbol id="sm-54f">
         <name>GPIOIntTypeSet</name>
         <value>0x2565</value>
         <object_component_ref idref="oc-248"/>
      </symbol>
      <symbol id="sm-550">
         <name>GPIOPinTypeGPIOInput</name>
         <value>0x2a35</value>
         <object_component_ref idref="oc-236"/>
      </symbol>
      <symbol id="sm-551">
         <name>GPIOIntClear</name>
         <value>0x2bb1</value>
         <object_component_ref idref="oc-242"/>
      </symbol>
      <symbol id="sm-552">
         <name>GPIOPinTypeUART</name>
         <value>0x2a8d</value>
         <object_component_ref idref="oc-204"/>
      </symbol>
      <symbol id="sm-553">
         <name>GPIOPinRead</name>
         <value>0x2bb7</value>
         <object_component_ref idref="oc-254"/>
      </symbol>
      <symbol id="sm-554">
         <name>GPIODirModeSet</name>
         <value>0x294b</value>
         <object_component_ref idref="oc-2d7"/>
      </symbol>
      <symbol id="sm-555">
         <name>GPIOPadConfigSet</name>
         <value>0x1b95</value>
         <object_component_ref idref="oc-2dd"/>
      </symbol>
      <symbol id="sm-556">
         <name>GPIOUnlockPin</name>
         <value>0x2a1d</value>
         <object_component_ref idref="oc-230"/>
      </symbol>
      <symbol id="sm-598">
         <name>I2CMasterDataPut</name>
         <value>0x2bcb</value>
         <object_component_ref idref="oc-334"/>
      </symbol>
      <symbol id="sm-599">
         <name>I2CMasterInitExpClk</name>
         <value>0x26b1</value>
         <object_component_ref idref="oc-328"/>
      </symbol>
      <symbol id="sm-59a">
         <name>I2CMasterSlaveAddrSet</name>
         <value>0x2ba9</value>
         <object_component_ref idref="oc-32e"/>
      </symbol>
      <symbol id="sm-59b">
         <name>I2CMasterDataGet</name>
         <value>0x2bc7</value>
         <object_component_ref idref="oc-346"/>
      </symbol>
      <symbol id="sm-59c">
         <name>I2CMasterControl</name>
         <value>0x2bc3</value>
         <object_component_ref idref="oc-33a"/>
      </symbol>
      <symbol id="sm-59d">
         <name>I2CMasterBusy</name>
         <value>0x2ba1</value>
         <object_component_ref idref="oc-340"/>
      </symbol>
      <symbol id="sm-59e">
         <name>I2CMasterEnable</name>
         <value>0x2b83</value>
         <object_component_ref idref="oc-3ae"/>
      </symbol>
      <symbol id="sm-5e0">
         <name>IntPrioritySet</name>
         <value>0x2979</value>
         <object_component_ref idref="oc-a1"/>
      </symbol>
      <symbol id="sm-5e1">
         <name>IntEnable</name>
         <value>0x2439</value>
         <object_component_ref idref="oc-bc"/>
      </symbol>
      <symbol id="sm-5e2">
         <name>IntRegister</name>
         <value>0x2881</value>
         <object_component_ref idref="oc-8f"/>
      </symbol>
      <symbol id="sm-5e3">
         <name>g_pfnRAMVectors</name>
         <value>0x20000000</value>
         <object_component_ref idref="oc-12f"/>
      </symbol>
      <symbol id="sm-610">
         <name>PWMGenPeriodSet</name>
         <value>0x2b07</value>
         <object_component_ref idref="oc-26d"/>
      </symbol>
      <symbol id="sm-611">
         <name>PWMPulseWidthSet</name>
         <value>0x29e1</value>
         <object_component_ref idref="oc-273"/>
      </symbol>
      <symbol id="sm-612">
         <name>PWMOutputState</name>
         <value>0x2af5</value>
         <object_component_ref idref="oc-27f"/>
      </symbol>
      <symbol id="sm-613">
         <name>PWMGenEnable</name>
         <value>0x2b5f</value>
         <object_component_ref idref="oc-279"/>
      </symbol>
      <symbol id="sm-614">
         <name>PWMGenConfigure</name>
         <value>0x299d</value>
         <object_component_ref idref="oc-267"/>
      </symbol>
      <symbol id="sm-67e">
         <name>SysCtlPeripheralPresent</name>
         <value>0x2811</value>
         <object_component_ref idref="oc-2f2"/>
      </symbol>
      <symbol id="sm-67f">
         <name>SysCtlClockSet</name>
         <value>0x204d</value>
         <object_component_ref idref="oc-188"/>
      </symbol>
      <symbol id="sm-680">
         <name>SysCtlDelay</name>
         <value>0x2bbd</value>
         <object_component_ref idref="oc-28f"/>
      </symbol>
      <symbol id="sm-681">
         <name>SysCtlPeripheralEnable</name>
         <value>0x28b5</value>
         <object_component_ref idref="oc-1f8"/>
      </symbol>
      <symbol id="sm-682">
         <name>SysCtlClockGet</name>
         <value>0x1e39</value>
         <object_component_ref idref="oc-7d"/>
      </symbol>
      <symbol id="sm-683">
         <name>SysCtlPeripheralReady</name>
         <value>0x2849</value>
         <object_component_ref idref="oc-1fe"/>
      </symbol>
      <symbol id="sm-6b0">
         <name>SysTickEnable</name>
         <value>0x2aa5</value>
         <object_component_ref idref="oc-9b"/>
      </symbol>
      <symbol id="sm-6b1">
         <name>SysTickIntRegister</name>
         <value>0x2a01</value>
         <object_component_ref idref="oc-89"/>
      </symbol>
      <symbol id="sm-6b2">
         <name>SysTickIntEnable</name>
         <value>0x2ab9</value>
         <object_component_ref idref="oc-95"/>
      </symbol>
      <symbol id="sm-6b3">
         <name>SysTickPeriodSet</name>
         <value>0x2b19</value>
         <object_component_ref idref="oc-83"/>
      </symbol>
      <symbol id="sm-6e6">
         <name>UARTConfigSetExpClk</name>
         <value>0x2745</value>
         <object_component_ref idref="oc-20a"/>
      </symbol>
      <symbol id="sm-6e7">
         <name>UARTDisable</name>
         <value>0x29c1</value>
         <object_component_ref idref="oc-2e4"/>
      </symbol>
      <symbol id="sm-6e8">
         <name>UARTCharPut</name>
         <value>0x2b97</value>
         <object_component_ref idref="oc-2f8"/>
      </symbol>
      <symbol id="sm-6e9">
         <name>UARTEnable</name>
         <value>0x2acd</value>
         <object_component_ref idref="oc-2ea"/>
      </symbol>
      <symbol id="sm-6ea">
         <name>UARTCharGet</name>
         <value>0x2b8d</value>
         <object_component_ref idref="oc-2fe"/>
      </symbol>
      <symbol id="sm-6ec">
         <name>__TI_static_base__</name>
         <value>0x0</value>
      </symbol>
      <symbol id="sm-6ef">
         <name>__mpu_init</name>
         <value>0x0</value>
      </symbol>
      <symbol id="sm-6f0">
         <name>_system_post_cinit</name>
         <value>0x0</value>
      </symbol>
   </symbol_table>
   <title>Link successful</title>
</link_info>
