******************************************************************************
                  TI ARM Linker PC v20.2.7                     
******************************************************************************
>> Linked Tue Oct 28 15:54:33 2025

OUTPUT FILE NAME:   <Lab4_F2025.out>
ENTRY POINT SYMBOL: "_c_int00_noargs"  address: 000026a5


MEMORY CONFIGURATION

         name            origin    length      used     unused   attr    fill
----------------------  --------  ---------  --------  --------  ----  --------
  FLASH                 00000000   00040000  00002bae  0003d452  R  X
  SRAM                  20000000   00008000  0000684d  000017b3  RW X


SEGMENT ALLOCATION MAP

run origin  load origin   length   init length attrs members
----------  ----------- ---------- ----------- ----- -------
00000000    00000000    00002bb0   00002bb0    r-x
  00000000    00000000    0000026c   0000026c    r-- .intvecs
  0000026c    0000026c    00002726   00002726    r-x .text
  00002994    00002994    000001dc   000001dc    r-- .const
  00002b70    00002b70    00000040   00000040    r-- .cinit
20000000    20000000    00006851   00000000    rw-
  20000000    20000000    0000026c   00000000    rw- .vtable
  2000026c    2000026c    000063d0   00000000    rw- .bss
  20006640    20006640    00000200   00000000    rw- .stack
  20006840    20006840    00000011   00000000    rw- .data


SECTION ALLOCATION MAP

 output                                  attributes/
section   page    origin      length       input sections
--------  ----  ----------  ----------   ----------------
.intvecs   0    00000000    0000026c     
                  00000000    0000026c     tm4c123gh6pm_startup_ccs.obj (.intvecs)

.text      0    0000026c    00002726     
                  0000026c    000005e0     G8RTOS_Scheduler.obj (.text)
                  0000084c    000004a8     uartstdio.obj (.text)
                  00000cf4    0000039c     threads.obj (.text)
                  00001090    000002c8     multimod_BMI160.obj (.text)
                  00001358    00000270     multimod_i2c.obj (.text)
                  000015c8    00000238     G8RTOS_IPC.obj (.text)
                  00001800    00000178     multimod_LaunchpadLED.obj (.text)
                  00001978    0000016c     driverlib.lib : gpio.obj (.text:GPIOPadConfigSet)
                  00001ae4    00000138     multimod_OPT3001.obj (.text)
                  00001c1c    00000118     driverlib.lib : sysctl.obj (.text:SysCtlClockGet)
                  00001d34    000000fc     rtsv7M4_T_le_v4SPD16_eabi.lib : fd_mul_t2.asm.obj (.text)
                  00001e30    000000f4     driverlib.lib : sysctl.obj (.text:SysCtlClockSet)
                  00001f24    000000d8     lab4.obj (.text)
                  00001ffc    000000a8     G8RTOS_Semaphores.obj (.text)
                  000020a4    0000009c     rtsv7M4_T_le_v4SPD16_eabi.lib : memcpy_t2.asm.obj (.text)
                  00002140    00000090     multimod_LaunchpadButtons.obj (.text)
                  000021d0    0000007a     rtsv7M4_T_le_v4SPD16_eabi.lib : memset_t2.asm.obj (.text)
                  0000224a    00000002                                   : div0.asm.obj (.text)
                  0000224c    00000068     driverlib.lib : interrupt.obj (.text:IntEnable)
                  000022b4    00000068     rtsv7M4_T_le_v4SPD16_eabi.lib : copy_decompress_lzss.c.obj (.text:decompress:lzss:__TI_decompress_lzss)
                  0000231c    0000005c     multimod_uart.obj (.text)
                  00002378    00000058     driverlib.lib : gpio.obj (.text:GPIOIntTypeSet)
                  000023d0    00000050     G8RTOS_SchedulerASM.obj (.text)
                  00002420    0000004c     driverlib.lib : gpio.obj (.text:GPIOPinConfigure)
                  0000246c    0000004c                   : i2c.obj (.text:I2CMasterInitExpClk)
                  000024b8    00000048     rtsv7M4_T_le_v4SPD16_eabi.lib : fd_toi_t2.asm.obj (.text)
                  00002500    00000046     driverlib.lib : uart.obj (.text:UARTConfigSetExpClk)
                  00002546    00000002     --HOLE-- [fill = 0]
                  00002548    00000044     rtsv7M4_T_le_v4SPD16_eabi.lib : autoinit.c.obj (.text:__TI_auto_init_nobinit_nopinit:__TI_auto_init_nobinit_nopinit)
                  0000258c    00000040                                   : u_divt2.asm.obj (.text)
                  000025cc    00000038     driverlib.lib : sysctl.obj (.text:SysCtlPeripheralPresent)
                  00002604    00000038                   : sysctl.obj (.text:SysCtlPeripheralReady)
                  0000263c    00000034                   : interrupt.obj (.text:IntRegister)
                  00002670    00000034                   : sysctl.obj (.text:SysCtlPeripheralEnable)
                  000026a4    00000034     rtsv7M4_T_le_v4SPD16_eabi.lib : boot_cortex_m.c.obj (.text:_c_int00_noargs:_c_int00_noargs)
                  000026d8    0000002e                                   : i_tofd_t2.asm.obj (.text)
                  00002706    0000002c     driverlib.lib : gpio.obj (.text:GPIODirModeSet)
                  00002732    00000002     --HOLE-- [fill = 0]
                  00002734    00000024                   : interrupt.obj (.text:IntPrioritySet)
                  00002758    00000022                   : pwm.obj (.text:PWMGenConfigure)
                  0000277a    00000002     --HOLE-- [fill = 0]
                  0000277c    00000020                   : uart.obj (.text:UARTDisable)
                  0000279c    0000001e                   : pwm.obj (.text:PWMPulseWidthSet)
                  000027ba    00000002     --HOLE-- [fill = 0]
                  000027bc    0000001c                   : systick.obj (.text:SysTickIntRegister)
                  000027d8    00000018                   : gpio.obj (.text:GPIOUnlockPin)
                  000027f0    00000016                   : gpio.obj (.text:GPIOPinTypeGPIOInput)
                  00002806    00000016                   : gpio.obj (.text:GPIOPinTypeI2C)
                  0000281c    00000016                   : gpio.obj (.text:GPIOPinTypeI2CSCL)
                  00002832    00000016                   : gpio.obj (.text:GPIOPinTypePWM)
                  00002848    00000016                   : gpio.obj (.text:GPIOPinTypeUART)
                  0000285e    00000002     --HOLE-- [fill = 0]
                  00002860    00000014                   : systick.obj (.text:SysTickEnable)
                  00002874    00000014                   : systick.obj (.text:SysTickIntEnable)
                  00002888    00000014                   : uart.obj (.text:UARTEnable)
                  0000289c    00000014     rtsv7M4_T_le_v4SPD16_eabi.lib : strcpy.c.obj (.text:strcpy)
                  000028b0    00000012     driverlib.lib : pwm.obj (.text:PWMOutputState)
                  000028c2    00000010                   : pwm.obj (.text:PWMGenPeriodSet)
                  000028d2    00000002     --HOLE-- [fill = 0]
                  000028d4    00000010                   : systick.obj (.text:SysTickPeriodSet)
                  000028e4    0000000e     G8RTOS_CriticalSection.obj (.text)
                  000028f2    0000000e     driverlib.lib : gpio.obj (.text:GPIOIntDisable)
                  00002900    0000000e     rtsv7M4_T_le_v4SPD16_eabi.lib : copy_decompress_none.c.obj (.text:decompress:none:__TI_decompress_none)
                  0000290e    0000000c     driverlib.lib : gpio.obj (.text:GPIOIntEnable)
                  0000291a    0000000c                   : pwm.obj (.text:PWMGenEnable)
                  00002926    0000000c     rtsv7M4_T_le_v4SPD16_eabi.lib : copy_zero_init.c.obj (.text:decompress:ZI:__TI_zero_init)
                  00002932    0000000c     tm4c123gh6pm_startup_ccs.obj (.text)
                  0000293e    0000000a     driverlib.lib : i2c.obj (.text:I2CMasterEnable)
                  00002948    0000000a                   : uart.obj (.text:UARTCharGet)
                  00002952    0000000a                   : uart.obj (.text:UARTCharPut)
                  0000295c    00000008                   : i2c.obj (.text:I2CMasterBusy)
                  00002964    00000008                   : i2c.obj (.text:I2CMasterSlaveAddrSet)
                  0000296c    00000006                   : gpio.obj (.text:GPIOIntClear)
                  00002972    00000006                   : gpio.obj (.text:GPIOPinRead)
                  00002978    00000006                   : sysctl.obj (.text:SysCtlDelay)
                  0000297e    00000004                   : i2c.obj (.text:I2CMasterControl)
                  00002982    00000004                   : i2c.obj (.text:I2CMasterDataGet)
                  00002986    00000004                   : i2c.obj (.text:I2CMasterDataPut)
                  0000298a    00000004     rtsv7M4_T_le_v4SPD16_eabi.lib : pre_init.c.obj (.text:_system_pre_init)
                  0000298e    00000004                                   : exit.c.obj (.text:abort:abort)

.const     0    00002994    000001dc     
                  00002994    0000009c     driverlib.lib : interrupt.obj (.const:g_pui32Regs)
                  00002a30    00000090                   : gpio.obj (.const:g_pui32GPIOBaseAddrs)
                  00002ac0    0000006c                   : sysctl.obj (.const:g_pui32Xtals)
                  00002b2c    00000014                   : interrupt.obj (.const:g_pui32EnRegs)
                  00002b40    00000012     uartstdio.obj (.const:.string)
                  00002b52    00000002     --HOLE-- [fill = 0]
                  00002b54    0000000c     uartstdio.obj (.const:g_ui32UARTBase)
                  00002b60    0000000c     uartstdio.obj (.const:g_ui32UARTPeriph)
                  00002b6c    00000004     uartstdio.obj (.const)

.cinit     0    00002b70    00000040     
                  00002b70    0000000c     (__TI_handler_table)
                  00002b7c    00000009     (.cinit..data.load) [load image, compression = lzss]
                  00002b85    00000003     --HOLE-- [fill = 0]
                  00002b88    00000008     (.cinit..bss.load) [load image, compression = zero_init]
                  00002b90    00000008     (.cinit..vtable.load) [load image, compression = zero_init]
                  00002b98    00000018     (__TI_cinit_table)

.init_array 
*          0    00000000    00000000     UNINITIALIZED

.vtable    0    20000000    0000026c     UNINITIALIZED
                  20000000    0000026c     driverlib.lib : interrupt.obj (.vtable)

.bss       0    2000026c    000063d0     UNINITIALIZED
                  2000026c    00006000     G8RTOS_Scheduler.obj (.bss:threadStacks)
                  2000626c    00000210     G8RTOS_Scheduler.obj (.bss:threadControlBlocks)
                  2000647c    00000150     G8RTOS_IPC.obj (.bss:FIFOs)
                  200065cc    00000048     G8RTOS_Scheduler.obj (.bss:ptcbs)
                  20006614    00000008     G8RTOS_Scheduler.obj (.bss)
                  2000661c    00000004     (.common:CurrentlyRunningThread)
                  20006620    00000004     (.common:IBit_State)
                  20006624    00000004     (.common:SystemTime)
                  20006628    00000004     (.common:pulse_width)
                  2000662c    00000004     (.common:sem_I2CA)
                  20006630    00000004     (.common:sem_SPI)
                  20006634    00000004     (.common:sem_SW1)
                  20006638    00000004     (.common:sem_UART)

.data      0    20006840    00000011     UNINITIALIZED
                  20006840    0000000a     threads.obj (.data)
                  2000684a    00000001     G8RTOS_Scheduler.obj (.data)
                  2000684b    00000001     --HOLE--
                  2000684c    00000005     uartstdio.obj (.data)

.stack     0    20006640    00000200     UNINITIALIZED
                  20006640    00000004     rtsv7M4_T_le_v4SPD16_eabi.lib : boot_cortex_m.c.obj (.stack)
                  20006644    000001fc     --HOLE--

__llvm_prf_cnts 
*          0    20000000    00000000     UNINITIALIZED

MODULE SUMMARY

       Module                          code    ro data   rw data
       ------                          ----    -------   -------
    .\
       uartstdio.obj                   1192    46        5      
       threads.obj                     924     0         10     
       tm4c123gh6pm_startup_ccs.obj    12      620       0      
       lab4.obj                        216     0         20     
    +--+-------------------------------+-------+---------+---------+
       Total:                          2344    666       35     
                                                                
    .\G8RTOS\src\
       G8RTOS_Scheduler.obj            1504    0         25193  
       G8RTOS_IPC.obj                  568     0         336    
       G8RTOS_Semaphores.obj           168     0         0      
       G8RTOS_SchedulerASM.obj         80      0         0      
       G8RTOS_CriticalSection.obj      14      0         0      
    +--+-------------------------------+-------+---------+---------+
       Total:                          2334    0         25529  
                                                                
    .\MultimodDrivers\src\
       multimod_BMI160.obj             712     0         0      
       multimod_i2c.obj                624     0         0      
       multimod_LaunchpadLED.obj       376     0         4      
       multimod_OPT3001.obj            312     0         0      
       multimod_LaunchpadButtons.obj   144     0         0      
       multimod_uart.obj               92      0         0      
    +--+-------------------------------+-------+---------+---------+
       Total:                          2260    0         4      
                                                                
    C:/ti/TivaWare_C_Series-2.2.0.295/driverlib/ccs/Debug/driverlib.lib
       interrupt.obj                   192     176       620    
       gpio.obj                        744     144       0      
       sysctl.obj                      694     108       0      
       uart.obj                        142     0         0      
       i2c.obj                         114     0         0      
       pwm.obj                         110     0         0      
       systick.obj                     84      0         0      
    +--+-------------------------------+-------+---------+---------+
       Total:                          2080    428       620    
                                                                
    C:\ti\ccs1281\ccs\tools\compiler\ti-cgt-arm_20.2.7.LTS\lib\rtsv7M4_T_le_v4SPD16_eabi.lib
       fd_mul_t2.asm.obj               252     0         0      
       memcpy_t2.asm.obj               156     0         0      
       memset_t2.asm.obj               122     0         0      
       copy_decompress_lzss.c.obj      104     0         0      
       fd_toi_t2.asm.obj               72      0         0      
       autoinit.c.obj                  68      0         0      
       u_divt2.asm.obj                 64      0         0      
       boot_cortex_m.c.obj             52      0         0      
       i_tofd_t2.asm.obj               46      0         0      
       strcpy.c.obj                    20      0         0      
       copy_decompress_none.c.obj      14      0         0      
       copy_zero_init.c.obj            12      0         0      
       exit.c.obj                      4       0         0      
       pre_init.c.obj                  4       0         0      
       div0.asm.obj                    2       0         0      
    +--+-------------------------------+-------+---------+---------+
       Total:                          992     0         0      
                                                                
       Stack:                          0       0         512    
       Linker Generated:               0       61        0      
    +--+-------------------------------+-------+---------+---------+
       Grand Total:                    10010   1155      26700  


LINKER GENERATED COPY TABLES

__TI_cinit_table @ 00002b98 records: 3, size/record: 8, table size: 24
	.data: load addr=00002b7c, load size=00000009 bytes, run addr=20006840, run size=00000011 bytes, compression=lzss
	.bss: load addr=00002b88, load size=00000008 bytes, run addr=2000026c, run size=000063d0 bytes, compression=zero_init
	.vtable: load addr=00002b90, load size=00000008 bytes, run addr=20000000, run size=0000026c bytes, compression=zero_init


LINKER GENERATED HANDLER TABLE

__TI_handler_table @ 00002b70 records: 3, size/record: 4, table size: 12
	index: 0, handler: __TI_zero_init
	index: 1, handler: __TI_decompress_lzss
	index: 2, handler: __TI_decompress_none


GLOBAL SYMBOLS: SORTED ALPHABETICALLY BY Name 

address   name                          
-------   ----                          
00000cf5  Accel                         
00001127  BMI160_AccelXGetResult        
00001271  BMI160_AccelXYZGetResult      
0000114b  BMI160_AccelYGetResult        
0000116f  BMI160_AccelZGetResult        
00001349  BMI160_GetDataStatus          
00001193  BMI160_GyroXGetResult         
000012b9  BMI160_GyroXYZGetResult       
000011b7  BMI160_GyroYGetResult         
000011db  BMI160_GyroZGetResult         
00001091  BMI160_Init                   
000011ff  BMI160_MagXGetResult          
00001301  BMI160_MagXYZGetResult        
00001225  BMI160_MagYGetResult          
0000124b  BMI160_MagZGetResult          
000010ff  BMI160_MultiReadRegister      
000010db  BMI160_ReadRegister           
000010ab  BMI160_WriteRegister          
0000298f  C$$EXIT                       
00000f05  ChildA_Thread                 
00000f1f  ChildB_Thread                 
2000661c  CurrentlyRunningThread        
000028ed  EndCriticalSection            
00000e33  FIFOConsumer                  
00000e5b  FIFOConsumer2                 
00000e07  FIFOProducer                  
00000399  G8RTOS_AddThread              
000004b5  G8RTOS_Add_APeriodicEvent     
00000545  G8RTOS_Add_PeriodicEvent      
000006eb  G8RTOS_GetNumberOfThreads     
000006e3  G8RTOS_GetThreadID            
000002fb  G8RTOS_Init                   
000015c9  G8RTOS_InitFIFO               
00001ffd  G8RTOS_InitSemaphore          
0000069d  G8RTOS_KillSelf               
00000603  G8RTOS_KillThread             
0000030f  G8RTOS_Launch                 
0000162f  G8RTOS_ReadFIFO               
00000333  G8RTOS_Scheduler              
00002051  G8RTOS_SignalSemaphore        
000023d5  G8RTOS_Start                  
0000200f  G8RTOS_WaitSemaphore          
000016b9  G8RTOS_WriteFIFO              
00002707  GPIODirModeSet                
0000296d  GPIOIntClear                  
000028f3  GPIOIntDisable                
0000290f  GPIOIntEnable                 
00002379  GPIOIntTypeSet                
00001979  GPIOPadConfigSet              
00002421  GPIOPinConfigure              
00002973  GPIOPinRead                   
000027f1  GPIOPinTypeGPIOInput          
00002807  GPIOPinTypeI2C                
0000281d  GPIOPinTypeI2CSCL             
00002833  GPIOPinTypePWM                
00002849  GPIOPinTypeUART               
000027d9  GPIOUnlockPin                 
00000d2b  Gyro                          
0000295d  I2CMasterBusy                 
0000297f  I2CMasterControl              
00002983  I2CMasterDataGet              
00002987  I2CMasterDataPut              
0000293f  I2CMasterEnable               
0000246d  I2CMasterInitExpClk           
00002965  I2CMasterSlaveAddrSet         
00001359  I2C_Init                      
000014e9  I2C_ReadMultiple              
0000140b  I2C_ReadSingle                
0000143b  I2C_WriteMultiple             
000013d5  I2C_WriteSingle               
20006620  IBit_State                    
00000e83  Idle_Thread                   
0000224d  IntEnable                     
00002735  IntPrioritySet                
0000263d  IntRegister                   
00002141  LaunchpadButtons_Init         
00002187  LaunchpadButtons_ReadSW1      
000021a7  LaunchpadButtons_ReadSW2      
00001801  LaunchpadLED_Init             
000018bd  LaunchpadLED_PWMSetDuty       
00001c05  OPT3001_GetChipID             
00001b69  OPT3001_GetResult             
00001ae5  OPT3001_Init                  
00001b3b  OPT3001_ReadRegister          
00001be5  OPT3001_SetHighLimit          
00001bc5  OPT3001_SetLowLimit           
00001af9  OPT3001_WriteRegister         
00000da5  Opto                          
00002759  PWMGenConfigure               
0000291b  PWMGenEnable                  
000028c3  PWMGenPeriodSet               
000028b1  PWMOutputState                
0000279d  PWMPulseWidthSet              
000023f7  PendSV_Handler                
00002933  ResetISR                      
20006848  SW1Pressed                    
00000e97  SW1_Event_Handler             
00000e85  SW1_ISR                       
20006849  SW2Pressed                    
00000ed7  SW2_Event_Handler             
00000ec5  SW2_ISR                       
00000715  SetInitialStack               
000028e5  StartCriticalSection          
00001c1d  SysCtlClockGet                
00001e31  SysCtlClockSet                
00002979  SysCtlDelay                   
00002671  SysCtlPeripheralEnable        
000025cd  SysCtlPeripheralPresent       
00002605  SysCtlPeripheralReady         
00002861  SysTickEnable                 
00002875  SysTickIntEnable              
000027bd  SysTickIntRegister            
000028d5  SysTickPeriodSet              
00000297  SysTick_Handler               
20006624  SystemTime                    
00002949  UARTCharGet                   
00002953  UARTCharPut                   
00002501  UARTConfigSetExpClk           
0000277d  UARTDisable                   
00002889  UARTEnable                    
0000084d  UARTStdioConfig               
0000231d  UART_Init                     
0000099d  UARTgetc                      
000008e3  UARTgets                      
00000cbf  UARTprintf                    
000009c5  UARTvprintf                   
00000893  UARTwrite                     
20006840  __STACK_END                   
00000200  __STACK_SIZE                  
20006840  __STACK_TOP                   
00002b98  __TI_CINIT_Base               
00002bb0  __TI_CINIT_Limit              
00002b70  __TI_Handler_Table_Base       
00002b7c  __TI_Handler_Table_Limit      
00002549  __TI_auto_init_nobinit_nopinit
000022b5  __TI_decompress_lzss          
00002901  __TI_decompress_none          
ffffffff  __TI_pprof_out_hndl           
ffffffff  __TI_prof_data_size           
ffffffff  __TI_prof_data_start          
00000000  __TI_static_base__            
00002927  __TI_zero_init                
000024b9  __aeabi_d2iz                  
00001d35  __aeabi_dmul                  
000026d9  __aeabi_i2d                   
0000224b  __aeabi_idiv0                 
0000224b  __aeabi_ldiv0                 
000021d1  __aeabi_memclr                
000021d1  __aeabi_memclr4               
000021d1  __aeabi_memclr8               
000020a5  __aeabi_memcpy                
000020a5  __aeabi_memcpy4               
000020a5  __aeabi_memcpy8               
000021d3  __aeabi_memset                
000021d3  __aeabi_memset4               
000021d3  __aeabi_memset8               
0000258d  __aeabi_uidiv                 
0000258d  __aeabi_uidivmod              
ffffffff  __binit__                     
ffffffff  __c_args__                    
UNDEFED   __mpu_init                    
20006640  __stack                       
20000000  __start___llvm_prf_cnts       
20000000  __stop___llvm_prf_cnts        
000026a5  _c_int00_noargs               
UNDEFED   _system_post_cinit            
0000298b  _system_pre_init              
0000298f  abort                         
2000684a  aliveCount                    
ffffffff  binit                         
20006844  data                          
20000000  g_pfnRAMVectors               
00000000  g_pfnVectors                  
20006843  idle_count                    
20006841  joystick_y                    
20006842  kill_cube                     
00001f3d  main                          
000020a5  memcpy                        
000021d9  memset                        
20006840  num_cubes                     
20006628  pulse_width                   
2000662c  sem_I2CA                      
20006630  sem_SPI                       
20006634  sem_SW1                       
20006638  sem_UART                      
000006b9  sleep                         
0000289d  strcpy                        


GLOBAL SYMBOLS: SORTED BY Symbol Address 

address   name                          
-------   ----                          
00000000  __TI_static_base__            
00000000  g_pfnVectors                  
00000200  __STACK_SIZE                  
00000297  SysTick_Handler               
000002fb  G8RTOS_Init                   
0000030f  G8RTOS_Launch                 
00000333  G8RTOS_Scheduler              
00000399  G8RTOS_AddThread              
000004b5  G8RTOS_Add_APeriodicEvent     
00000545  G8RTOS_Add_PeriodicEvent      
00000603  G8RTOS_KillThread             
0000069d  G8RTOS_KillSelf               
000006b9  sleep                         
000006e3  G8RTOS_GetThreadID            
000006eb  G8RTOS_GetNumberOfThreads     
00000715  SetInitialStack               
0000084d  UARTStdioConfig               
00000893  UARTwrite                     
000008e3  UARTgets                      
0000099d  UARTgetc                      
000009c5  UARTvprintf                   
00000cbf  UARTprintf                    
00000cf5  Accel                         
00000d2b  Gyro                          
00000da5  Opto                          
00000e07  FIFOProducer                  
00000e33  FIFOConsumer                  
00000e5b  FIFOConsumer2                 
00000e83  Idle_Thread                   
00000e85  SW1_ISR                       
00000e97  SW1_Event_Handler             
00000ec5  SW2_ISR                       
00000ed7  SW2_Event_Handler             
00000f05  ChildA_Thread                 
00000f1f  ChildB_Thread                 
00001091  BMI160_Init                   
000010ab  BMI160_WriteRegister          
000010db  BMI160_ReadRegister           
000010ff  BMI160_MultiReadRegister      
00001127  BMI160_AccelXGetResult        
0000114b  BMI160_AccelYGetResult        
0000116f  BMI160_AccelZGetResult        
00001193  BMI160_GyroXGetResult         
000011b7  BMI160_GyroYGetResult         
000011db  BMI160_GyroZGetResult         
000011ff  BMI160_MagXGetResult          
00001225  BMI160_MagYGetResult          
0000124b  BMI160_MagZGetResult          
00001271  BMI160_AccelXYZGetResult      
000012b9  BMI160_GyroXYZGetResult       
00001301  BMI160_MagXYZGetResult        
00001349  BMI160_GetDataStatus          
00001359  I2C_Init                      
000013d5  I2C_WriteSingle               
0000140b  I2C_ReadSingle                
0000143b  I2C_WriteMultiple             
000014e9  I2C_ReadMultiple              
000015c9  G8RTOS_InitFIFO               
0000162f  G8RTOS_ReadFIFO               
000016b9  G8RTOS_WriteFIFO              
00001801  LaunchpadLED_Init             
000018bd  LaunchpadLED_PWMSetDuty       
00001979  GPIOPadConfigSet              
00001ae5  OPT3001_Init                  
00001af9  OPT3001_WriteRegister         
00001b3b  OPT3001_ReadRegister          
00001b69  OPT3001_GetResult             
00001bc5  OPT3001_SetLowLimit           
00001be5  OPT3001_SetHighLimit          
00001c05  OPT3001_GetChipID             
00001c1d  SysCtlClockGet                
00001d35  __aeabi_dmul                  
00001e31  SysCtlClockSet                
00001f3d  main                          
00001ffd  G8RTOS_InitSemaphore          
0000200f  G8RTOS_WaitSemaphore          
00002051  G8RTOS_SignalSemaphore        
000020a5  __aeabi_memcpy                
000020a5  __aeabi_memcpy4               
000020a5  __aeabi_memcpy8               
000020a5  memcpy                        
00002141  LaunchpadButtons_Init         
00002187  LaunchpadButtons_ReadSW1      
000021a7  LaunchpadButtons_ReadSW2      
000021d1  __aeabi_memclr                
000021d1  __aeabi_memclr4               
000021d1  __aeabi_memclr8               
000021d3  __aeabi_memset                
000021d3  __aeabi_memset4               
000021d3  __aeabi_memset8               
000021d9  memset                        
0000224b  __aeabi_idiv0                 
0000224b  __aeabi_ldiv0                 
0000224d  IntEnable                     
000022b5  __TI_decompress_lzss          
0000231d  UART_Init                     
00002379  GPIOIntTypeSet                
000023d5  G8RTOS_Start                  
000023f7  PendSV_Handler                
00002421  GPIOPinConfigure              
0000246d  I2CMasterInitExpClk           
000024b9  __aeabi_d2iz                  
00002501  UARTConfigSetExpClk           
00002549  __TI_auto_init_nobinit_nopinit
0000258d  __aeabi_uidiv                 
0000258d  __aeabi_uidivmod              
000025cd  SysCtlPeripheralPresent       
00002605  SysCtlPeripheralReady         
0000263d  IntRegister                   
00002671  SysCtlPeripheralEnable        
000026a5  _c_int00_noargs               
000026d9  __aeabi_i2d                   
00002707  GPIODirModeSet                
00002735  IntPrioritySet                
00002759  PWMGenConfigure               
0000277d  UARTDisable                   
0000279d  PWMPulseWidthSet              
000027bd  SysTickIntRegister            
000027d9  GPIOUnlockPin                 
000027f1  GPIOPinTypeGPIOInput          
00002807  GPIOPinTypeI2C                
0000281d  GPIOPinTypeI2CSCL             
00002833  GPIOPinTypePWM                
00002849  GPIOPinTypeUART               
00002861  SysTickEnable                 
00002875  SysTickIntEnable              
00002889  UARTEnable                    
0000289d  strcpy                        
000028b1  PWMOutputState                
000028c3  PWMGenPeriodSet               
000028d5  SysTickPeriodSet              
000028e5  StartCriticalSection          
000028ed  EndCriticalSection            
000028f3  GPIOIntDisable                
00002901  __TI_decompress_none          
0000290f  GPIOIntEnable                 
0000291b  PWMGenEnable                  
00002927  __TI_zero_init                
00002933  ResetISR                      
0000293f  I2CMasterEnable               
00002949  UARTCharGet                   
00002953  UARTCharPut                   
0000295d  I2CMasterBusy                 
00002965  I2CMasterSlaveAddrSet         
0000296d  GPIOIntClear                  
00002973  GPIOPinRead                   
00002979  SysCtlDelay                   
0000297f  I2CMasterControl              
00002983  I2CMasterDataGet              
00002987  I2CMasterDataPut              
0000298b  _system_pre_init              
0000298f  C$$EXIT                       
0000298f  abort                         
00002b70  __TI_Handler_Table_Base       
00002b7c  __TI_Handler_Table_Limit      
00002b98  __TI_CINIT_Base               
00002bb0  __TI_CINIT_Limit              
20000000  __start___llvm_prf_cnts       
20000000  __stop___llvm_prf_cnts        
20000000  g_pfnRAMVectors               
2000661c  CurrentlyRunningThread        
20006620  IBit_State                    
20006624  SystemTime                    
20006628  pulse_width                   
2000662c  sem_I2CA                      
20006630  sem_SPI                       
20006634  sem_SW1                       
20006638  sem_UART                      
20006640  __stack                       
20006840  __STACK_END                   
20006840  __STACK_TOP                   
20006840  num_cubes                     
20006841  joystick_y                    
20006842  kill_cube                     
20006843  idle_count                    
20006844  data                          
20006848  SW1Pressed                    
20006849  SW2Pressed                    
2000684a  aliveCount                    
ffffffff  __TI_pprof_out_hndl           
ffffffff  __TI_prof_data_size           
ffffffff  __TI_prof_data_start          
ffffffff  __binit__                     
ffffffff  __c_args__                    
ffffffff  binit                         
UNDEFED   __mpu_init                    
UNDEFED   _system_post_cinit            

[187 symbols]
