******************************************************************************
                  TI ARM Linker PC v20.2.7                     
******************************************************************************
>> Linked Wed Oct 29 04:11:45 2025

OUTPUT FILE NAME:   <Lab4_F2025.out>
ENTRY POINT SYMBOL: "_c_int00_noargs"  address: 000028f9


MEMORY CONFIGURATION

         name            origin    length      used     unused   attr    fill
----------------------  --------  ---------  --------  --------  ----  --------
  FLASH                 00000000   00040000  00002e02  0003d1fe  R  X
  SRAM                  20000000   00008000  00006855  000017ab  RW X


SEGMENT ALLOCATION MAP

run origin  load origin   length   init length attrs members
----------  ----------- ---------- ----------- ----- -------
00000000    00000000    00002e08   00002e08    r-x
  00000000    00000000    0000026c   0000026c    r-- .intvecs
  0000026c    0000026c    0000297a   0000297a    r-x .text
  00002be8    00002be8    000001dc   000001dc    r-- .const
  00002dc8    00002dc8    00000040   00000040    r-- .cinit
20000000    20000000    00006859   00000000    rw-
  20000000    20000000    0000026c   00000000    rw- .vtable
  2000026c    2000026c    000063d8   00000000    rw- .bss
  20006648    20006648    00000200   00000000    rw- .stack
  20006848    20006848    00000011   00000000    rw- .data


SECTION ALLOCATION MAP

 output                                  attributes/
section   page    origin      length       input sections
--------  ----  ----------  ----------   ----------------
.intvecs   0    00000000    0000026c     
                  00000000    0000026c     tm4c123gh6pm_startup_ccs.obj (.intvecs)

.text      0    0000026c    0000297a     
                  0000026c    00000688     G8RTOS_Scheduler.obj (.text)
                  000008f4    00000518     threads.obj (.text)
                  00000e0c    000004a8     uartstdio.obj (.text)
                  000012b4    000002c8     multimod_BMI160.obj (.text)
                  0000157c    00000278     multimod_i2c.obj (.text)
                  000017f4    00000238     G8RTOS_IPC.obj (.text)
                  00001a2c    00000178     multimod_LaunchpadLED.obj (.text)
                  00001ba4    0000016c     driverlib.lib : gpio.obj (.text:GPIOPadConfigSet)
                  00001d10    00000138     multimod_OPT3001.obj (.text)
                  00001e48    00000118     driverlib.lib : sysctl.obj (.text:SysCtlClockGet)
                  00001f60    000000fc     rtsv7M4_T_le_v4SPD16_eabi.lib : fd_mul_t2.asm.obj (.text)
                  0000205c    000000f4     driverlib.lib : sysctl.obj (.text:SysCtlClockSet)
                  00002150    000000a8     G8RTOS_Semaphores.obj (.text)
                  000021f8    000000a8     lab4_4.obj (.text)
                  000022a0    0000009c     rtsv7M4_T_le_v4SPD16_eabi.lib : memcpy_t2.asm.obj (.text)
                  0000233c    00000090     multimod_LaunchpadButtons.obj (.text)
                  000023cc    0000007a     rtsv7M4_T_le_v4SPD16_eabi.lib : memset_t2.asm.obj (.text)
                  00002446    00000002                                   : div0.asm.obj (.text)
                  00002448    00000068     driverlib.lib : interrupt.obj (.text:IntEnable)
                  000024b0    00000068     rtsv7M4_T_le_v4SPD16_eabi.lib : copy_decompress_lzss.c.obj (.text:decompress:lzss:__TI_decompress_lzss)
                  00002518    0000005c     multimod_uart.obj (.text)
                  00002574    00000058     driverlib.lib : gpio.obj (.text:GPIOIntTypeSet)
                  000025cc    00000058     multimod_buttons.obj (.text)
                  00002624    00000050     G8RTOS_SchedulerASM.obj (.text)
                  00002674    0000004c     driverlib.lib : gpio.obj (.text:GPIOPinConfigure)
                  000026c0    0000004c                   : i2c.obj (.text:I2CMasterInitExpClk)
                  0000270c    00000048     rtsv7M4_T_le_v4SPD16_eabi.lib : fd_toi_t2.asm.obj (.text)
                  00002754    00000046     driverlib.lib : uart.obj (.text:UARTConfigSetExpClk)
                  0000279a    00000002     --HOLE-- [fill = 0]
                  0000279c    00000044     rtsv7M4_T_le_v4SPD16_eabi.lib : autoinit.c.obj (.text:__TI_auto_init_nobinit_nopinit:__TI_auto_init_nobinit_nopinit)
                  000027e0    00000040                                   : u_divt2.asm.obj (.text)
                  00002820    00000038     driverlib.lib : sysctl.obj (.text:SysCtlPeripheralPresent)
                  00002858    00000038                   : sysctl.obj (.text:SysCtlPeripheralReady)
                  00002890    00000034                   : interrupt.obj (.text:IntRegister)
                  000028c4    00000034                   : sysctl.obj (.text:SysCtlPeripheralEnable)
                  000028f8    00000034     rtsv7M4_T_le_v4SPD16_eabi.lib : boot_cortex_m.c.obj (.text:_c_int00_noargs:_c_int00_noargs)
                  0000292c    0000002e                                   : i_tofd_t2.asm.obj (.text)
                  0000295a    0000002c     driverlib.lib : gpio.obj (.text:GPIODirModeSet)
                  00002986    00000002     --HOLE-- [fill = 0]
                  00002988    00000024                   : interrupt.obj (.text:IntPrioritySet)
                  000029ac    00000022                   : pwm.obj (.text:PWMGenConfigure)
                  000029ce    00000002     --HOLE-- [fill = 0]
                  000029d0    00000020                   : uart.obj (.text:UARTDisable)
                  000029f0    0000001e                   : pwm.obj (.text:PWMPulseWidthSet)
                  00002a0e    00000002     --HOLE-- [fill = 0]
                  00002a10    0000001c                   : systick.obj (.text:SysTickIntRegister)
                  00002a2c    00000018                   : gpio.obj (.text:GPIOUnlockPin)
                  00002a44    00000016                   : gpio.obj (.text:GPIOPinTypeGPIOInput)
                  00002a5a    00000016                   : gpio.obj (.text:GPIOPinTypeI2C)
                  00002a70    00000016                   : gpio.obj (.text:GPIOPinTypeI2CSCL)
                  00002a86    00000016                   : gpio.obj (.text:GPIOPinTypePWM)
                  00002a9c    00000016                   : gpio.obj (.text:GPIOPinTypeUART)
                  00002ab2    00000002     --HOLE-- [fill = 0]
                  00002ab4    00000014                   : systick.obj (.text:SysTickEnable)
                  00002ac8    00000014                   : systick.obj (.text:SysTickIntEnable)
                  00002adc    00000014                   : uart.obj (.text:UARTEnable)
                  00002af0    00000014     rtsv7M4_T_le_v4SPD16_eabi.lib : strcpy.c.obj (.text:strcpy)
                  00002b04    00000012     driverlib.lib : pwm.obj (.text:PWMOutputState)
                  00002b16    00000010                   : pwm.obj (.text:PWMGenPeriodSet)
                  00002b26    00000002     --HOLE-- [fill = 0]
                  00002b28    00000010                   : systick.obj (.text:SysTickPeriodSet)
                  00002b38    0000000e     G8RTOS_CriticalSection.obj (.text)
                  00002b46    0000000e     driverlib.lib : gpio.obj (.text:GPIOIntDisable)
                  00002b54    0000000e     rtsv7M4_T_le_v4SPD16_eabi.lib : copy_decompress_none.c.obj (.text:decompress:none:__TI_decompress_none)
                  00002b62    0000000c     driverlib.lib : gpio.obj (.text:GPIOIntEnable)
                  00002b6e    0000000c                   : pwm.obj (.text:PWMGenEnable)
                  00002b7a    0000000c     rtsv7M4_T_le_v4SPD16_eabi.lib : copy_zero_init.c.obj (.text:decompress:ZI:__TI_zero_init)
                  00002b86    0000000c     tm4c123gh6pm_startup_ccs.obj (.text)
                  00002b92    0000000a     driverlib.lib : i2c.obj (.text:I2CMasterEnable)
                  00002b9c    0000000a                   : uart.obj (.text:UARTCharGet)
                  00002ba6    0000000a                   : uart.obj (.text:UARTCharPut)
                  00002bb0    00000008                   : i2c.obj (.text:I2CMasterBusy)
                  00002bb8    00000008                   : i2c.obj (.text:I2CMasterSlaveAddrSet)
                  00002bc0    00000006                   : gpio.obj (.text:GPIOIntClear)
                  00002bc6    00000006                   : gpio.obj (.text:GPIOPinRead)
                  00002bcc    00000006                   : sysctl.obj (.text:SysCtlDelay)
                  00002bd2    00000004                   : i2c.obj (.text:I2CMasterControl)
                  00002bd6    00000004                   : i2c.obj (.text:I2CMasterDataGet)
                  00002bda    00000004                   : i2c.obj (.text:I2CMasterDataPut)
                  00002bde    00000004     rtsv7M4_T_le_v4SPD16_eabi.lib : pre_init.c.obj (.text:_system_pre_init)
                  00002be2    00000004                                   : exit.c.obj (.text:abort:abort)

.const     0    00002be8    000001dc     
                  00002be8    0000009c     driverlib.lib : interrupt.obj (.const:g_pui32Regs)
                  00002c84    00000090                   : gpio.obj (.const:g_pui32GPIOBaseAddrs)
                  00002d14    0000006c                   : sysctl.obj (.const:g_pui32Xtals)
                  00002d80    00000014                   : interrupt.obj (.const:g_pui32EnRegs)
                  00002d94    00000012     uartstdio.obj (.const:.string)
                  00002da6    00000002     --HOLE-- [fill = 0]
                  00002da8    0000000c     uartstdio.obj (.const:g_ui32UARTBase)
                  00002db4    0000000c     uartstdio.obj (.const:g_ui32UARTPeriph)
                  00002dc0    00000004     uartstdio.obj (.const)

.cinit     0    00002dc8    00000040     
                  00002dc8    0000000c     (__TI_handler_table)
                  00002dd4    00000009     (.cinit..data.load) [load image, compression = lzss]
                  00002ddd    00000003     --HOLE-- [fill = 0]
                  00002de0    00000008     (.cinit..bss.load) [load image, compression = zero_init]
                  00002de8    00000008     (.cinit..vtable.load) [load image, compression = zero_init]
                  00002df0    00000018     (__TI_cinit_table)

.init_array 
*          0    00000000    00000000     UNINITIALIZED

.vtable    0    20000000    0000026c     UNINITIALIZED
                  20000000    0000026c     driverlib.lib : interrupt.obj (.vtable)

.bss       0    2000026c    000063d8     UNINITIALIZED
                  2000026c    00006000     G8RTOS_Scheduler.obj (.bss:threadStacks)
                  2000626c    00000210     G8RTOS_Scheduler.obj (.bss:threadControlBlocks)
                  2000647c    00000150     G8RTOS_IPC.obj (.bss:FIFOs)
                  200065cc    00000048     G8RTOS_Scheduler.obj (.bss:ptcbs)
                  20006614    0000000c     G8RTOS_Scheduler.obj (.bss)
                  20006620    00000004     (.common:CurrentlyRunningThread)
                  20006624    00000004     (.common:IBit_State)
                  20006628    00000004     (.common:SystemTime)
                  2000662c    00000004     (.common:pulse_width)
                  20006630    00000004     (.common:sem_I2CA)
                  20006634    00000004     (.common:sem_MMB)
                  20006638    00000004     (.common:sem_SPI)
                  2000663c    00000004     (.common:sem_SW1)
                  20006640    00000004     (.common:sem_UART)

.data      0    20006848    00000011     UNINITIALIZED
                  20006848    0000000b     threads.obj (.data)
                  20006853    00000001     G8RTOS_Scheduler.obj (.data)
                  20006854    00000005     uartstdio.obj (.data)

.stack     0    20006648    00000200     UNINITIALIZED
                  20006648    00000004     rtsv7M4_T_le_v4SPD16_eabi.lib : boot_cortex_m.c.obj (.stack)
                  2000664c    000001fc     --HOLE--

__llvm_prf_cnts 
*          0    20000000    00000000     UNINITIALIZED

MODULE SUMMARY

       Module                          code    ro data   rw data
       ------                          ----    -------   -------
    .\
       threads.obj                     1304    0         11     
       uartstdio.obj                   1192    46        5      
       tm4c123gh6pm_startup_ccs.obj    12      620       0      
       lab4_4.obj                      168     0         24     
    +--+-------------------------------+-------+---------+---------+
       Total:                          2676    666       40     
                                                                
    .\G8RTOS\src\
       G8RTOS_Scheduler.obj            1672    0         25197  
       G8RTOS_IPC.obj                  568     0         336    
       G8RTOS_Semaphores.obj           168     0         0      
       G8RTOS_SchedulerASM.obj         80      0         0      
       G8RTOS_CriticalSection.obj      14      0         0      
    +--+-------------------------------+-------+---------+---------+
       Total:                          2502    0         25533  
                                                                
    .\MultimodDrivers\src\
       multimod_BMI160.obj             712     0         0      
       multimod_i2c.obj                632     0         0      
       multimod_LaunchpadLED.obj       376     0         4      
       multimod_OPT3001.obj            312     0         0      
       multimod_LaunchpadButtons.obj   144     0         0      
       multimod_uart.obj               92      0         0      
       multimod_buttons.obj            88      0         0      
    +--+-------------------------------+-------+---------+---------+
       Total:                          2356    0         4      
                                                                
    C:/ti/TivaWare_C_Series-2.2.0.295/driverlib/ccs/Debug/driverlib.lib
       interrupt.obj                   192     176       620    
       gpio.obj                        744     144       0      
       sysctl.obj                      694     108       0      
       uart.obj                        142     0         0      
       i2c.obj                         114     0         0      
       pwm.obj                         110     0         0      
       systick.obj                     84      0         0      
    +--+-------------------------------+-------+---------+---------+
       Total:                          2080    428       620    
                                                                
    C:\ti\ccs1281\ccs\tools\compiler\ti-cgt-arm_20.2.7.LTS\lib\rtsv7M4_T_le_v4SPD16_eabi.lib
       fd_mul_t2.asm.obj               252     0         0      
       memcpy_t2.asm.obj               156     0         0      
       memset_t2.asm.obj               122     0         0      
       copy_decompress_lzss.c.obj      104     0         0      
       fd_toi_t2.asm.obj               72      0         0      
       autoinit.c.obj                  68      0         0      
       u_divt2.asm.obj                 64      0         0      
       boot_cortex_m.c.obj             52      0         0      
       i_tofd_t2.asm.obj               46      0         0      
       strcpy.c.obj                    20      0         0      
       copy_decompress_none.c.obj      14      0         0      
       copy_zero_init.c.obj            12      0         0      
       exit.c.obj                      4       0         0      
       pre_init.c.obj                  4       0         0      
       div0.asm.obj                    2       0         0      
    +--+-------------------------------+-------+---------+---------+
       Total:                          992     0         0      
                                                                
       Stack:                          0       0         512    
       Linker Generated:               0       61        0      
    +--+-------------------------------+-------+---------+---------+
       Grand Total:                    10606   1155      26709  


LINKER GENERATED COPY TABLES

__TI_cinit_table @ 00002df0 records: 3, size/record: 8, table size: 24
	.data: load addr=00002dd4, load size=00000009 bytes, run addr=20006848, run size=00000011 bytes, compression=lzss
	.bss: load addr=00002de0, load size=00000008 bytes, run addr=2000026c, run size=000063d8 bytes, compression=zero_init
	.vtable: load addr=00002de8, load size=00000008 bytes, run addr=20000000, run size=0000026c bytes, compression=zero_init


LINKER GENERATED HANDLER TABLE

__TI_handler_table @ 00002dc8 records: 3, size/record: 4, table size: 12
	index: 0, handler: __TI_zero_init
	index: 1, handler: __TI_decompress_lzss
	index: 2, handler: __TI_decompress_none


GLOBAL SYMBOLS: SORTED ALPHABETICALLY BY Name 

address   name                          
-------   ----                          
000008f5  Accel                         
0000134b  BMI160_AccelXGetResult        
00001495  BMI160_AccelXYZGetResult      
0000136f  BMI160_AccelYGetResult        
00001393  BMI160_AccelZGetResult        
0000156d  BMI160_GetDataStatus          
000013b7  BMI160_GyroXGetResult         
000014dd  BMI160_GyroXYZGetResult       
000013db  BMI160_GyroYGetResult         
000013ff  BMI160_GyroZGetResult         
000012b5  BMI160_Init                   
00001423  BMI160_MagXGetResult          
00001525  BMI160_MagXYZGetResult        
00001449  BMI160_MagYGetResult          
0000146f  BMI160_MagZGetResult          
00001323  BMI160_MultiReadRegister      
000012ff  BMI160_ReadRegister           
000012cf  BMI160_WriteRegister          
00000bc1  ButtonsTest                   
00002be3  C$$EXIT                       
00000b11  ChildA_Thread                 
00000b31  ChildB_Thread                 
20006620  CurrentlyRunningThread        
00002b41  EndCriticalSection            
00000a33  FIFOConsumer                  
00000a5b  FIFOConsumer2                 
00000a07  FIFOProducer                  
000003b5  G8RTOS_AddThread              
00000581  G8RTOS_Add_APeriodicEvent     
000005f5  G8RTOS_Add_PeriodicEvent      
0000079d  G8RTOS_GetNumberOfThreads     
00000795  G8RTOS_GetThreadID            
000002fb  G8RTOS_Init                   
000017f5  G8RTOS_InitFIFO               
00002151  G8RTOS_InitSemaphore          
00000741  G8RTOS_KillSelf               
000006ab  G8RTOS_KillThread             
00000315  G8RTOS_Launch                 
0000185b  G8RTOS_ReadFIFO               
00000339  G8RTOS_Scheduler              
000021a5  G8RTOS_SignalSemaphore        
00002629  G8RTOS_Start                  
00002163  G8RTOS_WaitSemaphore          
000018e5  G8RTOS_WriteFIFO              
0000295b  GPIODirModeSet                
00000b81  GPIOE_Handler                 
00002bc1  GPIOIntClear                  
00002b47  GPIOIntDisable                
00002b63  GPIOIntEnable                 
00002575  GPIOIntTypeSet                
00001ba5  GPIOPadConfigSet              
00002675  GPIOPinConfigure              
00002bc7  GPIOPinRead                   
00002a45  GPIOPinTypeGPIOInput          
00002a5b  GPIOPinTypeI2C                
00002a71  GPIOPinTypeI2CSCL             
00002a87  GPIOPinTypePWM                
00002a9d  GPIOPinTypeUART               
00002a2d  GPIOUnlockPin                 
0000092b  Gyro                          
00002bb1  I2CMasterBusy                 
00002bd3  I2CMasterControl              
00002bd7  I2CMasterDataGet              
00002bdb  I2CMasterDataPut              
00002b93  I2CMasterEnable               
000026c1  I2CMasterInitExpClk           
00002bb9  I2CMasterSlaveAddrSet         
0000157d  I2C_Init                      
0000170d  I2C_ReadMultiple              
0000162f  I2C_ReadSingle                
0000165f  I2C_WriteMultiple             
000015f9  I2C_WriteSingle               
20006624  IBit_State                    
00000a83  Idle_Thread                   
00002449  IntEnable                     
00002989  IntPrioritySet                
00002891  IntRegister                   
0000233d  LaunchpadButtons_Init         
00002383  LaunchpadButtons_ReadSW1      
000023a3  LaunchpadButtons_ReadSW2      
00001a2d  LaunchpadLED_Init             
00001ae9  LaunchpadLED_PWMSetDuty       
00002601  MultimodButtons_Get           
000025cd  MultimodButtons_Init          
00001e31  OPT3001_GetChipID             
00001d95  OPT3001_GetResult             
00001d11  OPT3001_Init                  
00001d67  OPT3001_ReadRegister          
00001e11  OPT3001_SetHighLimit          
00001df1  OPT3001_SetLowLimit           
00001d25  OPT3001_WriteRegister         
000009a5  Opto                          
00000b51  PThread1                      
00000b67  PThread2                      
000029ad  PWMGenConfigure               
00002b6f  PWMGenEnable                  
00002b17  PWMGenPeriodSet               
00002b05  PWMOutputState                
000029f1  PWMPulseWidthSet              
0000264b  PendSV_Handler                
00002b87  ResetISR                      
20006850  SW1Pressed                    
00000a97  SW1_Event_Handler             
00000a85  SW1_ISR                       
20006851  SW2Pressed                    
00000ae3  SW2_Event_Handler             
00000ad1  SW2_ISR                       
000007c1  SetInitialStack               
00002b39  StartCriticalSection          
00001e49  SysCtlClockGet                
0000205d  SysCtlClockSet                
00002bcd  SysCtlDelay                   
000028c5  SysCtlPeripheralEnable        
00002821  SysCtlPeripheralPresent       
00002859  SysCtlPeripheralReady         
00002ab5  SysTickEnable                 
00002ac9  SysTickIntEnable              
00002a11  SysTickIntRegister            
00002b29  SysTickPeriodSet              
00000297  SysTick_Handler               
20006628  SystemTime                    
00002b9d  UARTCharGet                   
00002ba7  UARTCharPut                   
00002755  UARTConfigSetExpClk           
000029d1  UARTDisable                   
00002add  UARTEnable                    
00000e0d  UARTStdioConfig               
00002519  UART_Init                     
00000f5d  UARTgetc                      
00000ea3  UARTgets                      
0000127f  UARTprintf                    
00000f85  UARTvprintf                   
00000e53  UARTwrite                     
20006848  __STACK_END                   
00000200  __STACK_SIZE                  
20006848  __STACK_TOP                   
00002df0  __TI_CINIT_Base               
00002e08  __TI_CINIT_Limit              
00002dc8  __TI_Handler_Table_Base       
00002dd4  __TI_Handler_Table_Limit      
0000279d  __TI_auto_init_nobinit_nopinit
000024b1  __TI_decompress_lzss          
00002b55  __TI_decompress_none          
ffffffff  __TI_pprof_out_hndl           
ffffffff  __TI_prof_data_size           
ffffffff  __TI_prof_data_start          
00000000  __TI_static_base__            
00002b7b  __TI_zero_init                
0000270d  __aeabi_d2iz                  
00001f61  __aeabi_dmul                  
0000292d  __aeabi_i2d                   
00002447  __aeabi_idiv0                 
00002447  __aeabi_ldiv0                 
000023cd  __aeabi_memclr                
000023cd  __aeabi_memclr4               
000023cd  __aeabi_memclr8               
000022a1  __aeabi_memcpy                
000022a1  __aeabi_memcpy4               
000022a1  __aeabi_memcpy8               
000023cf  __aeabi_memset                
000023cf  __aeabi_memset4               
000023cf  __aeabi_memset8               
000027e1  __aeabi_uidiv                 
000027e1  __aeabi_uidivmod              
ffffffff  __binit__                     
ffffffff  __c_args__                    
UNDEFED   __mpu_init                    
20006648  __stack                       
20000000  __start___llvm_prf_cnts       
20000000  __stop___llvm_prf_cnts        
000028f9  _c_int00_noargs               
UNDEFED   _system_post_cinit            
00002bdf  _system_pre_init              
00002be3  abort                         
20006853  aliveCount                    
ffffffff  binit                         
20006852  bruh                          
2000684c  data                          
20000000  g_pfnRAMVectors               
00000000  g_pfnVectors                  
2000684b  idle_count                    
20006849  joystick_y                    
2000684a  kill_cube                     
00002215  main                          
000022a1  memcpy                        
000023d5  memset                        
20006848  num_cubes                     
2000662c  pulse_width                   
20006630  sem_I2CA                      
20006634  sem_MMB                       
20006638  sem_SPI                       
2000663c  sem_SW1                       
20006640  sem_UART                      
00000765  sleep                         
00002af1  strcpy                        


GLOBAL SYMBOLS: SORTED BY Symbol Address 

address   name                          
-------   ----                          
00000000  __TI_static_base__            
00000000  g_pfnVectors                  
00000200  __STACK_SIZE                  
00000297  SysTick_Handler               
000002fb  G8RTOS_Init                   
00000315  G8RTOS_Launch                 
00000339  G8RTOS_Scheduler              
000003b5  G8RTOS_AddThread              
00000581  G8RTOS_Add_APeriodicEvent     
000005f5  G8RTOS_Add_PeriodicEvent      
000006ab  G8RTOS_KillThread             
00000741  G8RTOS_KillSelf               
00000765  sleep                         
00000795  G8RTOS_GetThreadID            
0000079d  G8RTOS_GetNumberOfThreads     
000007c1  SetInitialStack               
000008f5  Accel                         
0000092b  Gyro                          
000009a5  Opto                          
00000a07  FIFOProducer                  
00000a33  FIFOConsumer                  
00000a5b  FIFOConsumer2                 
00000a83  Idle_Thread                   
00000a85  SW1_ISR                       
00000a97  SW1_Event_Handler             
00000ad1  SW2_ISR                       
00000ae3  SW2_Event_Handler             
00000b11  ChildA_Thread                 
00000b31  ChildB_Thread                 
00000b51  PThread1                      
00000b67  PThread2                      
00000b81  GPIOE_Handler                 
00000bc1  ButtonsTest                   
00000e0d  UARTStdioConfig               
00000e53  UARTwrite                     
00000ea3  UARTgets                      
00000f5d  UARTgetc                      
00000f85  UARTvprintf                   
0000127f  UARTprintf                    
000012b5  BMI160_Init                   
000012cf  BMI160_WriteRegister          
000012ff  BMI160_ReadRegister           
00001323  BMI160_MultiReadRegister      
0000134b  BMI160_AccelXGetResult        
0000136f  BMI160_AccelYGetResult        
00001393  BMI160_AccelZGetResult        
000013b7  BMI160_GyroXGetResult         
000013db  BMI160_GyroYGetResult         
000013ff  BMI160_GyroZGetResult         
00001423  BMI160_MagXGetResult          
00001449  BMI160_MagYGetResult          
0000146f  BMI160_MagZGetResult          
00001495  BMI160_AccelXYZGetResult      
000014dd  BMI160_GyroXYZGetResult       
00001525  BMI160_MagXYZGetResult        
0000156d  BMI160_GetDataStatus          
0000157d  I2C_Init                      
000015f9  I2C_WriteSingle               
0000162f  I2C_ReadSingle                
0000165f  I2C_WriteMultiple             
0000170d  I2C_ReadMultiple              
000017f5  G8RTOS_InitFIFO               
0000185b  G8RTOS_ReadFIFO               
000018e5  G8RTOS_WriteFIFO              
00001a2d  LaunchpadLED_Init             
00001ae9  LaunchpadLED_PWMSetDuty       
00001ba5  GPIOPadConfigSet              
00001d11  OPT3001_Init                  
00001d25  OPT3001_WriteRegister         
00001d67  OPT3001_ReadRegister          
00001d95  OPT3001_GetResult             
00001df1  OPT3001_SetLowLimit           
00001e11  OPT3001_SetHighLimit          
00001e31  OPT3001_GetChipID             
00001e49  SysCtlClockGet                
00001f61  __aeabi_dmul                  
0000205d  SysCtlClockSet                
00002151  G8RTOS_InitSemaphore          
00002163  G8RTOS_WaitSemaphore          
000021a5  G8RTOS_SignalSemaphore        
00002215  main                          
000022a1  __aeabi_memcpy                
000022a1  __aeabi_memcpy4               
000022a1  __aeabi_memcpy8               
000022a1  memcpy                        
0000233d  LaunchpadButtons_Init         
00002383  LaunchpadButtons_ReadSW1      
000023a3  LaunchpadButtons_ReadSW2      
000023cd  __aeabi_memclr                
000023cd  __aeabi_memclr4               
000023cd  __aeabi_memclr8               
000023cf  __aeabi_memset                
000023cf  __aeabi_memset4               
000023cf  __aeabi_memset8               
000023d5  memset                        
00002447  __aeabi_idiv0                 
00002447  __aeabi_ldiv0                 
00002449  IntEnable                     
000024b1  __TI_decompress_lzss          
00002519  UART_Init                     
00002575  GPIOIntTypeSet                
000025cd  MultimodButtons_Init          
00002601  MultimodButtons_Get           
00002629  G8RTOS_Start                  
0000264b  PendSV_Handler                
00002675  GPIOPinConfigure              
000026c1  I2CMasterInitExpClk           
0000270d  __aeabi_d2iz                  
00002755  UARTConfigSetExpClk           
0000279d  __TI_auto_init_nobinit_nopinit
000027e1  __aeabi_uidiv                 
000027e1  __aeabi_uidivmod              
00002821  SysCtlPeripheralPresent       
00002859  SysCtlPeripheralReady         
00002891  IntRegister                   
000028c5  SysCtlPeripheralEnable        
000028f9  _c_int00_noargs               
0000292d  __aeabi_i2d                   
0000295b  GPIODirModeSet                
00002989  IntPrioritySet                
000029ad  PWMGenConfigure               
000029d1  UARTDisable                   
000029f1  PWMPulseWidthSet              
00002a11  SysTickIntRegister            
00002a2d  GPIOUnlockPin                 
00002a45  GPIOPinTypeGPIOInput          
00002a5b  GPIOPinTypeI2C                
00002a71  GPIOPinTypeI2CSCL             
00002a87  GPIOPinTypePWM                
00002a9d  GPIOPinTypeUART               
00002ab5  SysTickEnable                 
00002ac9  SysTickIntEnable              
00002add  UARTEnable                    
00002af1  strcpy                        
00002b05  PWMOutputState                
00002b17  PWMGenPeriodSet               
00002b29  SysTickPeriodSet              
00002b39  StartCriticalSection          
00002b41  EndCriticalSection            
00002b47  GPIOIntDisable                
00002b55  __TI_decompress_none          
00002b63  GPIOIntEnable                 
00002b6f  PWMGenEnable                  
00002b7b  __TI_zero_init                
00002b87  ResetISR                      
00002b93  I2CMasterEnable               
00002b9d  UARTCharGet                   
00002ba7  UARTCharPut                   
00002bb1  I2CMasterBusy                 
00002bb9  I2CMasterSlaveAddrSet         
00002bc1  GPIOIntClear                  
00002bc7  GPIOPinRead                   
00002bcd  SysCtlDelay                   
00002bd3  I2CMasterControl              
00002bd7  I2CMasterDataGet              
00002bdb  I2CMasterDataPut              
00002bdf  _system_pre_init              
00002be3  C$$EXIT                       
00002be3  abort                         
00002dc8  __TI_Handler_Table_Base       
00002dd4  __TI_Handler_Table_Limit      
00002df0  __TI_CINIT_Base               
00002e08  __TI_CINIT_Limit              
20000000  __start___llvm_prf_cnts       
20000000  __stop___llvm_prf_cnts        
20000000  g_pfnRAMVectors               
20006620  CurrentlyRunningThread        
20006624  IBit_State                    
20006628  SystemTime                    
2000662c  pulse_width                   
20006630  sem_I2CA                      
20006634  sem_MMB                       
20006638  sem_SPI                       
2000663c  sem_SW1                       
20006640  sem_UART                      
20006648  __stack                       
20006848  __STACK_END                   
20006848  __STACK_TOP                   
20006848  num_cubes                     
20006849  joystick_y                    
2000684a  kill_cube                     
2000684b  idle_count                    
2000684c  data                          
20006850  SW1Pressed                    
20006851  SW2Pressed                    
20006852  bruh                          
20006853  aliveCount                    
ffffffff  __TI_pprof_out_hndl           
ffffffff  __TI_prof_data_size           
ffffffff  __TI_prof_data_start          
ffffffff  __binit__                     
ffffffff  __c_args__                    
ffffffff  binit                         
UNDEFED   __mpu_init                    
UNDEFED   _system_post_cinit            

[195 symbols]
