******************************************************************************
                  TI ARM Linker PC v20.2.7                     
******************************************************************************
>> Linked Tue Oct 21 13:46:37 2025

OUTPUT FILE NAME:   <Lab4_F2025.out>
ENTRY POINT SYMBOL: "_c_int00_noargs"  address: 00002035


MEMORY CONFIGURATION

         name            origin    length      used     unused   attr    fill
----------------------  --------  ---------  --------  --------  ----  --------
  FLASH                 00000000   00040000  000024f6  0003db0a  R  X
  SRAM                  20000000   00008000  000066ec  00001914  RW X


SEGMENT ALLOCATION MAP

run origin  load origin   length   init length attrs members
----------  ----------- ---------- ----------- ----- -------
00000000    00000000    000024f8   000024f8    r-x
  00000000    00000000    0000026c   0000026c    r-- .intvecs
  0000026c    0000026c    00002082   00002082    r-x .text
  000022f0    000022f0    000001c8   000001c8    r-- .const
  000024b8    000024b8    00000040   00000040    r-- .cinit
20000000    20000000    000066f0   00000000    rw-
  20000000    20000000    0000026c   00000000    rw- .vtable
  2000026c    2000026c    00006278   00000000    rw- .bss
  200064e8    200064e8    00000200   00000000    rw- .stack
  200066e8    200066e8    00000008   00000000    rw- .data


SECTION ALLOCATION MAP

 output                                  attributes/
section   page    origin      length       input sections
--------  ----  ----------  ----------   ----------------
.intvecs   0    00000000    0000026c     
                  00000000    0000026c     tm4c123gh6pm_startup_ccs.obj (.intvecs)

.text      0    0000026c    00002082     
                  0000026c    000004a8     uartstdio.obj (.text)
                  00000714    00000438     G8RTOS_Scheduler.obj (.text)
                  00000b4c    000002c8     multimod_BMI160.obj (.text)
                  00000e14    00000270     multimod_i2c.obj (.text)
                  00001084    00000244     threads.obj (.text)
                  000012c8    00000180     multimod_LaunchpadLED.obj (.text)
                  00001448    0000016c     driverlib.lib : gpio.obj (.text:GPIOPadConfigSet)
                  000015b4    00000138     multimod_OPT3001.obj (.text)
                  000016ec    00000118     driverlib.lib : sysctl.obj (.text:SysCtlClockGet)
                  00001804    000000fc     rtsv7M4_T_le_v4SPD16_eabi.lib : fd_mul_t2.asm.obj (.text)
                  00001900    000000f4     driverlib.lib : sysctl.obj (.text:SysCtlClockSet)
                  000019f4    000000a4     G8RTOS_Semaphores.obj (.text)
                  00001a98    0000009c     rtsv7M4_T_le_v4SPD16_eabi.lib : memcpy_t2.asm.obj (.text)
                  00001b34    0000007a                                   : memset_t2.asm.obj (.text)
                  00001bae    00000002                                   : div0.asm.obj (.text)
                  00001bb0    00000078     lab4_1.obj (.text)
                  00001c28    00000074     multimod_LaunchpadButtons.obj (.text)
                  00001c9c    00000068     rtsv7M4_T_le_v4SPD16_eabi.lib : copy_decompress_lzss.c.obj (.text:decompress:lzss:__TI_decompress_lzss)
                  00001d04    0000005c     multimod_uart.obj (.text)
                  00001d60    00000050     G8RTOS_SchedulerASM.obj (.text)
                  00001db0    0000004c     driverlib.lib : gpio.obj (.text:GPIOPinConfigure)
                  00001dfc    0000004c                   : i2c.obj (.text:I2CMasterInitExpClk)
                  00001e48    00000048     rtsv7M4_T_le_v4SPD16_eabi.lib : fd_toi_t2.asm.obj (.text)
                  00001e90    00000046     driverlib.lib : uart.obj (.text:UARTConfigSetExpClk)
                  00001ed6    00000002     --HOLE-- [fill = 0]
                  00001ed8    00000044     rtsv7M4_T_le_v4SPD16_eabi.lib : autoinit.c.obj (.text:__TI_auto_init_nobinit_nopinit:__TI_auto_init_nobinit_nopinit)
                  00001f1c    00000040                                   : u_divt2.asm.obj (.text)
                  00001f5c    00000038     driverlib.lib : sysctl.obj (.text:SysCtlPeripheralPresent)
                  00001f94    00000038                   : sysctl.obj (.text:SysCtlPeripheralReady)
                  00001fcc    00000034                   : interrupt.obj (.text:IntRegister)
                  00002000    00000034                   : sysctl.obj (.text:SysCtlPeripheralEnable)
                  00002034    00000034     rtsv7M4_T_le_v4SPD16_eabi.lib : boot_cortex_m.c.obj (.text:_c_int00_noargs:_c_int00_noargs)
                  00002068    0000002e                                   : i_tofd_t2.asm.obj (.text)
                  00002096    0000002c     driverlib.lib : gpio.obj (.text:GPIODirModeSet)
                  000020c2    00000002     --HOLE-- [fill = 0]
                  000020c4    00000024                   : interrupt.obj (.text:IntPrioritySet)
                  000020e8    00000022                   : pwm.obj (.text:PWMGenConfigure)
                  0000210a    00000002     --HOLE-- [fill = 0]
                  0000210c    00000020                   : uart.obj (.text:UARTDisable)
                  0000212c    0000001e                   : pwm.obj (.text:PWMPulseWidthSet)
                  0000214a    00000002     --HOLE-- [fill = 0]
                  0000214c    0000001c                   : systick.obj (.text:SysTickIntRegister)
                  00002168    00000018                   : gpio.obj (.text:GPIOUnlockPin)
                  00002180    00000016                   : gpio.obj (.text:GPIOPinTypeGPIOInput)
                  00002196    00000016                   : gpio.obj (.text:GPIOPinTypeI2C)
                  000021ac    00000016                   : gpio.obj (.text:GPIOPinTypeI2CSCL)
                  000021c2    00000016                   : gpio.obj (.text:GPIOPinTypePWM)
                  000021d8    00000016                   : gpio.obj (.text:GPIOPinTypeUART)
                  000021ee    00000002     --HOLE-- [fill = 0]
                  000021f0    00000014                   : systick.obj (.text:SysTickEnable)
                  00002204    00000014                   : systick.obj (.text:SysTickIntEnable)
                  00002218    00000014                   : uart.obj (.text:UARTEnable)
                  0000222c    00000012                   : pwm.obj (.text:PWMOutputState)
                  0000223e    00000010                   : pwm.obj (.text:PWMGenPeriodSet)
                  0000224e    00000002     --HOLE-- [fill = 0]
                  00002250    00000010                   : systick.obj (.text:SysTickPeriodSet)
                  00002260    0000000e     G8RTOS_CriticalSection.obj (.text)
                  0000226e    0000000e     rtsv7M4_T_le_v4SPD16_eabi.lib : copy_decompress_none.c.obj (.text:decompress:none:__TI_decompress_none)
                  0000227c    0000000c     driverlib.lib : pwm.obj (.text:PWMGenEnable)
                  00002288    0000000c     rtsv7M4_T_le_v4SPD16_eabi.lib : copy_zero_init.c.obj (.text:decompress:ZI:__TI_zero_init)
                  00002294    0000000c     tm4c123gh6pm_startup_ccs.obj (.text)
                  000022a0    0000000a     driverlib.lib : i2c.obj (.text:I2CMasterEnable)
                  000022aa    0000000a                   : uart.obj (.text:UARTCharGet)
                  000022b4    0000000a                   : uart.obj (.text:UARTCharPut)
                  000022be    00000008                   : i2c.obj (.text:I2CMasterBusy)
                  000022c6    00000008                   : i2c.obj (.text:I2CMasterSlaveAddrSet)
                  000022ce    00000006                   : gpio.obj (.text:GPIOPinRead)
                  000022d4    00000006                   : sysctl.obj (.text:SysCtlDelay)
                  000022da    00000004                   : i2c.obj (.text:I2CMasterControl)
                  000022de    00000004                   : i2c.obj (.text:I2CMasterDataGet)
                  000022e2    00000004                   : i2c.obj (.text:I2CMasterDataPut)
                  000022e6    00000004     rtsv7M4_T_le_v4SPD16_eabi.lib : pre_init.c.obj (.text:_system_pre_init)
                  000022ea    00000004                                   : exit.c.obj (.text:abort:abort)

.const     0    000022f0    000001c8     
                  000022f0    0000009c     driverlib.lib : interrupt.obj (.const:g_pui32Regs)
                  0000238c    00000090                   : gpio.obj (.const:g_pui32GPIOBaseAddrs)
                  0000241c    0000006c                   : sysctl.obj (.const:g_pui32Xtals)
                  00002488    00000012     uartstdio.obj (.const:.string)
                  0000249a    00000002     --HOLE-- [fill = 0]
                  0000249c    0000000c     uartstdio.obj (.const:g_ui32UARTBase)
                  000024a8    0000000c     uartstdio.obj (.const:g_ui32UARTPeriph)
                  000024b4    00000004     uartstdio.obj (.const)

.cinit     0    000024b8    00000040     
                  000024b8    0000000c     (__TI_handler_table)
                  000024c4    00000009     (.cinit..data.load) [load image, compression = lzss]
                  000024cd    00000003     --HOLE-- [fill = 0]
                  000024d0    00000008     (.cinit..bss.load) [load image, compression = zero_init]
                  000024d8    00000008     (.cinit..vtable.load) [load image, compression = zero_init]
                  000024e0    00000018     (__TI_cinit_table)

.init_array 
*          0    00000000    00000000     UNINITIALIZED

.vtable    0    20000000    0000026c     UNINITIALIZED
                  20000000    0000026c     driverlib.lib : interrupt.obj (.vtable)

.bss       0    2000026c    00006278     UNINITIALIZED
                  2000026c    00006000     G8RTOS_Scheduler.obj (.bss:threadStacks)
                  2000626c    00000210     G8RTOS_Scheduler.obj (.bss:threadControlBlocks)
                  2000647c    00000048     G8RTOS_Scheduler.obj (.bss:pthreadControlBlocks)
                  200064c4    00000008     G8RTOS_Scheduler.obj (.bss)
                  200064cc    00000004     (.common:CurrentlyRunningThread)
                  200064d0    00000004     (.common:IBit_State)
                  200064d4    00000004     (.common:SystemTime)
                  200064d8    00000004     (.common:pulse_width)
                  200064dc    00000004     (.common:sem_I2CA)
                  200064e0    00000004     (.common:sem_UART)

.data      0    200066e8    00000008     UNINITIALIZED
                  200066e8    00000005     uartstdio.obj (.data)
                  200066ed    00000003     threads.obj (.data)

.stack     0    200064e8    00000200     UNINITIALIZED
                  200064e8    00000004     rtsv7M4_T_le_v4SPD16_eabi.lib : boot_cortex_m.c.obj (.stack)
                  200064ec    000001fc     --HOLE--

__llvm_prf_cnts 
*          0    20000000    00000000     UNINITIALIZED

MODULE SUMMARY

       Module                          code   ro data   rw data
       ------                          ----   -------   -------
    .\
       uartstdio.obj                   1192   46        5      
       tm4c123gh6pm_startup_ccs.obj    12     620       0      
       threads.obj                     580    0         3      
       lab4_1.obj                      120    0         12     
    +--+-------------------------------+------+---------+---------+
       Total:                          1904   666       20     
                                                               
    .\G8RTOS\src\
       G8RTOS_Scheduler.obj            1080   0         25192  
       G8RTOS_Semaphores.obj           164    0         0      
       G8RTOS_SchedulerASM.obj         80     0         0      
       G8RTOS_CriticalSection.obj      14     0         0      
    +--+-------------------------------+------+---------+---------+
       Total:                          1338   0         25192  
                                                               
    .\MultimodDrivers\src\
       multimod_BMI160.obj             712    0         0      
       multimod_i2c.obj                624    0         0      
       multimod_LaunchpadLED.obj       384    0         4      
       multimod_OPT3001.obj            312    0         0      
       multimod_LaunchpadButtons.obj   116    0         0      
       multimod_uart.obj               92     0         0      
    +--+-------------------------------+------+---------+---------+
       Total:                          2240   0         4      
                                                               
    C:/ti/TivaWare_C_Series-2.2.0.295/driverlib/ccs/Debug/driverlib.lib
       interrupt.obj                   88     156       620    
       sysctl.obj                      694    108       0      
       gpio.obj                        624    144       0      
       uart.obj                        142    0         0      
       i2c.obj                         114    0         0      
       pwm.obj                         110    0         0      
       systick.obj                     84     0         0      
    +--+-------------------------------+------+---------+---------+
       Total:                          1856   408       620    
                                                               
    C:\ti\ccs1281\ccs\tools\compiler\ti-cgt-arm_20.2.7.LTS\lib\rtsv7M4_T_le_v4SPD16_eabi.lib
       fd_mul_t2.asm.obj               252    0         0      
       memcpy_t2.asm.obj               156    0         0      
       memset_t2.asm.obj               122    0         0      
       copy_decompress_lzss.c.obj      104    0         0      
       fd_toi_t2.asm.obj               72     0         0      
       autoinit.c.obj                  68     0         0      
       u_divt2.asm.obj                 64     0         0      
       boot_cortex_m.c.obj             52     0         0      
       i_tofd_t2.asm.obj               46     0         0      
       copy_decompress_none.c.obj      14     0         0      
       copy_zero_init.c.obj            12     0         0      
       exit.c.obj                      4      0         0      
       pre_init.c.obj                  4      0         0      
       div0.asm.obj                    2      0         0      
    +--+-------------------------------+------+---------+---------+
       Total:                          972    0         0      
                                                               
       Stack:                          0      0         512    
       Linker Generated:               0      61        0      
    +--+-------------------------------+------+---------+---------+
       Grand Total:                    8310   1135      26348  


LINKER GENERATED COPY TABLES

__TI_cinit_table @ 000024e0 records: 3, size/record: 8, table size: 24
	.data: load addr=000024c4, load size=00000009 bytes, run addr=200066e8, run size=00000008 bytes, compression=lzss
	.bss: load addr=000024d0, load size=00000008 bytes, run addr=2000026c, run size=00006278 bytes, compression=zero_init
	.vtable: load addr=000024d8, load size=00000008 bytes, run addr=20000000, run size=0000026c bytes, compression=zero_init


LINKER GENERATED HANDLER TABLE

__TI_handler_table @ 000024b8 records: 3, size/record: 4, table size: 12
	index: 0, handler: __TI_zero_init
	index: 1, handler: __TI_decompress_lzss
	index: 2, handler: __TI_decompress_none


GLOBAL SYMBOLS: SORTED ALPHABETICALLY BY Name 

address   name                          
-------   ----                          
00000be3  BMI160_AccelXGetResult        
00000d2d  BMI160_AccelXYZGetResult      
00000c07  BMI160_AccelYGetResult        
00000c2b  BMI160_AccelZGetResult        
00000e05  BMI160_GetDataStatus          
00000c4f  BMI160_GyroXGetResult         
00000d75  BMI160_GyroXYZGetResult       
00000c73  BMI160_GyroYGetResult         
00000c97  BMI160_GyroZGetResult         
00000b4d  BMI160_Init                   
00000cbb  BMI160_MagXGetResult          
00000dbd  BMI160_MagXYZGetResult        
00000ce1  BMI160_MagYGetResult          
00000d07  BMI160_MagZGetResult          
00000bbb  BMI160_MultiReadRegister      
00000b97  BMI160_ReadRegister           
00000b67  BMI160_WriteRegister          
000022eb  C$$EXIT                       
200064cc  CurrentlyRunningThread        
00002269  EndCriticalSection            
0000087d  G8RTOS_AddThread              
0000097f  G8RTOS_Add_APeriodicEvent     
00000991  G8RTOS_Add_PeriodicEvent      
000009f9  G8RTOS_GetNumberOfThreads     
000009f1  G8RTOS_GetThreadID            
00000791  G8RTOS_Init                   
000019f5  G8RTOS_InitSemaphore          
000009b9  G8RTOS_KillSelf               
000009a1  G8RTOS_KillThread             
000007e5  G8RTOS_Launch                 
00000809  G8RTOS_Scheduler              
00001a47  G8RTOS_SignalSemaphore        
00001d65  G8RTOS_Start                  
00001a07  G8RTOS_WaitSemaphore          
00002097  GPIODirModeSet                
00001449  GPIOPadConfigSet              
00001db1  GPIOPinConfigure              
000022cf  GPIOPinRead                   
00002181  GPIOPinTypeGPIOInput          
00002197  GPIOPinTypeI2C                
000021ad  GPIOPinTypeI2CSCL             
000021c3  GPIOPinTypePWM                
000021d9  GPIOPinTypeUART               
00002169  GPIOUnlockPin                 
000022bf  I2CMasterBusy                 
000022db  I2CMasterControl              
000022df  I2CMasterDataGet              
000022e3  I2CMasterDataPut              
000022a1  I2CMasterEnable               
00001dfd  I2CMasterInitExpClk           
000022c7  I2CMasterSlaveAddrSet         
00000e15  I2C_Init                      
00000fa5  I2C_ReadMultiple              
00000ec7  I2C_ReadSingle                
00000ef7  I2C_WriteMultiple             
00000e91  I2C_WriteSingle               
200064d0  IBit_State                    
00001209  Idle_Thread                   
000020c5  IntPrioritySet                
00001fcd  IntRegister                   
00001c29  LaunchpadButtons_Init         
00001c55  LaunchpadButtons_ReadSW1      
00001c75  LaunchpadButtons_ReadSW2      
000012c9  LaunchpadLED_Init             
00001385  LaunchpadLED_PWMSetDuty       
000016d5  OPT3001_GetChipID             
00001639  OPT3001_GetResult             
000015b5  OPT3001_Init                  
0000160b  OPT3001_ReadRegister          
000016b5  OPT3001_SetHighLimit          
00001695  OPT3001_SetLowLimit           
000015c9  OPT3001_WriteRegister         
000020e9  PWMGenConfigure               
0000227d  PWMGenEnable                  
0000223f  PWMGenPeriodSet               
0000222d  PWMOutputState                
0000212d  PWMPulseWidthSet              
00001d87  PendSV_Handler                
00002295  ResetISR                      
00000a1d  SetInitialStack               
00002261  StartCriticalSection          
000016ed  SysCtlClockGet                
00001901  SysCtlClockSet                
000022d5  SysCtlDelay                   
00002001  SysCtlPeripheralEnable        
00001f5d  SysCtlPeripheralPresent       
00001f95  SysCtlPeripheralReady         
000021f1  SysTickEnable                 
00002205  SysTickIntEnable              
0000214d  SysTickIntRegister            
00002251  SysTickPeriodSet              
0000073f  SysTick_Handler               
200064d4  SystemTime                    
00001085  Thread0                       
000010fd  Thread1                       
00001173  Thread2                       
000011c5  Thread3                       
000011e7  Thread4                       
000022ab  UARTCharGet                   
000022b5  UARTCharPut                   
00001e91  UARTConfigSetExpClk           
0000210d  UARTDisable                   
00002219  UARTEnable                    
0000026d  UARTStdioConfig               
00001d05  UART_Init                     
000003bd  UARTgetc                      
00000303  UARTgets                      
000006df  UARTprintf                    
000003e5  UARTvprintf                   
000002b3  UARTwrite                     
200066e8  __STACK_END                   
00000200  __STACK_SIZE                  
200066e8  __STACK_TOP                   
000024e0  __TI_CINIT_Base               
000024f8  __TI_CINIT_Limit              
000024b8  __TI_Handler_Table_Base       
000024c4  __TI_Handler_Table_Limit      
00001ed9  __TI_auto_init_nobinit_nopinit
00001c9d  __TI_decompress_lzss          
0000226f  __TI_decompress_none          
ffffffff  __TI_pprof_out_hndl           
ffffffff  __TI_prof_data_size           
ffffffff  __TI_prof_data_start          
00000000  __TI_static_base__            
00002289  __TI_zero_init                
00001e49  __aeabi_d2iz                  
00001805  __aeabi_dmul                  
00002069  __aeabi_i2d                   
00001baf  __aeabi_idiv0                 
00001baf  __aeabi_ldiv0                 
00001b35  __aeabi_memclr                
00001b35  __aeabi_memclr4               
00001b35  __aeabi_memclr8               
00001a99  __aeabi_memcpy                
00001a99  __aeabi_memcpy4               
00001a99  __aeabi_memcpy8               
00001b37  __aeabi_memset                
00001b37  __aeabi_memset4               
00001b37  __aeabi_memset8               
00001f1d  __aeabi_uidiv                 
00001f1d  __aeabi_uidivmod              
ffffffff  __binit__                     
ffffffff  __c_args__                    
UNDEFED   __mpu_init                    
200064e8  __stack                       
20000000  __start___llvm_prf_cnts       
20000000  __stop___llvm_prf_cnts        
00002035  _c_int00_noargs               
UNDEFED   _system_post_cinit            
000022e7  _system_pre_init              
000022eb  abort                         
ffffffff  binit                         
20000000  g_pfnRAMVectors               
00000000  g_pfnVectors                  
200066ee  joystick_y                    
200066ef  kill_cube                     
00001bc9  main                          
00001a99  memcpy                        
00001b3d  memset                        
200066ed  num_cubes                     
200064d8  pulse_width                   
200064dc  sem_I2CA                      
200064e0  sem_UART                      
000009bf  sleep                         


GLOBAL SYMBOLS: SORTED BY Symbol Address 

address   name                          
-------   ----                          
00000000  __TI_static_base__            
00000000  g_pfnVectors                  
00000200  __STACK_SIZE                  
0000026d  UARTStdioConfig               
000002b3  UARTwrite                     
00000303  UARTgets                      
000003bd  UARTgetc                      
000003e5  UARTvprintf                   
000006df  UARTprintf                    
0000073f  SysTick_Handler               
00000791  G8RTOS_Init                   
000007e5  G8RTOS_Launch                 
00000809  G8RTOS_Scheduler              
0000087d  G8RTOS_AddThread              
0000097f  G8RTOS_Add_APeriodicEvent     
00000991  G8RTOS_Add_PeriodicEvent      
000009a1  G8RTOS_KillThread             
000009b9  G8RTOS_KillSelf               
000009bf  sleep                         
000009f1  G8RTOS_GetThreadID            
000009f9  G8RTOS_GetNumberOfThreads     
00000a1d  SetInitialStack               
00000b4d  BMI160_Init                   
00000b67  BMI160_WriteRegister          
00000b97  BMI160_ReadRegister           
00000bbb  BMI160_MultiReadRegister      
00000be3  BMI160_AccelXGetResult        
00000c07  BMI160_AccelYGetResult        
00000c2b  BMI160_AccelZGetResult        
00000c4f  BMI160_GyroXGetResult         
00000c73  BMI160_GyroYGetResult         
00000c97  BMI160_GyroZGetResult         
00000cbb  BMI160_MagXGetResult          
00000ce1  BMI160_MagYGetResult          
00000d07  BMI160_MagZGetResult          
00000d2d  BMI160_AccelXYZGetResult      
00000d75  BMI160_GyroXYZGetResult       
00000dbd  BMI160_MagXYZGetResult        
00000e05  BMI160_GetDataStatus          
00000e15  I2C_Init                      
00000e91  I2C_WriteSingle               
00000ec7  I2C_ReadSingle                
00000ef7  I2C_WriteMultiple             
00000fa5  I2C_ReadMultiple              
00001085  Thread0                       
000010fd  Thread1                       
00001173  Thread2                       
000011c5  Thread3                       
000011e7  Thread4                       
00001209  Idle_Thread                   
000012c9  LaunchpadLED_Init             
00001385  LaunchpadLED_PWMSetDuty       
00001449  GPIOPadConfigSet              
000015b5  OPT3001_Init                  
000015c9  OPT3001_WriteRegister         
0000160b  OPT3001_ReadRegister          
00001639  OPT3001_GetResult             
00001695  OPT3001_SetLowLimit           
000016b5  OPT3001_SetHighLimit          
000016d5  OPT3001_GetChipID             
000016ed  SysCtlClockGet                
00001805  __aeabi_dmul                  
00001901  SysCtlClockSet                
000019f5  G8RTOS_InitSemaphore          
00001a07  G8RTOS_WaitSemaphore          
00001a47  G8RTOS_SignalSemaphore        
00001a99  __aeabi_memcpy                
00001a99  __aeabi_memcpy4               
00001a99  __aeabi_memcpy8               
00001a99  memcpy                        
00001b35  __aeabi_memclr                
00001b35  __aeabi_memclr4               
00001b35  __aeabi_memclr8               
00001b37  __aeabi_memset                
00001b37  __aeabi_memset4               
00001b37  __aeabi_memset8               
00001b3d  memset                        
00001baf  __aeabi_idiv0                 
00001baf  __aeabi_ldiv0                 
00001bc9  main                          
00001c29  LaunchpadButtons_Init         
00001c55  LaunchpadButtons_ReadSW1      
00001c75  LaunchpadButtons_ReadSW2      
00001c9d  __TI_decompress_lzss          
00001d05  UART_Init                     
00001d65  G8RTOS_Start                  
00001d87  PendSV_Handler                
00001db1  GPIOPinConfigure              
00001dfd  I2CMasterInitExpClk           
00001e49  __aeabi_d2iz                  
00001e91  UARTConfigSetExpClk           
00001ed9  __TI_auto_init_nobinit_nopinit
00001f1d  __aeabi_uidiv                 
00001f1d  __aeabi_uidivmod              
00001f5d  SysCtlPeripheralPresent       
00001f95  SysCtlPeripheralReady         
00001fcd  IntRegister                   
00002001  SysCtlPeripheralEnable        
00002035  _c_int00_noargs               
00002069  __aeabi_i2d                   
00002097  GPIODirModeSet                
000020c5  IntPrioritySet                
000020e9  PWMGenConfigure               
0000210d  UARTDisable                   
0000212d  PWMPulseWidthSet              
0000214d  SysTickIntRegister            
00002169  GPIOUnlockPin                 
00002181  GPIOPinTypeGPIOInput          
00002197  GPIOPinTypeI2C                
000021ad  GPIOPinTypeI2CSCL             
000021c3  GPIOPinTypePWM                
000021d9  GPIOPinTypeUART               
000021f1  SysTickEnable                 
00002205  SysTickIntEnable              
00002219  UARTEnable                    
0000222d  PWMOutputState                
0000223f  PWMGenPeriodSet               
00002251  SysTickPeriodSet              
00002261  StartCriticalSection          
00002269  EndCriticalSection            
0000226f  __TI_decompress_none          
0000227d  PWMGenEnable                  
00002289  __TI_zero_init                
00002295  ResetISR                      
000022a1  I2CMasterEnable               
000022ab  UARTCharGet                   
000022b5  UARTCharPut                   
000022bf  I2CMasterBusy                 
000022c7  I2CMasterSlaveAddrSet         
000022cf  GPIOPinRead                   
000022d5  SysCtlDelay                   
000022db  I2CMasterControl              
000022df  I2CMasterDataGet              
000022e3  I2CMasterDataPut              
000022e7  _system_pre_init              
000022eb  C$$EXIT                       
000022eb  abort                         
000024b8  __TI_Handler_Table_Base       
000024c4  __TI_Handler_Table_Limit      
000024e0  __TI_CINIT_Base               
000024f8  __TI_CINIT_Limit              
20000000  __start___llvm_prf_cnts       
20000000  __stop___llvm_prf_cnts        
20000000  g_pfnRAMVectors               
200064cc  CurrentlyRunningThread        
200064d0  IBit_State                    
200064d4  SystemTime                    
200064d8  pulse_width                   
200064dc  sem_I2CA                      
200064e0  sem_UART                      
200064e8  __stack                       
200066e8  __STACK_END                   
200066e8  __STACK_TOP                   
200066ed  num_cubes                     
200066ee  joystick_y                    
200066ef  kill_cube                     
ffffffff  __TI_pprof_out_hndl           
ffffffff  __TI_prof_data_size           
ffffffff  __TI_prof_data_start          
ffffffff  __binit__                     
ffffffff  __c_args__                    
ffffffff  binit                         
UNDEFED   __mpu_init                    
UNDEFED   _system_post_cinit            

[164 symbols]
