******************************************************************************
                  TI ARM Linker PC v20.2.7                     
******************************************************************************
>> Linked Tue Oct 28 22:44:00 2025

OUTPUT FILE NAME:   <Lab4_F2025.out>
ENTRY POINT SYMBOL: "_c_int00_noargs"  address: 00002769


MEMORY CONFIGURATION

         name            origin    length      used     unused   attr    fill
----------------------  --------  ---------  --------  --------  ----  --------
  FLASH                 00000000   00040000  00002c72  0003d38e  R  X
  SRAM                  20000000   00008000  00006851  000017af  RW X


SEGMENT ALLOCATION MAP

run origin  load origin   length   init length attrs members
----------  ----------- ---------- ----------- ----- -------
00000000    00000000    00002c78   00002c78    r-x
  00000000    00000000    0000026c   0000026c    r-- .intvecs
  0000026c    0000026c    000027ea   000027ea    r-x .text
  00002a58    00002a58    000001dc   000001dc    r-- .const
  00002c38    00002c38    00000040   00000040    r-- .cinit
20000000    20000000    00006851   00000000    rw-
  20000000    20000000    0000026c   00000000    rw- .vtable
  2000026c    2000026c    000063d4   00000000    rw- .bss
  20006640    20006640    00000200   00000000    rw- .stack
  20006840    20006840    00000011   00000000    rw- .data


SECTION ALLOCATION MAP

 output                                  attributes/
section   page    origin      length       input sections
--------  ----  ----------  ----------   ----------------
.intvecs   0    00000000    0000026c     
                  00000000    0000026c     tm4c123gh6pm_startup_ccs.obj (.intvecs)

.text      0    0000026c    000027ea     
                  0000026c    00000684     G8RTOS_Scheduler.obj (.text)
                  000008f0    000004a8     uartstdio.obj (.text)
                  00000d98    000003bc     threads.obj (.text)
                  00001154    000002c8     multimod_BMI160.obj (.text)
                  0000141c    00000270     multimod_i2c.obj (.text)
                  0000168c    00000238     G8RTOS_IPC.obj (.text)
                  000018c4    00000178     multimod_LaunchpadLED.obj (.text)
                  00001a3c    0000016c     driverlib.lib : gpio.obj (.text:GPIOPadConfigSet)
                  00001ba8    00000138     multimod_OPT3001.obj (.text)
                  00001ce0    00000118     driverlib.lib : sysctl.obj (.text:SysCtlClockGet)
                  00001df8    000000fc     rtsv7M4_T_le_v4SPD16_eabi.lib : fd_mul_t2.asm.obj (.text)
                  00001ef4    000000f4     driverlib.lib : sysctl.obj (.text:SysCtlClockSet)
                  00001fe8    000000d8     lab4.obj (.text)
                  000020c0    000000a8     G8RTOS_Semaphores.obj (.text)
                  00002168    0000009c     rtsv7M4_T_le_v4SPD16_eabi.lib : memcpy_t2.asm.obj (.text)
                  00002204    00000090     multimod_LaunchpadButtons.obj (.text)
                  00002294    0000007a     rtsv7M4_T_le_v4SPD16_eabi.lib : memset_t2.asm.obj (.text)
                  0000230e    00000002                                   : div0.asm.obj (.text)
                  00002310    00000068     driverlib.lib : interrupt.obj (.text:IntEnable)
                  00002378    00000068     rtsv7M4_T_le_v4SPD16_eabi.lib : copy_decompress_lzss.c.obj (.text:decompress:lzss:__TI_decompress_lzss)
                  000023e0    0000005c     multimod_uart.obj (.text)
                  0000243c    00000058     driverlib.lib : gpio.obj (.text:GPIOIntTypeSet)
                  00002494    00000050     G8RTOS_SchedulerASM.obj (.text)
                  000024e4    0000004c     driverlib.lib : gpio.obj (.text:GPIOPinConfigure)
                  00002530    0000004c                   : i2c.obj (.text:I2CMasterInitExpClk)
                  0000257c    00000048     rtsv7M4_T_le_v4SPD16_eabi.lib : fd_toi_t2.asm.obj (.text)
                  000025c4    00000046     driverlib.lib : uart.obj (.text:UARTConfigSetExpClk)
                  0000260a    00000002     --HOLE-- [fill = 0]
                  0000260c    00000044     rtsv7M4_T_le_v4SPD16_eabi.lib : autoinit.c.obj (.text:__TI_auto_init_nobinit_nopinit:__TI_auto_init_nobinit_nopinit)
                  00002650    00000040                                   : u_divt2.asm.obj (.text)
                  00002690    00000038     driverlib.lib : sysctl.obj (.text:SysCtlPeripheralPresent)
                  000026c8    00000038                   : sysctl.obj (.text:SysCtlPeripheralReady)
                  00002700    00000034                   : interrupt.obj (.text:IntRegister)
                  00002734    00000034                   : sysctl.obj (.text:SysCtlPeripheralEnable)
                  00002768    00000034     rtsv7M4_T_le_v4SPD16_eabi.lib : boot_cortex_m.c.obj (.text:_c_int00_noargs:_c_int00_noargs)
                  0000279c    0000002e                                   : i_tofd_t2.asm.obj (.text)
                  000027ca    0000002c     driverlib.lib : gpio.obj (.text:GPIODirModeSet)
                  000027f6    00000002     --HOLE-- [fill = 0]
                  000027f8    00000024                   : interrupt.obj (.text:IntPrioritySet)
                  0000281c    00000022                   : pwm.obj (.text:PWMGenConfigure)
                  0000283e    00000002     --HOLE-- [fill = 0]
                  00002840    00000020                   : uart.obj (.text:UARTDisable)
                  00002860    0000001e                   : pwm.obj (.text:PWMPulseWidthSet)
                  0000287e    00000002     --HOLE-- [fill = 0]
                  00002880    0000001c                   : systick.obj (.text:SysTickIntRegister)
                  0000289c    00000018                   : gpio.obj (.text:GPIOUnlockPin)
                  000028b4    00000016                   : gpio.obj (.text:GPIOPinTypeGPIOInput)
                  000028ca    00000016                   : gpio.obj (.text:GPIOPinTypeI2C)
                  000028e0    00000016                   : gpio.obj (.text:GPIOPinTypeI2CSCL)
                  000028f6    00000016                   : gpio.obj (.text:GPIOPinTypePWM)
                  0000290c    00000016                   : gpio.obj (.text:GPIOPinTypeUART)
                  00002922    00000002     --HOLE-- [fill = 0]
                  00002924    00000014                   : systick.obj (.text:SysTickEnable)
                  00002938    00000014                   : systick.obj (.text:SysTickIntEnable)
                  0000294c    00000014                   : uart.obj (.text:UARTEnable)
                  00002960    00000014     rtsv7M4_T_le_v4SPD16_eabi.lib : strcpy.c.obj (.text:strcpy)
                  00002974    00000012     driverlib.lib : pwm.obj (.text:PWMOutputState)
                  00002986    00000010                   : pwm.obj (.text:PWMGenPeriodSet)
                  00002996    00000002     --HOLE-- [fill = 0]
                  00002998    00000010                   : systick.obj (.text:SysTickPeriodSet)
                  000029a8    0000000e     G8RTOS_CriticalSection.obj (.text)
                  000029b6    0000000e     driverlib.lib : gpio.obj (.text:GPIOIntDisable)
                  000029c4    0000000e     rtsv7M4_T_le_v4SPD16_eabi.lib : copy_decompress_none.c.obj (.text:decompress:none:__TI_decompress_none)
                  000029d2    0000000c     driverlib.lib : gpio.obj (.text:GPIOIntEnable)
                  000029de    0000000c                   : pwm.obj (.text:PWMGenEnable)
                  000029ea    0000000c     rtsv7M4_T_le_v4SPD16_eabi.lib : copy_zero_init.c.obj (.text:decompress:ZI:__TI_zero_init)
                  000029f6    0000000c     tm4c123gh6pm_startup_ccs.obj (.text)
                  00002a02    0000000a     driverlib.lib : i2c.obj (.text:I2CMasterEnable)
                  00002a0c    0000000a                   : uart.obj (.text:UARTCharGet)
                  00002a16    0000000a                   : uart.obj (.text:UARTCharPut)
                  00002a20    00000008                   : i2c.obj (.text:I2CMasterBusy)
                  00002a28    00000008                   : i2c.obj (.text:I2CMasterSlaveAddrSet)
                  00002a30    00000006                   : gpio.obj (.text:GPIOIntClear)
                  00002a36    00000006                   : gpio.obj (.text:GPIOPinRead)
                  00002a3c    00000006                   : sysctl.obj (.text:SysCtlDelay)
                  00002a42    00000004                   : i2c.obj (.text:I2CMasterControl)
                  00002a46    00000004                   : i2c.obj (.text:I2CMasterDataGet)
                  00002a4a    00000004                   : i2c.obj (.text:I2CMasterDataPut)
                  00002a4e    00000004     rtsv7M4_T_le_v4SPD16_eabi.lib : pre_init.c.obj (.text:_system_pre_init)
                  00002a52    00000004                                   : exit.c.obj (.text:abort:abort)

.const     0    00002a58    000001dc     
                  00002a58    0000009c     driverlib.lib : interrupt.obj (.const:g_pui32Regs)
                  00002af4    00000090                   : gpio.obj (.const:g_pui32GPIOBaseAddrs)
                  00002b84    0000006c                   : sysctl.obj (.const:g_pui32Xtals)
                  00002bf0    00000014                   : interrupt.obj (.const:g_pui32EnRegs)
                  00002c04    00000012     uartstdio.obj (.const:.string)
                  00002c16    00000002     --HOLE-- [fill = 0]
                  00002c18    0000000c     uartstdio.obj (.const:g_ui32UARTBase)
                  00002c24    0000000c     uartstdio.obj (.const:g_ui32UARTPeriph)
                  00002c30    00000004     uartstdio.obj (.const)

.cinit     0    00002c38    00000040     
                  00002c38    0000000c     (__TI_handler_table)
                  00002c44    00000009     (.cinit..data.load) [load image, compression = lzss]
                  00002c4d    00000003     --HOLE-- [fill = 0]
                  00002c50    00000008     (.cinit..bss.load) [load image, compression = zero_init]
                  00002c58    00000008     (.cinit..vtable.load) [load image, compression = zero_init]
                  00002c60    00000018     (__TI_cinit_table)

.init_array 
*          0    00000000    00000000     UNINITIALIZED

.vtable    0    20000000    0000026c     UNINITIALIZED
                  20000000    0000026c     driverlib.lib : interrupt.obj (.vtable)

.bss       0    2000026c    000063d4     UNINITIALIZED
                  2000026c    00006000     G8RTOS_Scheduler.obj (.bss:threadStacks)
                  2000626c    00000210     G8RTOS_Scheduler.obj (.bss:threadControlBlocks)
                  2000647c    00000150     G8RTOS_IPC.obj (.bss:FIFOs)
                  200065cc    00000048     G8RTOS_Scheduler.obj (.bss:ptcbs)
                  20006614    0000000c     G8RTOS_Scheduler.obj (.bss)
                  20006620    00000004     (.common:CurrentlyRunningThread)
                  20006624    00000004     (.common:IBit_State)
                  20006628    00000004     (.common:SystemTime)
                  2000662c    00000004     (.common:pulse_width)
                  20006630    00000004     (.common:sem_I2CA)
                  20006634    00000004     (.common:sem_SPI)
                  20006638    00000004     (.common:sem_SW1)
                  2000663c    00000004     (.common:sem_UART)

.data      0    20006840    00000011     UNINITIALIZED
                  20006840    0000000a     threads.obj (.data)
                  2000684a    00000001     G8RTOS_Scheduler.obj (.data)
                  2000684b    00000001     --HOLE--
                  2000684c    00000005     uartstdio.obj (.data)

.stack     0    20006640    00000200     UNINITIALIZED
                  20006640    00000004     rtsv7M4_T_le_v4SPD16_eabi.lib : boot_cortex_m.c.obj (.stack)
                  20006644    000001fc     --HOLE--

__llvm_prf_cnts 
*          0    20000000    00000000     UNINITIALIZED

MODULE SUMMARY

       Module                          code    ro data   rw data
       ------                          ----    -------   -------
    .\
       uartstdio.obj                   1192    46        5      
       threads.obj                     956     0         10     
       tm4c123gh6pm_startup_ccs.obj    12      620       0      
       lab4.obj                        216     0         20     
    +--+-------------------------------+-------+---------+---------+
       Total:                          2376    666       35     
                                                                
    .\G8RTOS\src\
       G8RTOS_Scheduler.obj            1668    0         25197  
       G8RTOS_IPC.obj                  568     0         336    
       G8RTOS_Semaphores.obj           168     0         0      
       G8RTOS_SchedulerASM.obj         80      0         0      
       G8RTOS_CriticalSection.obj      14      0         0      
    +--+-------------------------------+-------+---------+---------+
       Total:                          2498    0         25533  
                                                                
    .\MultimodDrivers\src\
       multimod_BMI160.obj             712     0         0      
       multimod_i2c.obj                624     0         0      
       multimod_LaunchpadLED.obj       376     0         4      
       multimod_OPT3001.obj            312     0         0      
       multimod_LaunchpadButtons.obj   144     0         0      
       multimod_uart.obj               92      0         0      
    +--+-------------------------------+-------+---------+---------+
       Total:                          2260    0         4      
                                                                
    C:/ti/TivaWare_C_Series-2.2.0.295/driverlib/ccs/Debug/driverlib.lib
       interrupt.obj                   192     176       620    
       gpio.obj                        744     144       0      
       sysctl.obj                      694     108       0      
       uart.obj                        142     0         0      
       i2c.obj                         114     0         0      
       pwm.obj                         110     0         0      
       systick.obj                     84      0         0      
    +--+-------------------------------+-------+---------+---------+
       Total:                          2080    428       620    
                                                                
    C:\ti\ccs1281\ccs\tools\compiler\ti-cgt-arm_20.2.7.LTS\lib\rtsv7M4_T_le_v4SPD16_eabi.lib
       fd_mul_t2.asm.obj               252     0         0      
       memcpy_t2.asm.obj               156     0         0      
       memset_t2.asm.obj               122     0         0      
       copy_decompress_lzss.c.obj      104     0         0      
       fd_toi_t2.asm.obj               72      0         0      
       autoinit.c.obj                  68      0         0      
       u_divt2.asm.obj                 64      0         0      
       boot_cortex_m.c.obj             52      0         0      
       i_tofd_t2.asm.obj               46      0         0      
       strcpy.c.obj                    20      0         0      
       copy_decompress_none.c.obj      14      0         0      
       copy_zero_init.c.obj            12      0         0      
       exit.c.obj                      4       0         0      
       pre_init.c.obj                  4       0         0      
       div0.asm.obj                    2       0         0      
    +--+-------------------------------+-------+---------+---------+
       Total:                          992     0         0      
                                                                
       Stack:                          0       0         512    
       Linker Generated:               0       61        0      
    +--+-------------------------------+-------+---------+---------+
       Grand Total:                    10206   1155      26704  


LINKER GENERATED COPY TABLES

__TI_cinit_table @ 00002c60 records: 3, size/record: 8, table size: 24
	.data: load addr=00002c44, load size=00000009 bytes, run addr=20006840, run size=00000011 bytes, compression=lzss
	.bss: load addr=00002c50, load size=00000008 bytes, run addr=2000026c, run size=000063d4 bytes, compression=zero_init
	.vtable: load addr=00002c58, load size=00000008 bytes, run addr=20000000, run size=0000026c bytes, compression=zero_init


LINKER GENERATED HANDLER TABLE

__TI_handler_table @ 00002c38 records: 3, size/record: 4, table size: 12
	index: 0, handler: __TI_zero_init
	index: 1, handler: __TI_decompress_lzss
	index: 2, handler: __TI_decompress_none


GLOBAL SYMBOLS: SORTED ALPHABETICALLY BY Name 

address   name                          
-------   ----                          
00000d99  Accel                         
000011eb  BMI160_AccelXGetResult        
00001335  BMI160_AccelXYZGetResult      
0000120f  BMI160_AccelYGetResult        
00001233  BMI160_AccelZGetResult        
0000140d  BMI160_GetDataStatus          
00001257  BMI160_GyroXGetResult         
0000137d  BMI160_GyroXYZGetResult       
0000127b  BMI160_GyroYGetResult         
0000129f  BMI160_GyroZGetResult         
00001155  BMI160_Init                   
000012c3  BMI160_MagXGetResult          
000013c5  BMI160_MagXYZGetResult        
000012e9  BMI160_MagYGetResult          
0000130f  BMI160_MagZGetResult          
000011c3  BMI160_MultiReadRegister      
0000119f  BMI160_ReadRegister           
0000116f  BMI160_WriteRegister          
00002a53  C$$EXIT                       
00000fb5  ChildA_Thread                 
00000fd5  ChildB_Thread                 
20006620  CurrentlyRunningThread        
000029b1  EndCriticalSection            
00000ed7  FIFOConsumer                  
00000eff  FIFOConsumer2                 
00000eab  FIFOProducer                  
000003b5  G8RTOS_AddThread              
00000581  G8RTOS_Add_APeriodicEvent     
000005f5  G8RTOS_Add_PeriodicEvent      
00000799  G8RTOS_GetNumberOfThreads     
0000078b  G8RTOS_GetThreadID            
000002fb  G8RTOS_Init                   
0000168d  G8RTOS_InitFIFO               
000020c1  G8RTOS_InitSemaphore          
0000073b  G8RTOS_KillSelf               
000006ab  G8RTOS_KillThread             
00000315  G8RTOS_Launch                 
000016f3  G8RTOS_ReadFIFO               
00000339  G8RTOS_Scheduler              
00002115  G8RTOS_SignalSemaphore        
00002499  G8RTOS_Start                  
000020d3  G8RTOS_WaitSemaphore          
0000177d  G8RTOS_WriteFIFO              
000027cb  GPIODirModeSet                
00002a31  GPIOIntClear                  
000029b7  GPIOIntDisable                
000029d3  GPIOIntEnable                 
0000243d  GPIOIntTypeSet                
00001a3d  GPIOPadConfigSet              
000024e5  GPIOPinConfigure              
00002a37  GPIOPinRead                   
000028b5  GPIOPinTypeGPIOInput          
000028cb  GPIOPinTypeI2C                
000028e1  GPIOPinTypeI2CSCL             
000028f7  GPIOPinTypePWM                
0000290d  GPIOPinTypeUART               
0000289d  GPIOUnlockPin                 
00000dcf  Gyro                          
00002a21  I2CMasterBusy                 
00002a43  I2CMasterControl              
00002a47  I2CMasterDataGet              
00002a4b  I2CMasterDataPut              
00002a03  I2CMasterEnable               
00002531  I2CMasterInitExpClk           
00002a29  I2CMasterSlaveAddrSet         
0000141d  I2C_Init                      
000015ad  I2C_ReadMultiple              
000014cf  I2C_ReadSingle                
000014ff  I2C_WriteMultiple             
00001499  I2C_WriteSingle               
20006624  IBit_State                    
00000f27  Idle_Thread                   
00002311  IntEnable                     
000027f9  IntPrioritySet                
00002701  IntRegister                   
00002205  LaunchpadButtons_Init         
0000224b  LaunchpadButtons_ReadSW1      
0000226b  LaunchpadButtons_ReadSW2      
000018c5  LaunchpadLED_Init             
00001981  LaunchpadLED_PWMSetDuty       
00001cc9  OPT3001_GetChipID             
00001c2d  OPT3001_GetResult             
00001ba9  OPT3001_Init                  
00001bff  OPT3001_ReadRegister          
00001ca9  OPT3001_SetHighLimit          
00001c89  OPT3001_SetLowLimit           
00001bbd  OPT3001_WriteRegister         
00000e49  Opto                          
0000281d  PWMGenConfigure               
000029df  PWMGenEnable                  
00002987  PWMGenPeriodSet               
00002975  PWMOutputState                
00002861  PWMPulseWidthSet              
000024bb  PendSV_Handler                
000029f7  ResetISR                      
20006848  SW1Pressed                    
00000f3b  SW1_Event_Handler             
00000f29  SW1_ISR                       
20006849  SW2Pressed                    
00000f87  SW2_Event_Handler             
00000f75  SW2_ISR                       
000007bd  SetInitialStack               
000029a9  StartCriticalSection          
00001ce1  SysCtlClockGet                
00001ef5  SysCtlClockSet                
00002a3d  SysCtlDelay                   
00002735  SysCtlPeripheralEnable        
00002691  SysCtlPeripheralPresent       
000026c9  SysCtlPeripheralReady         
00002925  SysTickEnable                 
00002939  SysTickIntEnable              
00002881  SysTickIntRegister            
00002999  SysTickPeriodSet              
00000297  SysTick_Handler               
20006628  SystemTime                    
00002a0d  UARTCharGet                   
00002a17  UARTCharPut                   
000025c5  UARTConfigSetExpClk           
00002841  UARTDisable                   
0000294d  UARTEnable                    
000008f1  UARTStdioConfig               
000023e1  UART_Init                     
00000a41  UARTgetc                      
00000987  UARTgets                      
00000d63  UARTprintf                    
00000a69  UARTvprintf                   
00000937  UARTwrite                     
20006840  __STACK_END                   
00000200  __STACK_SIZE                  
20006840  __STACK_TOP                   
00002c60  __TI_CINIT_Base               
00002c78  __TI_CINIT_Limit              
00002c38  __TI_Handler_Table_Base       
00002c44  __TI_Handler_Table_Limit      
0000260d  __TI_auto_init_nobinit_nopinit
00002379  __TI_decompress_lzss          
000029c5  __TI_decompress_none          
ffffffff  __TI_pprof_out_hndl           
ffffffff  __TI_prof_data_size           
ffffffff  __TI_prof_data_start          
00000000  __TI_static_base__            
000029eb  __TI_zero_init                
0000257d  __aeabi_d2iz                  
00001df9  __aeabi_dmul                  
0000279d  __aeabi_i2d                   
0000230f  __aeabi_idiv0                 
0000230f  __aeabi_ldiv0                 
00002295  __aeabi_memclr                
00002295  __aeabi_memclr4               
00002295  __aeabi_memclr8               
00002169  __aeabi_memcpy                
00002169  __aeabi_memcpy4               
00002169  __aeabi_memcpy8               
00002297  __aeabi_memset                
00002297  __aeabi_memset4               
00002297  __aeabi_memset8               
00002651  __aeabi_uidiv                 
00002651  __aeabi_uidivmod              
ffffffff  __binit__                     
ffffffff  __c_args__                    
UNDEFED   __mpu_init                    
20006640  __stack                       
20000000  __start___llvm_prf_cnts       
20000000  __stop___llvm_prf_cnts        
00002769  _c_int00_noargs               
UNDEFED   _system_post_cinit            
00002a4f  _system_pre_init              
00002a53  abort                         
2000684a  aliveCount                    
ffffffff  binit                         
20006844  data                          
20000000  g_pfnRAMVectors               
00000000  g_pfnVectors                  
20006843  idle_count                    
20006841  joystick_y                    
20006842  kill_cube                     
00002001  main                          
00002169  memcpy                        
0000229d  memset                        
20006840  num_cubes                     
2000662c  pulse_width                   
20006630  sem_I2CA                      
20006634  sem_SPI                       
20006638  sem_SW1                       
2000663c  sem_UART                      
00000761  sleep                         
00002961  strcpy                        


GLOBAL SYMBOLS: SORTED BY Symbol Address 

address   name                          
-------   ----                          
00000000  __TI_static_base__            
00000000  g_pfnVectors                  
00000200  __STACK_SIZE                  
00000297  SysTick_Handler               
000002fb  G8RTOS_Init                   
00000315  G8RTOS_Launch                 
00000339  G8RTOS_Scheduler              
000003b5  G8RTOS_AddThread              
00000581  G8RTOS_Add_APeriodicEvent     
000005f5  G8RTOS_Add_PeriodicEvent      
000006ab  G8RTOS_KillThread             
0000073b  G8RTOS_KillSelf               
00000761  sleep                         
0000078b  G8RTOS_GetThreadID            
00000799  G8RTOS_GetNumberOfThreads     
000007bd  SetInitialStack               
000008f1  UARTStdioConfig               
00000937  UARTwrite                     
00000987  UARTgets                      
00000a41  UARTgetc                      
00000a69  UARTvprintf                   
00000d63  UARTprintf                    
00000d99  Accel                         
00000dcf  Gyro                          
00000e49  Opto                          
00000eab  FIFOProducer                  
00000ed7  FIFOConsumer                  
00000eff  FIFOConsumer2                 
00000f27  Idle_Thread                   
00000f29  SW1_ISR                       
00000f3b  SW1_Event_Handler             
00000f75  SW2_ISR                       
00000f87  SW2_Event_Handler             
00000fb5  ChildA_Thread                 
00000fd5  ChildB_Thread                 
00001155  BMI160_Init                   
0000116f  BMI160_WriteRegister          
0000119f  BMI160_ReadRegister           
000011c3  BMI160_MultiReadRegister      
000011eb  BMI160_AccelXGetResult        
0000120f  BMI160_AccelYGetResult        
00001233  BMI160_AccelZGetResult        
00001257  BMI160_GyroXGetResult         
0000127b  BMI160_GyroYGetResult         
0000129f  BMI160_GyroZGetResult         
000012c3  BMI160_MagXGetResult          
000012e9  BMI160_MagYGetResult          
0000130f  BMI160_MagZGetResult          
00001335  BMI160_AccelXYZGetResult      
0000137d  BMI160_GyroXYZGetResult       
000013c5  BMI160_MagXYZGetResult        
0000140d  BMI160_GetDataStatus          
0000141d  I2C_Init                      
00001499  I2C_WriteSingle               
000014cf  I2C_ReadSingle                
000014ff  I2C_WriteMultiple             
000015ad  I2C_ReadMultiple              
0000168d  G8RTOS_InitFIFO               
000016f3  G8RTOS_ReadFIFO               
0000177d  G8RTOS_WriteFIFO              
000018c5  LaunchpadLED_Init             
00001981  LaunchpadLED_PWMSetDuty       
00001a3d  GPIOPadConfigSet              
00001ba9  OPT3001_Init                  
00001bbd  OPT3001_WriteRegister         
00001bff  OPT3001_ReadRegister          
00001c2d  OPT3001_GetResult             
00001c89  OPT3001_SetLowLimit           
00001ca9  OPT3001_SetHighLimit          
00001cc9  OPT3001_GetChipID             
00001ce1  SysCtlClockGet                
00001df9  __aeabi_dmul                  
00001ef5  SysCtlClockSet                
00002001  main                          
000020c1  G8RTOS_InitSemaphore          
000020d3  G8RTOS_WaitSemaphore          
00002115  G8RTOS_SignalSemaphore        
00002169  __aeabi_memcpy                
00002169  __aeabi_memcpy4               
00002169  __aeabi_memcpy8               
00002169  memcpy                        
00002205  LaunchpadButtons_Init         
0000224b  LaunchpadButtons_ReadSW1      
0000226b  LaunchpadButtons_ReadSW2      
00002295  __aeabi_memclr                
00002295  __aeabi_memclr4               
00002295  __aeabi_memclr8               
00002297  __aeabi_memset                
00002297  __aeabi_memset4               
00002297  __aeabi_memset8               
0000229d  memset                        
0000230f  __aeabi_idiv0                 
0000230f  __aeabi_ldiv0                 
00002311  IntEnable                     
00002379  __TI_decompress_lzss          
000023e1  UART_Init                     
0000243d  GPIOIntTypeSet                
00002499  G8RTOS_Start                  
000024bb  PendSV_Handler                
000024e5  GPIOPinConfigure              
00002531  I2CMasterInitExpClk           
0000257d  __aeabi_d2iz                  
000025c5  UARTConfigSetExpClk           
0000260d  __TI_auto_init_nobinit_nopinit
00002651  __aeabi_uidiv                 
00002651  __aeabi_uidivmod              
00002691  SysCtlPeripheralPresent       
000026c9  SysCtlPeripheralReady         
00002701  IntRegister                   
00002735  SysCtlPeripheralEnable        
00002769  _c_int00_noargs               
0000279d  __aeabi_i2d                   
000027cb  GPIODirModeSet                
000027f9  IntPrioritySet                
0000281d  PWMGenConfigure               
00002841  UARTDisable                   
00002861  PWMPulseWidthSet              
00002881  SysTickIntRegister            
0000289d  GPIOUnlockPin                 
000028b5  GPIOPinTypeGPIOInput          
000028cb  GPIOPinTypeI2C                
000028e1  GPIOPinTypeI2CSCL             
000028f7  GPIOPinTypePWM                
0000290d  GPIOPinTypeUART               
00002925  SysTickEnable                 
00002939  SysTickIntEnable              
0000294d  UARTEnable                    
00002961  strcpy                        
00002975  PWMOutputState                
00002987  PWMGenPeriodSet               
00002999  SysTickPeriodSet              
000029a9  StartCriticalSection          
000029b1  EndCriticalSection            
000029b7  GPIOIntDisable                
000029c5  __TI_decompress_none          
000029d3  GPIOIntEnable                 
000029df  PWMGenEnable                  
000029eb  __TI_zero_init                
000029f7  ResetISR                      
00002a03  I2CMasterEnable               
00002a0d  UARTCharGet                   
00002a17  UARTCharPut                   
00002a21  I2CMasterBusy                 
00002a29  I2CMasterSlaveAddrSet         
00002a31  GPIOIntClear                  
00002a37  GPIOPinRead                   
00002a3d  SysCtlDelay                   
00002a43  I2CMasterControl              
00002a47  I2CMasterDataGet              
00002a4b  I2CMasterDataPut              
00002a4f  _system_pre_init              
00002a53  C$$EXIT                       
00002a53  abort                         
00002c38  __TI_Handler_Table_Base       
00002c44  __TI_Handler_Table_Limit      
00002c60  __TI_CINIT_Base               
00002c78  __TI_CINIT_Limit              
20000000  __start___llvm_prf_cnts       
20000000  __stop___llvm_prf_cnts        
20000000  g_pfnRAMVectors               
20006620  CurrentlyRunningThread        
20006624  IBit_State                    
20006628  SystemTime                    
2000662c  pulse_width                   
20006630  sem_I2CA                      
20006634  sem_SPI                       
20006638  sem_SW1                       
2000663c  sem_UART                      
20006640  __stack                       
20006840  __STACK_END                   
20006840  __STACK_TOP                   
20006840  num_cubes                     
20006841  joystick_y                    
20006842  kill_cube                     
20006843  idle_count                    
20006844  data                          
20006848  SW1Pressed                    
20006849  SW2Pressed                    
2000684a  aliveCount                    
ffffffff  __TI_pprof_out_hndl           
ffffffff  __TI_prof_data_size           
ffffffff  __TI_prof_data_start          
ffffffff  __binit__                     
ffffffff  __c_args__                    
ffffffff  binit                         
UNDEFED   __mpu_init                    
UNDEFED   _system_post_cinit            

[187 symbols]
