******************************************************************************
                  TI ARM Linker PC v20.2.7                     
******************************************************************************
>> Linked Wed Oct 29 04:19:59 2025

OUTPUT FILE NAME:   <Lab4_F2025.out>
ENTRY POINT SYMBOL: "_c_int00_noargs"  address: 000028e9


MEMORY CONFIGURATION

         name            origin    length      used     unused   attr    fill
----------------------  --------  ---------  --------  --------  ----  --------
  FLASH                 00000000   00040000  00002df2  0003d20e  R  X
  SRAM                  20000000   00008000  00006855  000017ab  RW X


SEGMENT ALLOCATION MAP

run origin  load origin   length   init length attrs members
----------  ----------- ---------- ----------- ----- -------
00000000    00000000    00002df8   00002df8    r-x
  00000000    00000000    0000026c   0000026c    r-- .intvecs
  0000026c    0000026c    0000296a   0000296a    r-x .text
  00002bd8    00002bd8    000001dc   000001dc    r-- .const
  00002db8    00002db8    00000040   00000040    r-- .cinit
20000000    20000000    00006859   00000000    rw-
  20000000    20000000    0000026c   00000000    rw- .vtable
  2000026c    2000026c    000063d8   00000000    rw- .bss
  20006648    20006648    00000200   00000000    rw- .stack
  20006848    20006848    00000011   00000000    rw- .data


SECTION ALLOCATION MAP

 output                                  attributes/
section   page    origin      length       input sections
--------  ----  ----------  ----------   ----------------
.intvecs   0    00000000    0000026c     
                  00000000    0000026c     tm4c123gh6pm_startup_ccs.obj (.intvecs)

.text      0    0000026c    0000296a     
                  0000026c    00000688     G8RTOS_Scheduler.obj (.text)
                  000008f4    00000508     threads.obj (.text)
                  00000dfc    000004a8     uartstdio.obj (.text)
                  000012a4    000002c8     multimod_BMI160.obj (.text)
                  0000156c    00000278     multimod_i2c.obj (.text)
                  000017e4    00000238     G8RTOS_IPC.obj (.text)
                  00001a1c    00000178     multimod_LaunchpadLED.obj (.text)
                  00001b94    0000016c     driverlib.lib : gpio.obj (.text:GPIOPadConfigSet)
                  00001d00    00000138     multimod_OPT3001.obj (.text)
                  00001e38    00000118     driverlib.lib : sysctl.obj (.text:SysCtlClockGet)
                  00001f50    000000fc     rtsv7M4_T_le_v4SPD16_eabi.lib : fd_mul_t2.asm.obj (.text)
                  0000204c    000000f4     driverlib.lib : sysctl.obj (.text:SysCtlClockSet)
                  00002140    000000a8     G8RTOS_Semaphores.obj (.text)
                  000021e8    000000a8     lab4_4.obj (.text)
                  00002290    0000009c     rtsv7M4_T_le_v4SPD16_eabi.lib : memcpy_t2.asm.obj (.text)
                  0000232c    00000090     multimod_LaunchpadButtons.obj (.text)
                  000023bc    0000007a     rtsv7M4_T_le_v4SPD16_eabi.lib : memset_t2.asm.obj (.text)
                  00002436    00000002                                   : div0.asm.obj (.text)
                  00002438    00000068     driverlib.lib : interrupt.obj (.text:IntEnable)
                  000024a0    00000068     rtsv7M4_T_le_v4SPD16_eabi.lib : copy_decompress_lzss.c.obj (.text:decompress:lzss:__TI_decompress_lzss)
                  00002508    0000005c     multimod_uart.obj (.text)
                  00002564    00000058     driverlib.lib : gpio.obj (.text:GPIOIntTypeSet)
                  000025bc    00000058     multimod_buttons.obj (.text)
                  00002614    00000050     G8RTOS_SchedulerASM.obj (.text)
                  00002664    0000004c     driverlib.lib : gpio.obj (.text:GPIOPinConfigure)
                  000026b0    0000004c                   : i2c.obj (.text:I2CMasterInitExpClk)
                  000026fc    00000048     rtsv7M4_T_le_v4SPD16_eabi.lib : fd_toi_t2.asm.obj (.text)
                  00002744    00000046     driverlib.lib : uart.obj (.text:UARTConfigSetExpClk)
                  0000278a    00000002     --HOLE-- [fill = 0]
                  0000278c    00000044     rtsv7M4_T_le_v4SPD16_eabi.lib : autoinit.c.obj (.text:__TI_auto_init_nobinit_nopinit:__TI_auto_init_nobinit_nopinit)
                  000027d0    00000040                                   : u_divt2.asm.obj (.text)
                  00002810    00000038     driverlib.lib : sysctl.obj (.text:SysCtlPeripheralPresent)
                  00002848    00000038                   : sysctl.obj (.text:SysCtlPeripheralReady)
                  00002880    00000034                   : interrupt.obj (.text:IntRegister)
                  000028b4    00000034                   : sysctl.obj (.text:SysCtlPeripheralEnable)
                  000028e8    00000034     rtsv7M4_T_le_v4SPD16_eabi.lib : boot_cortex_m.c.obj (.text:_c_int00_noargs:_c_int00_noargs)
                  0000291c    0000002e                                   : i_tofd_t2.asm.obj (.text)
                  0000294a    0000002c     driverlib.lib : gpio.obj (.text:GPIODirModeSet)
                  00002976    00000002     --HOLE-- [fill = 0]
                  00002978    00000024                   : interrupt.obj (.text:IntPrioritySet)
                  0000299c    00000022                   : pwm.obj (.text:PWMGenConfigure)
                  000029be    00000002     --HOLE-- [fill = 0]
                  000029c0    00000020                   : uart.obj (.text:UARTDisable)
                  000029e0    0000001e                   : pwm.obj (.text:PWMPulseWidthSet)
                  000029fe    00000002     --HOLE-- [fill = 0]
                  00002a00    0000001c                   : systick.obj (.text:SysTickIntRegister)
                  00002a1c    00000018                   : gpio.obj (.text:GPIOUnlockPin)
                  00002a34    00000016                   : gpio.obj (.text:GPIOPinTypeGPIOInput)
                  00002a4a    00000016                   : gpio.obj (.text:GPIOPinTypeI2C)
                  00002a60    00000016                   : gpio.obj (.text:GPIOPinTypeI2CSCL)
                  00002a76    00000016                   : gpio.obj (.text:GPIOPinTypePWM)
                  00002a8c    00000016                   : gpio.obj (.text:GPIOPinTypeUART)
                  00002aa2    00000002     --HOLE-- [fill = 0]
                  00002aa4    00000014                   : systick.obj (.text:SysTickEnable)
                  00002ab8    00000014                   : systick.obj (.text:SysTickIntEnable)
                  00002acc    00000014                   : uart.obj (.text:UARTEnable)
                  00002ae0    00000014     rtsv7M4_T_le_v4SPD16_eabi.lib : strcpy.c.obj (.text:strcpy)
                  00002af4    00000012     driverlib.lib : pwm.obj (.text:PWMOutputState)
                  00002b06    00000010                   : pwm.obj (.text:PWMGenPeriodSet)
                  00002b16    00000002     --HOLE-- [fill = 0]
                  00002b18    00000010                   : systick.obj (.text:SysTickPeriodSet)
                  00002b28    0000000e     G8RTOS_CriticalSection.obj (.text)
                  00002b36    0000000e     driverlib.lib : gpio.obj (.text:GPIOIntDisable)
                  00002b44    0000000e     rtsv7M4_T_le_v4SPD16_eabi.lib : copy_decompress_none.c.obj (.text:decompress:none:__TI_decompress_none)
                  00002b52    0000000c     driverlib.lib : gpio.obj (.text:GPIOIntEnable)
                  00002b5e    0000000c                   : pwm.obj (.text:PWMGenEnable)
                  00002b6a    0000000c     rtsv7M4_T_le_v4SPD16_eabi.lib : copy_zero_init.c.obj (.text:decompress:ZI:__TI_zero_init)
                  00002b76    0000000c     tm4c123gh6pm_startup_ccs.obj (.text)
                  00002b82    0000000a     driverlib.lib : i2c.obj (.text:I2CMasterEnable)
                  00002b8c    0000000a                   : uart.obj (.text:UARTCharGet)
                  00002b96    0000000a                   : uart.obj (.text:UARTCharPut)
                  00002ba0    00000008                   : i2c.obj (.text:I2CMasterBusy)
                  00002ba8    00000008                   : i2c.obj (.text:I2CMasterSlaveAddrSet)
                  00002bb0    00000006                   : gpio.obj (.text:GPIOIntClear)
                  00002bb6    00000006                   : gpio.obj (.text:GPIOPinRead)
                  00002bbc    00000006                   : sysctl.obj (.text:SysCtlDelay)
                  00002bc2    00000004                   : i2c.obj (.text:I2CMasterControl)
                  00002bc6    00000004                   : i2c.obj (.text:I2CMasterDataGet)
                  00002bca    00000004                   : i2c.obj (.text:I2CMasterDataPut)
                  00002bce    00000004     rtsv7M4_T_le_v4SPD16_eabi.lib : pre_init.c.obj (.text:_system_pre_init)
                  00002bd2    00000004                                   : exit.c.obj (.text:abort:abort)

.const     0    00002bd8    000001dc     
                  00002bd8    0000009c     driverlib.lib : interrupt.obj (.const:g_pui32Regs)
                  00002c74    00000090                   : gpio.obj (.const:g_pui32GPIOBaseAddrs)
                  00002d04    0000006c                   : sysctl.obj (.const:g_pui32Xtals)
                  00002d70    00000014                   : interrupt.obj (.const:g_pui32EnRegs)
                  00002d84    00000012     uartstdio.obj (.const:.string)
                  00002d96    00000002     --HOLE-- [fill = 0]
                  00002d98    0000000c     uartstdio.obj (.const:g_ui32UARTBase)
                  00002da4    0000000c     uartstdio.obj (.const:g_ui32UARTPeriph)
                  00002db0    00000004     uartstdio.obj (.const)

.cinit     0    00002db8    00000040     
                  00002db8    0000000c     (__TI_handler_table)
                  00002dc4    00000009     (.cinit..data.load) [load image, compression = lzss]
                  00002dcd    00000003     --HOLE-- [fill = 0]
                  00002dd0    00000008     (.cinit..bss.load) [load image, compression = zero_init]
                  00002dd8    00000008     (.cinit..vtable.load) [load image, compression = zero_init]
                  00002de0    00000018     (__TI_cinit_table)

.init_array 
*          0    00000000    00000000     UNINITIALIZED

.vtable    0    20000000    0000026c     UNINITIALIZED
                  20000000    0000026c     driverlib.lib : interrupt.obj (.vtable)

.bss       0    2000026c    000063d8     UNINITIALIZED
                  2000026c    00006000     G8RTOS_Scheduler.obj (.bss:threadStacks)
                  2000626c    00000210     G8RTOS_Scheduler.obj (.bss:threadControlBlocks)
                  2000647c    00000150     G8RTOS_IPC.obj (.bss:FIFOs)
                  200065cc    00000048     G8RTOS_Scheduler.obj (.bss:ptcbs)
                  20006614    0000000c     G8RTOS_Scheduler.obj (.bss)
                  20006620    00000004     (.common:CurrentlyRunningThread)
                  20006624    00000004     (.common:IBit_State)
                  20006628    00000004     (.common:SystemTime)
                  2000662c    00000004     (.common:pulse_width)
                  20006630    00000004     (.common:sem_I2CA)
                  20006634    00000004     (.common:sem_MMB)
                  20006638    00000004     (.common:sem_SPI)
                  2000663c    00000004     (.common:sem_SW1)
                  20006640    00000004     (.common:sem_UART)

.data      0    20006848    00000011     UNINITIALIZED
                  20006848    0000000a     threads.obj (.data)
                  20006852    00000001     G8RTOS_Scheduler.obj (.data)
                  20006853    00000001     --HOLE--
                  20006854    00000005     uartstdio.obj (.data)

.stack     0    20006648    00000200     UNINITIALIZED
                  20006648    00000004     rtsv7M4_T_le_v4SPD16_eabi.lib : boot_cortex_m.c.obj (.stack)
                  2000664c    000001fc     --HOLE--

__llvm_prf_cnts 
*          0    20000000    00000000     UNINITIALIZED

MODULE SUMMARY

       Module                          code    ro data   rw data
       ------                          ----    -------   -------
    .\
       threads.obj                     1288    0         10     
       uartstdio.obj                   1192    46        5      
       tm4c123gh6pm_startup_ccs.obj    12      620       0      
       lab4_4.obj                      168     0         24     
    +--+-------------------------------+-------+---------+---------+
       Total:                          2660    666       39     
                                                                
    .\G8RTOS\src\
       G8RTOS_Scheduler.obj            1672    0         25197  
       G8RTOS_IPC.obj                  568     0         336    
       G8RTOS_Semaphores.obj           168     0         0      
       G8RTOS_SchedulerASM.obj         80      0         0      
       G8RTOS_CriticalSection.obj      14      0         0      
    +--+-------------------------------+-------+---------+---------+
       Total:                          2502    0         25533  
                                                                
    .\MultimodDrivers\src\
       multimod_BMI160.obj             712     0         0      
       multimod_i2c.obj                632     0         0      
       multimod_LaunchpadLED.obj       376     0         4      
       multimod_OPT3001.obj            312     0         0      
       multimod_LaunchpadButtons.obj   144     0         0      
       multimod_uart.obj               92      0         0      
       multimod_buttons.obj            88      0         0      
    +--+-------------------------------+-------+---------+---------+
       Total:                          2356    0         4      
                                                                
    C:/ti/TivaWare_C_Series-2.2.0.295/driverlib/ccs/Debug/driverlib.lib
       interrupt.obj                   192     176       620    
       gpio.obj                        744     144       0      
       sysctl.obj                      694     108       0      
       uart.obj                        142     0         0      
       i2c.obj                         114     0         0      
       pwm.obj                         110     0         0      
       systick.obj                     84      0         0      
    +--+-------------------------------+-------+---------+---------+
       Total:                          2080    428       620    
                                                                
    C:\ti\ccs1281\ccs\tools\compiler\ti-cgt-arm_20.2.7.LTS\lib\rtsv7M4_T_le_v4SPD16_eabi.lib
       fd_mul_t2.asm.obj               252     0         0      
       memcpy_t2.asm.obj               156     0         0      
       memset_t2.asm.obj               122     0         0      
       copy_decompress_lzss.c.obj      104     0         0      
       fd_toi_t2.asm.obj               72      0         0      
       autoinit.c.obj                  68      0         0      
       u_divt2.asm.obj                 64      0         0      
       boot_cortex_m.c.obj             52      0         0      
       i_tofd_t2.asm.obj               46      0         0      
       strcpy.c.obj                    20      0         0      
       copy_decompress_none.c.obj      14      0         0      
       copy_zero_init.c.obj            12      0         0      
       exit.c.obj                      4       0         0      
       pre_init.c.obj                  4       0         0      
       div0.asm.obj                    2       0         0      
    +--+-------------------------------+-------+---------+---------+
       Total:                          992     0         0      
                                                                
       Stack:                          0       0         512    
       Linker Generated:               0       61        0      
    +--+-------------------------------+-------+---------+---------+
       Grand Total:                    10590   1155      26708  


LINKER GENERATED COPY TABLES

__TI_cinit_table @ 00002de0 records: 3, size/record: 8, table size: 24
	.data: load addr=00002dc4, load size=00000009 bytes, run addr=20006848, run size=00000011 bytes, compression=lzss
	.bss: load addr=00002dd0, load size=00000008 bytes, run addr=2000026c, run size=000063d8 bytes, compression=zero_init
	.vtable: load addr=00002dd8, load size=00000008 bytes, run addr=20000000, run size=0000026c bytes, compression=zero_init


LINKER GENERATED HANDLER TABLE

__TI_handler_table @ 00002db8 records: 3, size/record: 4, table size: 12
	index: 0, handler: __TI_zero_init
	index: 1, handler: __TI_decompress_lzss
	index: 2, handler: __TI_decompress_none


GLOBAL SYMBOLS: SORTED ALPHABETICALLY BY Name 

address   name                          
-------   ----                          
000008f5  Accel                         
0000133b  BMI160_AccelXGetResult        
00001485  BMI160_AccelXYZGetResult      
0000135f  BMI160_AccelYGetResult        
00001383  BMI160_AccelZGetResult        
0000155d  BMI160_GetDataStatus          
000013a7  BMI160_GyroXGetResult         
000014cd  BMI160_GyroXYZGetResult       
000013cb  BMI160_GyroYGetResult         
000013ef  BMI160_GyroZGetResult         
000012a5  BMI160_Init                   
00001413  BMI160_MagXGetResult          
00001515  BMI160_MagXYZGetResult        
00001439  BMI160_MagYGetResult          
0000145f  BMI160_MagZGetResult          
00001313  BMI160_MultiReadRegister      
000012ef  BMI160_ReadRegister           
000012bf  BMI160_WriteRegister          
00000bc1  ButtonsTest                   
00002bd3  C$$EXIT                       
00000b11  ChildA_Thread                 
00000b31  ChildB_Thread                 
20006620  CurrentlyRunningThread        
00002b31  EndCriticalSection            
00000a33  FIFOConsumer                  
00000a5b  FIFOConsumer2                 
00000a07  FIFOProducer                  
000003b5  G8RTOS_AddThread              
00000581  G8RTOS_Add_APeriodicEvent     
000005f5  G8RTOS_Add_PeriodicEvent      
0000079d  G8RTOS_GetNumberOfThreads     
00000795  G8RTOS_GetThreadID            
000002fb  G8RTOS_Init                   
000017e5  G8RTOS_InitFIFO               
00002141  G8RTOS_InitSemaphore          
00000741  G8RTOS_KillSelf               
000006ab  G8RTOS_KillThread             
00000315  G8RTOS_Launch                 
0000184b  G8RTOS_ReadFIFO               
00000339  G8RTOS_Scheduler              
00002195  G8RTOS_SignalSemaphore        
00002619  G8RTOS_Start                  
00002153  G8RTOS_WaitSemaphore          
000018d5  G8RTOS_WriteFIFO              
0000294b  GPIODirModeSet                
00000b81  GPIOE_Handler                 
00002bb1  GPIOIntClear                  
00002b37  GPIOIntDisable                
00002b53  GPIOIntEnable                 
00002565  GPIOIntTypeSet                
00001b95  GPIOPadConfigSet              
00002665  GPIOPinConfigure              
00002bb7  GPIOPinRead                   
00002a35  GPIOPinTypeGPIOInput          
00002a4b  GPIOPinTypeI2C                
00002a61  GPIOPinTypeI2CSCL             
00002a77  GPIOPinTypePWM                
00002a8d  GPIOPinTypeUART               
00002a1d  GPIOUnlockPin                 
0000092b  Gyro                          
00002ba1  I2CMasterBusy                 
00002bc3  I2CMasterControl              
00002bc7  I2CMasterDataGet              
00002bcb  I2CMasterDataPut              
00002b83  I2CMasterEnable               
000026b1  I2CMasterInitExpClk           
00002ba9  I2CMasterSlaveAddrSet         
0000156d  I2C_Init                      
000016fd  I2C_ReadMultiple              
0000161f  I2C_ReadSingle                
0000164f  I2C_WriteMultiple             
000015e9  I2C_WriteSingle               
20006624  IBit_State                    
00000a83  Idle_Thread                   
00002439  IntEnable                     
00002979  IntPrioritySet                
00002881  IntRegister                   
0000232d  LaunchpadButtons_Init         
00002373  LaunchpadButtons_ReadSW1      
00002393  LaunchpadButtons_ReadSW2      
00001a1d  LaunchpadLED_Init             
00001ad9  LaunchpadLED_PWMSetDuty       
000025f1  MultimodButtons_Get           
000025bd  MultimodButtons_Init          
00001e21  OPT3001_GetChipID             
00001d85  OPT3001_GetResult             
00001d01  OPT3001_Init                  
00001d57  OPT3001_ReadRegister          
00001e01  OPT3001_SetHighLimit          
00001de1  OPT3001_SetLowLimit           
00001d15  OPT3001_WriteRegister         
000009a5  Opto                          
00000b51  PThread1                      
00000b67  PThread2                      
0000299d  PWMGenConfigure               
00002b5f  PWMGenEnable                  
00002b07  PWMGenPeriodSet               
00002af5  PWMOutputState                
000029e1  PWMPulseWidthSet              
0000263b  PendSV_Handler                
00002b77  ResetISR                      
20006850  SW1Pressed                    
00000a97  SW1_Event_Handler             
00000a85  SW1_ISR                       
20006851  SW2Pressed                    
00000ae3  SW2_Event_Handler             
00000ad1  SW2_ISR                       
000007c1  SetInitialStack               
00002b29  StartCriticalSection          
00001e39  SysCtlClockGet                
0000204d  SysCtlClockSet                
00002bbd  SysCtlDelay                   
000028b5  SysCtlPeripheralEnable        
00002811  SysCtlPeripheralPresent       
00002849  SysCtlPeripheralReady         
00002aa5  SysTickEnable                 
00002ab9  SysTickIntEnable              
00002a01  SysTickIntRegister            
00002b19  SysTickPeriodSet              
00000297  SysTick_Handler               
20006628  SystemTime                    
00002b8d  UARTCharGet                   
00002b97  UARTCharPut                   
00002745  UARTConfigSetExpClk           
000029c1  UARTDisable                   
00002acd  UARTEnable                    
00000dfd  UARTStdioConfig               
00002509  UART_Init                     
00000f4d  UARTgetc                      
00000e93  UARTgets                      
0000126f  UARTprintf                    
00000f75  UARTvprintf                   
00000e43  UARTwrite                     
20006848  __STACK_END                   
00000200  __STACK_SIZE                  
20006848  __STACK_TOP                   
00002de0  __TI_CINIT_Base               
00002df8  __TI_CINIT_Limit              
00002db8  __TI_Handler_Table_Base       
00002dc4  __TI_Handler_Table_Limit      
0000278d  __TI_auto_init_nobinit_nopinit
000024a1  __TI_decompress_lzss          
00002b45  __TI_decompress_none          
ffffffff  __TI_pprof_out_hndl           
ffffffff  __TI_prof_data_size           
ffffffff  __TI_prof_data_start          
00000000  __TI_static_base__            
00002b6b  __TI_zero_init                
000026fd  __aeabi_d2iz                  
00001f51  __aeabi_dmul                  
0000291d  __aeabi_i2d                   
00002437  __aeabi_idiv0                 
00002437  __aeabi_ldiv0                 
000023bd  __aeabi_memclr                
000023bd  __aeabi_memclr4               
000023bd  __aeabi_memclr8               
00002291  __aeabi_memcpy                
00002291  __aeabi_memcpy4               
00002291  __aeabi_memcpy8               
000023bf  __aeabi_memset                
000023bf  __aeabi_memset4               
000023bf  __aeabi_memset8               
000027d1  __aeabi_uidiv                 
000027d1  __aeabi_uidivmod              
ffffffff  __binit__                     
ffffffff  __c_args__                    
UNDEFED   __mpu_init                    
20006648  __stack                       
20000000  __start___llvm_prf_cnts       
20000000  __stop___llvm_prf_cnts        
000028e9  _c_int00_noargs               
UNDEFED   _system_post_cinit            
00002bcf  _system_pre_init              
00002bd3  abort                         
20006852  aliveCount                    
ffffffff  binit                         
2000684c  data                          
20000000  g_pfnRAMVectors               
00000000  g_pfnVectors                  
2000684b  idle_count                    
20006849  joystick_y                    
2000684a  kill_cube                     
00002205  main                          
00002291  memcpy                        
000023c5  memset                        
20006848  num_cubes                     
2000662c  pulse_width                   
20006630  sem_I2CA                      
20006634  sem_MMB                       
20006638  sem_SPI                       
2000663c  sem_SW1                       
20006640  sem_UART                      
00000765  sleep                         
00002ae1  strcpy                        


GLOBAL SYMBOLS: SORTED BY Symbol Address 

address   name                          
-------   ----                          
00000000  __TI_static_base__            
00000000  g_pfnVectors                  
00000200  __STACK_SIZE                  
00000297  SysTick_Handler               
000002fb  G8RTOS_Init                   
00000315  G8RTOS_Launch                 
00000339  G8RTOS_Scheduler              
000003b5  G8RTOS_AddThread              
00000581  G8RTOS_Add_APeriodicEvent     
000005f5  G8RTOS_Add_PeriodicEvent      
000006ab  G8RTOS_KillThread             
00000741  G8RTOS_KillSelf               
00000765  sleep                         
00000795  G8RTOS_GetThreadID            
0000079d  G8RTOS_GetNumberOfThreads     
000007c1  SetInitialStack               
000008f5  Accel                         
0000092b  Gyro                          
000009a5  Opto                          
00000a07  FIFOProducer                  
00000a33  FIFOConsumer                  
00000a5b  FIFOConsumer2                 
00000a83  Idle_Thread                   
00000a85  SW1_ISR                       
00000a97  SW1_Event_Handler             
00000ad1  SW2_ISR                       
00000ae3  SW2_Event_Handler             
00000b11  ChildA_Thread                 
00000b31  ChildB_Thread                 
00000b51  PThread1                      
00000b67  PThread2                      
00000b81  GPIOE_Handler                 
00000bc1  ButtonsTest                   
00000dfd  UARTStdioConfig               
00000e43  UARTwrite                     
00000e93  UARTgets                      
00000f4d  UARTgetc                      
00000f75  UARTvprintf                   
0000126f  UARTprintf                    
000012a5  BMI160_Init                   
000012bf  BMI160_WriteRegister          
000012ef  BMI160_ReadRegister           
00001313  BMI160_MultiReadRegister      
0000133b  BMI160_AccelXGetResult        
0000135f  BMI160_AccelYGetResult        
00001383  BMI160_AccelZGetResult        
000013a7  BMI160_GyroXGetResult         
000013cb  BMI160_GyroYGetResult         
000013ef  BMI160_GyroZGetResult         
00001413  BMI160_MagXGetResult          
00001439  BMI160_MagYGetResult          
0000145f  BMI160_MagZGetResult          
00001485  BMI160_AccelXYZGetResult      
000014cd  BMI160_GyroXYZGetResult       
00001515  BMI160_MagXYZGetResult        
0000155d  BMI160_GetDataStatus          
0000156d  I2C_Init                      
000015e9  I2C_WriteSingle               
0000161f  I2C_ReadSingle                
0000164f  I2C_WriteMultiple             
000016fd  I2C_ReadMultiple              
000017e5  G8RTOS_InitFIFO               
0000184b  G8RTOS_ReadFIFO               
000018d5  G8RTOS_WriteFIFO              
00001a1d  LaunchpadLED_Init             
00001ad9  LaunchpadLED_PWMSetDuty       
00001b95  GPIOPadConfigSet              
00001d01  OPT3001_Init                  
00001d15  OPT3001_WriteRegister         
00001d57  OPT3001_ReadRegister          
00001d85  OPT3001_GetResult             
00001de1  OPT3001_SetLowLimit           
00001e01  OPT3001_SetHighLimit          
00001e21  OPT3001_GetChipID             
00001e39  SysCtlClockGet                
00001f51  __aeabi_dmul                  
0000204d  SysCtlClockSet                
00002141  G8RTOS_InitSemaphore          
00002153  G8RTOS_WaitSemaphore          
00002195  G8RTOS_SignalSemaphore        
00002205  main                          
00002291  __aeabi_memcpy                
00002291  __aeabi_memcpy4               
00002291  __aeabi_memcpy8               
00002291  memcpy                        
0000232d  LaunchpadButtons_Init         
00002373  LaunchpadButtons_ReadSW1      
00002393  LaunchpadButtons_ReadSW2      
000023bd  __aeabi_memclr                
000023bd  __aeabi_memclr4               
000023bd  __aeabi_memclr8               
000023bf  __aeabi_memset                
000023bf  __aeabi_memset4               
000023bf  __aeabi_memset8               
000023c5  memset                        
00002437  __aeabi_idiv0                 
00002437  __aeabi_ldiv0                 
00002439  IntEnable                     
000024a1  __TI_decompress_lzss          
00002509  UART_Init                     
00002565  GPIOIntTypeSet                
000025bd  MultimodButtons_Init          
000025f1  MultimodButtons_Get           
00002619  G8RTOS_Start                  
0000263b  PendSV_Handler                
00002665  GPIOPinConfigure              
000026b1  I2CMasterInitExpClk           
000026fd  __aeabi_d2iz                  
00002745  UARTConfigSetExpClk           
0000278d  __TI_auto_init_nobinit_nopinit
000027d1  __aeabi_uidiv                 
000027d1  __aeabi_uidivmod              
00002811  SysCtlPeripheralPresent       
00002849  SysCtlPeripheralReady         
00002881  IntRegister                   
000028b5  SysCtlPeripheralEnable        
000028e9  _c_int00_noargs               
0000291d  __aeabi_i2d                   
0000294b  GPIODirModeSet                
00002979  IntPrioritySet                
0000299d  PWMGenConfigure               
000029c1  UARTDisable                   
000029e1  PWMPulseWidthSet              
00002a01  SysTickIntRegister            
00002a1d  GPIOUnlockPin                 
00002a35  GPIOPinTypeGPIOInput          
00002a4b  GPIOPinTypeI2C                
00002a61  GPIOPinTypeI2CSCL             
00002a77  GPIOPinTypePWM                
00002a8d  GPIOPinTypeUART               
00002aa5  SysTickEnable                 
00002ab9  SysTickIntEnable              
00002acd  UARTEnable                    
00002ae1  strcpy                        
00002af5  PWMOutputState                
00002b07  PWMGenPeriodSet               
00002b19  SysTickPeriodSet              
00002b29  StartCriticalSection          
00002b31  EndCriticalSection            
00002b37  GPIOIntDisable                
00002b45  __TI_decompress_none          
00002b53  GPIOIntEnable                 
00002b5f  PWMGenEnable                  
00002b6b  __TI_zero_init                
00002b77  ResetISR                      
00002b83  I2CMasterEnable               
00002b8d  UARTCharGet                   
00002b97  UARTCharPut                   
00002ba1  I2CMasterBusy                 
00002ba9  I2CMasterSlaveAddrSet         
00002bb1  GPIOIntClear                  
00002bb7  GPIOPinRead                   
00002bbd  SysCtlDelay                   
00002bc3  I2CMasterControl              
00002bc7  I2CMasterDataGet              
00002bcb  I2CMasterDataPut              
00002bcf  _system_pre_init              
00002bd3  C$$EXIT                       
00002bd3  abort                         
00002db8  __TI_Handler_Table_Base       
00002dc4  __TI_Handler_Table_Limit      
00002de0  __TI_CINIT_Base               
00002df8  __TI_CINIT_Limit              
20000000  __start___llvm_prf_cnts       
20000000  __stop___llvm_prf_cnts        
20000000  g_pfnRAMVectors               
20006620  CurrentlyRunningThread        
20006624  IBit_State                    
20006628  SystemTime                    
2000662c  pulse_width                   
20006630  sem_I2CA                      
20006634  sem_MMB                       
20006638  sem_SPI                       
2000663c  sem_SW1                       
20006640  sem_UART                      
20006648  __stack                       
20006848  __STACK_END                   
20006848  __STACK_TOP                   
20006848  num_cubes                     
20006849  joystick_y                    
2000684a  kill_cube                     
2000684b  idle_count                    
2000684c  data                          
20006850  SW1Pressed                    
20006851  SW2Pressed                    
20006852  aliveCount                    
ffffffff  __TI_pprof_out_hndl           
ffffffff  __TI_prof_data_size           
ffffffff  __TI_prof_data_start          
ffffffff  __binit__                     
ffffffff  __c_args__                    
ffffffff  binit                         
UNDEFED   __mpu_init                    
UNDEFED   _system_post_cinit            

[194 symbols]
