******************************************************************************
                  TI ARM Linker PC v20.2.7                     
******************************************************************************
>> Linked Wed Oct 29 04:42:34 2025

OUTPUT FILE NAME:   <Lab4_F2025.out>
ENTRY POINT SYMBOL: "_c_int00_noargs"  address: 00002901


MEMORY CONFIGURATION

         name            origin    length      used     unused   attr    fill
----------------------  --------  ---------  --------  --------  ----  --------
  FLASH                 00000000   00040000  00002e0a  0003d1f6  R  X
  SRAM                  20000000   00008000  00006855  000017ab  RW X


SEGMENT ALLOCATION MAP

run origin  load origin   length   init length attrs members
----------  ----------- ---------- ----------- ----- -------
00000000    00000000    00002e10   00002e10    r-x
  00000000    00000000    0000026c   0000026c    r-- .intvecs
  0000026c    0000026c    00002982   00002982    r-x .text
  00002bf0    00002bf0    000001dc   000001dc    r-- .const
  00002dd0    00002dd0    00000040   00000040    r-- .cinit
20000000    20000000    00006859   00000000    rw-
  20000000    20000000    0000026c   00000000    rw- .vtable
  2000026c    2000026c    000063d8   00000000    rw- .bss
  20006648    20006648    00000200   00000000    rw- .stack
  20006848    20006848    00000011   00000000    rw- .data


SECTION ALLOCATION MAP

 output                                  attributes/
section   page    origin      length       input sections
--------  ----  ----------  ----------   ----------------
.intvecs   0    00000000    0000026c     
                  00000000    0000026c     tm4c123gh6pm_startup_ccs.obj (.intvecs)

.text      0    0000026c    00002982     
                  0000026c    00000688     G8RTOS_Scheduler.obj (.text)
                  000008f4    00000520     threads.obj (.text)
                  00000e14    000004a8     uartstdio.obj (.text)
                  000012bc    000002c8     multimod_BMI160.obj (.text)
                  00001584    00000278     multimod_i2c.obj (.text)
                  000017fc    00000238     G8RTOS_IPC.obj (.text)
                  00001a34    00000178     multimod_LaunchpadLED.obj (.text)
                  00001bac    0000016c     driverlib.lib : gpio.obj (.text:GPIOPadConfigSet)
                  00001d18    00000138     multimod_OPT3001.obj (.text)
                  00001e50    00000118     driverlib.lib : sysctl.obj (.text:SysCtlClockGet)
                  00001f68    000000fc     rtsv7M4_T_le_v4SPD16_eabi.lib : fd_mul_t2.asm.obj (.text)
                  00002064    000000f4     driverlib.lib : sysctl.obj (.text:SysCtlClockSet)
                  00002158    000000a8     G8RTOS_Semaphores.obj (.text)
                  00002200    000000a8     lab4_4.obj (.text)
                  000022a8    0000009c     rtsv7M4_T_le_v4SPD16_eabi.lib : memcpy_t2.asm.obj (.text)
                  00002344    00000090     multimod_LaunchpadButtons.obj (.text)
                  000023d4    0000007a     rtsv7M4_T_le_v4SPD16_eabi.lib : memset_t2.asm.obj (.text)
                  0000244e    00000002                                   : div0.asm.obj (.text)
                  00002450    00000068     driverlib.lib : interrupt.obj (.text:IntEnable)
                  000024b8    00000068     rtsv7M4_T_le_v4SPD16_eabi.lib : copy_decompress_lzss.c.obj (.text:decompress:lzss:__TI_decompress_lzss)
                  00002520    0000005c     multimod_uart.obj (.text)
                  0000257c    00000058     driverlib.lib : gpio.obj (.text:GPIOIntTypeSet)
                  000025d4    00000058     multimod_buttons.obj (.text)
                  0000262c    00000050     G8RTOS_SchedulerASM.obj (.text)
                  0000267c    0000004c     driverlib.lib : gpio.obj (.text:GPIOPinConfigure)
                  000026c8    0000004c                   : i2c.obj (.text:I2CMasterInitExpClk)
                  00002714    00000048     rtsv7M4_T_le_v4SPD16_eabi.lib : fd_toi_t2.asm.obj (.text)
                  0000275c    00000046     driverlib.lib : uart.obj (.text:UARTConfigSetExpClk)
                  000027a2    00000002     --HOLE-- [fill = 0]
                  000027a4    00000044     rtsv7M4_T_le_v4SPD16_eabi.lib : autoinit.c.obj (.text:__TI_auto_init_nobinit_nopinit:__TI_auto_init_nobinit_nopinit)
                  000027e8    00000040                                   : u_divt2.asm.obj (.text)
                  00002828    00000038     driverlib.lib : sysctl.obj (.text:SysCtlPeripheralPresent)
                  00002860    00000038                   : sysctl.obj (.text:SysCtlPeripheralReady)
                  00002898    00000034                   : interrupt.obj (.text:IntRegister)
                  000028cc    00000034                   : sysctl.obj (.text:SysCtlPeripheralEnable)
                  00002900    00000034     rtsv7M4_T_le_v4SPD16_eabi.lib : boot_cortex_m.c.obj (.text:_c_int00_noargs:_c_int00_noargs)
                  00002934    0000002e                                   : i_tofd_t2.asm.obj (.text)
                  00002962    0000002c     driverlib.lib : gpio.obj (.text:GPIODirModeSet)
                  0000298e    00000002     --HOLE-- [fill = 0]
                  00002990    00000024                   : interrupt.obj (.text:IntPrioritySet)
                  000029b4    00000022                   : pwm.obj (.text:PWMGenConfigure)
                  000029d6    00000002     --HOLE-- [fill = 0]
                  000029d8    00000020                   : uart.obj (.text:UARTDisable)
                  000029f8    0000001e                   : pwm.obj (.text:PWMPulseWidthSet)
                  00002a16    00000002     --HOLE-- [fill = 0]
                  00002a18    0000001c                   : systick.obj (.text:SysTickIntRegister)
                  00002a34    00000018                   : gpio.obj (.text:GPIOUnlockPin)
                  00002a4c    00000016                   : gpio.obj (.text:GPIOPinTypeGPIOInput)
                  00002a62    00000016                   : gpio.obj (.text:GPIOPinTypeI2C)
                  00002a78    00000016                   : gpio.obj (.text:GPIOPinTypeI2CSCL)
                  00002a8e    00000016                   : gpio.obj (.text:GPIOPinTypePWM)
                  00002aa4    00000016                   : gpio.obj (.text:GPIOPinTypeUART)
                  00002aba    00000002     --HOLE-- [fill = 0]
                  00002abc    00000014                   : systick.obj (.text:SysTickEnable)
                  00002ad0    00000014                   : systick.obj (.text:SysTickIntEnable)
                  00002ae4    00000014                   : uart.obj (.text:UARTEnable)
                  00002af8    00000014     rtsv7M4_T_le_v4SPD16_eabi.lib : strcpy.c.obj (.text:strcpy)
                  00002b0c    00000012     driverlib.lib : pwm.obj (.text:PWMOutputState)
                  00002b1e    00000010                   : pwm.obj (.text:PWMGenPeriodSet)
                  00002b2e    00000002     --HOLE-- [fill = 0]
                  00002b30    00000010                   : systick.obj (.text:SysTickPeriodSet)
                  00002b40    0000000e     G8RTOS_CriticalSection.obj (.text)
                  00002b4e    0000000e     driverlib.lib : gpio.obj (.text:GPIOIntDisable)
                  00002b5c    0000000e     rtsv7M4_T_le_v4SPD16_eabi.lib : copy_decompress_none.c.obj (.text:decompress:none:__TI_decompress_none)
                  00002b6a    0000000c     driverlib.lib : gpio.obj (.text:GPIOIntEnable)
                  00002b76    0000000c                   : pwm.obj (.text:PWMGenEnable)
                  00002b82    0000000c     rtsv7M4_T_le_v4SPD16_eabi.lib : copy_zero_init.c.obj (.text:decompress:ZI:__TI_zero_init)
                  00002b8e    0000000c     tm4c123gh6pm_startup_ccs.obj (.text)
                  00002b9a    0000000a     driverlib.lib : i2c.obj (.text:I2CMasterEnable)
                  00002ba4    0000000a                   : uart.obj (.text:UARTCharGet)
                  00002bae    0000000a                   : uart.obj (.text:UARTCharPut)
                  00002bb8    00000008                   : i2c.obj (.text:I2CMasterBusy)
                  00002bc0    00000008                   : i2c.obj (.text:I2CMasterSlaveAddrSet)
                  00002bc8    00000006                   : gpio.obj (.text:GPIOIntClear)
                  00002bce    00000006                   : gpio.obj (.text:GPIOPinRead)
                  00002bd4    00000006                   : sysctl.obj (.text:SysCtlDelay)
                  00002bda    00000004                   : i2c.obj (.text:I2CMasterControl)
                  00002bde    00000004                   : i2c.obj (.text:I2CMasterDataGet)
                  00002be2    00000004                   : i2c.obj (.text:I2CMasterDataPut)
                  00002be6    00000004     rtsv7M4_T_le_v4SPD16_eabi.lib : pre_init.c.obj (.text:_system_pre_init)
                  00002bea    00000004                                   : exit.c.obj (.text:abort:abort)

.const     0    00002bf0    000001dc     
                  00002bf0    0000009c     driverlib.lib : interrupt.obj (.const:g_pui32Regs)
                  00002c8c    00000090                   : gpio.obj (.const:g_pui32GPIOBaseAddrs)
                  00002d1c    0000006c                   : sysctl.obj (.const:g_pui32Xtals)
                  00002d88    00000014                   : interrupt.obj (.const:g_pui32EnRegs)
                  00002d9c    00000012     uartstdio.obj (.const:.string)
                  00002dae    00000002     --HOLE-- [fill = 0]
                  00002db0    0000000c     uartstdio.obj (.const:g_ui32UARTBase)
                  00002dbc    0000000c     uartstdio.obj (.const:g_ui32UARTPeriph)
                  00002dc8    00000004     uartstdio.obj (.const)

.cinit     0    00002dd0    00000040     
                  00002dd0    0000000c     (__TI_handler_table)
                  00002ddc    00000009     (.cinit..data.load) [load image, compression = lzss]
                  00002de5    00000003     --HOLE-- [fill = 0]
                  00002de8    00000008     (.cinit..bss.load) [load image, compression = zero_init]
                  00002df0    00000008     (.cinit..vtable.load) [load image, compression = zero_init]
                  00002df8    00000018     (__TI_cinit_table)

.init_array 
*          0    00000000    00000000     UNINITIALIZED

.vtable    0    20000000    0000026c     UNINITIALIZED
                  20000000    0000026c     driverlib.lib : interrupt.obj (.vtable)

.bss       0    2000026c    000063d8     UNINITIALIZED
                  2000026c    00006000     G8RTOS_Scheduler.obj (.bss:threadStacks)
                  2000626c    00000210     G8RTOS_Scheduler.obj (.bss:threadControlBlocks)
                  2000647c    00000150     G8RTOS_IPC.obj (.bss:FIFOs)
                  200065cc    00000048     G8RTOS_Scheduler.obj (.bss:ptcbs)
                  20006614    0000000c     G8RTOS_Scheduler.obj (.bss)
                  20006620    00000004     (.common:CurrentlyRunningThread)
                  20006624    00000004     (.common:IBit_State)
                  20006628    00000004     (.common:SystemTime)
                  2000662c    00000004     (.common:pulse_width)
                  20006630    00000004     (.common:sem_I2CA)
                  20006634    00000004     (.common:sem_MMB)
                  20006638    00000004     (.common:sem_SPI)
                  2000663c    00000004     (.common:sem_SW1)
                  20006640    00000004     (.common:sem_UART)

.data      0    20006848    00000011     UNINITIALIZED
                  20006848    0000000a     threads.obj (.data)
                  20006852    00000001     G8RTOS_Scheduler.obj (.data)
                  20006853    00000001     --HOLE--
                  20006854    00000005     uartstdio.obj (.data)

.stack     0    20006648    00000200     UNINITIALIZED
                  20006648    00000004     rtsv7M4_T_le_v4SPD16_eabi.lib : boot_cortex_m.c.obj (.stack)
                  2000664c    000001fc     --HOLE--

__llvm_prf_cnts 
*          0    20000000    00000000     UNINITIALIZED

MODULE SUMMARY

       Module                          code    ro data   rw data
       ------                          ----    -------   -------
    .\
       threads.obj                     1312    0         10     
       uartstdio.obj                   1192    46        5      
       tm4c123gh6pm_startup_ccs.obj    12      620       0      
       lab4_4.obj                      168     0         24     
    +--+-------------------------------+-------+---------+---------+
       Total:                          2684    666       39     
                                                                
    .\G8RTOS\src\
       G8RTOS_Scheduler.obj            1672    0         25197  
       G8RTOS_IPC.obj                  568     0         336    
       G8RTOS_Semaphores.obj           168     0         0      
       G8RTOS_SchedulerASM.obj         80      0         0      
       G8RTOS_CriticalSection.obj      14      0         0      
    +--+-------------------------------+-------+---------+---------+
       Total:                          2502    0         25533  
                                                                
    .\MultimodDrivers\src\
       multimod_BMI160.obj             712     0         0      
       multimod_i2c.obj                632     0         0      
       multimod_LaunchpadLED.obj       376     0         4      
       multimod_OPT3001.obj            312     0         0      
       multimod_LaunchpadButtons.obj   144     0         0      
       multimod_uart.obj               92      0         0      
       multimod_buttons.obj            88      0         0      
    +--+-------------------------------+-------+---------+---------+
       Total:                          2356    0         4      
                                                                
    C:/ti/TivaWare_C_Series-2.2.0.295/driverlib/ccs/Debug/driverlib.lib
       interrupt.obj                   192     176       620    
       gpio.obj                        744     144       0      
       sysctl.obj                      694     108       0      
       uart.obj                        142     0         0      
       i2c.obj                         114     0         0      
       pwm.obj                         110     0         0      
       systick.obj                     84      0         0      
    +--+-------------------------------+-------+---------+---------+
       Total:                          2080    428       620    
                                                                
    C:\ti\ccs1281\ccs\tools\compiler\ti-cgt-arm_20.2.7.LTS\lib\rtsv7M4_T_le_v4SPD16_eabi.lib
       fd_mul_t2.asm.obj               252     0         0      
       memcpy_t2.asm.obj               156     0         0      
       memset_t2.asm.obj               122     0         0      
       copy_decompress_lzss.c.obj      104     0         0      
       fd_toi_t2.asm.obj               72      0         0      
       autoinit.c.obj                  68      0         0      
       u_divt2.asm.obj                 64      0         0      
       boot_cortex_m.c.obj             52      0         0      
       i_tofd_t2.asm.obj               46      0         0      
       strcpy.c.obj                    20      0         0      
       copy_decompress_none.c.obj      14      0         0      
       copy_zero_init.c.obj            12      0         0      
       exit.c.obj                      4       0         0      
       pre_init.c.obj                  4       0         0      
       div0.asm.obj                    2       0         0      
    +--+-------------------------------+-------+---------+---------+
       Total:                          992     0         0      
                                                                
       Stack:                          0       0         512    
       Linker Generated:               0       61        0      
    +--+-------------------------------+-------+---------+---------+
       Grand Total:                    10614   1155      26708  


LINKER GENERATED COPY TABLES

__TI_cinit_table @ 00002df8 records: 3, size/record: 8, table size: 24
	.data: load addr=00002ddc, load size=00000009 bytes, run addr=20006848, run size=00000011 bytes, compression=lzss
	.bss: load addr=00002de8, load size=00000008 bytes, run addr=2000026c, run size=000063d8 bytes, compression=zero_init
	.vtable: load addr=00002df0, load size=00000008 bytes, run addr=20000000, run size=0000026c bytes, compression=zero_init


LINKER GENERATED HANDLER TABLE

__TI_handler_table @ 00002dd0 records: 3, size/record: 4, table size: 12
	index: 0, handler: __TI_zero_init
	index: 1, handler: __TI_decompress_lzss
	index: 2, handler: __TI_decompress_none


GLOBAL SYMBOLS: SORTED ALPHABETICALLY BY Name 

address   name                          
-------   ----                          
000008f5  Accel                         
00001353  BMI160_AccelXGetResult        
0000149d  BMI160_AccelXYZGetResult      
00001377  BMI160_AccelYGetResult        
0000139b  BMI160_AccelZGetResult        
00001575  BMI160_GetDataStatus          
000013bf  BMI160_GyroXGetResult         
000014e5  BMI160_GyroXYZGetResult       
000013e3  BMI160_GyroYGetResult         
00001407  BMI160_GyroZGetResult         
000012bd  BMI160_Init                   
0000142b  BMI160_MagXGetResult          
0000152d  BMI160_MagXYZGetResult        
00001451  BMI160_MagYGetResult          
00001477  BMI160_MagZGetResult          
0000132b  BMI160_MultiReadRegister      
00001307  BMI160_ReadRegister           
000012d7  BMI160_WriteRegister          
00000bc5  ButtonsTest                   
00002beb  C$$EXIT                       
00000b11  ChildA_Thread                 
00000b31  ChildB_Thread                 
20006620  CurrentlyRunningThread        
00002b49  EndCriticalSection            
00000a33  FIFOConsumer                  
00000a5b  FIFOConsumer2                 
00000a07  FIFOProducer                  
000003b5  G8RTOS_AddThread              
00000581  G8RTOS_Add_APeriodicEvent     
000005f5  G8RTOS_Add_PeriodicEvent      
0000079d  G8RTOS_GetNumberOfThreads     
00000795  G8RTOS_GetThreadID            
000002fb  G8RTOS_Init                   
000017fd  G8RTOS_InitFIFO               
00002159  G8RTOS_InitSemaphore          
00000741  G8RTOS_KillSelf               
000006ab  G8RTOS_KillThread             
00000315  G8RTOS_Launch                 
00001863  G8RTOS_ReadFIFO               
00000339  G8RTOS_Scheduler              
000021ad  G8RTOS_SignalSemaphore        
00002631  G8RTOS_Start                  
0000216b  G8RTOS_WaitSemaphore          
000018ed  G8RTOS_WriteFIFO              
00002963  GPIODirModeSet                
00000b81  GPIOE_Handler                 
00002bc9  GPIOIntClear                  
00002b4f  GPIOIntDisable                
00002b6b  GPIOIntEnable                 
0000257d  GPIOIntTypeSet                
00001bad  GPIOPadConfigSet              
0000267d  GPIOPinConfigure              
00002bcf  GPIOPinRead                   
00002a4d  GPIOPinTypeGPIOInput          
00002a63  GPIOPinTypeI2C                
00002a79  GPIOPinTypeI2CSCL             
00002a8f  GPIOPinTypePWM                
00002aa5  GPIOPinTypeUART               
00002a35  GPIOUnlockPin                 
0000092b  Gyro                          
00002bb9  I2CMasterBusy                 
00002bdb  I2CMasterControl              
00002bdf  I2CMasterDataGet              
00002be3  I2CMasterDataPut              
00002b9b  I2CMasterEnable               
000026c9  I2CMasterInitExpClk           
00002bc1  I2CMasterSlaveAddrSet         
00001585  I2C_Init                      
00001715  I2C_ReadMultiple              
00001637  I2C_ReadSingle                
00001667  I2C_WriteMultiple             
00001601  I2C_WriteSingle               
20006624  IBit_State                    
00000a83  Idle_Thread                   
00002451  IntEnable                     
00002991  IntPrioritySet                
00002899  IntRegister                   
00002345  LaunchpadButtons_Init         
0000238b  LaunchpadButtons_ReadSW1      
000023ab  LaunchpadButtons_ReadSW2      
00001a35  LaunchpadLED_Init             
00001af1  LaunchpadLED_PWMSetDuty       
00002609  MultimodButtons_Get           
000025d5  MultimodButtons_Init          
00001e39  OPT3001_GetChipID             
00001d9d  OPT3001_GetResult             
00001d19  OPT3001_Init                  
00001d6f  OPT3001_ReadRegister          
00001e19  OPT3001_SetHighLimit          
00001df9  OPT3001_SetLowLimit           
00001d2d  OPT3001_WriteRegister         
000009a5  Opto                          
00000b51  PThread1                      
00000b67  PThread2                      
000029b5  PWMGenConfigure               
00002b77  PWMGenEnable                  
00002b1f  PWMGenPeriodSet               
00002b0d  PWMOutputState                
000029f9  PWMPulseWidthSet              
00002653  PendSV_Handler                
00002b8f  ResetISR                      
20006850  SW1Pressed                    
00000a97  SW1_Event_Handler             
00000a85  SW1_ISR                       
20006851  SW2Pressed                    
00000ae3  SW2_Event_Handler             
00000ad1  SW2_ISR                       
000007c1  SetInitialStack               
00002b41  StartCriticalSection          
00001e51  SysCtlClockGet                
00002065  SysCtlClockSet                
00002bd5  SysCtlDelay                   
000028cd  SysCtlPeripheralEnable        
00002829  SysCtlPeripheralPresent       
00002861  SysCtlPeripheralReady         
00002abd  SysTickEnable                 
00002ad1  SysTickIntEnable              
00002a19  SysTickIntRegister            
00002b31  SysTickPeriodSet              
00000297  SysTick_Handler               
20006628  SystemTime                    
00002ba5  UARTCharGet                   
00002baf  UARTCharPut                   
0000275d  UARTConfigSetExpClk           
000029d9  UARTDisable                   
00002ae5  UARTEnable                    
00000e15  UARTStdioConfig               
00002521  UART_Init                     
00000f65  UARTgetc                      
00000eab  UARTgets                      
00001287  UARTprintf                    
00000f8d  UARTvprintf                   
00000e5b  UARTwrite                     
20006848  __STACK_END                   
00000200  __STACK_SIZE                  
20006848  __STACK_TOP                   
00002df8  __TI_CINIT_Base               
00002e10  __TI_CINIT_Limit              
00002dd0  __TI_Handler_Table_Base       
00002ddc  __TI_Handler_Table_Limit      
000027a5  __TI_auto_init_nobinit_nopinit
000024b9  __TI_decompress_lzss          
00002b5d  __TI_decompress_none          
ffffffff  __TI_pprof_out_hndl           
ffffffff  __TI_prof_data_size           
ffffffff  __TI_prof_data_start          
00000000  __TI_static_base__            
00002b83  __TI_zero_init                
00002715  __aeabi_d2iz                  
00001f69  __aeabi_dmul                  
00002935  __aeabi_i2d                   
0000244f  __aeabi_idiv0                 
0000244f  __aeabi_ldiv0                 
000023d5  __aeabi_memclr                
000023d5  __aeabi_memclr4               
000023d5  __aeabi_memclr8               
000022a9  __aeabi_memcpy                
000022a9  __aeabi_memcpy4               
000022a9  __aeabi_memcpy8               
000023d7  __aeabi_memset                
000023d7  __aeabi_memset4               
000023d7  __aeabi_memset8               
000027e9  __aeabi_uidiv                 
000027e9  __aeabi_uidivmod              
ffffffff  __binit__                     
ffffffff  __c_args__                    
UNDEFED   __mpu_init                    
20006648  __stack                       
20000000  __start___llvm_prf_cnts       
20000000  __stop___llvm_prf_cnts        
00002901  _c_int00_noargs               
UNDEFED   _system_post_cinit            
00002be7  _system_pre_init              
00002beb  abort                         
20006852  aliveCount                    
ffffffff  binit                         
2000684c  data                          
20000000  g_pfnRAMVectors               
00000000  g_pfnVectors                  
2000684b  idle_count                    
20006849  joystick_y                    
2000684a  kill_cube                     
0000221d  main                          
000022a9  memcpy                        
000023dd  memset                        
20006848  num_cubes                     
2000662c  pulse_width                   
20006630  sem_I2CA                      
20006634  sem_MMB                       
20006638  sem_SPI                       
2000663c  sem_SW1                       
20006640  sem_UART                      
00000765  sleep                         
00002af9  strcpy                        


GLOBAL SYMBOLS: SORTED BY Symbol Address 

address   name                          
-------   ----                          
00000000  __TI_static_base__            
00000000  g_pfnVectors                  
00000200  __STACK_SIZE                  
00000297  SysTick_Handler               
000002fb  G8RTOS_Init                   
00000315  G8RTOS_Launch                 
00000339  G8RTOS_Scheduler              
000003b5  G8RTOS_AddThread              
00000581  G8RTOS_Add_APeriodicEvent     
000005f5  G8RTOS_Add_PeriodicEvent      
000006ab  G8RTOS_KillThread             
00000741  G8RTOS_KillSelf               
00000765  sleep                         
00000795  G8RTOS_GetThreadID            
0000079d  G8RTOS_GetNumberOfThreads     
000007c1  SetInitialStack               
000008f5  Accel                         
0000092b  Gyro                          
000009a5  Opto                          
00000a07  FIFOProducer                  
00000a33  FIFOConsumer                  
00000a5b  FIFOConsumer2                 
00000a83  Idle_Thread                   
00000a85  SW1_ISR                       
00000a97  SW1_Event_Handler             
00000ad1  SW2_ISR                       
00000ae3  SW2_Event_Handler             
00000b11  ChildA_Thread                 
00000b31  ChildB_Thread                 
00000b51  PThread1                      
00000b67  PThread2                      
00000b81  GPIOE_Handler                 
00000bc5  ButtonsTest                   
00000e15  UARTStdioConfig               
00000e5b  UARTwrite                     
00000eab  UARTgets                      
00000f65  UARTgetc                      
00000f8d  UARTvprintf                   
00001287  UARTprintf                    
000012bd  BMI160_Init                   
000012d7  BMI160_WriteRegister          
00001307  BMI160_ReadRegister           
0000132b  BMI160_MultiReadRegister      
00001353  BMI160_AccelXGetResult        
00001377  BMI160_AccelYGetResult        
0000139b  BMI160_AccelZGetResult        
000013bf  BMI160_GyroXGetResult         
000013e3  BMI160_GyroYGetResult         
00001407  BMI160_GyroZGetResult         
0000142b  BMI160_MagXGetResult          
00001451  BMI160_MagYGetResult          
00001477  BMI160_MagZGetResult          
0000149d  BMI160_AccelXYZGetResult      
000014e5  BMI160_GyroXYZGetResult       
0000152d  BMI160_MagXYZGetResult        
00001575  BMI160_GetDataStatus          
00001585  I2C_Init                      
00001601  I2C_WriteSingle               
00001637  I2C_ReadSingle                
00001667  I2C_WriteMultiple             
00001715  I2C_ReadMultiple              
000017fd  G8RTOS_InitFIFO               
00001863  G8RTOS_ReadFIFO               
000018ed  G8RTOS_WriteFIFO              
00001a35  LaunchpadLED_Init             
00001af1  LaunchpadLED_PWMSetDuty       
00001bad  GPIOPadConfigSet              
00001d19  OPT3001_Init                  
00001d2d  OPT3001_WriteRegister         
00001d6f  OPT3001_ReadRegister          
00001d9d  OPT3001_GetResult             
00001df9  OPT3001_SetLowLimit           
00001e19  OPT3001_SetHighLimit          
00001e39  OPT3001_GetChipID             
00001e51  SysCtlClockGet                
00001f69  __aeabi_dmul                  
00002065  SysCtlClockSet                
00002159  G8RTOS_InitSemaphore          
0000216b  G8RTOS_WaitSemaphore          
000021ad  G8RTOS_SignalSemaphore        
0000221d  main                          
000022a9  __aeabi_memcpy                
000022a9  __aeabi_memcpy4               
000022a9  __aeabi_memcpy8               
000022a9  memcpy                        
00002345  LaunchpadButtons_Init         
0000238b  LaunchpadButtons_ReadSW1      
000023ab  LaunchpadButtons_ReadSW2      
000023d5  __aeabi_memclr                
000023d5  __aeabi_memclr4               
000023d5  __aeabi_memclr8               
000023d7  __aeabi_memset                
000023d7  __aeabi_memset4               
000023d7  __aeabi_memset8               
000023dd  memset                        
0000244f  __aeabi_idiv0                 
0000244f  __aeabi_ldiv0                 
00002451  IntEnable                     
000024b9  __TI_decompress_lzss          
00002521  UART_Init                     
0000257d  GPIOIntTypeSet                
000025d5  MultimodButtons_Init          
00002609  MultimodButtons_Get           
00002631  G8RTOS_Start                  
00002653  PendSV_Handler                
0000267d  GPIOPinConfigure              
000026c9  I2CMasterInitExpClk           
00002715  __aeabi_d2iz                  
0000275d  UARTConfigSetExpClk           
000027a5  __TI_auto_init_nobinit_nopinit
000027e9  __aeabi_uidiv                 
000027e9  __aeabi_uidivmod              
00002829  SysCtlPeripheralPresent       
00002861  SysCtlPeripheralReady         
00002899  IntRegister                   
000028cd  SysCtlPeripheralEnable        
00002901  _c_int00_noargs               
00002935  __aeabi_i2d                   
00002963  GPIODirModeSet                
00002991  IntPrioritySet                
000029b5  PWMGenConfigure               
000029d9  UARTDisable                   
000029f9  PWMPulseWidthSet              
00002a19  SysTickIntRegister            
00002a35  GPIOUnlockPin                 
00002a4d  GPIOPinTypeGPIOInput          
00002a63  GPIOPinTypeI2C                
00002a79  GPIOPinTypeI2CSCL             
00002a8f  GPIOPinTypePWM                
00002aa5  GPIOPinTypeUART               
00002abd  SysTickEnable                 
00002ad1  SysTickIntEnable              
00002ae5  UARTEnable                    
00002af9  strcpy                        
00002b0d  PWMOutputState                
00002b1f  PWMGenPeriodSet               
00002b31  SysTickPeriodSet              
00002b41  StartCriticalSection          
00002b49  EndCriticalSection            
00002b4f  GPIOIntDisable                
00002b5d  __TI_decompress_none          
00002b6b  GPIOIntEnable                 
00002b77  PWMGenEnable                  
00002b83  __TI_zero_init                
00002b8f  ResetISR                      
00002b9b  I2CMasterEnable               
00002ba5  UARTCharGet                   
00002baf  UARTCharPut                   
00002bb9  I2CMasterBusy                 
00002bc1  I2CMasterSlaveAddrSet         
00002bc9  GPIOIntClear                  
00002bcf  GPIOPinRead                   
00002bd5  SysCtlDelay                   
00002bdb  I2CMasterControl              
00002bdf  I2CMasterDataGet              
00002be3  I2CMasterDataPut              
00002be7  _system_pre_init              
00002beb  C$$EXIT                       
00002beb  abort                         
00002dd0  __TI_Handler_Table_Base       
00002ddc  __TI_Handler_Table_Limit      
00002df8  __TI_CINIT_Base               
00002e10  __TI_CINIT_Limit              
20000000  __start___llvm_prf_cnts       
20000000  __stop___llvm_prf_cnts        
20000000  g_pfnRAMVectors               
20006620  CurrentlyRunningThread        
20006624  IBit_State                    
20006628  SystemTime                    
2000662c  pulse_width                   
20006630  sem_I2CA                      
20006634  sem_MMB                       
20006638  sem_SPI                       
2000663c  sem_SW1                       
20006640  sem_UART                      
20006648  __stack                       
20006848  __STACK_END                   
20006848  __STACK_TOP                   
20006848  num_cubes                     
20006849  joystick_y                    
2000684a  kill_cube                     
2000684b  idle_count                    
2000684c  data                          
20006850  SW1Pressed                    
20006851  SW2Pressed                    
20006852  aliveCount                    
ffffffff  __TI_pprof_out_hndl           
ffffffff  __TI_prof_data_size           
ffffffff  __TI_prof_data_start          
ffffffff  __binit__                     
ffffffff  __c_args__                    
ffffffff  binit                         
UNDEFED   __mpu_init                    
UNDEFED   _system_post_cinit            

[194 symbols]
