******************************************************************************
                  TI ARM Linker PC v20.2.7                     
******************************************************************************
>> Linked Mon Oct 27 14:10:43 2025

OUTPUT FILE NAME:   <Lab4_F2025.out>
ENTRY POINT SYMBOL: "_c_int00_noargs"  address: 00002cf9


MEMORY CONFIGURATION

         name            origin    length      used     unused   attr    fill
----------------------  --------  ---------  --------  --------  ----  --------
  FLASH                 00000000   00040000  0000323c  0003cdc4  R  X
  SRAM                  20000000   00008000  00006846  000017ba  RW X


SEGMENT ALLOCATION MAP

run origin  load origin   length   init length attrs members
----------  ----------- ---------- ----------- ----- -------
00000000    00000000    00003240   00003240    r-x
  00000000    00000000    0000026c   0000026c    r-- .intvecs
  0000026c    0000026c    00002dc8   00002dc8    r-x .text
  00003034    00003034    000001c8   000001c8    r-- .const
  00003200    00003200    00000040   00000040    r-- .cinit
20000000    20000000    00006846   00000000    rw-
  20000000    20000000    0000026c   00000000    rw- .vtable
  2000026c    2000026c    000063cc   00000000    rw- .bss
  20006638    20006638    00000200   00000000    rw- .stack
  20006838    20006838    0000000e   00000000    rw- .data


SECTION ALLOCATION MAP

 output                                  attributes/
section   page    origin      length       input sections
--------  ----  ----------  ----------   ----------------
.intvecs   0    00000000    0000026c     
                  00000000    0000026c     tm4c123gh6pm_startup_ccs.obj (.intvecs)

.text      0    0000026c    00002dc8     
                  0000026c    00000734     multimod_ST7789.obj (.text)
                  000009a0    00000518     G8RTOS_Scheduler.obj (.text)
                  00000eb8    000004a8     uartstdio.obj (.text)
                  00001360    000002c8     multimod_BMI160.obj (.text)
                  00001628    000002c4     threads.obj (.text)
                  000018ec    00000270     multimod_i2c.obj (.text)
                  00001b5c    00000238     G8RTOS_IPC.obj (.text)
                  00001d94    000001a0     multimod_spi.obj (.text)
                  00001f34    00000178     multimod_LaunchpadLED.obj (.text)
                  000020ac    0000016c     driverlib.lib : gpio.obj (.text:GPIOPadConfigSet)
                  00002218    00000138     multimod_OPT3001.obj (.text)
                  00002350    00000118     driverlib.lib : sysctl.obj (.text:SysCtlClockGet)
                  00002468    000000fc     rtsv7M4_T_le_v4SPD16_eabi.lib : fd_mul_t2.asm.obj (.text)
                  00002564    000000f4     driverlib.lib : sysctl.obj (.text:SysCtlClockSet)
                  00002658    000000a4     G8RTOS_Semaphores.obj (.text)
                  000026fc    0000009c     lab4_1.obj (.text)
                  00002798    0000009c     rtsv7M4_T_le_v4SPD16_eabi.lib : memcpy_t2.asm.obj (.text)
                  00002834    0000007a                                   : memset_t2.asm.obj (.text)
                  000028ae    00000002                                   : div0.asm.obj (.text)
                  000028b0    00000074     multimod_LaunchpadButtons.obj (.text)
                  00002924    00000068     rtsv7M4_T_le_v4SPD16_eabi.lib : copy_decompress_lzss.c.obj (.text:decompress:lzss:__TI_decompress_lzss)
                  0000298c    0000005c     multimod_uart.obj (.text)
                  000029e8    00000050     G8RTOS_SchedulerASM.obj (.text)
                  00002a38    0000004c     driverlib.lib : gpio.obj (.text:GPIOPinConfigure)
                  00002a84    0000004c                   : i2c.obj (.text:I2CMasterInitExpClk)
                  00002ad0    00000048     rtsv7M4_T_le_v4SPD16_eabi.lib : fd_toi_t2.asm.obj (.text)
                  00002b18    00000046     driverlib.lib : uart.obj (.text:UARTConfigSetExpClk)
                  00002b5e    00000002     --HOLE-- [fill = 0]
                  00002b60    00000044     rtsv7M4_T_le_v4SPD16_eabi.lib : autoinit.c.obj (.text:__TI_auto_init_nobinit_nopinit:__TI_auto_init_nobinit_nopinit)
                  00002ba4    00000040                                   : u_divt2.asm.obj (.text)
                  00002be4    0000003c     driverlib.lib : ssi.obj (.text:SSIConfigSetExpClk)
                  00002c20    00000038                   : sysctl.obj (.text:SysCtlPeripheralPresent)
                  00002c58    00000038                   : sysctl.obj (.text:SysCtlPeripheralReady)
                  00002c90    00000034                   : interrupt.obj (.text:IntRegister)
                  00002cc4    00000034                   : sysctl.obj (.text:SysCtlPeripheralEnable)
                  00002cf8    00000034     rtsv7M4_T_le_v4SPD16_eabi.lib : boot_cortex_m.c.obj (.text:_c_int00_noargs:_c_int00_noargs)
                  00002d2c    0000002e                                   : i_tofd_t2.asm.obj (.text)
                  00002d5a    0000002c     driverlib.lib : gpio.obj (.text:GPIODirModeSet)
                  00002d86    00000002     --HOLE-- [fill = 0]
                  00002d88    00000024                   : interrupt.obj (.text:IntPrioritySet)
                  00002dac    00000022                   : pwm.obj (.text:PWMGenConfigure)
                  00002dce    00000002     --HOLE-- [fill = 0]
                  00002dd0    00000020                   : uart.obj (.text:UARTDisable)
                  00002df0    0000001e                   : pwm.obj (.text:PWMPulseWidthSet)
                  00002e0e    00000002     --HOLE-- [fill = 0]
                  00002e10    0000001c                   : systick.obj (.text:SysTickIntRegister)
                  00002e2c    0000001a                   : gpio.obj (.text:GPIOPinTypeGPIOOutput)
                  00002e46    00000002     --HOLE-- [fill = 0]
                  00002e48    00000018                   : gpio.obj (.text:GPIOUnlockPin)
                  00002e60    00000016                   : gpio.obj (.text:GPIOPinTypeGPIOInput)
                  00002e76    00000016                   : gpio.obj (.text:GPIOPinTypeI2C)
                  00002e8c    00000016                   : gpio.obj (.text:GPIOPinTypeI2CSCL)
                  00002ea2    00000016                   : gpio.obj (.text:GPIOPinTypePWM)
                  00002eb8    00000016                   : gpio.obj (.text:GPIOPinTypeSSI)
                  00002ece    00000016                   : gpio.obj (.text:GPIOPinTypeUART)
                  00002ee4    00000014                   : systick.obj (.text:SysTickEnable)
                  00002ef8    00000014                   : systick.obj (.text:SysTickIntEnable)
                  00002f0c    00000014                   : uart.obj (.text:UARTEnable)
                  00002f20    00000014     rtsv7M4_T_le_v4SPD16_eabi.lib : strcpy.c.obj (.text:strcpy)
                  00002f34    00000012     driverlib.lib : pwm.obj (.text:PWMOutputState)
                  00002f46    00000010                   : pwm.obj (.text:PWMGenPeriodSet)
                  00002f56    00000002     --HOLE-- [fill = 0]
                  00002f58    00000010                   : systick.obj (.text:SysTickPeriodSet)
                  00002f68    0000000e     G8RTOS_CriticalSection.obj (.text)
                  00002f76    0000000e     rtsv7M4_T_le_v4SPD16_eabi.lib : copy_decompress_none.c.obj (.text:decompress:none:__TI_decompress_none)
                  00002f84    0000000c     driverlib.lib : pwm.obj (.text:PWMGenEnable)
                  00002f90    0000000c                   : ssi.obj (.text:SSIDataGet)
                  00002f9c    0000000c     rtsv7M4_T_le_v4SPD16_eabi.lib : copy_zero_init.c.obj (.text:decompress:ZI:__TI_zero_init)
                  00002fa8    0000000c     tm4c123gh6pm_startup_ccs.obj (.text)
                  00002fb4    0000000a     driverlib.lib : i2c.obj (.text:I2CMasterEnable)
                  00002fbe    0000000a                   : ssi.obj (.text:SSIDataPut)
                  00002fc8    0000000a                   : ssi.obj (.text:SSIDisable)
                  00002fd2    0000000a                   : ssi.obj (.text:SSIEnable)
                  00002fdc    0000000a                   : uart.obj (.text:UARTCharGet)
                  00002fe6    0000000a                   : uart.obj (.text:UARTCharPut)
                  00002ff0    00000008                   : i2c.obj (.text:I2CMasterBusy)
                  00002ff8    00000008                   : i2c.obj (.text:I2CMasterSlaveAddrSet)
                  00003000    00000008                   : ssi.obj (.text:SSIBusy)
                  00003008    00000006                   : gpio.obj (.text:GPIOPinRead)
                  0000300e    00000006                   : gpio.obj (.text:GPIOPinWrite)
                  00003014    00000006                   : ssi.obj (.text:SSIClockSourceSet)
                  0000301a    00000006                   : sysctl.obj (.text:SysCtlDelay)
                  00003020    00000004                   : i2c.obj (.text:I2CMasterControl)
                  00003024    00000004                   : i2c.obj (.text:I2CMasterDataGet)
                  00003028    00000004                   : i2c.obj (.text:I2CMasterDataPut)
                  0000302c    00000004     rtsv7M4_T_le_v4SPD16_eabi.lib : pre_init.c.obj (.text:_system_pre_init)
                  00003030    00000004                                   : exit.c.obj (.text:abort:abort)

.const     0    00003034    000001c8     
                  00003034    0000009c     driverlib.lib : interrupt.obj (.const:g_pui32Regs)
                  000030d0    00000090                   : gpio.obj (.const:g_pui32GPIOBaseAddrs)
                  00003160    0000006c                   : sysctl.obj (.const:g_pui32Xtals)
                  000031cc    00000012     uartstdio.obj (.const:.string)
                  000031de    00000002     --HOLE-- [fill = 0]
                  000031e0    0000000c     uartstdio.obj (.const:g_ui32UARTBase)
                  000031ec    0000000c     uartstdio.obj (.const:g_ui32UARTPeriph)
                  000031f8    00000004     uartstdio.obj (.const)

.cinit     0    00003200    00000040     
                  00003200    0000000c     (__TI_handler_table)
                  0000320c    00000009     (.cinit..data.load) [load image, compression = lzss]
                  00003215    00000003     --HOLE-- [fill = 0]
                  00003218    00000008     (.cinit..bss.load) [load image, compression = zero_init]
                  00003220    00000008     (.cinit..vtable.load) [load image, compression = zero_init]
                  00003228    00000018     (__TI_cinit_table)

.init_array 
*          0    00000000    00000000     UNINITIALIZED

.vtable    0    20000000    0000026c     UNINITIALIZED
                  20000000    0000026c     driverlib.lib : interrupt.obj (.vtable)

.bss       0    2000026c    000063cc     UNINITIALIZED
                  2000026c    00006000     G8RTOS_Scheduler.obj (.bss:threadStacks)
                  2000626c    00000210     G8RTOS_Scheduler.obj (.bss:threadControlBlocks)
                  2000647c    00000150     G8RTOS_IPC.obj (.bss:FIFOs)
                  200065cc    00000048     G8RTOS_Scheduler.obj (.bss:pthreadControlBlocks)
                  20006614    00000008     G8RTOS_Scheduler.obj (.bss)
                  2000661c    00000004     (.common:CurrentlyRunningThread)
                  20006620    00000004     (.common:IBit_State)
                  20006624    00000004     (.common:SystemTime)
                  20006628    00000004     (.common:pulse_width)
                  2000662c    00000004     (.common:sem_I2CA)
                  20006630    00000004     (.common:sem_SPI)
                  20006634    00000004     (.common:sem_UART)

.data      0    20006838    0000000e     UNINITIALIZED
                  20006838    00000008     threads.obj (.data)
                  20006840    00000005     uartstdio.obj (.data)
                  20006845    00000001     G8RTOS_Scheduler.obj (.data)

.stack     0    20006638    00000200     UNINITIALIZED
                  20006638    00000004     rtsv7M4_T_le_v4SPD16_eabi.lib : boot_cortex_m.c.obj (.stack)
                  2000663c    000001fc     --HOLE--

__llvm_prf_cnts 
*          0    20000000    00000000     UNINITIALIZED

MODULE SUMMARY

       Module                          code    ro data   rw data
       ------                          ----    -------   -------
    .\
       uartstdio.obj                   1192    46        5      
       threads.obj                     708     0         8      
       tm4c123gh6pm_startup_ccs.obj    12      620       0      
       lab4_1.obj                      156     0         16     
    +--+-------------------------------+-------+---------+---------+
       Total:                          2068    666       29     
                                                                
    .\G8RTOS\src\
       G8RTOS_Scheduler.obj            1304    0         25193  
       G8RTOS_IPC.obj                  568     0         336    
       G8RTOS_Semaphores.obj           164     0         0      
       G8RTOS_SchedulerASM.obj         80      0         0      
       G8RTOS_CriticalSection.obj      14      0         0      
    +--+-------------------------------+-------+---------+---------+
       Total:                          2130    0         25529  
                                                                
    .\MultimodDrivers\src\
       multimod_ST7789.obj             1844    0         0      
       multimod_BMI160.obj             712     0         0      
       multimod_i2c.obj                624     0         0      
       multimod_spi.obj                416     0         0      
       multimod_LaunchpadLED.obj       376     0         4      
       multimod_OPT3001.obj            312     0         0      
       multimod_LaunchpadButtons.obj   116     0         0      
       multimod_uart.obj               92      0         0      
    +--+-------------------------------+-------+---------+---------+
       Total:                          4492    0         4      
                                                                
    C:/ti/TivaWare_C_Series-2.2.0.295/driverlib/ccs/Debug/driverlib.lib
       interrupt.obj                   88      156       620    
       gpio.obj                        678     144       0      
       sysctl.obj                      694     108       0      
       uart.obj                        142     0         0      
       ssi.obj                         116     0         0      
       i2c.obj                         114     0         0      
       pwm.obj                         110     0         0      
       systick.obj                     84      0         0      
    +--+-------------------------------+-------+---------+---------+
       Total:                          2026    408       620    
                                                                
    C:\ti\ccs1281\ccs\tools\compiler\ti-cgt-arm_20.2.7.LTS\lib\rtsv7M4_T_le_v4SPD16_eabi.lib
       fd_mul_t2.asm.obj               252     0         0      
       memcpy_t2.asm.obj               156     0         0      
       memset_t2.asm.obj               122     0         0      
       copy_decompress_lzss.c.obj      104     0         0      
       fd_toi_t2.asm.obj               72      0         0      
       autoinit.c.obj                  68      0         0      
       u_divt2.asm.obj                 64      0         0      
       boot_cortex_m.c.obj             52      0         0      
       i_tofd_t2.asm.obj               46      0         0      
       strcpy.c.obj                    20      0         0      
       copy_decompress_none.c.obj      14      0         0      
       copy_zero_init.c.obj            12      0         0      
       exit.c.obj                      4       0         0      
       pre_init.c.obj                  4       0         0      
       div0.asm.obj                    2       0         0      
    +--+-------------------------------+-------+---------+---------+
       Total:                          992     0         0      
                                                                
       Stack:                          0       0         512    
       Linker Generated:               0       61        0      
    +--+-------------------------------+-------+---------+---------+
       Grand Total:                    11708   1135      26694  


LINKER GENERATED COPY TABLES

__TI_cinit_table @ 00003228 records: 3, size/record: 8, table size: 24
	.data: load addr=0000320c, load size=00000009 bytes, run addr=20006838, run size=0000000e bytes, compression=lzss
	.bss: load addr=00003218, load size=00000008 bytes, run addr=2000026c, run size=000063cc bytes, compression=zero_init
	.vtable: load addr=00003220, load size=00000008 bytes, run addr=20000000, run size=0000026c bytes, compression=zero_init


LINKER GENERATED HANDLER TABLE

__TI_handler_table @ 00003200 records: 3, size/record: 4, table size: 12
	index: 0, handler: __TI_zero_init
	index: 1, handler: __TI_decompress_lzss
	index: 2, handler: __TI_decompress_none


GLOBAL SYMBOLS: SORTED ALPHABETICALLY BY Name 

address   name                          
-------   ----                          
00001629  Accel                         
000013f7  BMI160_AccelXGetResult        
00001541  BMI160_AccelXYZGetResult      
0000141b  BMI160_AccelYGetResult        
0000143f  BMI160_AccelZGetResult        
00001619  BMI160_GetDataStatus          
00001463  BMI160_GyroXGetResult         
00001589  BMI160_GyroXYZGetResult       
00001487  BMI160_GyroYGetResult         
000014ab  BMI160_GyroZGetResult         
00001361  BMI160_Init                   
000014cf  BMI160_MagXGetResult          
000015d1  BMI160_MagXYZGetResult        
000014f5  BMI160_MagYGetResult          
0000151b  BMI160_MagZGetResult          
000013cf  BMI160_MultiReadRegister      
000013ab  BMI160_ReadRegister           
0000137b  BMI160_WriteRegister          
00003031  C$$EXIT                       
2000661c  CurrentlyRunningThread        
00002f71  EndCriticalSection            
00001761  FIFOConsumer                  
00001789  FIFOConsumer2                 
00001735  FIFOProducer                  
00000af5  G8RTOS_AddThread              
00000c03  G8RTOS_Add_APeriodicEvent     
00000c15  G8RTOS_Add_PeriodicEvent      
00000d6b  G8RTOS_GetNumberOfThreads     
00000d63  G8RTOS_GetThreadID            
00000a1d  G8RTOS_Init                   
00001b5d  G8RTOS_InitFIFO               
00002659  G8RTOS_InitSemaphore          
00000ce1  G8RTOS_KillSelf               
00000c35  G8RTOS_KillThread             
00000a71  G8RTOS_Launch                 
00001bc3  G8RTOS_ReadFIFO               
00000a95  G8RTOS_Scheduler              
000026ab  G8RTOS_SignalSemaphore        
000029ed  G8RTOS_Start                  
0000266b  G8RTOS_WaitSemaphore          
00001c4d  G8RTOS_WriteFIFO              
00002d5b  GPIODirModeSet                
000020ad  GPIOPadConfigSet              
00002a39  GPIOPinConfigure              
00003009  GPIOPinRead                   
00002e61  GPIOPinTypeGPIOInput          
00002e2d  GPIOPinTypeGPIOOutput         
00002e77  GPIOPinTypeI2C                
00002e8d  GPIOPinTypeI2CSCL             
00002ea3  GPIOPinTypePWM                
00002eb9  GPIOPinTypeSSI                
00002ecf  GPIOPinTypeUART               
0000300f  GPIOPinWrite                  
00002e49  GPIOUnlockPin                 
0000165b  Gyro                          
00002ff1  I2CMasterBusy                 
00003021  I2CMasterControl              
00003025  I2CMasterDataGet              
00003029  I2CMasterDataPut              
00002fb5  I2CMasterEnable               
00002a85  I2CMasterInitExpClk           
00002ff9  I2CMasterSlaveAddrSet         
000018ed  I2C_Init                      
00001a7d  I2C_ReadMultiple              
0000199f  I2C_ReadSingle                
000019cf  I2C_WriteMultiple             
00001969  I2C_WriteSingle               
20006620  IBit_State                    
000017b1  Idle_Thread                   
00002d89  IntPrioritySet                
00002c91  IntRegister                   
000028b1  LaunchpadButtons_Init         
000028dd  LaunchpadButtons_ReadSW1      
000028fd  LaunchpadButtons_ReadSW2      
00001f35  LaunchpadLED_Init             
00001ff1  LaunchpadLED_PWMSetDuty       
00002339  OPT3001_GetChipID             
0000229d  OPT3001_GetResult             
00002219  OPT3001_Init                  
0000226f  OPT3001_ReadRegister          
00002319  OPT3001_SetHighLimit          
000022f9  OPT3001_SetLowLimit           
0000222d  OPT3001_WriteRegister         
000016d3  Opto                          
00002dad  PWMGenConfigure               
00002f85  PWMGenEnable                  
00002f47  PWMGenPeriodSet               
00002f35  PWMOutputState                
00002df1  PWMPulseWidthSet              
00002a0f  PendSV_Handler                
00002fa9  ResetISR                      
00001d95  SPI_Init                      
00001eb7  SPI_ReadMultiple              
00001e2f  SPI_ReadSingle                
00001e57  SPI_WriteMultiple             
00001e11  SPI_WriteSingle               
00003001  SSIBusy                       
00003015  SSIClockSourceSet             
00002be5  SSIConfigSetExpClk            
00002f91  SSIDataGet                    
00002fbf  SSIDataPut                    
00002fc9  SSIDisable                    
00002fd3  SSIEnable                     
0000027b  ST7789_Deselect               
00000449  ST7789_DrawHLine              
000007d9  ST7789_DrawLine               
0000076b  ST7789_DrawPixel              
000008a9  ST7789_DrawRectangle          
000003b3  ST7789_DrawVLine              
000007bd  ST7789_Fill                   
0000069b  ST7789_Init                   
000004fd  ST7789_Line                   
000002d1  ST7789_ReadRegister           
0000026d  ST7789_Select                 
00000297  ST7789_SetCommand             
00000289  ST7789_SetData                
000002e7  ST7789_SetWindow              
000002a5  ST7789_WriteCommand           
000002bb  ST7789_WriteData              
00000d7d  SetInitialStack               
00002f69  StartCriticalSection          
00002351  SysCtlClockGet                
00002565  SysCtlClockSet                
0000301b  SysCtlDelay                   
00002cc5  SysCtlPeripheralEnable        
00002c21  SysCtlPeripheralPresent       
00002c59  SysCtlPeripheralReady         
00002ee5  SysTickEnable                 
00002ef9  SysTickIntEnable              
00002e11  SysTickIntRegister            
00002f59  SysTickPeriodSet              
000009cb  SysTick_Handler               
20006624  SystemTime                    
00002fdd  UARTCharGet                   
00002fe7  UARTCharPut                   
00002b19  UARTConfigSetExpClk           
00002dd1  UARTDisable                   
00002f0d  UARTEnable                    
00000eb9  UARTStdioConfig               
0000298d  UART_Init                     
00001009  UARTgetc                      
00000f4f  UARTgets                      
0000132b  UARTprintf                    
00001031  UARTvprintf                   
00000eff  UARTwrite                     
20006838  __STACK_END                   
00000200  __STACK_SIZE                  
20006838  __STACK_TOP                   
00003228  __TI_CINIT_Base               
00003240  __TI_CINIT_Limit              
00003200  __TI_Handler_Table_Base       
0000320c  __TI_Handler_Table_Limit      
00002b61  __TI_auto_init_nobinit_nopinit
00002925  __TI_decompress_lzss          
00002f77  __TI_decompress_none          
ffffffff  __TI_pprof_out_hndl           
ffffffff  __TI_prof_data_size           
ffffffff  __TI_prof_data_start          
00000000  __TI_static_base__            
00002f9d  __TI_zero_init                
00002ad1  __aeabi_d2iz                  
00002469  __aeabi_dmul                  
00002d2d  __aeabi_i2d                   
000028af  __aeabi_idiv0                 
000028af  __aeabi_ldiv0                 
00002835  __aeabi_memclr                
00002835  __aeabi_memclr4               
00002835  __aeabi_memclr8               
00002799  __aeabi_memcpy                
00002799  __aeabi_memcpy4               
00002799  __aeabi_memcpy8               
00002837  __aeabi_memset                
00002837  __aeabi_memset4               
00002837  __aeabi_memset8               
00002ba5  __aeabi_uidiv                 
00002ba5  __aeabi_uidivmod              
ffffffff  __binit__                     
ffffffff  __c_args__                    
UNDEFED   __mpu_init                    
20006638  __stack                       
20000000  __start___llvm_prf_cnts       
20000000  __stop___llvm_prf_cnts        
00002cf9  _c_int00_noargs               
UNDEFED   _system_post_cinit            
0000302d  _system_pre_init              
00003031  abort                         
20006845  aliveCount                    
ffffffff  binit                         
2000683c  data                          
0000067d  delay_ms                      
20000000  g_pfnRAMVectors               
00000000  g_pfnVectors                  
2000683b  idle_count                    
20006839  joystick_y                    
2000683a  kill_cube                     
00002719  main                          
00002799  memcpy                        
0000283d  memset                        
20006838  num_cubes                     
20006628  pulse_width                   
2000662c  sem_I2CA                      
20006630  sem_SPI                       
20006634  sem_UART                      
00000d39  sleep                         
00002f21  strcpy                        


GLOBAL SYMBOLS: SORTED BY Symbol Address 

address   name                          
-------   ----                          
00000000  __TI_static_base__            
00000000  g_pfnVectors                  
00000200  __STACK_SIZE                  
0000026d  ST7789_Select                 
0000027b  ST7789_Deselect               
00000289  ST7789_SetData                
00000297  ST7789_SetCommand             
000002a5  ST7789_WriteCommand           
000002bb  ST7789_WriteData              
000002d1  ST7789_ReadRegister           
000002e7  ST7789_SetWindow              
000003b3  ST7789_DrawVLine              
00000449  ST7789_DrawHLine              
000004fd  ST7789_Line                   
0000067d  delay_ms                      
0000069b  ST7789_Init                   
0000076b  ST7789_DrawPixel              
000007bd  ST7789_Fill                   
000007d9  ST7789_DrawLine               
000008a9  ST7789_DrawRectangle          
000009cb  SysTick_Handler               
00000a1d  G8RTOS_Init                   
00000a71  G8RTOS_Launch                 
00000a95  G8RTOS_Scheduler              
00000af5  G8RTOS_AddThread              
00000c03  G8RTOS_Add_APeriodicEvent     
00000c15  G8RTOS_Add_PeriodicEvent      
00000c35  G8RTOS_KillThread             
00000ce1  G8RTOS_KillSelf               
00000d39  sleep                         
00000d63  G8RTOS_GetThreadID            
00000d6b  G8RTOS_GetNumberOfThreads     
00000d7d  SetInitialStack               
00000eb9  UARTStdioConfig               
00000eff  UARTwrite                     
00000f4f  UARTgets                      
00001009  UARTgetc                      
00001031  UARTvprintf                   
0000132b  UARTprintf                    
00001361  BMI160_Init                   
0000137b  BMI160_WriteRegister          
000013ab  BMI160_ReadRegister           
000013cf  BMI160_MultiReadRegister      
000013f7  BMI160_AccelXGetResult        
0000141b  BMI160_AccelYGetResult        
0000143f  BMI160_AccelZGetResult        
00001463  BMI160_GyroXGetResult         
00001487  BMI160_GyroYGetResult         
000014ab  BMI160_GyroZGetResult         
000014cf  BMI160_MagXGetResult          
000014f5  BMI160_MagYGetResult          
0000151b  BMI160_MagZGetResult          
00001541  BMI160_AccelXYZGetResult      
00001589  BMI160_GyroXYZGetResult       
000015d1  BMI160_MagXYZGetResult        
00001619  BMI160_GetDataStatus          
00001629  Accel                         
0000165b  Gyro                          
000016d3  Opto                          
00001735  FIFOProducer                  
00001761  FIFOConsumer                  
00001789  FIFOConsumer2                 
000017b1  Idle_Thread                   
000018ed  I2C_Init                      
00001969  I2C_WriteSingle               
0000199f  I2C_ReadSingle                
000019cf  I2C_WriteMultiple             
00001a7d  I2C_ReadMultiple              
00001b5d  G8RTOS_InitFIFO               
00001bc3  G8RTOS_ReadFIFO               
00001c4d  G8RTOS_WriteFIFO              
00001d95  SPI_Init                      
00001e11  SPI_WriteSingle               
00001e2f  SPI_ReadSingle                
00001e57  SPI_WriteMultiple             
00001eb7  SPI_ReadMultiple              
00001f35  LaunchpadLED_Init             
00001ff1  LaunchpadLED_PWMSetDuty       
000020ad  GPIOPadConfigSet              
00002219  OPT3001_Init                  
0000222d  OPT3001_WriteRegister         
0000226f  OPT3001_ReadRegister          
0000229d  OPT3001_GetResult             
000022f9  OPT3001_SetLowLimit           
00002319  OPT3001_SetHighLimit          
00002339  OPT3001_GetChipID             
00002351  SysCtlClockGet                
00002469  __aeabi_dmul                  
00002565  SysCtlClockSet                
00002659  G8RTOS_InitSemaphore          
0000266b  G8RTOS_WaitSemaphore          
000026ab  G8RTOS_SignalSemaphore        
00002719  main                          
00002799  __aeabi_memcpy                
00002799  __aeabi_memcpy4               
00002799  __aeabi_memcpy8               
00002799  memcpy                        
00002835  __aeabi_memclr                
00002835  __aeabi_memclr4               
00002835  __aeabi_memclr8               
00002837  __aeabi_memset                
00002837  __aeabi_memset4               
00002837  __aeabi_memset8               
0000283d  memset                        
000028af  __aeabi_idiv0                 
000028af  __aeabi_ldiv0                 
000028b1  LaunchpadButtons_Init         
000028dd  LaunchpadButtons_ReadSW1      
000028fd  LaunchpadButtons_ReadSW2      
00002925  __TI_decompress_lzss          
0000298d  UART_Init                     
000029ed  G8RTOS_Start                  
00002a0f  PendSV_Handler                
00002a39  GPIOPinConfigure              
00002a85  I2CMasterInitExpClk           
00002ad1  __aeabi_d2iz                  
00002b19  UARTConfigSetExpClk           
00002b61  __TI_auto_init_nobinit_nopinit
00002ba5  __aeabi_uidiv                 
00002ba5  __aeabi_uidivmod              
00002be5  SSIConfigSetExpClk            
00002c21  SysCtlPeripheralPresent       
00002c59  SysCtlPeripheralReady         
00002c91  IntRegister                   
00002cc5  SysCtlPeripheralEnable        
00002cf9  _c_int00_noargs               
00002d2d  __aeabi_i2d                   
00002d5b  GPIODirModeSet                
00002d89  IntPrioritySet                
00002dad  PWMGenConfigure               
00002dd1  UARTDisable                   
00002df1  PWMPulseWidthSet              
00002e11  SysTickIntRegister            
00002e2d  GPIOPinTypeGPIOOutput         
00002e49  GPIOUnlockPin                 
00002e61  GPIOPinTypeGPIOInput          
00002e77  GPIOPinTypeI2C                
00002e8d  GPIOPinTypeI2CSCL             
00002ea3  GPIOPinTypePWM                
00002eb9  GPIOPinTypeSSI                
00002ecf  GPIOPinTypeUART               
00002ee5  SysTickEnable                 
00002ef9  SysTickIntEnable              
00002f0d  UARTEnable                    
00002f21  strcpy                        
00002f35  PWMOutputState                
00002f47  PWMGenPeriodSet               
00002f59  SysTickPeriodSet              
00002f69  StartCriticalSection          
00002f71  EndCriticalSection            
00002f77  __TI_decompress_none          
00002f85  PWMGenEnable                  
00002f91  SSIDataGet                    
00002f9d  __TI_zero_init                
00002fa9  ResetISR                      
00002fb5  I2CMasterEnable               
00002fbf  SSIDataPut                    
00002fc9  SSIDisable                    
00002fd3  SSIEnable                     
00002fdd  UARTCharGet                   
00002fe7  UARTCharPut                   
00002ff1  I2CMasterBusy                 
00002ff9  I2CMasterSlaveAddrSet         
00003001  SSIBusy                       
00003009  GPIOPinRead                   
0000300f  GPIOPinWrite                  
00003015  SSIClockSourceSet             
0000301b  SysCtlDelay                   
00003021  I2CMasterControl              
00003025  I2CMasterDataGet              
00003029  I2CMasterDataPut              
0000302d  _system_pre_init              
00003031  C$$EXIT                       
00003031  abort                         
00003200  __TI_Handler_Table_Base       
0000320c  __TI_Handler_Table_Limit      
00003228  __TI_CINIT_Base               
00003240  __TI_CINIT_Limit              
20000000  __start___llvm_prf_cnts       
20000000  __stop___llvm_prf_cnts        
20000000  g_pfnRAMVectors               
2000661c  CurrentlyRunningThread        
20006620  IBit_State                    
20006624  SystemTime                    
20006628  pulse_width                   
2000662c  sem_I2CA                      
20006630  sem_SPI                       
20006634  sem_UART                      
20006638  __stack                       
20006838  __STACK_END                   
20006838  __STACK_TOP                   
20006838  num_cubes                     
20006839  joystick_y                    
2000683a  kill_cube                     
2000683b  idle_count                    
2000683c  data                          
20006845  aliveCount                    
ffffffff  __TI_pprof_out_hndl           
ffffffff  __TI_prof_data_size           
ffffffff  __TI_prof_data_start          
ffffffff  __binit__                     
ffffffff  __c_args__                    
ffffffff  binit                         
UNDEFED   __mpu_init                    
UNDEFED   _system_post_cinit            

[205 symbols]
